22:11:07 [INFO] [Backtest] end-date pinned to 2025-12-31
22:11:08 [INFO] [Level-2] Numba kernels warm (JIT ready in 0.8s)
22:11:08 [INFO] [Cache] LIVE_ASSET_CACHE_MAX adjusted to 150
22:11:11 [INFO] [TF] timeframe=4h TF_SCALE=0.2500 TF_SECONDS=14400 TF_HOURS=4.000
22:11:11 [INFO] [TF-Unified] N=24 W=20 L=10 ADV_BARS=6 (σ≈0.25× 1h)
22:11:11 [INFO] [Data] mode=backtest | tf=4h | history=365d (2190 bars/symbol) | quality=degraded | source=user(365d)
22:11:11 [WARNING] [Data] degraded quality: tail=2190 < strict_min/2=5012. Many assets may be skipped by degenerate detection. Recommended minimum for 4h: --history-days 2339.
22:11:11 [INFO] [Trail] Trailing Stop Loss DISABLED — SL is fixed
22:11:11 [INFO] [Backtest] --no-fixed-price: entry target will be derived from close[sig.close_idx] × (1 ± PO_PENETRATION_BPS)
22:11:11 [INFO] [Watch] Watch-then-trigger DISABLED (Config default) — legacy immediate placement
22:11:11 [INFO] [OppTP] Opposite-Signal Adaptive TP DISABLED
22:11:11 [INFO] [TradeLog] Logging trades to results/sell_only_ablation/S1_baseline_2025.jsonl
22:11:11 [INFO] §1  مسح أعلى 15 عملة...
22:11:11 [INFO] §2  جلب البيانات (متوازٍ)...
22:11:24 [INFO]   ✓ ADA/USDT      : 2,190 شمعة
22:11:24 [INFO]   ✓ BNB/USDT      : 2,190 شمعة
22:11:24 [INFO]   ✓ BTC/USDT      : 2,190 شمعة
22:11:24 [INFO]   ✓ SOL/USDT      : 2,190 شمعة
22:11:25 [INFO]   ✓ LINK/USDT     : 2,190 شمعة
22:11:25 [INFO]   ✓ DOT/USDT      : 2,190 شمعة
22:11:25 [INFO]   ✓ AVAX/USDT     : 2,190 شمعة
22:11:25 [INFO]   ✓ ETH/USDT      : 2,190 شمعة
22:11:25 [INFO]   ✓ LTC/USDT      : 2,190 شمعة
22:11:25 [INFO]   ✓ UNI/USDT      : 2,190 شمعة
22:11:25 [INFO]   ✓ ATOM/USDT     : 2,190 شمعة
22:11:25 [INFO]   ✓ TRX/USDT      : 2,190 شمعة
22:11:25 [INFO]   ✓ ETC/USDT      : 2,190 شمعة
22:11:25 [INFO]   ✓ TON/USDT      : 2,190 شمعة
22:11:26 [INFO]   ✓ BCH/USDT      : 2,190 شمعة
22:11:26 [INFO]   ✓ NEAR/USDT     : 2,190 شمعة
22:11:26 [INFO]   ✓ AAVE/USDT     : 2,190 شمعة
22:11:26 [INFO]   ✓ APT/USDT      : 2,190 شمعة
22:11:26 [INFO]   ✓ HBAR/USDT     : 2,190 شمعة
22:11:26 [INFO]   ✓ STX/USDT      : 2,190 شمعة
22:11:26 [INFO]   ✓ ARB/USDT      : 2,190 شمعة
22:11:27 [INFO]   ✓ OP/USDT       : 2,190 شمعة
22:11:27 [INFO]   ✓ SEI/USDT      : 2,190 شمعة
22:11:27 [INFO]   ✓ SUI/USDT      : 2,190 شمعة
22:11:27 [INFO]   ✓ TIA/USDT      : 2,190 شمعة
22:11:27 [INFO]   ✓ ALGO/USDT     : 2,190 شمعة
22:11:27 [INFO]   ✓ GRT/USDT      : 2,190 شمعة
22:11:27 [INFO]   ✓ FET/USDT      : 2,190 شمعة
22:11:28 [INFO]   ✓ LDO/USDT      : 2,190 شمعة
22:11:28 [INFO]   ✓ KAS/USDT      : 2,190 شمعة
22:11:28 [INFO]   ✓ WIF/USDT      : 2,190 شمعة
22:11:28 [INFO]   ✓ RENDER/USDT   : 2,190 شمعة
22:11:28 [INFO]   ✓ THETA/USDT    : 2,190 شمعة
22:11:28 [INFO]   ✓ SAND/USDT     : 2,190 شمعة
22:11:28 [INFO]   ✓ MANA/USDT     : 2,190 شمعة
22:11:28 [INFO]   ✓ AXS/USDT      : 2,190 شمعة
22:11:28 [INFO]   ✓ XLM/USDT      : 2,190 شمعة
22:11:28 [INFO]   ✓ CHZ/USDT      : 2,190 شمعة
22:11:29 [INFO]   ✓ DASH/USDT     : 2,190 شمعة
22:11:29 [INFO]   ✓ POL/USDT      : 2,190 شمعة
22:11:29 [INFO]   ✓ QNT/USDT      : 2,190 شمعة
22:11:29 [INFO]   ✓ FIL/USDT      : 2,190 شمعة
22:11:29 [INFO]   ✓ FLOW/USDT     : 2,190 شمعة
22:11:29 [INFO]   ✓ CAKE/USDT     : 2,190 شمعة
22:11:29 [INFO]   ✓ NEO/USDT      : 2,190 شمعة
22:11:29 [INFO]   ✓ IOTA/USDT     : 2,190 شمعة
22:11:29 [INFO]   ✓ KAVA/USDT     : 2,190 شمعة
22:11:29 [INFO]   ✓ ROSE/USDT     : 2,190 شمعة
22:11:30 [INFO]   ✓ CRV/USDT      : 2,190 شمعة
22:11:30 [INFO]   ✓ SNX/USDT      : 2,190 شمعة
22:11:30 [INFO]   ✓ YFI/USDT      : 2,190 شمعة
22:11:30 [INFO]   ✓ SUSHI/USDT    : 2,190 شمعة
22:11:30 [INFO]   ✓ COMP/USDT     : 2,190 شمعة
22:11:30 [INFO]   ✓ ZRX/USDT      : 2,190 شمعة
22:11:30 [INFO]   ✓ BAT/USDT      : 2,190 شمعة
22:11:31 [INFO]   ✓ NMR/USDT      : 2,190 شمعة
22:11:31 [INFO]   ✓ STORJ/USDT    : 2,190 شمعة
22:11:31 [INFO]   ✓ ANKR/USDT     : 2,190 شمعة
22:11:31 [INFO]   ✓ BAND/USDT     : 2,190 شمعة
22:11:31 [INFO]   ✓ KSM/USDT      : 2,190 شمعة
22:11:31 [INFO]   ✓ ZEN/USDT      : 2,190 شمعة
22:11:31 [INFO]   ✓ MASK/USDT     : 2,190 شمعة
22:11:31 [INFO]   ✓ DYDX/USDT     : 2,190 شمعة
22:11:32 [INFO]   ✓ CELO/USDT     : 2,190 شمعة
22:11:32 [INFO]   ✓ ENS/USDT      : 2,190 شمعة
22:11:32 [INFO]   ✓ GMX/USDT      : 2,190 شمعة
22:11:32 [INFO]   ✓ HIGH/USDT     : 2,190 شمعة
22:11:32 [INFO]   ✓ MAGIC/USDT    : 2,190 شمعة
22:11:32 [INFO]   ✓ JOE/USDT      : 2,190 شمعة
22:11:32 [INFO]   ✓ PENDLE/USDT   : 2,190 شمعة
22:11:32 [INFO]   ✓ CYBER/USDT    : 2,190 شمعة
22:11:32 [INFO]   ✓ ARKM/USDT     : 2,190 شمعة
22:11:33 [INFO]   ✓ WLD/USDT      : 2,190 شمعة
22:11:33 [INFO]   ✓ EDU/USDT      : 2,190 شمعة
22:11:33 [INFO]   ✓ ID/USDT       : 2,190 شمعة
22:11:33 [INFO]   ✓ BLUR/USDT     : 2,190 شمعة
22:11:33 [INFO]   ✓ ORDI/USDT     : 2,190 شمعة
22:11:33 [INFO]   ✓ JUP/USDT      : 2,190 شمعة
22:11:33 [INFO]   ✓ DYM/USDT      : 2,190 شمعة
22:11:34 [INFO]   ✓ PYTH/USDT     : 2,190 شمعة
22:11:34 [INFO]   ✓ STRK/USDT     : 2,190 شمعة
22:11:34 [INFO]   ✓ JTO/USDT      : 2,190 شمعة
22:11:34 [INFO]   ✓ MANTA/USDT    : 2,190 شمعة
22:11:34 [INFO]   ✓ ALT/USDT      : 2,190 شمعة
22:11:34 [INFO]   ✓ ETHFI/USDT    : 2,190 شمعة
22:11:34 [INFO]   ✓ W/USDT        : 2,190 شمعة
22:11:34 [INFO]   ✓ SAGA/USDT     : 2,190 شمعة
22:11:34 [INFO]   ✓ AEVO/USDT     : 2,190 شمعة
22:11:34 [INFO]   ✓ BB/USDT       : 2,190 شمعة
22:11:35 [INFO]   ✓ ZK/USDT       : 2,190 شمعة
22:11:35 [INFO]   ✓ IO/USDT       : 2,190 شمعة
22:11:35 [INFO]   ✓ LISTA/USDT    : 2,190 شمعة
22:11:35 [INFO]   ✓ ZRO/USDT      : 2,190 شمعة
22:11:35 [INFO]   ✓ G/USDT        : 2,190 شمعة
22:11:35 [INFO]   ✓ RARE/USDT     : 2,190 شمعة
22:11:35 [INFO]   ✓ MEW/USDT      : 2,190 شمعة
22:11:35 [INFO]   ✓ SYN/USDT      : 2,190 شمعة
22:11:36 [INFO]   ✓ TAIKO/USDT    : 1,222 شمعة
22:11:36 [INFO]   ✓ BANANA/USDT   : 2,190 شمعة
22:11:36 [INFO]   ✓ MERL/USDT     : 1,301 شمعة
22:11:37 [INFO]   ✓ ADA/USDT      : 35,040 شمعة 15m
22:11:37 [INFO]   ✓ LINK/USDT     : 35,040 شمعة 15m
22:11:37 [INFO]   ✓ BNB/USDT      : 35,040 شمعة 15m
22:11:38 [INFO]   ✓ BTC/USDT      : 35,040 شمعة 15m
22:11:38 [INFO]   ✓ SOL/USDT      : 35,040 شمعة 15m
22:11:38 [INFO]   ✓ DOT/USDT      : 35,040 شمعة 15m
22:11:38 [INFO]   ✓ AVAX/USDT     : 35,040 شمعة 15m
22:11:38 [INFO]   ✓ ETH/USDT      : 35,040 شمعة 15m
22:11:38 [INFO]   ✓ LTC/USDT      : 35,040 شمعة 15m
22:11:38 [INFO]   ✓ UNI/USDT      : 35,040 شمعة 15m
22:11:39 [INFO]   ✓ ATOM/USDT     : 35,040 شمعة 15m
22:11:39 [INFO]   ✓ TRX/USDT      : 35,040 شمعة 15m
22:11:39 [INFO]   ✓ ETC/USDT      : 35,040 شمعة 15m
22:11:39 [INFO]   ✓ BCH/USDT      : 35,040 شمعة 15m
22:11:40 [INFO]   ✓ NEAR/USDT     : 35,040 شمعة 15m
22:11:40 [INFO]   ✓ AAVE/USDT     : 35,040 شمعة 15m
22:11:40 [INFO]   ✓ APT/USDT      : 35,040 شمعة 15m
22:11:40 [INFO]   ✓ STX/USDT      : 35,040 شمعة 15m
22:11:40 [INFO]   ✓ HBAR/USDT     : 35,040 شمعة 15m
22:11:41 [INFO]   ✓ OP/USDT       : 35,040 شمعة 15m
22:11:41 [INFO]   ✓ ARB/USDT      : 35,040 شمعة 15m
22:11:41 [INFO]   ✓ SEI/USDT      : 35,040 شمعة 15m
22:11:41 [INFO]   ✓ SUI/USDT      : 35,040 شمعة 15m
22:11:42 [INFO]   ✓ ALGO/USDT     : 35,040 شمعة 15m
22:11:42 [INFO]   ✓ TIA/USDT      : 35,040 شمعة 15m
22:11:42 [INFO]   ✓ GRT/USDT      : 35,040 شمعة 15m
22:11:42 [INFO]   ✓ FET/USDT      : 35,040 شمعة 15m
22:11:42 [INFO]   ✓ LDO/USDT      : 35,040 شمعة 15m
22:11:42 [INFO]   ✓ KAS/USDT      : 35,040 شمعة 15m
22:11:43 [INFO]   ✓ WIF/USDT      : 35,040 شمعة 15m
22:11:43 [INFO]   ✓ RENDER/USDT   : 35,040 شمعة 15m
22:11:43 [INFO]   ✓ THETA/USDT    : 35,040 شمعة 15m
22:11:43 [INFO]   ✓ SAND/USDT     : 35,040 شمعة 15m
22:11:44 [INFO]   ✓ MANA/USDT     : 35,040 شمعة 15m
22:11:44 [INFO]   ✓ AXS/USDT      : 35,040 شمعة 15m
22:11:44 [INFO]   ✓ CHZ/USDT      : 35,040 شمعة 15m
22:11:44 [INFO]   ✓ XLM/USDT      : 35,040 شمعة 15m
22:11:44 [INFO]   ✓ DASH/USDT     : 35,040 شمعة 15m
22:11:45 [INFO]   ✓ POL/USDT      : 35,040 شمعة 15m
22:11:45 [INFO]   ✓ FLOW/USDT     : 35,040 شمعة 15m
22:11:45 [INFO]   ✓ QNT/USDT      : 35,040 شمعة 15m
22:11:45 [INFO]   ✓ FIL/USDT      : 35,040 شمعة 15m
22:11:46 [INFO]   ✓ CAKE/USDT     : 35,040 شمعة 15m
22:11:46 [INFO]   ✓ NEO/USDT      : 35,040 شمعة 15m
22:11:46 [INFO]   ✓ IOTA/USDT     : 35,040 شمعة 15m
22:11:46 [INFO]   ✓ KAVA/USDT     : 35,040 شمعة 15m
22:11:46 [INFO]   ✓ ROSE/USDT     : 35,040 شمعة 15m
22:11:46 [INFO]   ✓ CRV/USDT      : 35,040 شمعة 15m
22:11:47 [INFO]   ✓ SNX/USDT      : 35,040 شمعة 15m
22:11:47 [INFO]   ✓ TON/USDT      : 35,040 شمعة 15m
22:11:47 [INFO]   ✓ SUSHI/USDT    : 35,040 شمعة 15m
22:11:47 [INFO]   ✓ YFI/USDT      : 35,040 شمعة 15m
22:11:47 [INFO]   ✓ COMP/USDT     : 35,040 شمعة 15m
22:11:48 [INFO]   ✓ BAT/USDT      : 35,040 شمعة 15m
22:11:48 [INFO]   ✓ ZRX/USDT      : 35,040 شمعة 15m
22:11:48 [INFO]   ✓ NMR/USDT      : 35,040 شمعة 15m
22:11:48 [INFO]   ✓ ANKR/USDT     : 35,040 شمعة 15m
22:11:48 [INFO]   ✓ BAND/USDT     : 35,040 شمعة 15m
22:11:48 [INFO]   ✓ KSM/USDT      : 35,040 شمعة 15m
22:11:49 [INFO]   ✓ ZEN/USDT      : 35,040 شمعة 15m
22:11:49 [INFO]   ✓ MASK/USDT     : 35,040 شمعة 15m
22:11:49 [INFO]   ✓ DYDX/USDT     : 35,040 شمعة 15m
22:11:49 [INFO]   ✓ CELO/USDT     : 35,040 شمعة 15m
22:11:49 [INFO]   ✓ ENS/USDT      : 35,040 شمعة 15m
22:11:49 [INFO]   ✓ GMX/USDT      : 35,040 شمعة 15m
22:11:50 [INFO]   ✓ MAGIC/USDT    : 35,040 شمعة 15m
22:11:50 [INFO]   ✓ STORJ/USDT    : 35,040 شمعة 15m
22:11:50 [INFO]   ✓ JOE/USDT      : 35,040 شمعة 15m
22:11:50 [INFO]   ✓ PENDLE/USDT   : 35,040 شمعة 15m
22:11:51 [INFO]   ✓ CYBER/USDT    : 35,040 شمعة 15m
22:11:51 [INFO]   ✓ EDU/USDT      : 35,040 شمعة 15m
22:11:51 [INFO]   ✓ WLD/USDT      : 35,040 شمعة 15m
22:11:51 [INFO]   ✓ ARKM/USDT     : 35,040 شمعة 15m
22:11:51 [INFO]   ✓ ID/USDT       : 35,040 شمعة 15m
22:11:52 [INFO]   ✓ JUP/USDT      : 35,040 شمعة 15m
22:11:52 [INFO]   ✓ BLUR/USDT     : 35,040 شمعة 15m
22:11:52 [INFO]   ✓ ORDI/USDT     : 35,040 شمعة 15m
22:11:52 [INFO]   ✓ DYM/USDT      : 35,040 شمعة 15m
22:11:52 [INFO]   ✓ PYTH/USDT     : 35,040 شمعة 15m
22:11:53 [INFO]   ✓ JTO/USDT      : 35,040 شمعة 15m
22:11:53 [INFO]   ✓ STRK/USDT     : 35,040 شمعة 15m
22:11:53 [INFO]   ✓ MANTA/USDT    : 35,040 شمعة 15m
22:11:53 [INFO]   ✓ ALT/USDT      : 35,040 شمعة 15m
22:11:53 [INFO]   ✓ ETHFI/USDT    : 35,040 شمعة 15m
22:11:53 [INFO]   ✓ W/USDT        : 35,040 شمعة 15m
22:11:53 [INFO]   ✓ SAGA/USDT     : 35,040 شمعة 15m
22:11:54 [INFO]   ✓ AEVO/USDT     : 35,040 شمعة 15m
22:11:54 [INFO]   ✓ BB/USDT       : 35,040 شمعة 15m
22:11:54 [INFO]   ✓ IO/USDT       : 35,040 شمعة 15m
22:11:54 [INFO]   ✓ LISTA/USDT    : 35,040 شمعة 15m
22:11:54 [INFO]   ✓ ZK/USDT       : 35,040 شمعة 15m
22:11:54 [INFO]   ✓ ZRO/USDT      : 35,040 شمعة 15m
22:11:55 [INFO]   ✓ G/USDT        : 35,040 شمعة 15m
22:11:55 [INFO]   ✓ RARE/USDT     : 35,040 شمعة 15m
22:11:55 [INFO]   ✓ MEW/USDT      : 35,040 شمعة 15m
22:11:55 [INFO]   ✓ SYN/USDT      : 35,040 شمعة 15m
22:11:56 [INFO]   ✓ BANANA/USDT   : 35,040 شمعة 15m
22:11:56 [INFO]   ✓ HIGH/USDT     : 35,040 شمعة 15m
22:11:56 [INFO]   ✓ TAIKO/USDT    : 19,534 شمعة 15m
22:11:56 [INFO]   ✓ MERL/USDT     : 20,798 شمعة 15m
22:11:56 [INFO]   [SubBars] loaded for 100 symbols at 15m
22:11:56 [INFO] §3  معالجة فضاء الحالة (K ديناميكي)...
22:11:56 [INFO]   [Parallel] 8 workers × 100 symbols (cache=on)
╔══════════════════════════════════════════════════════════════════════╗
  [Level-1] Parallel: True  Cache: True
  [Level-2] Numba: True

║  محرك التداول الثرموديناميكي الكمي v6.0 – Singularity Engine     ║
║  الوضع: BACKTEST    |  رأس المال: $100.00              ║
╠══════════════════════════════════════════════════════════════════════╣
║  ① Boltzmann Kelly: BASE=2.0%  λ=0.05  [1.0%–5.0%]  ║
║  ② Topo-Divergence: ε=0.05  (حتمية هندسية)              ║
║  ③ Dynamic-K:       [25–50]  (SNR ∝ 1/m)                     ║
║  ④ Cosmological Λ:  0  (De Sitter drift)                  ║
║  ⑤ T_sync EMA-accel: فلتر التشابك عبر المقاييس                  ║
╚══════════════════════════════════════════════════════════════════════╝

22:12:13 [INFO]   ✓ ADA/USDT       | K=25 | اختبار=  412 | tri_μ=1.31 | [cache]
22:12:13 [INFO]   ✓ BNB/USDT       | K=25 | اختبار=  412 | tri_μ=1.35 | [cache]
22:12:14 [INFO]   ✓ BTC/USDT       | K=25 | اختبار=  409 | tri_μ=1.38 | [cache]
22:12:14 [INFO]   ✓ SOL/USDT       | K=25 | اختبار=  426 | tri_μ=1.31 | [cache]
22:12:14 [INFO]   ✓ LINK/USDT      | K=25 | اختبار=  441 | tri_μ=1.30 | [cache]
22:12:14 [INFO]   ✓ DOT/USDT       | K=25 | اختبار=  437 | tri_μ=1.31 | [cache]
22:12:14 [INFO]   ✓ AVAX/USDT      | K=25 | اختبار=  388 | tri_μ=1.22 | [cache]
22:12:14 [INFO]   ✓ ETH/USDT       | K=25 | اختبار=  411 | tri_μ=1.34 | [cache]
22:12:14 [INFO]   ✓ LTC/USDT       | K=25 | اختبار=  455 | tri_μ=1.29 | [cache]
22:12:14 [INFO]   ✓ UNI/USDT       | K=25 | اختبار=  442 | tri_μ=1.25 | [cache]
22:12:14 [INFO]   ✓ TRX/USDT       | K=25 | اختبار=  411 | tri_μ=1.28 | [cache]
22:12:14 [INFO]   ✓ ATOM/USDT      | K=25 | اختبار=  435 | tri_μ=1.32 | [cache]
22:12:14 [INFO]   ✓ ETC/USDT       | K=25 | اختبار=  426 | tri_μ=1.25 | [cache]
22:12:14 [INFO]   ✓ TON/USDT       | K=25 | اختبار=  448 | tri_μ=1.31 | [cache]
22:12:14 [INFO]   ✓ BCH/USDT       | K=25 | اختبار=  430 | tri_μ=1.34 | [cache]
22:12:14 [INFO]   ✓ NEAR/USDT      | K=25 | اختبار=  425 | tri_μ=1.31 | [cache]
22:12:14 [INFO]   ✓ AAVE/USDT      | K=25 | اختبار=  430 | tri_μ=1.34 | [cache]
22:12:14 [INFO]   ✓ APT/USDT       | K=25 | اختبار=  406 | tri_μ=1.26 | [cache]
22:12:14 [INFO]   ✓ HBAR/USDT      | K=25 | اختبار=  386 | tri_μ=1.26 | [cache]
22:12:14 [INFO]   ✓ STX/USDT       | K=25 | اختبار=  463 | tri_μ=1.31 | [cache]
22:12:14 [INFO]   ✓ ARB/USDT       | K=25 | اختبار=  430 | tri_μ=1.30 | [cache]
22:12:14 [INFO]   ✓ OP/USDT        | K=25 | اختبار=  426 | tri_μ=1.26 | [cache]
22:12:14 [INFO]   ✓ SEI/USDT       | K=25 | اختبار=  425 | tri_μ=1.27 | [cache]
22:12:14 [INFO]   ✓ SUI/USDT       | K=25 | اختبار=  459 | tri_μ=1.34 | [cache]
22:12:14 [INFO]   ✓ TIA/USDT       | K=25 | اختبار=  427 | tri_μ=1.27 | [cache]
22:12:14 [INFO]   ✓ ALGO/USDT      | K=25 | اختبار=  427 | tri_μ=1.32 | [cache]
22:12:14 [INFO]   ✓ GRT/USDT       | K=25 | اختبار=  449 | tri_μ=1.32 | [cache]
22:12:14 [INFO]   ✓ FET/USDT       | K=25 | اختبار=  434 | tri_μ=1.31 | [cache]
22:12:14 [INFO]   ✓ LDO/USDT       | K=25 | اختبار=  465 | tri_μ=1.31 | [cache]
22:12:14 [INFO]   ✓ KAS/USDT       | K=25 | اختبار=  439 | tri_μ=1.33 | [cache]
22:12:14 [INFO]   ✓ WIF/USDT       | K=25 | اختبار=  421 | tri_μ=1.29 | [cache]
22:12:14 [INFO]   ✓ THETA/USDT     | K=25 | اختبار=  437 | tri_μ=1.31 | [cache]
22:12:14 [INFO]   ✓ RENDER/USDT    | K=25 | اختبار=  429 | tri_μ=1.31 | [cache]
22:12:14 [INFO]   ✓ SAND/USDT      | K=25 | اختبار=  428 | tri_μ=1.31 | [cache]
22:12:14 [INFO]   ✓ MANA/USDT      | K=25 | اختبار=  454 | tri_μ=1.31 | [cache]
22:12:14 [INFO]   ✓ AXS/USDT       | K=25 | اختبار=  430 | tri_μ=1.31 | [cache]
22:12:14 [INFO]   ✓ XLM/USDT       | K=25 | اختبار=  385 | tri_μ=1.27 | [cache]
22:12:14 [INFO]   ✓ CHZ/USDT       | K=25 | اختبار=  430 | tri_μ=1.33 | [cache]
22:12:14 [INFO]   ✓ POL/USDT       | K=25 | اختبار=  414 | tri_μ=1.30 | [cache]
22:12:14 [INFO]   ✓ DASH/USDT      | K=25 | اختبار=  378 | tri_μ=1.24 | [cache]
22:12:14 [INFO]   ✓ QNT/USDT       | K=25 | اختبار=  444 | tri_μ=1.30 | [cache]
22:12:14 [INFO]   ✓ FIL/USDT       | K=25 | اختبار=  446 | tri_μ=1.31 | [cache]
22:12:14 [INFO]   ✓ FLOW/USDT      | K=25 | اختبار=  453 | tri_μ=1.28 | [cache]
22:12:14 [INFO]   ✓ CAKE/USDT      | K=25 | اختبار=  443 | tri_μ=1.30 | [cache]
22:12:14 [INFO]   ✓ NEO/USDT       | K=25 | اختبار=  438 | tri_μ=1.25 | [cache]
22:12:14 [INFO]   ✓ IOTA/USDT      | K=25 | اختبار=  425 | tri_μ=1.31 | [cache]
22:12:14 [INFO]   ✓ KAVA/USDT      | K=25 | اختبار=  438 | tri_μ=1.29 | [cache]
22:12:15 [INFO]   ✓ CRV/USDT       | K=25 | اختبار=  434 | tri_μ=1.35 | [cache]
22:12:15 [INFO]   ✓ ROSE/USDT      | K=25 | اختبار=  441 | tri_μ=1.34 | [cache]
22:12:15 [INFO]   ✓ SNX/USDT       | K=25 | اختبار=  424 | tri_μ=1.31 | [cache]
22:12:15 [INFO]   ✓ YFI/USDT       | K=25 | اختبار=  424 | tri_μ=1.37 | [cache]
22:12:15 [INFO]   ✓ SUSHI/USDT     | K=25 | اختبار=  457 | tri_μ=1.32 | [cache]
22:12:15 [INFO]   ✓ ZRX/USDT       | K=25 | اختبار=  431 | tri_μ=1.29 | [cache]
22:12:15 [INFO]   ✓ COMP/USDT      | K=25 | اختبار=  404 | tri_μ=1.22 | [cache]
22:12:15 [INFO]   ✓ BAT/USDT       | K=25 | اختبار=  426 | tri_μ=1.32 | [cache]
22:12:15 [INFO]   ✓ NMR/USDT       | K=25 | اختبار=  340 | tri_μ=1.22 | [cache]
22:12:15 [INFO]   ✓ STORJ/USDT     | K=25 | اختبار=  441 | tri_μ=1.32 | [cache]
22:12:15 [INFO]   ✓ ANKR/USDT      | K=25 | اختبار=  433 | tri_μ=1.33 | [cache]
22:12:15 [INFO]   ✓ BAND/USDT      | K=25 | اختبار=  438 | tri_μ=1.32 | [cache]
22:12:15 [INFO]   ✓ KSM/USDT       | K=25 | اختبار=  419 | tri_μ=1.26 | [cache]
22:12:15 [INFO]   ✓ ZEN/USDT       | K=25 | اختبار=  388 | tri_μ=1.24 | [cache]
22:12:15 [INFO]   ✓ MASK/USDT      | K=25 | اختبار=  449 | tri_μ=1.28 | [cache]
22:12:15 [INFO]   ✓ DYDX/USDT      | K=25 | اختبار=  450 | tri_μ=1.31 | [cache]
22:12:15 [INFO]   ✓ CELO/USDT      | K=25 | اختبار=  446 | tri_μ=1.30 | [cache]
22:12:15 [INFO]   ✓ ENS/USDT       | K=25 | اختبار=  429 | tri_μ=1.27 | [cache]
22:12:15 [INFO]   ✓ GMX/USDT       | K=25 | اختبار=  446 | tri_μ=1.28 | [cache]
22:12:15 [INFO]   ✓ HIGH/USDT      | K=25 | اختبار=  462 | tri_μ=1.33 | [cache]
22:12:15 [INFO]   ✓ MAGIC/USDT     | K=25 | اختبار=  411 | tri_μ=1.25 | [cache]
22:12:15 [INFO]   ✓ JOE/USDT       | K=25 | اختبار=  414 | tri_μ=1.31 | [cache]
22:12:15 [INFO]   ✓ PENDLE/USDT    | K=25 | اختبار=  469 | tri_μ=1.30 | [cache]
22:12:15 [INFO]   ✓ CYBER/USDT     | K=25 | اختبار=  451 | tri_μ=1.29 | [cache]
22:12:15 [INFO]   ✓ ARKM/USDT      | K=25 | اختبار=  419 | tri_μ=1.30 | [cache]
22:12:15 [INFO]   ✓ WLD/USDT       | K=25 | اختبار=  477 | tri_μ=1.32 | [cache]
22:12:15 [INFO]   ✓ EDU/USDT       | K=25 | اختبار=  449 | tri_μ=1.28 | [cache]
22:12:15 [INFO]   ✓ ID/USDT        | K=25 | اختبار=  435 | tri_μ=1.30 | [cache]
22:12:15 [INFO]   ✓ BLUR/USDT      | K=25 | اختبار=  446 | tri_μ=1.30 | [cache]
22:12:15 [INFO]   ✓ ORDI/USDT      | K=25 | اختبار=  456 | tri_μ=1.26 | [cache]
22:12:15 [INFO]   ✓ JUP/USDT       | K=25 | اختبار=  432 | tri_μ=1.32 | [cache]
22:12:15 [INFO]   ✓ DYM/USDT       | K=25 | اختبار=  427 | tri_μ=1.26 | [cache]
22:12:15 [INFO]   ✓ PYTH/USDT      | K=25 | اختبار=  429 | tri_μ=1.29 | [cache]
22:12:15 [INFO]   ✓ STRK/USDT      | K=25 | اختبار=  400 | tri_μ=1.28 | [cache]
22:12:15 [INFO]   ✓ JTO/USDT       | K=25 | اختبار=  450 | tri_μ=1.30 | [cache]
22:12:15 [INFO]   ✓ MANTA/USDT     | K=25 | اختبار=  400 | tri_μ=1.32 | [cache]
22:12:15 [INFO]   ✓ ALT/USDT       | K=25 | اختبار=  331 | tri_μ=1.26 | [cache]
22:12:15 [INFO]   ✓ ETHFI/USDT     | K=25 | اختبار=  409 | tri_μ=1.26 | [cache]
22:12:15 [INFO]   ✓ W/USDT         | K=25 | اختبار=  411 | tri_μ=1.25 | [cache]
22:12:15 [INFO]   ✓ AEVO/USDT      | K=25 | اختبار=  446 | tri_μ=1.30 | [cache]
22:12:15 [INFO]   ✓ SAGA/USDT      | K=25 | اختبار=  419 | tri_μ=1.27 | [cache]
22:12:15 [INFO]   ✓ BB/USDT        | K=25 | اختبار=  452 | tri_μ=1.33 | [cache]
22:12:15 [INFO]   ✓ ZK/USDT        | K=25 | اختبار=  412 | tri_μ=1.31 | [cache]
22:12:15 [INFO]   ✓ IO/USDT        | K=25 | اختبار=  434 | tri_μ=1.32 | [cache]
22:12:15 [INFO]   ✓ ZRO/USDT       | K=25 | اختبار=  421 | tri_μ=1.31 | [cache]
22:12:15 [INFO]   ✓ LISTA/USDT     | K=25 | اختبار=  461 | tri_μ=1.30 | [cache]
22:12:15 [INFO]   ✓ G/USDT         | K=25 | اختبار=  440 | tri_μ=1.33 | [cache]
22:12:15 [INFO]   ✓ RARE/USDT      | K=25 | اختبار=  454 | tri_μ=1.25 | [cache]
22:12:15 [INFO]   ✓ SYN/USDT       | K=25 | اختبار=  434 | tri_μ=1.29 | [cache]
22:12:15 [INFO]   ✓ TAIKO/USDT     | K=25 | اختبار=  245 | tri_μ=1.28 | [cache]
22:12:15 [INFO]   ✓ BANANA/USDT    | K=25 | اختبار=  449 | tri_μ=1.24 | [cache]
22:12:15 [INFO]   ✓ MERL/USDT      | K=25 | اختبار=  288 | tri_μ=1.29 | [cache]
Process SpawnProcess-8:
Process SpawnProcess-6:
Exception ignored while calling ctypes callback function <function ThreadpoolController._find_libraries_with_dl_iterate_phdr.<locals>.match_library_callback at 0x7a12254300>:
Traceback (most recent call last):
  File "/home/kali/all/projects/AI/quantum_bot2/venv/lib/python3.14/site-packages/threadpoolctl.py", line 1005, in match_library_callback
Process SpawnProcess-5:
    self._make_controller_from_path(filepath)
  File "/home/kali/all/projects/AI/quantum_bot2/venv/lib/python3.14/site-packages/threadpoolctl.py", line 1146, in _make_controller_from_path
    filepath = _realpath(filepath)
  File "/home/kali/all/projects/AI/quantum_bot2/venv/lib/python3.14/site-packages/threadpoolctl.py", line 548, in _realpath
    return os.path.realpath(filepath)
  File "<frozen posixpath>", line 457, in realpath
KeyboardInterrupt: 
Traceback (most recent call last):
Traceback (most recent call last):
Traceback (most recent call last):
  File "/usr/lib/python3.14/multiprocessing/process.py", line 320, in _bootstrap
    self.run()
    ~~~~~~~~^^
  File "/usr/lib/python3.14/multiprocessing/process.py", line 108, in run
    self._target(*self._args, **self._kwargs)
    ~~~~~~~~~~~~^^^^^^^^^^^^^^^^^^^^^^^^^^^^^
  File "/usr/lib/python3.14/concurrent/futures/process.py", line 242, in _process_worker
    call_item = call_queue.get(block=True)
  File "/usr/lib/python3.14/multiprocessing/queues.py", line 100, in get
    with self._rlock:
         ^^^^^^^^^^^
  File "/usr/lib/python3.14/multiprocessing/synchronize.py", line 97, in __enter__
    return self._semlock.__enter__()
           ~~~~~~~~~~~~~~~~~~~~~~~^^
KeyboardInterrupt
  File "/usr/lib/python3.14/multiprocessing/process.py", line 320, in _bootstrap
    self.run()
    ~~~~~~~~^^
  File "/usr/lib/python3.14/multiprocessing/process.py", line 108, in run
    self._target(*self._args, **self._kwargs)
    ~~~~~~~~~~~~^^^^^^^^^^^^^^^^^^^^^^^^^^^^^
  File "/usr/lib/python3.14/concurrent/futures/process.py", line 242, in _process_worker
    call_item = call_queue.get(block=True)
  File "/usr/lib/python3.14/multiprocessing/queues.py", line 100, in get
    with self._rlock:
         ^^^^^^^^^^^
  File "/usr/lib/python3.14/multiprocessing/synchronize.py", line 97, in __enter__
    return self._semlock.__enter__()
           ~~~~~~~~~~~~~~~~~~~~~~~^^
KeyboardInterrupt
  File "/usr/lib/python3.14/multiprocessing/process.py", line 320, in _bootstrap
    self.run()
    ~~~~~~~~^^
  File "/usr/lib/python3.14/multiprocessing/process.py", line 108, in run
    self._target(*self._args, **self._kwargs)
    ~~~~~~~~~~~~^^^^^^^^^^^^^^^^^^^^^^^^^^^^^
  File "/usr/lib/python3.14/concurrent/futures/process.py", line 242, in _process_worker
    call_item = call_queue.get(block=True)
  File "/usr/lib/python3.14/multiprocessing/queues.py", line 101, in get
    res = self._recv_bytes()
  File "/usr/lib/python3.14/multiprocessing/connection.py", line 226, in recv_bytes
    buf = self._recv_bytes(maxlength)
  File "/usr/lib/python3.14/multiprocessing/connection.py", line 451, in _recv_bytes
    buf = self._recv(4)
  File "/usr/lib/python3.14/multiprocessing/connection.py", line 416, in _recv
    chunk = read(handle, to_read)
KeyboardInterrupt
Traceback (most recent call last):
Traceback (most recent call last):
Traceback (most recent call last):
  File "<string>", line 1, in <module>
    from multiprocessing.spawn import spawn_main; spawn_main(tracker_fd=24, pipe_handle=34)
                                                  ~~~~~~~~~~^^^^^^^^^^^^^^^^^^^^^^^^^^^^^^^
  File "/usr/lib/python3.14/multiprocessing/spawn.py", line 122, in spawn_main
    exitcode = _main(fd, parent_sentinel)
  File "/usr/lib/python3.14/multiprocessing/spawn.py", line 131, in _main
    prepare(preparation_data)
    ~~~~~~~^^^^^^^^^^^^^^^^^^
  File "/usr/lib/python3.14/multiprocessing/spawn.py", line 246, in prepare
    _fixup_main_from_path(data['init_main_from_path'])
    ~~~~~~~~~~~~~~~~~~~~~^^^^^^^^^^^^^^^^^^^^^^^^^^^^^
  File "/usr/lib/python3.14/multiprocessing/spawn.py", line 297, in _fixup_main_from_path
    main_content = runpy.run_path(main_path,
                                  run_name="__mp_main__")
  File "<frozen runpy>", line 294, in run_path
  File "<frozen runpy>", line 98, in _run_module_code
  File "<frozen runpy>", line 88, in _run_code
  File "/home/kali/all/projects/AI/best_trading_v10_ai/trading_rnd_sell_only.py", line 61, in <module>
    import matplotlib
  File "/home/kali/all/projects/AI/quantum_bot2/venv/lib/python3.14/site-packages/matplotlib/__init__.py", line 161, in <module>
    from . import _api, _version, cbook, rcsetup
  File "/home/kali/all/projects/AI/quantum_bot2/venv/lib/python3.14/site-packages/matplotlib/rcsetup.py", line 34, in <module>
    from matplotlib.colors import Colormap, is_color_like
  File "/home/kali/all/projects/AI/quantum_bot2/venv/lib/python3.14/site-packages/matplotlib/colors.py", line 54, in <module>
    from PIL.PngImagePlugin import PngInfo
  File "/home/kali/all/projects/AI/quantum_bot2/venv/lib/python3.14/site-packages/PIL/PngImagePlugin.py", line 45, in <module>
    from . import Image, ImageChops, ImageFile, ImagePalette, ImageSequence
  File "/home/kali/all/projects/AI/quantum_bot2/venv/lib/python3.14/site-packages/PIL/ImagePalette.py", line 24, in <module>
    from . import GimpGradientFile, GimpPaletteFile, ImageColor, PaletteFile
  File "<frozen importlib._bootstrap>", line 1371, in _find_and_load
  File "<frozen importlib._bootstrap>", line 1333, in _find_and_load_unlocked
  File "<frozen importlib._bootstrap>", line 1267, in _find_spec
  File "<frozen importlib._bootstrap_external>", line 1292, in find_spec
  File "<frozen importlib._bootstrap_external>", line 1266, in _get_spec
  File "<frozen importlib._bootstrap_external>", line 1365, in find_spec
  File "<frozen importlib._bootstrap_external>", line 152, in _path_stat
KeyboardInterrupt
  File "<string>", line 1, in <module>
    from multiprocessing.spawn import spawn_main; spawn_main(tracker_fd=24, pipe_handle=32)
                                                  ~~~~~~~~~~^^^^^^^^^^^^^^^^^^^^^^^^^^^^^^^
  File "/usr/lib/python3.14/multiprocessing/spawn.py", line 122, in spawn_main
    exitcode = _main(fd, parent_sentinel)
  File "/usr/lib/python3.14/multiprocessing/spawn.py", line 131, in _main
    prepare(preparation_data)
    ~~~~~~~^^^^^^^^^^^^^^^^^^
  File "/usr/lib/python3.14/multiprocessing/spawn.py", line 246, in prepare
    _fixup_main_from_path(data['init_main_from_path'])
    ~~~~~~~~~~~~~~~~~~~~~^^^^^^^^^^^^^^^^^^^^^^^^^^^^^
  File "/usr/lib/python3.14/multiprocessing/spawn.py", line 297, in _fixup_main_from_path
    main_content = runpy.run_path(main_path,
                                  run_name="__mp_main__")
  File "<frozen runpy>", line 294, in run_path
  File "<frozen runpy>", line 98, in _run_module_code
  File "<frozen runpy>", line 88, in _run_code
  File "/home/kali/all/projects/AI/best_trading_v10_ai/trading_rnd_sell_only.py", line 45, in <module>
    from sklearn.cluster import KMeans
  File "/home/kali/all/projects/AI/quantum_bot2/venv/lib/python3.14/site-packages/sklearn/cluster/__init__.py", line 19, in <module>
    from sklearn.cluster._dbscan import DBSCAN, dbscan
  File "/home/kali/all/projects/AI/quantum_bot2/venv/lib/python3.14/site-packages/sklearn/cluster/_dbscan.py", line 17, in <module>
    from sklearn.neighbors import NearestNeighbors, sort_graph_by_row_values
  File "/home/kali/all/projects/AI/quantum_bot2/venv/lib/python3.14/site-packages/sklearn/neighbors/__init__.py", line 26, in <module>
    from sklearn.neighbors._nearest_centroid import NearestCentroid
  File "/home/kali/all/projects/AI/quantum_bot2/venv/lib/python3.14/site-packages/sklearn/neighbors/_nearest_centroid.py", line 15, in <module>
    from sklearn.discriminant_analysis import DiscriminantAnalysisPredictionMixin
  File "/home/kali/all/projects/AI/quantum_bot2/venv/lib/python3.14/site-packages/sklearn/discriminant_analysis.py", line 20, in <module>
    from sklearn.covariance import empirical_covariance, ledoit_wolf, shrunk_covariance
  File "/home/kali/all/projects/AI/quantum_bot2/venv/lib/python3.14/site-packages/sklearn/covariance/__init__.py", line 11, in <module>
    from sklearn.covariance._elliptic_envelope import EllipticEnvelope
  File "<frozen importlib._bootstrap>", line 1371, in _find_and_load
  File "<frozen importlib._bootstrap>", line 1342, in _find_and_load_unlocked
  File "<frozen importlib._bootstrap>", line 938, in _load_unlocked
  File "<frozen importlib._bootstrap_external>", line 755, in exec_module
  File "<frozen importlib._bootstrap_external>", line 851, in get_code
  File "<frozen importlib._bootstrap_external>", line 950, in get_data
KeyboardInterrupt
  File "<string>", line 1, in <module>
    from multiprocessing.spawn import spawn_main; spawn_main(tracker_fd=24, pipe_handle=28)
                                                  ~~~~~~~~~~^^^^^^^^^^^^^^^^^^^^^^^^^^^^^^^
  File "/usr/lib/python3.14/multiprocessing/spawn.py", line 122, in spawn_main
    exitcode = _main(fd, parent_sentinel)
  File "/usr/lib/python3.14/multiprocessing/spawn.py", line 131, in _main
    prepare(preparation_data)
    ~~~~~~~^^^^^^^^^^^^^^^^^^
  File "/usr/lib/python3.14/multiprocessing/spawn.py", line 246, in prepare
    _fixup_main_from_path(data['init_main_from_path'])
    ~~~~~~~~~~~~~~~~~~~~~^^^^^^^^^^^^^^^^^^^^^^^^^^^^^
  File "/usr/lib/python3.14/multiprocessing/spawn.py", line 297, in _fixup_main_from_path
    main_content = runpy.run_path(main_path,
                                  run_name="__mp_main__")
  File "<frozen runpy>", line 294, in run_path
  File "<frozen runpy>", line 98, in _run_module_code
  File "<frozen runpy>", line 88, in _run_code
  File "/home/kali/all/projects/AI/best_trading_v10_ai/trading_rnd_sell_only.py", line 44, in <module>
    from scipy.stats import kurtosis, linregress, skew
  File "/home/kali/all/projects/AI/quantum_bot2/venv/lib/python3.14/site-packages/scipy/stats/__init__.py", line 600, in <module>
    from ._stats_py import *
  File "/home/kali/all/projects/AI/quantum_bot2/venv/lib/python3.14/site-packages/scipy/stats/_stats_py.py", line 50, in <module>
    from . import distributions
  File "/home/kali/all/projects/AI/quantum_bot2/venv/lib/python3.14/site-packages/scipy/stats/distributions.py", line 16, in <module>
    from ._entropy import entropy
  File "/home/kali/all/projects/AI/quantum_bot2/venv/lib/python3.14/site-packages/scipy/stats/_entropy.py", line 18, in <module>
    @_axis_nan_policy_factory(
     ~~~~~~~~~~~~~~~~~~~~~~~~^
        lambda x: x,
        ^^^^^^^^^^^^
    ...<5 lines>...
        too_small=-1  # entropy doesn't have too small inputs
        ^^^^^^^^^^^^^^^^^^^^^^^^^^^^^^^^^^^^^^^^^^^^^^^^^^^^^
    )
    ^
  File "/home/kali/all/projects/AI/quantum_bot2/venv/lib/python3.14/site-packages/scipy/stats/_axis_nan_policy.py", line 691, in axis_nan_policy_decorator
    doc = FunctionDoc(axis_nan_policy_wrapper)
  File "/home/kali/all/projects/AI/quantum_bot2/venv/lib/python3.14/site-packages/scipy/_lib/_docscrape.py", line 589, in __init__
    NumpyDocString.__init__(self, doc, config)
    ~~~~~~~~~~~~~~~~~~~~~~~^^^^^^^^^^^^^^^^^^^
  File "/home/kali/all/projects/AI/quantum_bot2/venv/lib/python3.14/site-packages/scipy/_lib/_docscrape.py", line 148, in __init__
    self._parse()
    ~~~~~~~~~~~^^
  File "/home/kali/all/projects/AI/quantum_bot2/venv/lib/python3.14/site-packages/scipy/_lib/_docscrape.py", line 392, in _parse
    sections = list(self._read_sections())
  File "/home/kali/all/projects/AI/quantum_bot2/venv/lib/python3.14/site-packages/scipy/_lib/_docscrape.py", line 214, in _read_sections
    data = self._read_to_next_section()
  File "/home/kali/all/projects/AI/quantum_bot2/venv/lib/python3.14/site-packages/scipy/_lib/_docscrape.py", line 204, in _read_to_next_section
    while not self._is_at_section() and not self._doc.eof():
              ~~~~~~~~~~~~~~~~~~~^^
  File "/home/kali/all/projects/AI/quantum_bot2/venv/lib/python3.14/site-packages/scipy/_lib/_docscrape.py", line 186, in _is_at_section
    return l2.startswith("-" * len(l1)) or l2.startswith("=" * len(l1))
           ~~~~~~~~~~~~~^^^^^^^^^^^^^^^
KeyboardInterrupt
Traceback (most recent call last):
  File "<string>", line 1, in <module>
    from multiprocessing.spawn import spawn_main; spawn_main(tracker_fd=24, pipe_handle=30)
                                                  ~~~~~~~~~~^^^^^^^^^^^^^^^^^^^^^^^^^^^^^^^
  File "/usr/lib/python3.14/multiprocessing/spawn.py", line 122, in spawn_main
    exitcode = _main(fd, parent_sentinel)
  File "/usr/lib/python3.14/multiprocessing/spawn.py", line 131, in _main
    prepare(preparation_data)
    ~~~~~~~^^^^^^^^^^^^^^^^^^
  File "/usr/lib/python3.14/multiprocessing/spawn.py", line 246, in prepare
    _fixup_main_from_path(data['init_main_from_path'])
    ~~~~~~~~~~~~~~~~~~~~~^^^^^^^^^^^^^^^^^^^^^^^^^^^^^
  File "/usr/lib/python3.14/multiprocessing/spawn.py", line 297, in _fixup_main_from_path
    main_content = runpy.run_path(main_path,
                                  run_name="__mp_main__")
  File "<frozen runpy>", line 294, in run_path
  File "<frozen runpy>", line 98, in _run_module_code
  File "<frozen runpy>", line 88, in _run_code
  File "/home/kali/all/projects/AI/best_trading_v10_ai/trading_rnd_sell_only.py", line 45, in <module>
    from sklearn.cluster import KMeans
  File "/home/kali/all/projects/AI/quantum_bot2/venv/lib/python3.14/site-packages/sklearn/__init__.py", line 70, in <module>
    from sklearn.base import clone  # noqa: E402
    ^^^^^^^^^^^^^^^^^^^^^^^^^^^^^^
  File "/home/kali/all/projects/AI/quantum_bot2/venv/lib/python3.14/site-packages/sklearn/base.py", line 20, in <module>
    from sklearn.utils._metadata_requests import _MetadataRequester, _routing_enabled
  File "/home/kali/all/projects/AI/quantum_bot2/venv/lib/python3.14/site-packages/sklearn/utils/__init__.py", line 9, in <module>
    from sklearn.utils._chunking import gen_batches, gen_even_slices
  File "/home/kali/all/projects/AI/quantum_bot2/venv/lib/python3.14/site-packages/sklearn/utils/_chunking.py", line 11, in <module>
    from sklearn.utils._param_validation import Interval, validate_params
  File "/home/kali/all/projects/AI/quantum_bot2/venv/lib/python3.14/site-packages/sklearn/utils/_param_validation.py", line 17, in <module>
    from sklearn.utils.validation import _is_arraylike_not_scalar
  File "/home/kali/all/projects/AI/quantum_bot2/venv/lib/python3.14/site-packages/sklearn/utils/validation.py", line 24, in <module>
    from sklearn.utils._array_api import (
    ...<6 lines>...
    )
  File "/home/kali/all/projects/AI/quantum_bot2/venv/lib/python3.14/site-packages/sklearn/utils/_array_api.py", line 21, in <module>
    from sklearn.externals.array_api_compat import numpy as np_compat
  File "/home/kali/all/projects/AI/quantum_bot2/venv/lib/python3.14/site-packages/sklearn/externals/array_api_compat/numpy/__init__.py", line 24, in <module>
    __import__(__spec__.parent + ".fft")
    ~~~~~~~~~~^^^^^^^^^^^^^^^^^^^^^^^^^^
  File "/home/kali/all/projects/AI/quantum_bot2/venv/lib/python3.14/site-packages/sklearn/externals/array_api_compat/numpy/fft.py", line 8, in <module>
    from ..common import _fft
  File "<frozen importlib._bootstrap>", line 1371, in _find_and_load
  File "<frozen importlib._bootstrap>", line 1333, in _find_and_load_unlocked
  File "<frozen importlib._bootstrap>", line 1267, in _find_spec
  File "<frozen importlib._bootstrap_external>", line 1292, in find_spec
  File "<frozen importlib._bootstrap_external>", line 1266, in _get_spec
  File "<frozen importlib._bootstrap_external>", line 1398, in find_spec
  File "<frozen importlib._bootstrap_external>", line 166, in _path_isfile
  File "<frozen importlib._bootstrap_external>", line 158, in _path_is_mode_type
  File "<frozen importlib._bootstrap_external>", line 152, in _path_stat
KeyboardInterrupt
22:12:20 [WARNING] [process_asset] MEW/USDT: degenerate clustering (H_train=0.029, H_theo=4.644, ratio=0.006, K=25) — returning None
