21:52:21 [INFO] [Backtest] end-date pinned to 2026-10-01
21:52:22 [INFO] [Level-2] Numba kernels warm (JIT ready in 0.5s)
21:52:22 [INFO] [Cache] LIVE_ASSET_CACHE_MAX adjusted to 150
21:52:24 [INFO] [TF] timeframe=4h TF_SCALE=0.2500 TF_SECONDS=14400 TF_HOURS=4.000
21:52:24 [INFO] [TF-Unified] N=24 W=20 L=10 ADV_BARS=6 (σ≈0.25× 1h)
21:52:24 [INFO] [Data] mode=backtest | tf=4h | history=365d (2190 bars/symbol) | quality=degraded | source=user(365d)
21:52:24 [WARNING] [Data] degraded quality: tail=2190 < strict_min/2=5012. Many assets may be skipped by degenerate detection. Recommended minimum for 4h: --history-days 2339.
21:52:24 [INFO] [Trail] Trailing Stop Loss DISABLED — SL is fixed
21:52:24 [INFO] [Backtest] --no-fixed-price: entry target will be derived from close[sig.close_idx] × (1 ± PO_PENETRATION_BPS)
21:52:24 [INFO] [Watch] Watch-then-trigger DISABLED (Config default) — legacy immediate placement
21:52:24 [INFO] [OppTP] Opposite-Signal Adaptive TP DISABLED
21:52:24 [INFO] [TradeLog] Logging trades to results/sell_only_ablation/S1_baseline_2026.jsonl
21:52:24 [INFO] §1  مسح أعلى 15 عملة...
21:52:24 [INFO] §2  جلب البيانات (متوازٍ)...
21:52:36 [INFO]   ✓ BTC/USDT      : 2,190 شمعة
21:52:37 [INFO]   ✓ ETH/USDT      : 2,190 شمعة
21:52:37 [INFO]   ✓ AVAX/USDT     : 2,190 شمعة
21:52:37 [INFO]   ✓ ADA/USDT      : 2,190 شمعة
21:52:38 [INFO]   ✓ SOL/USDT      : 2,190 شمعة
21:52:38 [INFO]   ✓ BNB/USDT      : 2,190 شمعة
21:52:38 [INFO]   ✓ LINK/USDT     : 2,190 شمعة
21:52:38 [INFO]   ✓ DOT/USDT      : 2,190 شمعة
21:52:38 [INFO]   ✓ ATOM/USDT     : 2,190 شمعة
21:52:38 [INFO]   ✓ LTC/USDT      : 2,190 شمعة
21:52:38 [INFO]   ✓ UNI/USDT      : 2,190 شمعة
21:52:38 [INFO]   ✓ ETC/USDT      : 2,190 شمعة
21:52:38 [INFO]   ✓ TRX/USDT      : 2,190 شمعة
21:52:38 [INFO]   ✓ BCH/USDT      : 2,190 شمعة
21:52:38 [INFO]   ✓ TON/USDT      : 2,190 شمعة
21:52:38 [INFO]   ✓ NEAR/USDT     : 2,190 شمعة
21:52:39 [INFO]   ✓ HBAR/USDT     : 2,190 شمعة
21:52:39 [INFO]   ✓ APT/USDT      : 2,190 شمعة
21:52:39 [INFO]   ✓ STX/USDT      : 2,190 شمعة
21:52:39 [INFO]   ✓ ARB/USDT      : 2,190 شمعة
21:52:39 [INFO]   ✓ AAVE/USDT     : 2,190 شمعة
21:52:39 [INFO]   ✓ OP/USDT       : 2,190 شمعة
21:52:39 [INFO]   ✓ SUI/USDT      : 2,190 شمعة
21:52:39 [INFO]   ✓ TIA/USDT      : 2,190 شمعة
21:52:40 [INFO]   ✓ ALGO/USDT     : 2,190 شمعة
21:52:40 [INFO]   ✓ FET/USDT      : 2,190 شمعة
21:52:40 [INFO]   ✓ GRT/USDT      : 2,190 شمعة
21:52:40 [INFO]   ✓ SEI/USDT      : 2,190 شمعة
21:52:40 [INFO]   ✓ RENDER/USDT   : 2,190 شمعة
21:52:40 [INFO]   ✓ KAS/USDT      : 2,190 شمعة
21:52:40 [INFO]   ✓ THETA/USDT    : 2,190 شمعة
21:52:40 [INFO]   ✓ LDO/USDT      : 2,190 شمعة
21:52:40 [INFO]   ✓ WIF/USDT      : 2,190 شمعة
21:52:40 [INFO]   ✓ SAND/USDT     : 2,190 شمعة
21:52:41 [INFO]   ✓ MANA/USDT     : 2,190 شمعة
21:52:41 [INFO]   ✓ POL/USDT      : 2,190 شمعة
21:52:41 [INFO]   ✓ XLM/USDT      : 2,190 شمعة
21:52:41 [INFO]   ✓ CHZ/USDT      : 2,190 شمعة
21:52:41 [INFO]   ✓ AXS/USDT      : 2,190 شمعة
21:52:41 [INFO]   ✓ FIL/USDT      : 2,190 شمعة
21:52:42 [INFO]   ✓ QNT/USDT      : 2,190 شمعة
21:52:42 [INFO]   ✓ FLOW/USDT     : 2,190 شمعة
21:52:42 [INFO]   ✓ CAKE/USDT     : 2,190 شمعة
21:52:42 [INFO]   ✓ ROSE/USDT     : 2,190 شمعة
21:52:42 [INFO]   ✓ DASH/USDT     : 2,190 شمعة
21:52:42 [INFO]   ✓ IOTA/USDT     : 2,190 شمعة
21:52:42 [INFO]   ✓ CRV/USDT      : 2,190 شمعة
21:52:42 [INFO]   ✓ NEO/USDT      : 2,190 شمعة
21:52:42 [INFO]   ✓ SNX/USDT      : 2,190 شمعة
21:52:42 [INFO]   ✓ KAVA/USDT     : 2,190 شمعة
21:52:43 [INFO]   ✓ COMP/USDT     : 2,190 شمعة
21:52:43 [INFO]   ✓ BAT/USDT      : 2,190 شمعة
21:52:43 [INFO]   ✓ YFI/USDT      : 2,190 شمعة
21:52:43 [INFO]   ✓ SUSHI/USDT    : 2,190 شمعة
21:52:43 [INFO]   ✓ ZRX/USDT      : 2,190 شمعة
21:52:43 [INFO]   ✓ ANKR/USDT     : 2,190 شمعة
21:52:43 [INFO]   ✓ BAND/USDT     : 2,190 شمعة
21:52:43 [INFO]   ✓ NMR/USDT      : 2,190 شمعة
21:52:43 [INFO]   ✓ STORJ/USDT    : 2,190 شمعة
21:52:44 [INFO]   ✓ ZEN/USDT      : 2,190 شمعة
21:52:44 [INFO]   ✓ KSM/USDT      : 2,190 شمعة
21:52:44 [INFO]   ✓ DYDX/USDT     : 2,190 شمعة
21:52:44 [INFO]   ✓ MASK/USDT     : 2,190 شمعة
21:52:44 [INFO]   ✓ CELO/USDT     : 2,190 شمعة
21:52:44 [INFO]   ✓ ENS/USDT      : 2,190 شمعة
21:52:44 [INFO]   ✓ GMX/USDT      : 2,190 شمعة
21:52:44 [INFO]   ✓ MAGIC/USDT    : 2,190 شمعة
21:52:44 [INFO]   ✓ PENDLE/USDT   : 2,190 شمعة
21:52:44 [INFO]   ✓ HIGH/USDT     : 2,190 شمعة
21:52:45 [INFO]   ✓ JOE/USDT      : 2,190 شمعة
21:52:45 [INFO]   ✓ WLD/USDT      : 2,190 شمعة
21:52:45 [INFO]   ✓ BLUR/USDT     : 2,190 شمعة
21:52:45 [INFO]   ✓ CYBER/USDT    : 2,190 شمعة
21:52:45 [INFO]   ✓ ID/USDT       : 2,190 شمعة
21:52:45 [INFO]   ✓ ARKM/USDT     : 2,190 شمعة
21:52:45 [INFO]   ✓ ORDI/USDT     : 2,190 شمعة
21:52:45 [INFO]   ✓ JUP/USDT      : 2,190 شمعة
21:52:45 [INFO]   ✓ EDU/USDT      : 2,190 شمعة
21:52:46 [INFO]   ✓ PYTH/USDT     : 2,190 شمعة
21:52:46 [INFO]   ✓ JTO/USDT      : 2,190 شمعة
21:52:46 [INFO]   ✓ DYM/USDT      : 2,190 شمعة
21:52:46 [INFO]   ✓ ALT/USDT      : 2,190 شمعة
21:52:46 [INFO]   ✓ MANTA/USDT    : 2,190 شمعة
21:52:46 [INFO]   ✓ STRK/USDT     : 2,190 شمعة
21:52:46 [INFO]   ✓ ETHFI/USDT    : 2,190 شمعة
21:52:46 [INFO]   ✓ AEVO/USDT     : 2,190 شمعة
21:52:47 [INFO]   ✓ BB/USDT       : 2,190 شمعة
21:52:47 [INFO]   ✓ SAGA/USDT     : 2,190 شمعة
21:52:47 [INFO]   ✓ W/USDT        : 2,190 شمعة
21:52:47 [INFO]   ✓ IO/USDT       : 2,190 شمعة
21:52:47 [INFO]   ✓ ZK/USDT       : 2,190 شمعة
21:52:47 [INFO]   ✓ TAIKO/USDT    : 2,190 شمعة
21:52:47 [INFO]   ✓ LISTA/USDT    : 2,190 شمعة
21:52:47 [INFO]   ✓ ZRO/USDT      : 2,190 شمعة
21:52:47 [INFO]   ✓ G/USDT        : 2,190 شمعة
21:52:47 [INFO]   ✓ RARE/USDT     : 2,190 شمعة
21:52:48 [INFO]   ✓ MERL/USDT     : 2,190 شمعة
21:52:48 [INFO]   ✓ SYN/USDT      : 2,190 شمعة
21:52:48 [INFO]   ✓ MEW/USDT      : 2,190 شمعة
21:52:48 [INFO]   ✓ BANANA/USDT   : 2,190 شمعة
21:52:48 [INFO]   ✓ BTC/USDT      : 35,040 شمعة 15m
21:52:49 [INFO]   ✓ AVAX/USDT     : 35,040 شمعة 15m
21:52:49 [INFO]   ✓ SOL/USDT      : 35,040 شمعة 15m
21:52:49 [INFO]   ✓ ETH/USDT      : 35,040 شمعة 15m
21:52:49 [INFO]   ✓ BNB/USDT      : 35,040 شمعة 15m
21:52:49 [INFO]   ✓ ADA/USDT      : 35,040 شمعة 15m
21:52:49 [INFO]   ✓ LINK/USDT     : 35,040 شمعة 15m
21:52:50 [INFO]   ✓ LTC/USDT      : 35,040 شمعة 15m
21:52:50 [INFO]   ✓ DOT/USDT      : 35,040 شمعة 15m
21:52:50 [INFO]   ✓ ATOM/USDT     : 35,040 شمعة 15m
21:52:50 [INFO]   ✓ UNI/USDT      : 35,040 شمعة 15m
21:52:50 [INFO]   ✓ ETC/USDT      : 35,040 شمعة 15m
21:52:50 [INFO]   ✓ TRX/USDT      : 35,040 شمعة 15m
21:52:50 [INFO]   ✓ NEAR/USDT     : 35,040 شمعة 15m
21:52:51 [INFO]   ✓ HBAR/USDT     : 35,040 شمعة 15m
21:52:51 [INFO]   ✓ BCH/USDT      : 35,040 شمعة 15m
21:52:51 [INFO]   ✓ APT/USDT      : 35,040 شمعة 15m
21:52:51 [INFO]   ✓ AAVE/USDT     : 35,040 شمعة 15m
21:52:51 [INFO]   ✓ STX/USDT      : 35,040 شمعة 15m
21:52:51 [INFO]   ✓ ARB/USDT      : 35,040 شمعة 15m
21:52:51 [INFO]   ✓ OP/USDT       : 35,040 شمعة 15m
21:52:52 [INFO]   ✓ ALGO/USDT     : 35,040 شمعة 15m
21:52:52 [INFO]   ✓ FET/USDT      : 35,040 شمعة 15m
21:52:52 [INFO]   ✓ SUI/USDT      : 35,040 شمعة 15m
21:52:52 [INFO]   ✓ TIA/USDT      : 35,040 شمعة 15m
21:52:52 [INFO]   ✓ GRT/USDT      : 35,040 شمعة 15m
21:52:53 [INFO]   ✓ SEI/USDT      : 35,040 شمعة 15m
21:52:53 [INFO]   ✓ RENDER/USDT   : 35,040 شمعة 15m
21:52:53 [INFO]   ✓ THETA/USDT    : 35,040 شمعة 15m
21:52:53 [INFO]   ✓ KAS/USDT      : 35,040 شمعة 15m
21:52:54 [INFO]   ✓ LDO/USDT      : 35,040 شمعة 15m
21:52:54 [INFO]   ✓ SAND/USDT     : 35,040 شمعة 15m
21:52:54 [INFO]   ✓ WIF/USDT      : 35,040 شمعة 15m
21:52:54 [INFO]   ✓ MANA/USDT     : 35,040 شمعة 15m
21:52:54 [INFO]   ✓ POL/USDT      : 35,040 شمعة 15m
21:52:55 [INFO]   ✓ XLM/USDT      : 35,040 شمعة 15m
21:52:55 [INFO]   ✓ CHZ/USDT      : 35,040 شمعة 15m
21:52:55 [INFO]   ✓ AXS/USDT      : 35,040 شمعة 15m
21:52:55 [INFO]   ✓ FIL/USDT      : 35,040 شمعة 15m
21:52:55 [INFO]   ✓ QNT/USDT      : 35,040 شمعة 15m
21:52:55 [INFO]   ✓ FLOW/USDT     : 35,040 شمعة 15m
21:52:56 [INFO]   ✓ CAKE/USDT     : 35,040 شمعة 15m
21:52:56 [INFO]   ✓ ROSE/USDT     : 35,040 شمعة 15m
21:52:57 [INFO]   ✓ CRV/USDT      : 35,040 شمعة 15m
21:52:57 [INFO]   ✓ IOTA/USDT     : 35,040 شمعة 15m
21:52:57 [INFO]   ✓ DASH/USDT     : 35,040 شمعة 15m
21:52:57 [INFO]   ✓ NEO/USDT      : 35,040 شمعة 15m
21:52:57 [INFO]   ✓ TON/USDT      : 25,766 شمعة 15m
21:52:57 [INFO]   ✓ SNX/USDT      : 35,040 شمعة 15m
21:52:58 [INFO]   ✓ YFI/USDT      : 35,040 شمعة 15m
21:52:58 [INFO]   ✓ KAVA/USDT     : 35,040 شمعة 15m
21:52:58 [INFO]   ✓ BAT/USDT      : 35,040 شمعة 15m
21:52:58 [INFO]   ✓ COMP/USDT     : 35,040 شمعة 15m
21:52:58 [INFO]   ✓ SUSHI/USDT    : 35,040 شمعة 15m
21:52:58 [INFO]   ✓ ZRX/USDT      : 35,040 شمعة 15m
21:52:59 [INFO]   ✓ BAND/USDT     : 35,040 شمعة 15m
21:52:59 [INFO]   ✓ ANKR/USDT     : 35,040 شمعة 15m
21:52:59 [INFO]   ✓ NMR/USDT      : 35,040 شمعة 15m
21:52:59 [INFO]   ✓ ZEN/USDT      : 35,040 شمعة 15m
21:53:00 [INFO]   ✓ KSM/USDT      : 35,040 شمعة 15m
21:53:00 [INFO]   ✓ DYDX/USDT     : 35,040 شمعة 15m
21:53:00 [INFO]   ✓ MASK/USDT     : 35,040 شمعة 15m
21:53:00 [INFO]   ✓ CELO/USDT     : 35,040 شمعة 15m
21:53:01 [INFO]   ✓ ENS/USDT      : 35,040 شمعة 15m
21:53:01 [INFO]   ✓ GMX/USDT      : 35,040 شمعة 15m
21:53:01 [INFO]   ✓ MAGIC/USDT    : 35,040 شمعة 15m
21:53:01 [INFO]   ✓ PENDLE/USDT   : 35,040 شمعة 15m
21:53:01 [INFO]   ✓ STORJ/USDT    : 31,857 شمعة 15m
21:53:02 [INFO]   ✓ WLD/USDT      : 35,040 شمعة 15m
21:53:02 [INFO]   ✓ BLUR/USDT     : 35,040 شمعة 15m
21:53:02 [INFO]   ✓ JOE/USDT      : 35,040 شمعة 15m
21:53:02 [INFO]   ✓ CYBER/USDT    : 35,040 شمعة 15m
21:53:03 [INFO]   ✓ ID/USDT       : 35,040 شمعة 15m
21:53:03 [INFO]   ✓ JUP/USDT      : 35,040 شمعة 15m
21:53:03 [INFO]   ✓ ORDI/USDT     : 35,040 شمعة 15m
21:53:03 [INFO]   ✓ ARKM/USDT     : 35,040 شمعة 15m
21:53:03 [INFO]   ✓ EDU/USDT      : 35,040 شمعة 15m
21:53:04 [INFO]   ✓ DYM/USDT      : 35,040 شمعة 15m
21:53:04 [INFO]   ✓ PYTH/USDT     : 35,040 شمعة 15m
21:53:04 [INFO]   ✓ JTO/USDT      : 35,040 شمعة 15m
21:53:04 [INFO]   ✓ ALT/USDT      : 35,040 شمعة 15m
21:53:05 [INFO]   ✓ AEVO/USDT     : 35,040 شمعة 15m
21:53:05 [INFO]   ✓ MANTA/USDT    : 35,040 شمعة 15m
21:53:05 [INFO]   ✓ ETHFI/USDT    : 35,040 شمعة 15m
21:53:05 [INFO]   ✓ STRK/USDT     : 35,040 شمعة 15m
21:53:05 [INFO]   ✓ BB/USDT       : 35,040 شمعة 15m
21:53:06 [INFO]   ✓ W/USDT        : 35,040 شمعة 15m
21:53:06 [INFO]   ✓ IO/USDT       : 35,040 شمعة 15m
21:53:06 [INFO]   ✓ SAGA/USDT     : 35,040 شمعة 15m
21:53:06 [INFO]   ✓ ZK/USDT       : 35,040 شمعة 15m
21:53:07 [INFO]   ✓ LISTA/USDT    : 35,040 شمعة 15m
21:53:07 [INFO]   ✓ ZRO/USDT      : 35,040 شمعة 15m
21:53:07 [INFO]   ✓ TAIKO/USDT    : 35,040 شمعة 15m
21:53:07 [INFO]   ✓ G/USDT        : 35,040 شمعة 15m
21:53:07 [INFO]   ✓ MERL/USDT     : 35,040 شمعة 15m
21:53:07 [INFO]   ✓ RARE/USDT     : 35,040 شمعة 15m
21:53:07 [INFO]   ✓ SYN/USDT      : 35,040 شمعة 15m
21:53:08 [INFO]   ✓ BANANA/USDT   : 35,040 شمعة 15m
21:53:08 [INFO]   ✓ MEW/USDT      : 35,040 شمعة 15m
21:53:08 [INFO]   ✓ HIGH/USDT     : 24,312 شمعة 15m
21:53:08 [INFO]   [SubBars] loaded for 100 symbols at 15m
21:53:08 [INFO] §3  معالجة فضاء الحالة (K ديناميكي)...
21:53:08 [INFO]   [Parallel] 8 workers × 100 symbols (cache=on)
╔══════════════════════════════════════════════════════════════════════╗
  [Level-1] Parallel: True  Cache: True
  [Level-2] Numba: True

║  محرك التداول الثرموديناميكي الكمي v6.0 – Singularity Engine     ║
║  الوضع: BACKTEST    |  رأس المال: $100.00              ║
╠══════════════════════════════════════════════════════════════════════╣
║  ① Boltzmann Kelly: BASE=2.0%  λ=0.05  [1.0%–5.0%]  ║
║  ② Topo-Divergence: ε=0.05  (حتمية هندسية)              ║
║  ③ Dynamic-K:       [25–50]  (SNR ∝ 1/m)                     ║
║  ④ Cosmological Λ:  0  (De Sitter drift)                  ║
║  ⑤ T_sync EMA-accel: فلتر التشابك عبر المقاييس                  ║
╚══════════════════════════════════════════════════════════════════════╝

21:53:21 [INFO]   ✓ BTC/USDT       | K=25 | اختبار=  406 | tri_μ=1.36 | [cache]
21:53:21 [INFO]   ✓ ETH/USDT       | K=25 | اختبار=  434 | tri_μ=1.34 | [cache]
21:53:21 [INFO]   ✓ AVAX/USDT      | K=25 | اختبار=  433 | tri_μ=1.27 | [cache]
21:53:21 [INFO]   ✓ ADA/USDT       | K=25 | اختبار=  390 | tri_μ=1.27 | [cache]
21:53:21 [INFO]   ✓ SOL/USDT       | K=25 | اختبار=  389 | tri_μ=1.26 | [cache]
21:53:21 [INFO]   ✓ BNB/USDT       | K=25 | اختبار=  408 | tri_μ=1.34 | [cache]
21:53:21 [INFO]   ✓ LINK/USDT      | K=25 | اختبار=  450 | tri_μ=1.31 | [cache]
21:53:21 [INFO]   ✓ DOT/USDT       | K=25 | اختبار=  400 | tri_μ=1.27 | [cache]
21:53:21 [INFO]   ✓ ATOM/USDT      | K=25 | اختبار=  462 | tri_μ=1.31 | [cache]
21:53:21 [INFO]   ✓ LTC/USDT       | K=25 | اختبار=  428 | tri_μ=1.27 | [cache]
21:53:21 [INFO]   ✓ UNI/USDT       | K=25 | اختبار=  429 | tri_μ=1.32 | [cache]
21:53:21 [INFO]   ✓ ETC/USDT       | K=25 | اختبار=  428 | tri_μ=1.29 | [cache]
21:53:21 [INFO]   ✓ TRX/USDT       | K=25 | اختبار=  454 | tri_μ=1.32 | [cache]
21:53:21 [INFO]   ✓ BCH/USDT       | K=25 | اختبار=  403 | tri_μ=1.27 | [cache]
21:53:21 [INFO]   ✓ TON/USDT       | K=25 | اختبار=  231 | tri_μ=1.07 | [cache]
21:53:21 [INFO]   ✓ NEAR/USDT      | K=25 | اختبار=  414 | tri_μ=1.26 | [cache]
21:53:21 [INFO]   ✓ HBAR/USDT      | K=25 | اختبار=  377 | tri_μ=1.27 | [cache]
21:53:21 [INFO]   ✓ APT/USDT       | K=25 | اختبار=  454 | tri_μ=1.30 | [cache]
21:53:21 [INFO]   ✓ STX/USDT       | K=25 | اختبار=  421 | tri_μ=1.29 | [cache]
21:53:21 [INFO]   ✓ ARB/USDT       | K=25 | اختبار=  375 | tri_μ=1.25 | [cache]
21:53:21 [INFO]   ✓ AAVE/USDT      | K=25 | اختبار=  308 | tri_μ=1.23 | [cache]
21:53:21 [INFO]   ✓ OP/USDT        | K=25 | اختبار=  429 | tri_μ=1.25 | [cache]
21:53:21 [INFO]   ✓ SUI/USDT       | K=25 | اختبار=  416 | tri_μ=1.29 | [cache]
21:53:21 [INFO]   ✓ TIA/USDT       | K=25 | اختبار=  422 | tri_μ=1.31 | [cache]
21:53:22 [INFO]   ✓ ALGO/USDT      | K=25 | اختبار=  414 | tri_μ=1.30 | [cache]
21:53:22 [INFO]   ✓ FET/USDT       | K=25 | اختبار=  412 | tri_μ=1.32 | [cache]
21:53:22 [INFO]   ✓ GRT/USDT       | K=25 | اختبار=  414 | tri_μ=1.30 | [cache]
21:53:22 [INFO]   ✓ SEI/USDT       | K=25 | اختبار=  405 | tri_μ=1.31 | [cache]
21:53:22 [INFO]   ✓ RENDER/USDT    | K=25 | اختبار=  418 | tri_μ=1.28 | [cache]
21:53:22 [INFO]   ✓ KAS/USDT       | K=25 | اختبار=  440 | tri_μ=1.34 | [cache]
21:53:22 [INFO]   ✓ THETA/USDT     | K=25 | اختبار=  448 | tri_μ=1.30 | [cache]
21:53:22 [INFO]   ✓ LDO/USDT       | K=25 | اختبار=  412 | tri_μ=1.28 | [cache]
21:53:22 [INFO]   ✓ WIF/USDT       | K=25 | اختبار=  429 | tri_μ=1.33 | [cache]
21:53:22 [INFO]   ✓ SAND/USDT      | K=25 | اختبار=  390 | tri_μ=1.24 | [cache]
21:53:22 [INFO]   ✓ MANA/USDT      | K=25 | اختبار=  458 | tri_μ=1.28 | [cache]
21:53:22 [INFO]   ✓ POL/USDT       | K=25 | اختبار=  403 | tri_μ=1.26 | [cache]
21:53:22 [INFO]   ✓ XLM/USDT       | K=25 | اختبار=  415 | tri_μ=1.33 | [cache]
21:53:22 [INFO]   ✓ CHZ/USDT       | K=25 | اختبار=  349 | tri_μ=1.24 | [cache]
21:53:22 [INFO]   ✓ AXS/USDT       | K=25 | اختبار=  408 | tri_μ=1.26 | [cache]
21:53:22 [INFO]   ✓ FIL/USDT       | K=25 | اختبار=  416 | tri_μ=1.31 | [cache]
21:53:22 [INFO]   ✓ QNT/USDT       | K=25 | اختبار=  473 | tri_μ=1.31 | [cache]
21:53:22 [INFO]   ✓ FLOW/USDT      | K=25 | اختبار=  424 | tri_μ=1.23 | [cache]
21:53:22 [INFO]   ✓ CAKE/USDT      | K=25 | اختبار=  436 | tri_μ=1.30 | [cache]
21:53:22 [INFO]   ✓ DASH/USDT      | K=25 | اختبار=  440 | tri_μ=1.31 | [cache]
21:53:22 [INFO]   ✓ IOTA/USDT      | K=25 | اختبار=  398 | tri_μ=1.28 | [cache]
21:53:22 [INFO]   ✓ CRV/USDT       | K=25 | اختبار=  438 | tri_μ=1.29 | [cache]
21:53:22 [INFO]   ✓ NEO/USDT       | K=25 | اختبار=  461 | tri_μ=1.30 | [cache]
21:53:22 [INFO]   ✓ SNX/USDT       | K=25 | اختبار=  451 | tri_μ=1.31 | [cache]
21:53:22 [INFO]   ✓ KAVA/USDT      | K=25 | اختبار=  430 | tri_μ=1.28 | [cache]
21:53:22 [INFO]   ✓ COMP/USDT      | K=25 | اختبار=  463 | tri_μ=1.28 | [cache]
21:53:22 [INFO]   ✓ BAT/USDT       | K=25 | اختبار=  451 | tri_μ=1.33 | [cache]
21:53:22 [INFO]   ✓ YFI/USDT       | K=25 | اختبار=  384 | tri_μ=1.34 | [cache]
21:53:22 [INFO]   ✓ SUSHI/USDT     | K=25 | اختبار=  498 | tri_μ=1.30 | [cache]
21:53:22 [INFO]   ✓ ZRX/USDT       | K=25 | اختبار=  449 | tri_μ=1.28 | [cache]
21:53:22 [INFO]   ✓ ANKR/USDT      | K=25 | اختبار=  357 | tri_μ=1.27 | [cache]
21:53:22 [INFO]   ✓ BAND/USDT      | K=25 | اختبار=  455 | tri_μ=1.30 | [cache]
21:53:22 [INFO]   ✓ NMR/USDT       | K=25 | اختبار=  463 | tri_μ=1.29 | [cache]
21:53:22 [INFO]   ✓ STORJ/USDT     | K=25 | اختبار=  363 | tri_μ=1.25 | [cache]
21:53:22 [INFO]   ✓ ZEN/USDT       | K=25 | اختبار=  431 | tri_μ=1.31 | [cache]
21:53:22 [INFO]   ✓ KSM/USDT       | K=25 | اختبار=  444 | tri_μ=1.27 | [cache]
21:53:22 [INFO]   ✓ DYDX/USDT      | K=25 | اختبار=  405 | tri_μ=1.28 | [cache]
21:53:22 [INFO]   ✓ MASK/USDT      | K=25 | اختبار=  428 | tri_μ=1.31 | [cache]
21:53:22 [INFO]   ✓ CELO/USDT      | K=25 | اختبار=  440 | tri_μ=1.29 | [cache]
21:53:22 [INFO]   ✓ ENS/USDT       | K=25 | اختبار=  419 | tri_μ=1.28 | [cache]
21:53:22 [INFO]   ✓ GMX/USDT       | K=25 | اختبار=  427 | tri_μ=1.28 | [cache]
21:53:22 [INFO]   ✓ MAGIC/USDT     | K=25 | اختبار=  450 | tri_μ=1.30 | [cache]
21:53:22 [INFO]   ✓ PENDLE/USDT    | K=25 | اختبار=  419 | tri_μ=1.28 | [cache]
21:53:22 [INFO]   ✓ HIGH/USDT      | K=25 | اختبار=  154 | tri_μ=1.08 | [cache]
21:53:22 [INFO]   ✓ JOE/USDT       | K=25 | اختبار=  438 | tri_μ=1.28 | [cache]
21:53:22 [INFO]   ✓ WLD/USDT       | K=25 | اختبار=  384 | tri_μ=1.27 | [cache]
21:53:23 [INFO]   ✓ BLUR/USDT      | K=25 | اختبار=  403 | tri_μ=1.27 | [cache]
21:53:23 [INFO]   ✓ CYBER/USDT     | K=25 | اختبار=  452 | tri_μ=1.32 | [cache]
21:53:23 [INFO]   ✓ ID/USDT        | K=25 | اختبار=  296 | tri_μ=1.22 | [cache]
21:53:23 [INFO]   ✓ ARKM/USDT      | K=25 | اختبار=  435 | tri_μ=1.31 | [cache]
21:53:23 [INFO]   ✓ ORDI/USDT      | K=25 | اختبار=  447 | tri_μ=1.29 | [cache]
21:53:23 [INFO]   ✓ JUP/USDT       | K=25 | اختبار=  452 | tri_μ=1.32 | [cache]
21:53:23 [INFO]   ✓ EDU/USDT       | K=25 | اختبار=  334 | tri_μ=1.23 | [cache]
21:53:23 [INFO]   ✓ PYTH/USDT      | K=25 | اختبار=  438 | tri_μ=1.31 | [cache]
21:53:23 [INFO]   ✓ JTO/USDT       | K=25 | اختبار=  411 | tri_μ=1.28 | [cache]
21:53:23 [INFO]   ✓ DYM/USDT       | K=25 | اختبار=  338 | tri_μ=1.20 | [cache]
21:53:23 [INFO]   ✓ ALT/USDT       | K=25 | اختبار=  410 | tri_μ=1.29 | [cache]
21:53:23 [INFO]   ✓ MANTA/USDT     | K=25 | اختبار=  400 | tri_μ=1.28 | [cache]
21:53:23 [INFO]   ✓ STRK/USDT      | K=25 | اختبار=  414 | tri_μ=1.32 | [cache]
21:53:23 [INFO]   ✓ ETHFI/USDT     | K=25 | اختبار=  463 | tri_μ=1.31 | [cache]
21:53:23 [INFO]   ✓ AEVO/USDT      | K=25 | اختبار=  432 | tri_μ=1.29 | [cache]
21:53:23 [INFO]   ✓ BB/USDT        | K=25 | اختبار=  402 | tri_μ=1.30 | [cache]
21:53:23 [INFO]   ✓ SAGA/USDT      | K=25 | اختبار=  289 | tri_μ=1.21 | [cache]
21:53:23 [INFO]   ✓ W/USDT         | K=25 | اختبار=  376 | tri_μ=1.25 | [cache]
21:53:23 [INFO]   ✓ IO/USDT        | K=25 | اختبار=  437 | tri_μ=1.31 | [cache]
21:53:23 [INFO]   ✓ ZK/USDT        | K=25 | اختبار=  433 | tri_μ=1.31 | [cache]
21:53:23 [INFO]   ✓ TAIKO/USDT     | K=25 | اختبار=  368 | tri_μ=1.25 | [cache]
21:53:23 [INFO]   ✓ LISTA/USDT     | K=25 | اختبار=  420 | tri_μ=1.26 | [cache]
21:53:23 [INFO]   ✓ ZRO/USDT       | K=25 | اختبار=  394 | tri_μ=1.27 | [cache]
21:53:23 [INFO]   ✓ G/USDT         | K=25 | اختبار=  378 | tri_μ=1.27 | [cache]
21:53:23 [INFO]   ✓ RARE/USDT      | K=25 | اختبار=  435 | tri_μ=1.27 | [cache]
21:53:23 [INFO]   ✓ MERL/USDT      | K=25 | اختبار=  404 | tri_μ=1.30 | [cache]
21:53:23 [INFO]   ✓ SYN/USDT       | K=25 | اختبار=  378 | tri_μ=1.25 | [cache]
21:53:23 [INFO]   ✓ BANANA/USDT    | K=25 | اختبار=  432 | tri_μ=1.24 | [cache]
21:53:25 [WARNING] [process_asset] ROSE/USDT: degenerate clustering (H_train=1.050, H_theo=4.644, ratio=0.226, K=25) — returning None
21:53:25 [WARNING]   ✗ ROSE/USDT: process_asset returned None
21:53:25 [WARNING] [process_asset] MEW/USDT: degenerate clustering (H_train=0.505, H_theo=4.644, ratio=0.109, K=25) — returning None
21:53:25 [WARNING]   ✗ MEW/USDT: process_asset returned None
21:53:32 [INFO]   [Parallel] done in 24.3s  (cache=98, computed=0, errors=2)
21:53:32 [INFO] §4  مصفوفة الارتباط...
21:53:33 [INFO]   أزواج مرتبطة (ρ>0.7): 17
21:53:33 [INFO] §5  بناء الإشارات (①②④⑤ مُفعَّلة)...
21:53:33 [INFO] [Gauge-Filter] thresholds: BUY>p60=0.14886, SELL>p95=0.21053 (pool=92962)
21:53:44 [INFO]   ✔ 448 إشارة
21:53:44 [INFO]   T_info: μ=4.710 | σ=2.454
21:53:44 [INFO]   risk_dynamic: μ=1.957% | max=2.58%
21:53:44 [INFO]   BUY=0 | SELL=448 (Λ=0)
21:53:44 [INFO] §6  محاكاة المحفظة متعددة المراكز...
21:53:44 [INFO]   [Backtest Realism] Entry fills: 355/448 (79.2%) [pen=1.0bps, wait=live=0s → 6 bars]
21:53:44 [INFO]   ✔ 276 صفقة
21:53:44 [INFO] §7  انحدار الإنتروبيا...
21:53:44 [INFO]   BTC/USDT      : b=-0.00034  R²=0.035  [neutral]
21:53:44 [INFO]   ETH/USDT      : b=-0.00026  R²=0.020  [neutral]
21:53:44 [INFO]   AVAX/USDT     : b=+0.00032  R²=0.025  [neutral]
21:53:44 [INFO]   ADA/USDT      : b=+0.00037  R²=0.022  [neutral]
21:53:48 [INFO] 📊 quantum_v6_results.png
21:53:48 [INFO] ✅ اكتمل.
21:53:48 [INFO]    E[ln(1+fR)] = -0.000927
21:53:48 [INFO]    MaxDrawdown  = 37.49%
21:53:48 [INFO]    Topo-Exits   = 0.0%
21:53:48 [INFO]    AvgRisk      = 0.833%
21:53:48 [INFO] [Diagnostic] Close-and-reverse within 3h: 0

════════════════════════════════════════════════════════════════════════
   📊  محرك التداول الثرموديناميكي الكمي v6.0  [BACKTEST]
   🌌  محرك التفرد – Singularity Engine
════════════════════════════════════════════════════════════════════════

▶ المقياس الأساسي (م٦): E[ln(1+fR)] لكل صفقة
   متوسط  : -0.000927
   وسيط   : -0.000932
   انحراف : 0.011125
   → ❌ حافة سلبية

▶ إحصاءات الصفقات
   عدد الصفقات      : 276
   شراء / بيع        : 0 / 276
   نسبة النجاح      : 34.06%
   عامل الربح (PF)  : 0.799
   متوسط الربح      : $0.9554
   متوسط الخسارة   : $-0.6175
   شارب (سنوي)      : -1.323
   دخول مُحسَّن       : 0  (0.0%)

▶ التعديلات الجديدة (v6.0)
   ① متوسط T_info (حرارة معلوماتية) : 4.6385
   ① متوسط المخاطرة الديناميكية     : 0.833%
   ② خروج توبولوجي (Topo-Div)       : 0  (0.0%)
   خروج TRI مبكر                    : 0  (0.0%)
   انزلاق إجمالي                    : $12.60

▶ رأس المال (مقياس ثانوي)
   ابتدائي: $100.00  →  نهائي: $77.42
   العائد الكلي     : -22.6%
   أقصى انخفاض     : 37.49%  ($41.56)

▶ تحذير السيولة (م٦): 0 (0.0%)  ✅ معقول

▶ توزيع أسباب الخروج
   Emergency SL             :     238  (86.2%)
   Hard TP                  :      19  (6.9%)
   MaxHold                  :      15  (5.4%)
   Apex: Action Integral Exhaustion:       4  (1.4%)

════════════════════════════════════════════════════════════════════════


▶ تحليل MFE (أقصى ربح غير مُحقَّق)
   Emergency SL   (n= 238) | μMFE= 2.15%  max=10.74%  | >0.5%:  144  >1.0%:  132  >2.0%:  109
   Hard TP        (n=  19) | μMFE=11.52%  max=13.77%  | >0.5%:   19  >1.0%:   19  >2.0%:   19
   Apex exits     (n=   4) | μMFE= 4.59%  max= 5.54%  | >0.5%:    4  >1.0%:    4  >2.0%:    4

▶ ميزانية المخاطرة الكلية
   μ risk/trade : 0.833%
   max risk/trade : 2.998%
   min risk/trade : 0.500%
