21:57:32 [INFO] [Backtest] end-date pinned to 2026-10-01
21:57:33 [INFO] [Level-2] Numba kernels warm (JIT ready in 0.6s)
21:57:33 [INFO] [Cache] LIVE_ASSET_CACHE_MAX adjusted to 150
21:57:34 [INFO] [TF] timeframe=4h TF_SCALE=0.2500 TF_SECONDS=14400 TF_HOURS=4.000
21:57:34 [INFO] [TF-Unified] N=24 W=20 L=10 ADV_BARS=6 (σ≈0.25× 1h)
21:57:34 [INFO] [Data] mode=backtest | tf=4h | history=365d (2190 bars/symbol) | quality=degraded | source=user(365d)
21:57:34 [WARNING] [Data] degraded quality: tail=2190 < strict_min/2=5012. Many assets may be skipped by degenerate detection. Recommended minimum for 4h: --history-days 2339.
21:57:34 [INFO] [Trail] Trailing Stop Loss DISABLED — SL is fixed
21:57:34 [INFO] [Backtest] --no-fixed-price: entry target will be derived from close[sig.close_idx] × (1 ± PO_PENETRATION_BPS)
21:57:34 [INFO] [Watch] Watch-then-trigger DISABLED (Config default) — legacy immediate placement
21:57:34 [INFO] [OppTP] Opposite-Signal Adaptive TP DISABLED
21:57:34 [INFO] [TradeLog] Logging trades to results/sell_only_ablation/S2_tight_2026.jsonl
21:57:34 [INFO] §1  مسح أعلى 15 عملة...
21:57:34 [INFO] §2  جلب البيانات (متوازٍ)...
21:57:51 [INFO]   ✓ BTC/USDT      : 2,190 شمعة
21:57:52 [INFO]   ✓ BNB/USDT      : 2,190 شمعة
21:57:52 [INFO]   ✓ ADA/USDT      : 2,190 شمعة
21:57:52 [INFO]   ✓ ETH/USDT      : 2,190 شمعة
21:57:52 [INFO]   ✓ AVAX/USDT     : 2,190 شمعة
21:57:52 [INFO]   ✓ SOL/USDT      : 2,190 شمعة
21:57:53 [INFO]   ✓ LINK/USDT     : 2,190 شمعة
21:57:53 [INFO]   ✓ LTC/USDT      : 2,190 شمعة
21:57:53 [INFO]   ✓ DOT/USDT      : 2,190 شمعة
21:57:53 [INFO]   ✓ ATOM/USDT     : 2,190 شمعة
21:57:53 [INFO]   ✓ UNI/USDT      : 2,190 شمعة
21:57:53 [INFO]   ✓ ETC/USDT      : 2,190 شمعة
21:57:54 [INFO]   ✓ TRX/USDT      : 2,190 شمعة
21:57:54 [INFO]   ✓ NEAR/USDT     : 2,190 شمعة
21:57:54 [INFO]   ✓ TON/USDT      : 2,190 شمعة
21:57:54 [INFO]   ✓ APT/USDT      : 2,190 شمعة
21:57:54 [INFO]   ✓ BCH/USDT      : 2,190 شمعة
21:57:54 [INFO]   ✓ HBAR/USDT     : 2,190 شمعة
21:57:55 [INFO]   ✓ AAVE/USDT     : 2,190 شمعة
21:57:55 [INFO]   ✓ OP/USDT       : 2,190 شمعة
21:57:55 [INFO]   ✓ SUI/USDT      : 2,190 شمعة
21:57:55 [INFO]   ✓ ARB/USDT      : 2,190 شمعة
21:57:55 [INFO]   ✓ STX/USDT      : 2,190 شمعة
21:57:55 [INFO]   ✓ TIA/USDT      : 2,190 شمعة
21:57:56 [INFO]   ✓ SEI/USDT      : 2,190 شمعة
21:57:56 [INFO]   ✓ RENDER/USDT   : 2,190 شمعة
21:57:56 [INFO]   ✓ ALGO/USDT     : 2,190 شمعة
21:57:56 [INFO]   ✓ GRT/USDT      : 2,190 شمعة
21:57:56 [INFO]   ✓ FET/USDT      : 2,190 شمعة
21:57:56 [INFO]   ✓ LDO/USDT      : 2,190 شمعة
21:57:57 [INFO]   ✓ WIF/USDT      : 2,190 شمعة
21:57:57 [INFO]   ✓ MANA/USDT     : 2,190 شمعة
21:57:57 [INFO]   ✓ THETA/USDT    : 2,190 شمعة
21:57:57 [INFO]   ✓ KAS/USDT      : 2,190 شمعة
21:57:57 [INFO]   ✓ SAND/USDT     : 2,190 شمعة
21:57:57 [INFO]   ✓ AXS/USDT      : 2,190 شمعة
21:57:58 [INFO]   ✓ XLM/USDT      : 2,190 شمعة
21:57:58 [INFO]   ✓ POL/USDT      : 2,190 شمعة
21:57:58 [INFO]   ✓ CHZ/USDT      : 2,190 شمعة
21:57:58 [INFO]   ✓ QNT/USDT      : 2,190 شمعة
21:57:58 [INFO]   ✓ FIL/USDT      : 2,190 شمعة
21:57:58 [INFO]   ✓ DASH/USDT     : 2,190 شمعة
21:57:58 [INFO]   ✓ IOTA/USDT     : 2,190 شمعة
21:57:58 [INFO]   ✓ CAKE/USDT     : 2,190 شمعة
21:57:58 [INFO]   ✓ FLOW/USDT     : 2,190 شمعة
21:57:58 [INFO]   ✓ ROSE/USDT     : 2,190 شمعة
21:57:59 [INFO]   ✓ NEO/USDT      : 2,190 شمعة
21:57:59 [INFO]   ✓ COMP/USDT     : 2,190 شمعة
21:57:59 [INFO]   ✓ SNX/USDT      : 2,190 شمعة
21:57:59 [INFO]   ✓ KAVA/USDT     : 2,190 شمعة
21:57:59 [INFO]   ✓ CRV/USDT      : 2,190 شمعة
21:57:59 [INFO]   ✓ SUSHI/USDT    : 2,190 شمعة
21:57:59 [INFO]   ✓ YFI/USDT      : 2,190 شمعة
21:57:59 [INFO]   ✓ BAT/USDT      : 2,190 شمعة
21:57:59 [INFO]   ✓ ZRX/USDT      : 2,190 شمعة
21:57:59 [INFO]   ✓ ANKR/USDT     : 2,190 شمعة
21:58:00 [INFO]   ✓ BAND/USDT     : 2,190 شمعة
21:58:00 [INFO]   ✓ NMR/USDT      : 2,190 شمعة
21:58:00 [INFO]   ✓ STORJ/USDT    : 2,190 شمعة
21:58:00 [INFO]   ✓ ZEN/USDT      : 2,190 شمعة
21:58:00 [INFO]   ✓ KSM/USDT      : 2,190 شمعة
21:58:00 [INFO]   ✓ CELO/USDT     : 2,190 شمعة
21:58:00 [INFO]   ✓ MASK/USDT     : 2,190 شمعة
21:58:00 [INFO]   ✓ DYDX/USDT     : 2,190 شمعة
21:58:00 [INFO]   ✓ GMX/USDT      : 2,190 شمعة
21:58:00 [INFO]   ✓ ENS/USDT      : 2,190 شمعة
21:58:01 [INFO]   ✓ MAGIC/USDT    : 2,190 شمعة
21:58:01 [INFO]   ✓ PENDLE/USDT   : 2,190 شمعة
21:58:01 [INFO]   ✓ CYBER/USDT    : 2,190 شمعة
21:58:01 [INFO]   ✓ JOE/USDT      : 2,190 شمعة
21:58:01 [INFO]   ✓ HIGH/USDT     : 2,190 شمعة
21:58:01 [INFO]   ✓ ARKM/USDT     : 2,190 شمعة
21:58:01 [INFO]   ✓ WLD/USDT      : 2,190 شمعة
21:58:01 [INFO]   ✓ BLUR/USDT     : 2,190 شمعة
21:58:02 [INFO]   ✓ ID/USDT       : 2,190 شمعة
21:58:02 [INFO]   ✓ ORDI/USDT     : 2,190 شمعة
21:58:02 [INFO]   ✓ EDU/USDT      : 2,190 شمعة
21:58:02 [INFO]   ✓ PYTH/USDT     : 2,190 شمعة
21:58:02 [INFO]   ✓ JUP/USDT      : 2,190 شمعة
21:58:02 [INFO]   ✓ DYM/USDT      : 2,190 شمعة
21:58:02 [INFO]   ✓ STRK/USDT     : 2,190 شمعة
21:58:02 [INFO]   ✓ JTO/USDT      : 2,190 شمعة
21:58:02 [INFO]   ✓ MANTA/USDT    : 2,190 شمعة
21:58:02 [INFO]   ✓ ALT/USDT      : 2,190 شمعة
21:58:03 [INFO]   ✓ W/USDT        : 2,190 شمعة
21:58:03 [INFO]   ✓ ETHFI/USDT    : 2,190 شمعة
21:58:03 [INFO]   ✓ AEVO/USDT     : 2,190 شمعة
21:58:03 [INFO]   ✓ SAGA/USDT     : 2,190 شمعة
21:58:03 [INFO]   ✓ BB/USDT       : 2,190 شمعة
21:58:03 [INFO]   ✓ LISTA/USDT    : 2,190 شمعة
21:58:03 [INFO]   ✓ IO/USDT       : 2,190 شمعة
21:58:03 [INFO]   ✓ ZK/USDT       : 2,190 شمعة
21:58:03 [INFO]   ✓ TAIKO/USDT    : 2,190 شمعة
21:58:03 [INFO]   ✓ ZRO/USDT      : 2,190 شمعة
21:58:04 [INFO]   ✓ SYN/USDT      : 2,190 شمعة
21:58:04 [INFO]   ✓ G/USDT        : 2,190 شمعة
21:58:04 [INFO]   ✓ RARE/USDT     : 2,190 شمعة
21:58:04 [INFO]   ✓ MERL/USDT     : 2,190 شمعة
21:58:04 [INFO]   ✓ MEW/USDT      : 2,190 شمعة
21:58:04 [INFO]   ✓ BANANA/USDT   : 2,190 شمعة
21:58:05 [INFO]   ✓ ETH/USDT      : 35,040 شمعة 15m
21:58:05 [INFO]   ✓ BNB/USDT      : 35,040 شمعة 15m
21:58:05 [INFO]   ✓ ADA/USDT      : 35,040 شمعة 15m
21:58:05 [INFO]   ✓ AVAX/USDT     : 35,040 شمعة 15m
21:58:05 [INFO]   ✓ BTC/USDT      : 35,040 شمعة 15m
21:58:05 [INFO]   ✓ SOL/USDT      : 35,040 شمعة 15m
21:58:06 [INFO]   ✓ LINK/USDT     : 35,040 شمعة 15m
21:58:06 [INFO]   ✓ DOT/USDT      : 35,040 شمعة 15m
21:58:06 [INFO]   ✓ ATOM/USDT     : 35,040 شمعة 15m
21:58:06 [INFO]   ✓ LTC/USDT      : 35,040 شمعة 15m
21:58:06 [INFO]   ✓ UNI/USDT      : 35,040 شمعة 15m
21:58:06 [INFO]   ✓ ETC/USDT      : 35,040 شمعة 15m
21:58:07 [INFO]   ✓ TRX/USDT      : 35,040 شمعة 15m
21:58:07 [INFO]   ✓ NEAR/USDT     : 35,040 شمعة 15m
21:58:07 [INFO]   ✓ BCH/USDT      : 35,040 شمعة 15m
21:58:07 [INFO]   ✓ APT/USDT      : 35,040 شمعة 15m
21:58:07 [INFO]   ✓ HBAR/USDT     : 35,040 شمعة 15m
21:58:08 [INFO]   ✓ AAVE/USDT     : 35,040 شمعة 15m
21:58:08 [INFO]   ✓ SUI/USDT      : 35,040 شمعة 15m
21:58:08 [INFO]   ✓ OP/USDT       : 35,040 شمعة 15m
21:58:08 [INFO]   ✓ ARB/USDT      : 35,040 شمعة 15m
21:58:08 [INFO]   ✓ STX/USDT      : 35,040 شمعة 15m
21:58:09 [INFO]   ✓ RENDER/USDT   : 35,040 شمعة 15m
21:58:09 [INFO]   ✓ SEI/USDT      : 35,040 شمعة 15m
21:58:09 [INFO]   ✓ TIA/USDT      : 35,040 شمعة 15m
21:58:09 [INFO]   ✓ ALGO/USDT     : 35,040 شمعة 15m
21:58:10 [INFO]   ✓ GRT/USDT      : 35,040 شمعة 15m
21:58:10 [INFO]   ✓ WIF/USDT      : 35,040 شمعة 15m
21:58:10 [INFO]   ✓ LDO/USDT      : 35,040 شمعة 15m
21:58:10 [INFO]   ✓ FET/USDT      : 35,040 شمعة 15m
21:58:10 [INFO]   ✓ MANA/USDT     : 35,040 شمعة 15m
21:58:11 [INFO]   ✓ KAS/USDT      : 35,040 شمعة 15m
21:58:11 [INFO]   ✓ SAND/USDT     : 35,040 شمعة 15m
21:58:11 [INFO]   ✓ THETA/USDT    : 35,040 شمعة 15m
21:58:11 [INFO]   ✓ AXS/USDT      : 35,040 شمعة 15m
21:58:12 [INFO]   ✓ POL/USDT      : 35,040 شمعة 15m
21:58:12 [INFO]   ✓ QNT/USDT      : 35,040 شمعة 15m
21:58:12 [INFO]   ✓ XLM/USDT      : 35,040 شمعة 15m
21:58:12 [INFO]   ✓ CHZ/USDT      : 35,040 شمعة 15m
21:58:12 [INFO]   ✓ FIL/USDT      : 35,040 شمعة 15m
21:58:13 [INFO]   ✓ CAKE/USDT     : 35,040 شمعة 15m
21:58:13 [INFO]   ✓ DASH/USDT     : 35,040 شمعة 15m
21:58:13 [INFO]   ✓ IOTA/USDT     : 35,040 شمعة 15m
21:58:14 [INFO]   ✓ TON/USDT      : 25,769 شمعة 15m
21:58:14 [INFO]   ✓ FLOW/USDT     : 35,040 شمعة 15m
21:58:14 [INFO]   ✓ ROSE/USDT     : 35,040 شمعة 15m
21:58:14 [INFO]   ✓ COMP/USDT     : 35,040 شمعة 15m
21:58:14 [INFO]   ✓ NEO/USDT      : 35,040 شمعة 15m
21:58:14 [INFO]   ✓ SNX/USDT      : 35,040 شمعة 15m
21:58:15 [INFO]   ✓ KAVA/USDT     : 35,040 شمعة 15m
21:58:15 [INFO]   ✓ CRV/USDT      : 35,040 شمعة 15m
21:58:15 [INFO]   ✓ SUSHI/USDT    : 35,040 شمعة 15m
21:58:15 [INFO]   ✓ YFI/USDT      : 35,040 شمعة 15m
21:58:15 [INFO]   ✓ BAT/USDT      : 35,040 شمعة 15m
21:58:15 [INFO]   ✓ ZRX/USDT      : 35,040 شمعة 15m
21:58:15 [INFO]   ✓ ANKR/USDT     : 35,040 شمعة 15m
21:58:16 [INFO]   ✓ BAND/USDT     : 35,040 شمعة 15m
21:58:16 [INFO]   ✓ NMR/USDT      : 35,040 شمعة 15m
21:58:16 [INFO]   ✓ ZEN/USDT      : 35,040 شمعة 15m
21:58:16 [INFO]   ✓ KSM/USDT      : 35,040 شمعة 15m
21:58:16 [INFO]   ✓ MASK/USDT     : 35,040 شمعة 15m
21:58:16 [INFO]   ✓ CELO/USDT     : 35,040 شمعة 15m
21:58:17 [INFO]   ✓ DYDX/USDT     : 35,040 شمعة 15m
21:58:17 [INFO]   ✓ GMX/USDT      : 35,040 شمعة 15m
21:58:17 [INFO]   ✓ MAGIC/USDT    : 35,040 شمعة 15m
21:58:17 [INFO]   ✓ ENS/USDT      : 35,040 شمعة 15m
21:58:17 [INFO]   ✓ PENDLE/USDT   : 35,040 شمعة 15m
21:58:18 [INFO]   ✓ CYBER/USDT    : 35,040 شمعة 15m
21:58:18 [INFO]   ✓ STORJ/USDT    : 31,860 شمعة 15m
21:58:18 [INFO]   ✓ JOE/USDT      : 35,040 شمعة 15m
21:58:18 [INFO]   ✓ ARKM/USDT     : 35,040 شمعة 15m
21:58:18 [INFO]   ✓ WLD/USDT      : 35,040 شمعة 15m
21:58:19 [INFO]   ✓ BLUR/USDT     : 35,040 شمعة 15m
21:58:19 [INFO]   ✓ ID/USDT       : 35,040 شمعة 15m
21:58:19 [INFO]   ✓ ORDI/USDT     : 35,040 شمعة 15m
21:58:19 [INFO]   ✓ EDU/USDT      : 35,040 شمعة 15m
21:58:20 [INFO]   ✓ DYM/USDT      : 35,040 شمعة 15m
21:58:20 [INFO]   ✓ PYTH/USDT     : 35,040 شمعة 15m
21:58:20 [INFO]   ✓ JUP/USDT      : 35,040 شمعة 15m
21:58:20 [INFO]   ✓ STRK/USDT     : 35,040 شمعة 15m
21:58:21 [INFO]   ✓ MANTA/USDT    : 35,040 شمعة 15m
21:58:21 [INFO]   ✓ JTO/USDT      : 35,040 شمعة 15m
21:58:21 [INFO]   ✓ ALT/USDT      : 35,040 شمعة 15m
21:58:21 [INFO]   ✓ W/USDT        : 35,040 شمعة 15m
21:58:22 [INFO]   ✓ BB/USDT       : 35,040 شمعة 15m
21:58:22 [INFO]   ✓ SAGA/USDT     : 35,040 شمعة 15m
21:58:22 [INFO]   ✓ AEVO/USDT     : 35,040 شمعة 15m
21:58:22 [INFO]   ✓ ETHFI/USDT    : 35,040 شمعة 15m
21:58:23 [INFO]   ✓ LISTA/USDT    : 35,040 شمعة 15m
21:58:23 [INFO]   ✓ TAIKO/USDT    : 35,040 شمعة 15m
21:58:23 [INFO]   ✓ ZK/USDT       : 35,040 شمعة 15m
21:58:23 [INFO]   ✓ IO/USDT       : 35,040 شمعة 15m
21:58:23 [INFO]   ✓ ZRO/USDT      : 35,040 شمعة 15m
21:58:24 [INFO]   ✓ SYN/USDT      : 35,040 شمعة 15m
21:58:24 [INFO]   ✓ RARE/USDT     : 35,040 شمعة 15m
21:58:24 [INFO]   ✓ G/USDT        : 35,040 شمعة 15m
21:58:24 [INFO]   ✓ MERL/USDT     : 35,040 شمعة 15m
21:58:24 [INFO]   ✓ MEW/USDT      : 35,040 شمعة 15m
21:58:25 [INFO]   ✓ BANANA/USDT   : 35,040 شمعة 15m
21:58:25 [INFO]   ✓ HIGH/USDT     : 24,315 شمعة 15m
21:58:25 [INFO]   [SubBars] loaded for 100 symbols at 15m
21:58:25 [INFO] §3  معالجة فضاء الحالة (K ديناميكي)...
21:58:25 [INFO]   [Parallel] 7 workers × 100 symbols (cache=on)
╔══════════════════════════════════════════════════════════════════════╗
  [Level-1] Parallel: True  Cache: True
  [Level-2] Numba: True

║  محرك التداول الثرموديناميكي الكمي v6.0 – Singularity Engine     ║
║  الوضع: BACKTEST    |  رأس المال: $100.00              ║
╠══════════════════════════════════════════════════════════════════════╣
║  ① Boltzmann Kelly: BASE=2.0%  λ=0.05  [1.0%–5.0%]  ║
║  ② Topo-Divergence: ε=0.05  (حتمية هندسية)              ║
║  ③ Dynamic-K:       [25–50]  (SNR ∝ 1/m)                     ║
║  ④ Cosmological Λ:  0  (De Sitter drift)                  ║
║  ⑤ T_sync EMA-accel: فلتر التشابك عبر المقاييس                  ║
╚══════════════════════════════════════════════════════════════════════╝

21:58:35 [INFO]   ✓ BTC/USDT       | K=25 | اختبار=  406 | tri_μ=1.36 | [cache]
21:58:35 [INFO]   ✓ BNB/USDT       | K=25 | اختبار=  408 | tri_μ=1.34 | [cache]
21:58:35 [INFO]   ✓ ADA/USDT       | K=25 | اختبار=  390 | tri_μ=1.27 | [cache]
21:58:35 [INFO]   ✓ ETH/USDT       | K=25 | اختبار=  434 | tri_μ=1.34 | [cache]
21:58:35 [INFO]   ✓ AVAX/USDT      | K=25 | اختبار=  433 | tri_μ=1.27 | [cache]
21:58:35 [INFO]   ✓ SOL/USDT       | K=25 | اختبار=  389 | tri_μ=1.26 | [cache]
21:58:35 [INFO]   ✓ LINK/USDT      | K=25 | اختبار=  450 | tri_μ=1.31 | [cache]
21:58:35 [INFO]   ✓ LTC/USDT       | K=25 | اختبار=  428 | tri_μ=1.27 | [cache]
21:58:35 [INFO]   ✓ DOT/USDT       | K=25 | اختبار=  400 | tri_μ=1.27 | [cache]
21:58:35 [INFO]   ✓ ATOM/USDT      | K=25 | اختبار=  462 | tri_μ=1.31 | [cache]
21:58:35 [INFO]   ✓ UNI/USDT       | K=25 | اختبار=  429 | tri_μ=1.32 | [cache]
21:58:35 [INFO]   ✓ ETC/USDT       | K=25 | اختبار=  428 | tri_μ=1.29 | [cache]
21:58:35 [INFO]   ✓ TRX/USDT       | K=25 | اختبار=  454 | tri_μ=1.32 | [cache]
21:58:35 [INFO]   ✓ NEAR/USDT      | K=25 | اختبار=  414 | tri_μ=1.26 | [cache]
21:58:35 [INFO]   ✓ TON/USDT       | K=25 | اختبار=  231 | tri_μ=1.07 | [cache]
21:58:36 [INFO]   ✓ APT/USDT       | K=25 | اختبار=  454 | tri_μ=1.30 | [cache]
21:58:36 [INFO]   ✓ BCH/USDT       | K=25 | اختبار=  403 | tri_μ=1.27 | [cache]
21:58:36 [INFO]   ✓ HBAR/USDT      | K=25 | اختبار=  377 | tri_μ=1.27 | [cache]
21:58:36 [INFO]   ✓ AAVE/USDT      | K=25 | اختبار=  308 | tri_μ=1.23 | [cache]
21:58:36 [INFO]   ✓ OP/USDT        | K=25 | اختبار=  429 | tri_μ=1.25 | [cache]
21:58:36 [INFO]   ✓ SUI/USDT       | K=25 | اختبار=  416 | tri_μ=1.29 | [cache]
21:58:36 [INFO]   ✓ ARB/USDT       | K=25 | اختبار=  375 | tri_μ=1.25 | [cache]
21:58:36 [INFO]   ✓ STX/USDT       | K=25 | اختبار=  421 | tri_μ=1.29 | [cache]
21:58:36 [INFO]   ✓ TIA/USDT       | K=25 | اختبار=  422 | tri_μ=1.31 | [cache]
21:58:36 [INFO]   ✓ SEI/USDT       | K=25 | اختبار=  405 | tri_μ=1.31 | [cache]
21:58:36 [INFO]   ✓ RENDER/USDT    | K=25 | اختبار=  418 | tri_μ=1.28 | [cache]
21:58:36 [INFO]   ✓ ALGO/USDT      | K=25 | اختبار=  414 | tri_μ=1.30 | [cache]
21:58:36 [INFO]   ✓ GRT/USDT       | K=25 | اختبار=  414 | tri_μ=1.30 | [cache]
21:58:36 [INFO]   ✓ FET/USDT       | K=25 | اختبار=  412 | tri_μ=1.32 | [cache]
21:58:36 [INFO]   ✓ LDO/USDT       | K=25 | اختبار=  412 | tri_μ=1.28 | [cache]
21:58:36 [INFO]   ✓ WIF/USDT       | K=25 | اختبار=  429 | tri_μ=1.33 | [cache]
21:58:36 [INFO]   ✓ MANA/USDT      | K=25 | اختبار=  458 | tri_μ=1.28 | [cache]
21:58:36 [INFO]   ✓ THETA/USDT     | K=25 | اختبار=  448 | tri_μ=1.30 | [cache]
21:58:36 [INFO]   ✓ KAS/USDT       | K=25 | اختبار=  440 | tri_μ=1.34 | [cache]
21:58:36 [INFO]   ✓ SAND/USDT      | K=25 | اختبار=  390 | tri_μ=1.24 | [cache]
21:58:36 [INFO]   ✓ AXS/USDT       | K=25 | اختبار=  408 | tri_μ=1.26 | [cache]
21:58:36 [INFO]   ✓ XLM/USDT       | K=25 | اختبار=  415 | tri_μ=1.33 | [cache]
21:58:36 [INFO]   ✓ POL/USDT       | K=25 | اختبار=  403 | tri_μ=1.26 | [cache]
21:58:36 [INFO]   ✓ CHZ/USDT       | K=25 | اختبار=  349 | tri_μ=1.24 | [cache]
21:58:36 [INFO]   ✓ QNT/USDT       | K=25 | اختبار=  473 | tri_μ=1.31 | [cache]
21:58:36 [INFO]   ✓ FIL/USDT       | K=25 | اختبار=  416 | tri_μ=1.31 | [cache]
21:58:36 [INFO]   ✓ DASH/USDT      | K=25 | اختبار=  440 | tri_μ=1.31 | [cache]
21:58:36 [INFO]   ✓ IOTA/USDT      | K=25 | اختبار=  398 | tri_μ=1.28 | [cache]
21:58:36 [INFO]   ✓ CAKE/USDT      | K=25 | اختبار=  436 | tri_μ=1.30 | [cache]
21:58:36 [INFO]   ✓ FLOW/USDT      | K=25 | اختبار=  424 | tri_μ=1.23 | [cache]
21:58:36 [INFO]   ✓ NEO/USDT       | K=25 | اختبار=  461 | tri_μ=1.30 | [cache]
21:58:36 [INFO]   ✓ COMP/USDT      | K=25 | اختبار=  463 | tri_μ=1.28 | [cache]
21:58:36 [INFO]   ✓ SNX/USDT       | K=25 | اختبار=  451 | tri_μ=1.31 | [cache]
21:58:37 [INFO]   ✓ KAVA/USDT      | K=25 | اختبار=  430 | tri_μ=1.28 | [cache]
21:58:37 [INFO]   ✓ CRV/USDT       | K=25 | اختبار=  438 | tri_μ=1.29 | [cache]
21:58:37 [INFO]   ✓ SUSHI/USDT     | K=25 | اختبار=  498 | tri_μ=1.30 | [cache]
21:58:37 [INFO]   ✓ YFI/USDT       | K=25 | اختبار=  384 | tri_μ=1.34 | [cache]
21:58:37 [INFO]   ✓ BAT/USDT       | K=25 | اختبار=  451 | tri_μ=1.33 | [cache]
21:58:37 [INFO]   ✓ ZRX/USDT       | K=25 | اختبار=  449 | tri_μ=1.28 | [cache]
21:58:37 [INFO]   ✓ ANKR/USDT      | K=25 | اختبار=  357 | tri_μ=1.27 | [cache]
21:58:37 [INFO]   ✓ BAND/USDT      | K=25 | اختبار=  455 | tri_μ=1.30 | [cache]
21:58:37 [INFO]   ✓ NMR/USDT       | K=25 | اختبار=  463 | tri_μ=1.29 | [cache]
21:58:37 [INFO]   ✓ STORJ/USDT     | K=25 | اختبار=  363 | tri_μ=1.25 | [cache]
21:58:37 [INFO]   ✓ ZEN/USDT       | K=25 | اختبار=  431 | tri_μ=1.31 | [cache]
21:58:37 [INFO]   ✓ KSM/USDT       | K=25 | اختبار=  444 | tri_μ=1.27 | [cache]
21:58:37 [INFO]   ✓ CELO/USDT      | K=25 | اختبار=  440 | tri_μ=1.29 | [cache]
21:58:37 [INFO]   ✓ MASK/USDT      | K=25 | اختبار=  428 | tri_μ=1.31 | [cache]
21:58:37 [INFO]   ✓ DYDX/USDT      | K=25 | اختبار=  405 | tri_μ=1.28 | [cache]
21:58:37 [INFO]   ✓ GMX/USDT       | K=25 | اختبار=  427 | tri_μ=1.28 | [cache]
21:58:37 [INFO]   ✓ ENS/USDT       | K=25 | اختبار=  419 | tri_μ=1.28 | [cache]
21:58:37 [INFO]   ✓ MAGIC/USDT     | K=25 | اختبار=  450 | tri_μ=1.30 | [cache]
21:58:37 [INFO]   ✓ PENDLE/USDT    | K=25 | اختبار=  419 | tri_μ=1.28 | [cache]
21:58:37 [INFO]   ✓ CYBER/USDT     | K=25 | اختبار=  452 | tri_μ=1.32 | [cache]
21:58:37 [INFO]   ✓ JOE/USDT       | K=25 | اختبار=  438 | tri_μ=1.28 | [cache]
21:58:37 [INFO]   ✓ HIGH/USDT      | K=25 | اختبار=  154 | tri_μ=1.08 | [cache]
21:58:37 [INFO]   ✓ ARKM/USDT      | K=25 | اختبار=  435 | tri_μ=1.31 | [cache]
21:58:37 [INFO]   ✓ WLD/USDT       | K=25 | اختبار=  384 | tri_μ=1.27 | [cache]
21:58:38 [INFO]   ✓ BLUR/USDT      | K=25 | اختبار=  403 | tri_μ=1.27 | [cache]
21:58:38 [INFO]   ✓ ID/USDT        | K=25 | اختبار=  296 | tri_μ=1.22 | [cache]
21:58:38 [INFO]   ✓ ORDI/USDT      | K=25 | اختبار=  447 | tri_μ=1.29 | [cache]
21:58:38 [INFO]   ✓ EDU/USDT       | K=25 | اختبار=  334 | tri_μ=1.23 | [cache]
21:58:38 [INFO]   ✓ PYTH/USDT      | K=25 | اختبار=  438 | tri_μ=1.31 | [cache]
21:58:38 [INFO]   ✓ JUP/USDT       | K=25 | اختبار=  452 | tri_μ=1.32 | [cache]
21:58:38 [INFO]   ✓ DYM/USDT       | K=25 | اختبار=  338 | tri_μ=1.20 | [cache]
21:58:38 [INFO]   ✓ STRK/USDT      | K=25 | اختبار=  414 | tri_μ=1.32 | [cache]
21:58:38 [INFO]   ✓ JTO/USDT       | K=25 | اختبار=  411 | tri_μ=1.28 | [cache]
21:58:38 [INFO]   ✓ MANTA/USDT     | K=25 | اختبار=  400 | tri_μ=1.28 | [cache]
21:58:38 [INFO]   ✓ ALT/USDT       | K=25 | اختبار=  410 | tri_μ=1.29 | [cache]
21:58:38 [INFO]   ✓ W/USDT         | K=25 | اختبار=  376 | tri_μ=1.25 | [cache]
21:58:38 [INFO]   ✓ ETHFI/USDT     | K=25 | اختبار=  463 | tri_μ=1.31 | [cache]
21:58:38 [INFO]   ✓ AEVO/USDT      | K=25 | اختبار=  432 | tri_μ=1.29 | [cache]
21:58:38 [INFO]   ✓ SAGA/USDT      | K=25 | اختبار=  289 | tri_μ=1.21 | [cache]
21:58:38 [INFO]   ✓ BB/USDT        | K=25 | اختبار=  402 | tri_μ=1.30 | [cache]
21:58:38 [INFO]   ✓ LISTA/USDT     | K=25 | اختبار=  420 | tri_μ=1.26 | [cache]
21:58:38 [INFO]   ✓ IO/USDT        | K=25 | اختبار=  437 | tri_μ=1.31 | [cache]
21:58:38 [INFO]   ✓ ZK/USDT        | K=25 | اختبار=  433 | tri_μ=1.31 | [cache]
21:58:38 [INFO]   ✓ TAIKO/USDT     | K=25 | اختبار=  368 | tri_μ=1.25 | [cache]
21:58:38 [INFO]   ✓ ZRO/USDT       | K=25 | اختبار=  394 | tri_μ=1.27 | [cache]
21:58:38 [INFO]   ✓ SYN/USDT       | K=25 | اختبار=  378 | tri_μ=1.25 | [cache]
21:58:38 [INFO]   ✓ G/USDT         | K=25 | اختبار=  378 | tri_μ=1.27 | [cache]
21:58:38 [INFO]   ✓ RARE/USDT      | K=25 | اختبار=  435 | tri_μ=1.27 | [cache]
21:58:38 [INFO]   ✓ MERL/USDT      | K=25 | اختبار=  404 | tri_μ=1.30 | [cache]
21:58:38 [INFO]   ✓ BANANA/USDT    | K=25 | اختبار=  432 | tri_μ=1.24 | [cache]
21:58:39 [WARNING] [process_asset] ROSE/USDT: degenerate clustering (H_train=1.050, H_theo=4.644, ratio=0.226, K=25) — returning None
21:58:39 [WARNING]   ✗ ROSE/USDT: process_asset returned None
21:58:40 [WARNING] [process_asset] MEW/USDT: degenerate clustering (H_train=0.505, H_theo=4.644, ratio=0.109, K=25) — returning None
21:58:40 [WARNING]   ✗ MEW/USDT: process_asset returned None
21:58:46 [INFO]   [Parallel] done in 21.2s  (cache=98, computed=0, errors=2)
21:58:46 [INFO] §4  مصفوفة الارتباط...
21:58:47 [INFO]   أزواج مرتبطة (ρ>0.7): 17
21:58:47 [INFO] §5  بناء الإشارات (①②④⑤ مُفعَّلة)...
21:58:47 [INFO] [Gauge-Filter] thresholds: BUY>p60=0.14886, SELL>p95=0.21053 (pool=92962)
21:58:57 [INFO]   ✔ 174 إشارة
21:58:57 [INFO]   T_info: μ=4.840 | σ=2.225
21:58:57 [INFO]   risk_dynamic: μ=1.988% | max=2.58%
21:58:57 [INFO]   BUY=0 | SELL=174 (Λ=0)
21:58:57 [INFO] §6  محاكاة المحفظة متعددة المراكز...
21:58:57 [INFO]   [Backtest Realism] Entry fills: 132/174 (75.9%) [pen=1.0bps, wait=live=0s → 6 bars]
21:58:58 [INFO]   ✔ 105 صفقة
21:58:58 [INFO] §7  انحدار الإنتروبيا...
21:58:58 [INFO]   BTC/USDT      : b=-0.00034  R²=0.035  [neutral]
21:58:58 [INFO]   BNB/USDT      : b=+0.00009  R²=0.003  [neutral]
21:58:58 [INFO]   ADA/USDT      : b=+0.00037  R²=0.022  [neutral]
21:58:58 [INFO]   ETH/USDT      : b=-0.00026  R²=0.020  [neutral]
21:59:01 [INFO] 📊 quantum_v6_results.png
21:59:01 [INFO] ✅ اكتمل.
21:59:01 [INFO]    E[ln(1+fR)] = -0.001396
21:59:01 [INFO]    MaxDrawdown  = 27.51%
21:59:01 [INFO]    Topo-Exits   = 0.0%
21:59:01 [INFO]    AvgRisk      = 1.389%
21:59:01 [INFO] [Diagnostic] Close-and-reverse within 3h: 0

════════════════════════════════════════════════════════════════════════
   📊  محرك التداول الثرموديناميكي الكمي v6.0  [BACKTEST]
   🌌  محرك التفرد – Singularity Engine
════════════════════════════════════════════════════════════════════════

▶ المقياس الأساسي (م٦): E[ln(1+fR)] لكل صفقة
   متوسط  : -0.001396
   وسيط   : -0.003600
   انحراف : 0.019808
   → ❌ حافة سلبية

▶ إحصاءات الصفقات
   عدد الصفقات      : 105
   شراء / بيع        : 0 / 105
   نسبة النجاح      : 33.33%
   عامل الربح (PF)  : 0.810
   متوسط الربح      : $1.6657
   متوسط الخسارة   : $-1.0277
   شارب (سنوي)      : -1.119
   دخول مُحسَّن       : 0  (0.0%)

▶ التعديلات الجديدة (v6.0)
   ① متوسط T_info (حرارة معلوماتية) : 4.8262
   ① متوسط المخاطرة الديناميكية     : 1.389%
   ② خروج توبولوجي (Topo-Div)       : 0  (0.0%)
   خروج TRI مبكر                    : 0  (0.0%)
   انزلاق إجمالي                    : $8.88

▶ رأس المال (مقياس ثانوي)
   ابتدائي: $100.00  →  نهائي: $86.36
   العائد الكلي     : -13.6%
   أقصى انخفاض     : 27.51%  ($30.00)

▶ تحذير السيولة (م٦): 0 (0.0%)  ✅ معقول

▶ توزيع أسباب الخروج
   Emergency SL             :      88  (83.8%)
   MaxHold                  :       8  (7.6%)
   Hard TP                  :       7  (6.7%)
   Apex: Action Integral Exhaustion:       2  (1.9%)

════════════════════════════════════════════════════════════════════════


▶ تحليل MFE (أقصى ربح غير مُحقَّق)
   Emergency SL   (n=  88) | μMFE= 2.18%  max=10.08%  | >0.5%:   54  >1.0%:   49  >2.0%:   42
   Hard TP        (n=   7) | μMFE=11.55%  max=11.95%  | >0.5%:    7  >1.0%:    7  >2.0%:    7
   Apex exits     (n=   2) | μMFE= 3.74%  max= 4.29%  | >0.5%:    2  >1.0%:    2  >2.0%:    2

▶ ميزانية المخاطرة الكلية
   μ risk/trade : 1.389%
   max risk/trade : 2.998%
   min risk/trade : 0.635%
