22:07:51 [INFO] [Backtest] end-date pinned to 2026-10-01
22:07:52 [INFO] [Level-2] Numba kernels warm (JIT ready in 0.7s)
22:07:52 [INFO] [Cache] LIVE_ASSET_CACHE_MAX adjusted to 150
22:07:55 [INFO] [TF] timeframe=4h TF_SCALE=0.2500 TF_SECONDS=14400 TF_HOURS=4.000
22:07:55 [INFO] [TF-Unified] N=24 W=20 L=10 ADV_BARS=6 (σ≈0.25× 1h)
22:07:55 [INFO] [Data] mode=backtest | tf=4h | history=365d (2190 bars/symbol) | quality=degraded | source=user(365d)
22:07:55 [WARNING] [Data] degraded quality: tail=2190 < strict_min/2=5012. Many assets may be skipped by degenerate detection. Recommended minimum for 4h: --history-days 2339.
22:07:55 [INFO] [Trail] Trailing Stop Loss DISABLED — SL is fixed
22:07:55 [INFO] [Backtest] --no-fixed-price: entry target will be derived from close[sig.close_idx] × (1 ± PO_PENETRATION_BPS)
22:07:55 [INFO] [Watch] Watch-then-trigger DISABLED (Config default) — legacy immediate placement
22:07:55 [INFO] [OppTP] Opposite-Signal Adaptive TP DISABLED
22:07:55 [INFO] [TradeLog] Logging trades to results/sell_only_ablation/S4_xtreme_zdev_2026.jsonl
22:07:55 [INFO] §1  مسح أعلى 15 عملة...
22:07:55 [INFO] §2  جلب البيانات (متوازٍ)...
22:08:06 [INFO]   ✓ BNB/USDT      : 2,190 شمعة
22:08:08 [INFO]   ✓ ADA/USDT      : 2,190 شمعة
22:08:09 [INFO]   ✓ BTC/USDT      : 2,190 شمعة
22:08:09 [INFO]   ✓ SOL/USDT      : 2,190 شمعة
22:08:09 [INFO]   ✓ AVAX/USDT     : 2,190 شمعة
22:08:09 [INFO]   ✓ ETH/USDT      : 2,190 شمعة
22:08:09 [INFO]   ✓ LINK/USDT     : 2,190 شمعة
22:08:09 [INFO]   ✓ DOT/USDT      : 2,190 شمعة
22:08:10 [INFO]   ✓ UNI/USDT      : 2,190 شمعة
22:08:11 [INFO]   ✓ LTC/USDT      : 2,190 شمعة
22:08:11 [INFO]   ✓ ETC/USDT      : 2,190 شمعة
22:08:11 [INFO]   ✓ TRX/USDT      : 2,190 شمعة
22:08:11 [INFO]   ✓ ATOM/USDT     : 2,190 شمعة
22:08:12 [INFO]   ✓ TON/USDT      : 2,190 شمعة
22:08:12 [INFO]   ✓ BCH/USDT      : 2,190 شمعة
22:08:12 [INFO]   ✓ NEAR/USDT     : 2,190 شمعة
22:08:12 [INFO]   ✓ APT/USDT      : 2,190 شمعة
22:08:12 [INFO]   ✓ HBAR/USDT     : 2,190 شمعة
22:08:12 [INFO]   ✓ STX/USDT      : 2,190 شمعة
22:08:13 [INFO]   ✓ AAVE/USDT     : 2,190 شمعة
22:08:13 [INFO]   ✓ SUI/USDT      : 2,190 شمعة
22:08:13 [INFO]   ✓ OP/USDT       : 2,190 شمعة
22:08:13 [INFO]   ✓ TIA/USDT      : 2,190 شمعة
22:08:13 [INFO]   ✓ ARB/USDT      : 2,190 شمعة
22:08:13 [INFO]   ✓ SEI/USDT      : 2,190 شمعة
22:08:13 [INFO]   ✓ RENDER/USDT   : 2,190 شمعة
22:08:13 [INFO]   ✓ FET/USDT      : 2,190 شمعة
22:08:13 [INFO]   ✓ ALGO/USDT     : 2,190 شمعة
22:08:13 [INFO]   ✓ GRT/USDT      : 2,190 شمعة
22:08:14 [INFO]   ✓ LDO/USDT      : 2,190 شمعة
22:08:14 [INFO]   ✓ THETA/USDT    : 2,190 شمعة
22:08:14 [INFO]   ✓ WIF/USDT      : 2,190 شمعة
22:08:14 [INFO]   ✓ SAND/USDT     : 2,190 شمعة
22:08:14 [INFO]   ✓ KAS/USDT      : 2,190 شمعة
22:08:14 [INFO]   ✓ MANA/USDT     : 2,190 شمعة
22:08:14 [INFO]   ✓ AXS/USDT      : 2,190 شمعة
22:08:14 [INFO]   ✓ POL/USDT      : 2,190 شمعة
22:08:14 [INFO]   ✓ XLM/USDT      : 2,190 شمعة
22:08:14 [INFO]   ✓ CHZ/USDT      : 2,190 شمعة
22:08:15 [INFO]   ✓ FIL/USDT      : 2,190 شمعة
22:08:15 [INFO]   ✓ DASH/USDT     : 2,190 شمعة
22:08:15 [INFO]   ✓ QNT/USDT      : 2,190 شمعة
22:08:15 [INFO]   ✓ FLOW/USDT     : 2,190 شمعة
22:08:15 [INFO]   ✓ CAKE/USDT     : 2,190 شمعة
22:08:15 [INFO]   ✓ ROSE/USDT     : 2,190 شمعة
22:08:15 [INFO]   ✓ IOTA/USDT     : 2,190 شمعة
22:08:15 [INFO]   ✓ CRV/USDT      : 2,190 شمعة
22:08:15 [INFO]   ✓ NEO/USDT      : 2,190 شمعة
22:08:15 [INFO]   ✓ KAVA/USDT     : 2,190 شمعة
22:08:16 [INFO]   ✓ SNX/USDT      : 2,190 شمعة
22:08:16 [INFO]   ✓ COMP/USDT     : 2,190 شمعة
22:08:16 [INFO]   ✓ ZRX/USDT      : 2,190 شمعة
22:08:16 [INFO]   ✓ SUSHI/USDT    : 2,190 شمعة
22:08:16 [INFO]   ✓ YFI/USDT      : 2,190 شمعة
22:08:16 [INFO]   ✓ BAT/USDT      : 2,190 شمعة
22:08:16 [INFO]   ✓ ANKR/USDT     : 2,190 شمعة
22:08:16 [INFO]   ✓ BAND/USDT     : 2,190 شمعة
22:08:17 [INFO]   ✓ NMR/USDT      : 2,190 شمعة
22:08:17 [INFO]   ✓ KSM/USDT      : 2,190 شمعة
22:08:17 [INFO]   ✓ STORJ/USDT    : 2,190 شمعة
22:08:17 [INFO]   ✓ CELO/USDT     : 2,190 شمعة
22:08:17 [INFO]   ✓ ZEN/USDT      : 2,190 شمعة
22:08:17 [INFO]   ✓ DYDX/USDT     : 2,190 شمعة
22:08:17 [INFO]   ✓ ENS/USDT      : 2,190 شمعة
22:08:17 [INFO]   ✓ MASK/USDT     : 2,190 شمعة
22:08:17 [INFO]   ✓ GMX/USDT      : 2,190 شمعة
22:08:17 [INFO]   ✓ MAGIC/USDT    : 2,190 شمعة
22:08:18 [INFO]   ✓ JOE/USDT      : 2,190 شمعة
22:08:18 [INFO]   ✓ HIGH/USDT     : 2,190 شمعة
22:08:18 [INFO]   ✓ PENDLE/USDT   : 2,190 شمعة
22:08:18 [INFO]   ✓ ARKM/USDT     : 2,190 شمعة
22:08:18 [INFO]   ✓ CYBER/USDT    : 2,190 شمعة
22:08:18 [INFO]   ✓ ID/USDT       : 2,190 شمعة
22:08:18 [INFO]   ✓ BLUR/USDT     : 2,190 شمعة
22:08:18 [INFO]   ✓ WLD/USDT      : 2,190 شمعة
22:08:18 [INFO]   ✓ EDU/USDT      : 2,190 شمعة
22:08:18 [INFO]   ✓ ORDI/USDT     : 2,190 شمعة
22:08:19 [INFO]   ✓ PYTH/USDT     : 2,190 شمعة
22:08:19 [INFO]   ✓ JUP/USDT      : 2,190 شمعة
22:08:19 [INFO]   ✓ STRK/USDT     : 2,190 شمعة
22:08:19 [INFO]   ✓ JTO/USDT      : 2,190 شمعة
22:08:19 [INFO]   ✓ DYM/USDT      : 2,190 شمعة
22:08:19 [INFO]   ✓ ALT/USDT      : 2,190 شمعة
22:08:19 [INFO]   ✓ MANTA/USDT    : 2,190 شمعة
22:08:19 [INFO]   ✓ W/USDT        : 2,190 شمعة
22:08:19 [INFO]   ✓ AEVO/USDT     : 2,190 شمعة
22:08:19 [INFO]   ✓ ETHFI/USDT    : 2,190 شمعة
22:08:20 [INFO]   ✓ SAGA/USDT     : 2,190 شمعة
22:08:20 [INFO]   ✓ BB/USDT       : 2,190 شمعة
22:08:20 [INFO]   ✓ ZK/USDT       : 2,190 شمعة
22:08:20 [INFO]   ✓ LISTA/USDT    : 2,190 شمعة
22:08:20 [INFO]   ✓ IO/USDT       : 2,190 شمعة
22:08:20 [INFO]   ✓ ZRO/USDT      : 2,190 شمعة
22:08:20 [INFO]   ✓ TAIKO/USDT    : 2,190 شمعة
22:08:20 [INFO]   ✓ SYN/USDT      : 2,190 شمعة
22:08:20 [INFO]   ✓ RARE/USDT     : 2,190 شمعة
22:08:20 [INFO]   ✓ G/USDT        : 2,190 شمعة
22:08:21 [INFO]   ✓ MEW/USDT      : 2,190 شمعة
22:08:21 [INFO]   ✓ MERL/USDT     : 2,190 شمعة
22:08:21 [INFO]   ✓ BANANA/USDT   : 2,190 شمعة
