22:06:17 [INFO] [Backtest] end-date pinned to 2025-12-31
22:06:17 [INFO] [Level-2] Numba kernels warm (JIT ready in 0.4s)
22:06:17 [INFO] [Cache] LIVE_ASSET_CACHE_MAX adjusted to 150
22:06:19 [INFO] [TF] timeframe=4h TF_SCALE=0.2500 TF_SECONDS=14400 TF_HOURS=4.000
22:06:19 [INFO] [TF-Unified] N=24 W=20 L=10 ADV_BARS=6 (σ≈0.25× 1h)
22:06:19 [INFO] [Data] mode=backtest | tf=4h | history=365d (2190 bars/symbol) | quality=degraded | source=user(365d)
22:06:19 [WARNING] [Data] degraded quality: tail=2190 < strict_min/2=5012. Many assets may be skipped by degenerate detection. Recommended minimum for 4h: --history-days 2339.
22:06:19 [INFO] [Trail] Trailing Stop Loss DISABLED — SL is fixed
22:06:19 [INFO] [Backtest] --no-fixed-price: entry target will be derived from close[sig.close_idx] × (1 ± PO_PENETRATION_BPS)
22:06:19 [INFO] [Watch] Watch-then-trigger DISABLED (Config default) — legacy immediate placement
22:06:19 [INFO] [OppTP] Opposite-Signal Adaptive TP DISABLED
22:06:19 [INFO] [TradeLog] Logging trades to results/sell_only_ablation/S4_xtreme_zdev_2025.jsonl
22:06:19 [INFO] §1  مسح أعلى 15 عملة...
22:06:19 [INFO] §2  جلب البيانات (متوازٍ)...
22:06:31 [INFO]   ✓ BNB/USDT      : 2,190 شمعة
22:06:31 [INFO]   ✓ ETH/USDT      : 2,190 شمعة
22:06:31 [INFO]   ✓ SOL/USDT      : 2,190 شمعة
22:06:32 [INFO]   ✓ BTC/USDT      : 2,190 شمعة
22:06:32 [INFO]   ✓ AVAX/USDT     : 2,190 شمعة
22:06:32 [INFO]   ✓ LINK/USDT     : 2,190 شمعة
22:06:32 [INFO]   ✓ DOT/USDT      : 2,190 شمعة
22:06:32 [INFO]   ✓ ADA/USDT      : 2,190 شمعة
22:06:32 [INFO]   ✓ LTC/USDT      : 2,190 شمعة
22:06:32 [INFO]   ✓ UNI/USDT      : 2,190 شمعة
22:06:32 [INFO]   ✓ TRX/USDT      : 2,190 شمعة
22:06:32 [INFO]   ✓ ATOM/USDT     : 2,190 شمعة
22:06:32 [INFO]   ✓ ETC/USDT      : 2,190 شمعة
22:06:33 [INFO]   ✓ TON/USDT      : 2,190 شمعة
22:06:33 [INFO]   ✓ HBAR/USDT     : 2,190 شمعة
22:06:33 [INFO]   ✓ NEAR/USDT     : 2,190 شمعة
22:06:33 [INFO]   ✓ BCH/USDT      : 2,190 شمعة
22:06:33 [INFO]   ✓ APT/USDT      : 2,190 شمعة
22:06:33 [INFO]   ✓ STX/USDT      : 2,190 شمعة
22:06:33 [INFO]   ✓ OP/USDT       : 2,190 شمعة
22:06:33 [INFO]   ✓ AAVE/USDT     : 2,190 شمعة
22:06:33 [INFO]   ✓ ARB/USDT      : 2,190 شمعة
22:06:33 [INFO]   ✓ SUI/USDT      : 2,190 شمعة
22:06:34 [INFO]   ✓ TIA/USDT      : 2,190 شمعة
22:06:34 [INFO]   ✓ SEI/USDT      : 2,190 شمعة
22:06:34 [INFO]   ✓ GRT/USDT      : 2,190 شمعة
22:06:34 [INFO]   ✓ FET/USDT      : 2,190 شمعة
22:06:34 [INFO]   ✓ ALGO/USDT     : 2,190 شمعة
22:06:34 [INFO]   ✓ RENDER/USDT   : 2,190 شمعة
22:06:34 [INFO]   ✓ THETA/USDT    : 2,190 شمعة
22:06:34 [INFO]   ✓ WIF/USDT      : 2,190 شمعة
22:06:34 [INFO]   ✓ KAS/USDT      : 2,190 شمعة
22:06:34 [INFO]   ✓ LDO/USDT      : 2,190 شمعة
22:06:35 [INFO]   ✓ SAND/USDT     : 2,190 شمعة
22:06:35 [INFO]   ✓ MANA/USDT     : 2,190 شمعة
22:06:35 [INFO]   ✓ AXS/USDT      : 2,190 شمعة
22:06:35 [INFO]   ✓ XLM/USDT      : 2,190 شمعة
22:06:35 [INFO]   ✓ POL/USDT      : 2,190 شمعة
22:06:35 [INFO]   ✓ CHZ/USDT      : 2,190 شمعة
22:06:35 [INFO]   ✓ FIL/USDT      : 2,190 شمعة
22:06:35 [INFO]   ✓ QNT/USDT      : 2,190 شمعة
22:06:35 [INFO]   ✓ DASH/USDT     : 2,190 شمعة
22:06:36 [INFO]   ✓ FLOW/USDT     : 2,190 شمعة
22:06:36 [INFO]   ✓ CAKE/USDT     : 2,190 شمعة
22:06:36 [INFO]   ✓ NEO/USDT      : 2,190 شمعة
22:06:36 [INFO]   ✓ ROSE/USDT     : 2,190 شمعة
22:06:36 [INFO]   ✓ IOTA/USDT     : 2,190 شمعة
22:06:36 [INFO]   ✓ KAVA/USDT     : 2,190 شمعة
22:06:36 [INFO]   ✓ CRV/USDT      : 2,190 شمعة
22:06:37 [INFO]   ✓ SUSHI/USDT    : 2,190 شمعة
22:06:37 [INFO]   ✓ COMP/USDT     : 2,190 شمعة
22:06:37 [INFO]   ✓ SNX/USDT      : 2,190 شمعة
22:06:37 [INFO]   ✓ YFI/USDT      : 2,190 شمعة
22:06:37 [INFO]   ✓ ZRX/USDT      : 2,190 شمعة
22:06:37 [INFO]   ✓ ANKR/USDT     : 2,190 شمعة
22:06:37 [INFO]   ✓ BAT/USDT      : 2,190 شمعة
22:06:37 [INFO]   ✓ NMR/USDT      : 2,190 شمعة
22:06:37 [INFO]   ✓ BAND/USDT     : 2,190 شمعة
22:06:37 [INFO]   ✓ STORJ/USDT    : 2,190 شمعة
22:06:38 [INFO]   ✓ KSM/USDT      : 2,190 شمعة
22:06:38 [INFO]   ✓ DYDX/USDT     : 2,190 شمعة
22:06:38 [INFO]   ✓ CELO/USDT     : 2,190 شمعة
22:06:38 [INFO]   ✓ ZEN/USDT      : 2,190 شمعة
22:06:38 [INFO]   ✓ MASK/USDT     : 2,190 شمعة
22:06:38 [INFO]   ✓ ENS/USDT      : 2,190 شمعة
22:06:39 [INFO]   ✓ GMX/USDT      : 2,190 شمعة
22:06:39 [INFO]   ✓ MAGIC/USDT    : 2,190 شمعة
22:06:39 [INFO]   ✓ PENDLE/USDT   : 2,190 شمعة
22:06:39 [INFO]   ✓ JOE/USDT      : 2,190 شمعة
22:06:39 [INFO]   ✓ HIGH/USDT     : 2,190 شمعة
22:06:39 [INFO]   ✓ CYBER/USDT    : 2,190 شمعة
22:06:39 [INFO]   ✓ ARKM/USDT     : 2,190 شمعة
22:06:39 [INFO]   ✓ WLD/USDT      : 2,190 شمعة
22:06:39 [INFO]   ✓ ID/USDT       : 2,190 شمعة
22:06:39 [INFO]   ✓ BLUR/USDT     : 2,190 شمعة
22:06:40 [INFO]   ✓ EDU/USDT      : 2,190 شمعة
22:06:40 [INFO]   ✓ JTO/USDT      : 2,190 شمعة
22:06:40 [INFO]   ✓ ORDI/USDT     : 2,190 شمعة
22:06:40 [INFO]   ✓ PYTH/USDT     : 2,190 شمعة
22:06:40 [INFO]   ✓ JUP/USDT      : 2,190 شمعة
22:06:40 [INFO]   ✓ DYM/USDT      : 2,190 شمعة
22:06:40 [INFO]   ✓ STRK/USDT     : 2,190 شمعة
22:06:40 [INFO]   ✓ ALT/USDT      : 2,190 شمعة
22:06:41 [INFO]   ✓ MANTA/USDT    : 2,190 شمعة
22:06:41 [INFO]   ✓ AEVO/USDT     : 2,190 شمعة
22:06:41 [INFO]   ✓ ETHFI/USDT    : 2,190 شمعة
22:06:41 [INFO]   ✓ W/USDT        : 2,190 شمعة
22:06:41 [INFO]   ✓ ZK/USDT       : 2,190 شمعة
22:06:41 [INFO]   ✓ SAGA/USDT     : 2,190 شمعة
22:06:41 [INFO]   ✓ BB/USDT       : 2,190 شمعة
22:06:41 [INFO]   ✓ IO/USDT       : 2,190 شمعة
22:06:41 [INFO]   ✓ LISTA/USDT    : 2,190 شمعة
22:06:42 [INFO]   ✓ ZRO/USDT      : 2,190 شمعة
22:06:42 [INFO]   ✓ G/USDT        : 2,190 شمعة
22:06:42 [INFO]   ✓ RARE/USDT     : 2,190 شمعة
22:06:42 [INFO]   ✓ SYN/USDT      : 2,190 شمعة
22:06:43 [INFO]   ✓ TAIKO/USDT    : 1,222 شمعة
22:06:43 [INFO]   ✓ BANANA/USDT   : 2,190 شمعة
22:06:43 [INFO]   ✓ MEW/USDT      : 2,190 شمعة
22:06:43 [INFO]   ✓ MERL/USDT     : 1,301 شمعة
22:06:44 [INFO]   ✓ BNB/USDT      : 35,040 شمعة 15m
22:06:44 [INFO]   ✓ SOL/USDT      : 35,040 شمعة 15m
22:06:44 [INFO]   ✓ ETH/USDT      : 35,040 شمعة 15m
22:06:44 [INFO]   ✓ AVAX/USDT     : 35,040 شمعة 15m
22:06:44 [INFO]   ✓ BTC/USDT      : 35,040 شمعة 15m
22:06:44 [INFO]   ✓ LINK/USDT     : 35,040 شمعة 15m
22:06:45 [INFO]   ✓ DOT/USDT      : 35,040 شمعة 15m
22:06:45 [INFO]   ✓ TRX/USDT      : 35,040 شمعة 15m
22:06:45 [INFO]   ✓ UNI/USDT      : 35,040 شمعة 15m
22:06:45 [INFO]   ✓ ADA/USDT      : 35,040 شمعة 15m
22:06:45 [INFO]   ✓ LTC/USDT      : 35,040 شمعة 15m
22:06:45 [INFO]   ✓ ATOM/USDT     : 35,040 شمعة 15m
22:06:45 [INFO]   ✓ ETC/USDT      : 35,040 شمعة 15m
22:06:46 [INFO]   ✓ NEAR/USDT     : 35,040 شمعة 15m
22:06:46 [INFO]   ✓ HBAR/USDT     : 35,040 شمعة 15m
22:06:46 [INFO]   ✓ BCH/USDT      : 35,040 شمعة 15m
22:06:46 [INFO]   ✓ APT/USDT      : 35,040 شمعة 15m
22:06:47 [INFO]   ✓ STX/USDT      : 35,040 شمعة 15m
22:06:47 [INFO]   ✓ OP/USDT       : 35,040 شمعة 15m
22:06:47 [INFO]   ✓ AAVE/USDT     : 35,040 شمعة 15m
22:06:47 [INFO]   ✓ ARB/USDT      : 35,040 شمعة 15m
22:06:47 [INFO]   ✓ GRT/USDT      : 35,040 شمعة 15m
22:06:47 [INFO]   ✓ SEI/USDT      : 35,040 شمعة 15m
22:06:47 [INFO]   ✓ TIA/USDT      : 35,040 شمعة 15m
22:06:48 [INFO]   ✓ SUI/USDT      : 35,040 شمعة 15m
22:06:48 [INFO]   ✓ FET/USDT      : 35,040 شمعة 15m
22:06:48 [INFO]   ✓ RENDER/USDT   : 35,040 شمعة 15m
22:06:48 [INFO]   ✓ THETA/USDT    : 35,040 شمعة 15m
22:06:48 [INFO]   ✓ ALGO/USDT     : 35,040 شمعة 15m
22:06:48 [INFO]   ✓ WIF/USDT      : 35,040 شمعة 15m
22:06:49 [INFO]   ✓ KAS/USDT      : 35,040 شمعة 15m
22:06:49 [INFO]   ✓ SAND/USDT     : 35,040 شمعة 15m
22:06:49 [INFO]   ✓ LDO/USDT      : 35,040 شمعة 15m
22:06:49 [INFO]   ✓ MANA/USDT     : 35,040 شمعة 15m
22:06:50 [INFO]   ✓ AXS/USDT      : 35,040 شمعة 15m
22:06:50 [INFO]   ✓ POL/USDT      : 35,040 شمعة 15m
22:06:50 [INFO]   ✓ CHZ/USDT      : 35,040 شمعة 15m
22:06:50 [INFO]   ✓ XLM/USDT      : 35,040 شمعة 15m
22:06:50 [INFO]   ✓ FIL/USDT      : 35,040 شمعة 15m
22:06:51 [INFO]   ✓ QNT/USDT      : 35,040 شمعة 15m
22:06:51 [INFO]   ✓ FLOW/USDT     : 35,040 شمعة 15m
22:06:51 [INFO]   ✓ CAKE/USDT     : 35,040 شمعة 15m
22:06:51 [INFO]   ✓ DASH/USDT     : 35,040 شمعة 15m
22:06:51 [INFO]   ✓ NEO/USDT      : 35,040 شمعة 15m
22:06:52 [INFO]   ✓ TON/USDT      : 35,040 شمعة 15m
22:06:52 [INFO]   ✓ ROSE/USDT     : 35,040 شمعة 15m
22:06:52 [INFO]   ✓ IOTA/USDT     : 35,040 شمعة 15m
22:06:52 [INFO]   ✓ KAVA/USDT     : 35,040 شمعة 15m
22:06:52 [INFO]   ✓ CRV/USDT      : 35,040 شمعة 15m
22:06:52 [INFO]   ✓ SUSHI/USDT    : 35,040 شمعة 15m
22:06:53 [INFO]   ✓ COMP/USDT     : 35,040 شمعة 15m
22:06:53 [INFO]   ✓ YFI/USDT      : 35,040 شمعة 15m
22:06:53 [INFO]   ✓ SNX/USDT      : 35,040 شمعة 15m
22:06:53 [INFO]   ✓ ZRX/USDT      : 35,040 شمعة 15m
22:06:53 [INFO]   ✓ ANKR/USDT     : 35,040 شمعة 15m
22:06:54 [INFO]   ✓ BAT/USDT      : 35,040 شمعة 15m
22:06:54 [INFO]   ✓ NMR/USDT      : 35,040 شمعة 15m
22:06:54 [INFO]   ✓ DYDX/USDT     : 35,040 شمعة 15m
22:06:54 [INFO]   ✓ KSM/USDT      : 35,040 شمعة 15m
22:06:54 [INFO]   ✓ BAND/USDT     : 35,040 شمعة 15m
22:06:55 [INFO]   ✓ CELO/USDT     : 35,040 شمعة 15m
22:06:55 [INFO]   ✓ MASK/USDT     : 35,040 شمعة 15m
22:06:55 [INFO]   ✓ ENS/USDT      : 35,040 شمعة 15m
22:06:55 [INFO]   ✓ ZEN/USDT      : 35,040 شمعة 15m
22:06:55 [INFO]   ✓ GMX/USDT      : 35,040 شمعة 15m
22:06:56 [INFO]   ✓ MAGIC/USDT    : 35,040 شمعة 15m
22:06:56 [INFO]   ✓ JOE/USDT      : 35,040 شمعة 15m
22:06:56 [INFO]   ✓ PENDLE/USDT   : 35,040 شمعة 15m
22:06:56 [INFO]   ✓ CYBER/USDT    : 35,040 شمعة 15m
22:06:56 [INFO]   ✓ STORJ/USDT    : 35,040 شمعة 15m
22:06:57 [INFO]   ✓ WLD/USDT      : 35,040 شمعة 15m
22:06:57 [INFO]   ✓ ID/USDT       : 35,040 شمعة 15m
22:06:57 [INFO]   ✓ ARKM/USDT     : 35,040 شمعة 15m
22:06:57 [INFO]   ✓ BLUR/USDT     : 35,040 شمعة 15m
22:06:58 [INFO]   ✓ JTO/USDT      : 35,040 شمعة 15m
22:06:58 [INFO]   ✓ ORDI/USDT     : 35,040 شمعة 15m
22:06:58 [INFO]   ✓ EDU/USDT      : 35,040 شمعة 15m
22:06:58 [INFO]   ✓ PYTH/USDT     : 35,040 شمعة 15m
22:06:58 [INFO]   ✓ STRK/USDT     : 35,040 شمعة 15m
22:06:58 [INFO]   ✓ DYM/USDT      : 35,040 شمعة 15m
22:06:58 [INFO]   ✓ JUP/USDT      : 35,040 شمعة 15m
22:06:58 [INFO]   ✓ ALT/USDT      : 35,040 شمعة 15m
22:06:59 [INFO]   ✓ MANTA/USDT    : 35,040 شمعة 15m
22:06:59 [INFO]   ✓ AEVO/USDT     : 35,040 شمعة 15m
22:06:59 [INFO]   ✓ ETHFI/USDT    : 35,040 شمعة 15m
22:06:59 [INFO]   ✓ W/USDT        : 35,040 شمعة 15m
22:07:00 [INFO]   ✓ IO/USDT       : 35,040 شمعة 15m
22:07:00 [INFO]   ✓ SAGA/USDT     : 35,040 شمعة 15m
22:07:00 [INFO]   ✓ ZK/USDT       : 35,040 شمعة 15m
22:07:00 [INFO]   ✓ BB/USDT       : 35,040 شمعة 15m
22:07:01 [INFO]   ✓ LISTA/USDT    : 35,040 شمعة 15m
22:07:01 [INFO]   ✓ RARE/USDT     : 35,040 شمعة 15m
22:07:01 [INFO]   ✓ G/USDT        : 35,040 شمعة 15m
22:07:01 [INFO]   ✓ ZRO/USDT      : 35,040 شمعة 15m
22:07:01 [INFO]   ✓ SYN/USDT      : 35,040 شمعة 15m
22:07:02 [INFO]   ✓ BANANA/USDT   : 35,040 شمعة 15m
22:07:02 [INFO]   ✓ MEW/USDT      : 35,040 شمعة 15m
22:07:02 [INFO]   ✓ HIGH/USDT     : 35,040 شمعة 15m
22:07:02 [INFO]   ✓ TAIKO/USDT    : 19,534 شمعة 15m
22:07:02 [INFO]   ✓ MERL/USDT     : 20,798 شمعة 15m
22:07:03 [INFO]   [SubBars] loaded for 100 symbols at 15m
22:07:03 [INFO] §3  معالجة فضاء الحالة (K ديناميكي)...
22:07:03 [INFO]   [Parallel] 7 workers × 100 symbols (cache=on)
╔══════════════════════════════════════════════════════════════════════╗
  [Level-1] Parallel: True  Cache: True
  [Level-2] Numba: True

║  محرك التداول الثرموديناميكي الكمي v6.0 – Singularity Engine     ║
║  الوضع: BACKTEST    |  رأس المال: $100.00              ║
╠══════════════════════════════════════════════════════════════════════╣
║  ① Boltzmann Kelly: BASE=2.0%  λ=0.05  [1.0%–5.0%]  ║
║  ② Topo-Divergence: ε=0.05  (حتمية هندسية)              ║
║  ③ Dynamic-K:       [25–50]  (SNR ∝ 1/m)                     ║
║  ④ Cosmological Λ:  0  (De Sitter drift)                  ║
║  ⑤ T_sync EMA-accel: فلتر التشابك عبر المقاييس                  ║
╚══════════════════════════════════════════════════════════════════════╝

22:07:12 [INFO]   ✓ BNB/USDT       | K=25 | اختبار=  412 | tri_μ=1.35 | [cache]
22:07:12 [INFO]   ✓ ETH/USDT       | K=25 | اختبار=  411 | tri_μ=1.34 | [cache]
22:07:12 [INFO]   ✓ SOL/USDT       | K=25 | اختبار=  426 | tri_μ=1.31 | [cache]
22:07:12 [INFO]   ✓ BTC/USDT       | K=25 | اختبار=  409 | tri_μ=1.38 | [cache]
22:07:12 [INFO]   ✓ AVAX/USDT      | K=25 | اختبار=  388 | tri_μ=1.22 | [cache]
22:07:12 [INFO]   ✓ LINK/USDT      | K=25 | اختبار=  441 | tri_μ=1.30 | [cache]
22:07:12 [INFO]   ✓ DOT/USDT       | K=25 | اختبار=  437 | tri_μ=1.31 | [cache]
22:07:12 [INFO]   ✓ ADA/USDT       | K=25 | اختبار=  412 | tri_μ=1.31 | [cache]
22:07:12 [INFO]   ✓ LTC/USDT       | K=25 | اختبار=  455 | tri_μ=1.29 | [cache]
22:07:13 [INFO]   ✓ UNI/USDT       | K=25 | اختبار=  442 | tri_μ=1.25 | [cache]
22:07:13 [INFO]   ✓ TRX/USDT       | K=25 | اختبار=  411 | tri_μ=1.28 | [cache]
22:07:13 [INFO]   ✓ ATOM/USDT      | K=25 | اختبار=  435 | tri_μ=1.32 | [cache]
22:07:13 [INFO]   ✓ ETC/USDT       | K=25 | اختبار=  426 | tri_μ=1.25 | [cache]
22:07:13 [INFO]   ✓ TON/USDT       | K=25 | اختبار=  448 | tri_μ=1.31 | [cache]
22:07:13 [INFO]   ✓ HBAR/USDT      | K=25 | اختبار=  386 | tri_μ=1.26 | [cache]
22:07:13 [INFO]   ✓ NEAR/USDT      | K=25 | اختبار=  425 | tri_μ=1.31 | [cache]
22:07:13 [INFO]   ✓ BCH/USDT       | K=25 | اختبار=  430 | tri_μ=1.34 | [cache]
22:07:13 [INFO]   ✓ APT/USDT       | K=25 | اختبار=  406 | tri_μ=1.26 | [cache]
22:07:14 [INFO]   ✓ STX/USDT       | K=25 | اختبار=  463 | tri_μ=1.31 | [cache]
22:07:14 [INFO]   ✓ OP/USDT        | K=25 | اختبار=  426 | tri_μ=1.26 | [cache]
22:07:14 [INFO]   ✓ AAVE/USDT      | K=25 | اختبار=  430 | tri_μ=1.34 | [cache]
22:07:14 [INFO]   ✓ ARB/USDT       | K=25 | اختبار=  430 | tri_μ=1.30 | [cache]
22:07:14 [INFO]   ✓ SUI/USDT       | K=25 | اختبار=  459 | tri_μ=1.34 | [cache]
22:07:14 [INFO]   ✓ TIA/USDT       | K=25 | اختبار=  427 | tri_μ=1.27 | [cache]
22:07:14 [INFO]   ✓ SEI/USDT       | K=25 | اختبار=  425 | tri_μ=1.27 | [cache]
22:07:14 [INFO]   ✓ GRT/USDT       | K=25 | اختبار=  449 | tri_μ=1.32 | [cache]
22:07:14 [INFO]   ✓ FET/USDT       | K=25 | اختبار=  434 | tri_μ=1.31 | [cache]
22:07:14 [INFO]   ✓ ALGO/USDT      | K=25 | اختبار=  427 | tri_μ=1.32 | [cache]
22:07:14 [INFO]   ✓ RENDER/USDT    | K=25 | اختبار=  429 | tri_μ=1.31 | [cache]
22:07:14 [INFO]   ✓ THETA/USDT     | K=25 | اختبار=  437 | tri_μ=1.31 | [cache]
22:07:14 [INFO]   ✓ WIF/USDT       | K=25 | اختبار=  421 | tri_μ=1.29 | [cache]
22:07:14 [INFO]   ✓ KAS/USDT       | K=25 | اختبار=  439 | tri_μ=1.33 | [cache]
22:07:14 [INFO]   ✓ LDO/USDT       | K=25 | اختبار=  465 | tri_μ=1.31 | [cache]
22:07:14 [INFO]   ✓ SAND/USDT      | K=25 | اختبار=  428 | tri_μ=1.31 | [cache]
22:07:14 [INFO]   ✓ MANA/USDT      | K=25 | اختبار=  454 | tri_μ=1.31 | [cache]
22:07:14 [INFO]   ✓ AXS/USDT       | K=25 | اختبار=  430 | tri_μ=1.31 | [cache]
22:07:14 [INFO]   ✓ XLM/USDT       | K=25 | اختبار=  385 | tri_μ=1.27 | [cache]
22:07:14 [INFO]   ✓ POL/USDT       | K=25 | اختبار=  414 | tri_μ=1.30 | [cache]
22:07:14 [INFO]   ✓ CHZ/USDT       | K=25 | اختبار=  430 | tri_μ=1.33 | [cache]
22:07:14 [INFO]   ✓ FIL/USDT       | K=25 | اختبار=  446 | tri_μ=1.31 | [cache]
22:07:14 [INFO]   ✓ QNT/USDT       | K=25 | اختبار=  444 | tri_μ=1.30 | [cache]
22:07:14 [INFO]   ✓ DASH/USDT      | K=25 | اختبار=  378 | tri_μ=1.24 | [cache]
22:07:14 [INFO]   ✓ FLOW/USDT      | K=25 | اختبار=  453 | tri_μ=1.28 | [cache]
22:07:14 [INFO]   ✓ CAKE/USDT      | K=25 | اختبار=  443 | tri_μ=1.30 | [cache]
22:07:14 [INFO]   ✓ NEO/USDT       | K=25 | اختبار=  438 | tri_μ=1.25 | [cache]
22:07:14 [INFO]   ✓ ROSE/USDT      | K=25 | اختبار=  441 | tri_μ=1.34 | [cache]
22:07:14 [INFO]   ✓ IOTA/USDT      | K=25 | اختبار=  425 | tri_μ=1.31 | [cache]
22:07:14 [INFO]   ✓ KAVA/USDT      | K=25 | اختبار=  438 | tri_μ=1.29 | [cache]
22:07:14 [INFO]   ✓ CRV/USDT       | K=25 | اختبار=  434 | tri_μ=1.35 | [cache]
22:07:14 [INFO]   ✓ SUSHI/USDT     | K=25 | اختبار=  457 | tri_μ=1.32 | [cache]
22:07:14 [INFO]   ✓ COMP/USDT      | K=25 | اختبار=  404 | tri_μ=1.22 | [cache]
22:07:14 [INFO]   ✓ SNX/USDT       | K=25 | اختبار=  424 | tri_μ=1.31 | [cache]
22:07:15 [INFO]   ✓ YFI/USDT       | K=25 | اختبار=  424 | tri_μ=1.37 | [cache]
22:07:15 [INFO]   ✓ ZRX/USDT       | K=25 | اختبار=  431 | tri_μ=1.29 | [cache]
22:07:15 [INFO]   ✓ ANKR/USDT      | K=25 | اختبار=  433 | tri_μ=1.33 | [cache]
22:07:15 [INFO]   ✓ BAT/USDT       | K=25 | اختبار=  426 | tri_μ=1.32 | [cache]
22:07:15 [INFO]   ✓ NMR/USDT       | K=25 | اختبار=  340 | tri_μ=1.22 | [cache]
22:07:15 [INFO]   ✓ BAND/USDT      | K=25 | اختبار=  438 | tri_μ=1.32 | [cache]
22:07:15 [INFO]   ✓ STORJ/USDT     | K=25 | اختبار=  441 | tri_μ=1.32 | [cache]
22:07:15 [INFO]   ✓ KSM/USDT       | K=25 | اختبار=  419 | tri_μ=1.26 | [cache]
22:07:15 [INFO]   ✓ DYDX/USDT      | K=25 | اختبار=  450 | tri_μ=1.31 | [cache]
22:07:15 [INFO]   ✓ CELO/USDT      | K=25 | اختبار=  446 | tri_μ=1.30 | [cache]
22:07:15 [INFO]   ✓ ZEN/USDT       | K=25 | اختبار=  388 | tri_μ=1.24 | [cache]
22:07:15 [INFO]   ✓ MASK/USDT      | K=25 | اختبار=  449 | tri_μ=1.28 | [cache]
22:07:15 [INFO]   ✓ ENS/USDT       | K=25 | اختبار=  429 | tri_μ=1.27 | [cache]
22:07:15 [INFO]   ✓ GMX/USDT       | K=25 | اختبار=  446 | tri_μ=1.28 | [cache]
22:07:15 [INFO]   ✓ MAGIC/USDT     | K=25 | اختبار=  411 | tri_μ=1.25 | [cache]
22:07:15 [INFO]   ✓ PENDLE/USDT    | K=25 | اختبار=  469 | tri_μ=1.30 | [cache]
22:07:15 [INFO]   ✓ JOE/USDT       | K=25 | اختبار=  414 | tri_μ=1.31 | [cache]
22:07:15 [INFO]   ✓ HIGH/USDT      | K=25 | اختبار=  462 | tri_μ=1.33 | [cache]
22:07:15 [INFO]   ✓ CYBER/USDT     | K=25 | اختبار=  451 | tri_μ=1.29 | [cache]
22:07:15 [INFO]   ✓ ARKM/USDT      | K=25 | اختبار=  419 | tri_μ=1.30 | [cache]
22:07:15 [INFO]   ✓ WLD/USDT       | K=25 | اختبار=  477 | tri_μ=1.32 | [cache]
22:07:15 [INFO]   ✓ ID/USDT        | K=25 | اختبار=  435 | tri_μ=1.30 | [cache]
22:07:15 [INFO]   ✓ BLUR/USDT      | K=25 | اختبار=  446 | tri_μ=1.30 | [cache]
22:07:15 [INFO]   ✓ EDU/USDT       | K=25 | اختبار=  449 | tri_μ=1.28 | [cache]
22:07:15 [INFO]   ✓ JTO/USDT       | K=25 | اختبار=  450 | tri_μ=1.30 | [cache]
22:07:15 [INFO]   ✓ ORDI/USDT      | K=25 | اختبار=  456 | tri_μ=1.26 | [cache]
22:07:15 [INFO]   ✓ PYTH/USDT      | K=25 | اختبار=  429 | tri_μ=1.29 | [cache]
22:07:15 [INFO]   ✓ JUP/USDT       | K=25 | اختبار=  432 | tri_μ=1.32 | [cache]
22:07:15 [INFO]   ✓ DYM/USDT       | K=25 | اختبار=  427 | tri_μ=1.26 | [cache]
22:07:15 [INFO]   ✓ STRK/USDT      | K=25 | اختبار=  400 | tri_μ=1.28 | [cache]
22:07:15 [INFO]   ✓ ALT/USDT       | K=25 | اختبار=  331 | tri_μ=1.26 | [cache]
22:07:15 [INFO]   ✓ MANTA/USDT     | K=25 | اختبار=  400 | tri_μ=1.32 | [cache]
22:07:15 [INFO]   ✓ AEVO/USDT      | K=25 | اختبار=  446 | tri_μ=1.30 | [cache]
22:07:15 [INFO]   ✓ ETHFI/USDT     | K=25 | اختبار=  409 | tri_μ=1.26 | [cache]
22:07:15 [INFO]   ✓ W/USDT         | K=25 | اختبار=  411 | tri_μ=1.25 | [cache]
22:07:15 [INFO]   ✓ ZK/USDT        | K=25 | اختبار=  412 | tri_μ=1.31 | [cache]
22:07:15 [INFO]   ✓ SAGA/USDT      | K=25 | اختبار=  419 | tri_μ=1.27 | [cache]
22:07:15 [INFO]   ✓ BB/USDT        | K=25 | اختبار=  452 | tri_μ=1.33 | [cache]
22:07:15 [INFO]   ✓ IO/USDT        | K=25 | اختبار=  434 | tri_μ=1.32 | [cache]
22:07:15 [INFO]   ✓ LISTA/USDT     | K=25 | اختبار=  461 | tri_μ=1.30 | [cache]
22:07:15 [INFO]   ✓ ZRO/USDT       | K=25 | اختبار=  421 | tri_μ=1.31 | [cache]
22:07:15 [INFO]   ✓ G/USDT         | K=25 | اختبار=  440 | tri_μ=1.33 | [cache]
22:07:15 [INFO]   ✓ RARE/USDT      | K=25 | اختبار=  454 | tri_μ=1.25 | [cache]
22:07:15 [INFO]   ✓ SYN/USDT       | K=25 | اختبار=  434 | tri_μ=1.29 | [cache]
22:07:15 [INFO]   ✓ TAIKO/USDT     | K=25 | اختبار=  245 | tri_μ=1.28 | [cache]
22:07:15 [INFO]   ✓ BANANA/USDT    | K=25 | اختبار=  449 | tri_μ=1.24 | [cache]
22:07:15 [INFO]   ✓ MERL/USDT      | K=25 | اختبار=  288 | tri_μ=1.29 | [cache]
22:07:18 [WARNING] [process_asset] MEW/USDT: degenerate clustering (H_train=0.029, H_theo=4.644, ratio=0.006, K=25) — returning None
22:07:18 [WARNING]   ✗ MEW/USDT: process_asset returned None
22:07:24 [INFO]   [Parallel] done in 21.8s  (cache=99, computed=0, errors=1)
22:07:24 [INFO] §4  مصفوفة الارتباط...
22:07:25 [INFO]   أزواج مرتبطة (ρ>0.7): 2799
22:07:25 [INFO] §5  بناء الإشارات (①②④⑤ مُفعَّلة)...
22:07:25 [INFO] [Gauge-Filter] thresholds: BUY>p60=0.14886, SELL>p95=0.21053 (pool=96957)
22:07:30 [INFO]   ✔ 152 إشارة
22:07:30 [INFO]   T_info: μ=4.676 | σ=2.889
22:07:30 [INFO]   risk_dynamic: μ=1.999% | max=2.47%
22:07:30 [INFO]   BUY=0 | SELL=152 (Λ=0)
22:07:30 [INFO] §6  محاكاة المحفظة متعددة المراكز...
22:07:30 [INFO]   [Backtest Realism] Entry fills: 123/152 (80.9%) [pen=1.0bps, wait=live=0s → 6 bars]
22:07:30 [INFO]   ✔ 106 صفقة
22:07:30 [INFO] §7  انحدار الإنتروبيا...
22:07:30 [INFO]   BNB/USDT      : b=-0.00023  R²=0.025  [neutral]
22:07:30 [INFO]   ETH/USDT      : b=+0.00011  R²=0.005  [neutral]
22:07:30 [INFO]   SOL/USDT      : b=-0.00022  R²=0.016  [neutral]
22:07:30 [INFO]   BTC/USDT      : b=+0.00006  R²=0.002  [neutral]
22:07:34 [INFO] 📊 quantum_v6_results.png
22:07:34 [INFO] ✅ اكتمل.
22:07:34 [INFO]    E[ln(1+fR)] = -0.001820
22:07:34 [INFO]    MaxDrawdown  = 32.95%
22:07:34 [INFO]    Topo-Exits   = 0.0%
22:07:34 [INFO]    AvgRisk      = 0.782%
22:07:34 [INFO] [Diagnostic] Close-and-reverse within 3h: 0

════════════════════════════════════════════════════════════════════════
   📊  محرك التداول الثرموديناميكي الكمي v6.0  [BACKTEST]
   🌌  محرك التفرد – Singularity Engine
════════════════════════════════════════════════════════════════════════

▶ المقياس الأساسي (م٦): E[ln(1+fR)] لكل صفقة
   متوسط  : -0.001820
   وسيط   : -0.005616
   انحراف : 0.012291
   → ❌ حافة سلبية

▶ إحصاءات الصفقات
   عدد الصفقات      : 106
   شراء / بيع        : 0 / 106
   نسبة النجاح      : 32.08%
   عامل الربح (PF)  : 0.625
   متوسط الربح      : $0.8614
   متوسط الخسارة   : $-0.6505
   شارب (سنوي)      : -2.351
   دخول مُحسَّن       : 0  (0.0%)

▶ التعديلات الجديدة (v6.0)
   ① متوسط T_info (حرارة معلوماتية) : 4.7076
   ① متوسط المخاطرة الديناميكية     : 0.782%
   ② خروج توبولوجي (Topo-Div)       : 0  (0.0%)
   خروج TRI مبكر                    : 0  (0.0%)
   انزلاق إجمالي                    : $4.05

▶ رأس المال (مقياس ثانوي)
   ابتدائي: $100.00  →  نهائي: $82.45
   العائد الكلي     : -17.5%
   أقصى انخفاض     : 32.95%  ($32.95)

▶ تحذير السيولة (م٦): 0 (0.0%)  ✅ معقول

▶ توزيع أسباب الخروج
   Emergency SL             :      90  (84.9%)
   Hard TP                  :      13  (12.3%)
   MaxHold                  :       3  (2.8%)

════════════════════════════════════════════════════════════════════════


▶ تحليل MFE (أقصى ربح غير مُحقَّق)
   Emergency SL   (n=  90) | μMFE= 1.98%  max=10.65%  | >0.5%:   63  >1.0%:   47  >2.0%:   33
   Hard TP        (n=  13) | μMFE=11.95%  max=13.82%  | >0.5%:   13  >1.0%:   13  >2.0%:   13

▶ ميزانية المخاطرة الكلية
   μ risk/trade : 0.782%
   max risk/trade : 2.998%
   min risk/trade : 0.500%
