19:01:05 [INFO] [Level-2] Numba kernels warm (JIT ready in 0.7s)
19:01:05 [INFO] [Cache] LIVE_ASSET_CACHE_MAX adjusted to 150
19:01:08 [INFO] [TF] timeframe=4h TF_SCALE=0.2500 TF_SECONDS=14400 TF_HOURS=4.000
19:01:08 [INFO] [TF-Unified] N=24 W=20 L=10 ADV_BARS=6 (σ≈0.25× 1h)
19:01:08 [INFO] [Data] mode=backtest | tf=4h | history=90d (540 bars/symbol) | quality=degraded | source=user(90d)
19:01:08 [WARNING] [Data] degraded quality: tail=540 < strict_min/2=5012. Many assets may be skipped by degenerate detection. Recommended minimum for 4h: --history-days 2339.
19:01:08 [INFO] [Trail] Trailing Stop Loss DISABLED — SL is fixed
19:01:08 [INFO] [Backtest] --no-fixed-price: entry target will be derived from close[sig.close_idx] × (1 ± PO_PENETRATION_BPS)
19:01:08 [INFO] [Watch] Watch-then-trigger ENABLED (κ_prox=0.5, swing_lookback=60, phase1_timeout=16h)
19:01:08 [INFO] [Gauge] Filter ENABLED
19:01:08 [INFO] [OppTP] Opposite-Signal Adaptive TP DISABLED
19:01:08 [INFO] [TradeLog] Logging trades to trades_hybrid_90d.jsonl
19:01:08 [INFO] §1  مسح أعلى 15 عملة...
19:01:08 [INFO] §2  جلب البيانات (متوازٍ)...
19:01:22 [INFO]   ✓ ADA/USDT      : 540 شمعة
19:01:22 [INFO]   ✓ BTC/USDT      : 540 شمعة
19:01:23 [INFO]   ✓ BNB/USDT      : 540 شمعة
19:01:23 [INFO]   ✓ ETH/USDT      : 540 شمعة
19:01:23 [INFO]   ✓ LINK/USDT     : 540 شمعة
19:01:23 [INFO]   ✓ AVAX/USDT     : 540 شمعة
19:01:23 [INFO]   ✓ SOL/USDT      : 540 شمعة
19:01:23 [INFO]   ✓ DOT/USDT      : 540 شمعة
19:01:24 [INFO]   ✓ LTC/USDT      : 540 شمعة
19:01:24 [INFO]   ✓ UNI/USDT      : 540 شمعة
19:01:24 [INFO]   ✓ ATOM/USDT     : 540 شمعة
19:01:24 [INFO]   ✓ ETC/USDT      : 540 شمعة
19:01:24 [INFO]   ✓ TRX/USDT      : 540 شمعة
19:01:24 [INFO]   ✓ TON/USDT      : 540 شمعة
19:01:24 [INFO]   ✓ HBAR/USDT     : 540 شمعة
19:01:24 [INFO]   ✓ BCH/USDT      : 540 شمعة
19:01:24 [INFO]   ✓ APT/USDT      : 540 شمعة
19:01:24 [INFO]   ✓ NEAR/USDT     : 540 شمعة
19:01:25 [INFO]   ✓ STX/USDT      : 540 شمعة
19:01:25 [INFO]   ✓ AAVE/USDT     : 540 شمعة
19:01:25 [INFO]   ✓ SUI/USDT      : 540 شمعة
19:01:25 [INFO]   ✓ OP/USDT       : 540 شمعة
19:01:25 [INFO]   ✓ ARB/USDT      : 540 شمعة
19:01:25 [INFO]   ✓ TIA/USDT      : 540 شمعة
19:01:25 [INFO]   ✓ SEI/USDT      : 540 شمعة
19:01:26 [INFO]   ✓ ALGO/USDT     : 540 شمعة
19:01:26 [INFO]   ✓ LDO/USDT      : 540 شمعة
19:01:26 [INFO]   ✓ FET/USDT      : 540 شمعة
19:01:26 [INFO]   ✓ GRT/USDT      : 540 شمعة
19:01:26 [INFO]   ✓ RENDER/USDT   : 540 شمعة
19:01:26 [INFO]   ✓ KAS/USDT      : 540 شمعة
19:01:26 [INFO]   ✓ WIF/USDT      : 540 شمعة
19:01:27 [INFO]   ✓ AXS/USDT      : 540 شمعة
19:01:27 [INFO]   ✓ THETA/USDT    : 540 شمعة
19:01:27 [INFO]   ✓ MANA/USDT     : 540 شمعة
19:01:27 [INFO]   ✓ SAND/USDT     : 540 شمعة
19:01:27 [INFO]   ✓ XLM/USDT      : 540 شمعة
19:01:27 [INFO]   ✓ CHZ/USDT      : 540 شمعة
19:01:28 [INFO]   ✓ POL/USDT      : 540 شمعة
19:01:28 [INFO]   ✓ FIL/USDT      : 540 شمعة
19:01:28 [INFO]   ✓ QNT/USDT      : 540 شمعة
19:01:28 [INFO]   ✓ DASH/USDT     : 540 شمعة
19:01:28 [INFO]   ✓ FLOW/USDT     : 540 شمعة
19:01:28 [INFO]   ✓ CAKE/USDT     : 540 شمعة
19:01:29 [INFO]   ✓ NEO/USDT      : 540 شمعة
19:01:29 [INFO]   ✓ KAVA/USDT     : 540 شمعة
19:01:29 [INFO]   ✓ IOTA/USDT     : 540 شمعة
19:01:29 [INFO]   ✓ ROSE/USDT     : 540 شمعة
19:01:29 [INFO]   ✓ CRV/USDT      : 540 شمعة
19:01:29 [INFO]   ✓ SNX/USDT      : 540 شمعة
19:01:29 [INFO]   ✓ ZRX/USDT      : 540 شمعة
19:01:29 [INFO]   ✓ COMP/USDT     : 540 شمعة
19:01:30 [INFO]   ✓ YFI/USDT      : 540 شمعة
19:01:30 [INFO]   ✓ SUSHI/USDT    : 540 شمعة
19:01:30 [INFO]   ✓ BAT/USDT      : 540 شمعة
19:01:30 [INFO]   ✓ ANKR/USDT     : 540 شمعة
19:01:30 [INFO]   ✓ STORJ/USDT    : 540 شمعة
19:01:30 [INFO]   ✓ KSM/USDT      : 540 شمعة
19:01:30 [INFO]   ✓ NMR/USDT      : 540 شمعة
19:01:30 [INFO]   ✓ BAND/USDT     : 540 شمعة
19:01:31 [INFO]   ✓ ZEN/USDT      : 540 شمعة
19:01:31 [INFO]   ✓ CELO/USDT     : 540 شمعة
19:01:31 [INFO]   ✓ DYDX/USDT     : 540 شمعة
19:01:31 [INFO]   ✓ MASK/USDT     : 540 شمعة
19:01:31 [INFO]   ✓ ENS/USDT      : 540 شمعة
19:01:31 [INFO]   ✓ GMX/USDT      : 540 شمعة
19:01:31 [INFO]   ✓ MAGIC/USDT    : 540 شمعة
19:01:32 [INFO]   ✓ HIGH/USDT     : 540 شمعة
19:01:32 [INFO]   ✓ PENDLE/USDT   : 540 شمعة
19:01:32 [INFO]   ✓ JOE/USDT      : 540 شمعة
19:01:32 [INFO]   ✓ ARKM/USDT     : 540 شمعة
19:01:32 [INFO]   ✓ WLD/USDT      : 540 شمعة
19:01:32 [INFO]   ✓ CYBER/USDT    : 540 شمعة
19:01:32 [INFO]   ✓ BLUR/USDT     : 540 شمعة
19:01:33 [INFO]   ✓ EDU/USDT      : 540 شمعة
19:01:33 [INFO]   ✓ ID/USDT       : 540 شمعة
19:01:33 [INFO]   ✓ JUP/USDT      : 540 شمعة
19:01:33 [INFO]   ✓ ORDI/USDT     : 540 شمعة
19:01:33 [INFO]   ✓ PYTH/USDT     : 540 شمعة
19:01:33 [INFO]   ✓ MANTA/USDT    : 540 شمعة
19:01:34 [INFO]   ✓ DYM/USDT      : 540 شمعة
19:01:34 [INFO]   ✓ STRK/USDT     : 540 شمعة
19:01:34 [INFO]   ✓ JTO/USDT      : 540 شمعة
19:01:34 [INFO]   ✓ ALT/USDT      : 540 شمعة
19:01:34 [INFO]   ✓ AEVO/USDT     : 540 شمعة
19:01:34 [INFO]   ✓ BB/USDT       : 540 شمعة
19:01:34 [INFO]   ✓ ETHFI/USDT    : 540 شمعة
19:01:34 [INFO]   ✓ W/USDT        : 540 شمعة
19:01:34 [INFO]   ✓ SAGA/USDT     : 540 شمعة
19:01:35 [INFO]   ✓ IO/USDT       : 540 شمعة
19:01:35 [INFO]   ✓ ZK/USDT       : 540 شمعة
19:01:35 [INFO]   ✓ LISTA/USDT    : 540 شمعة
19:01:35 [INFO]   ✓ G/USDT        : 540 شمعة
19:01:35 [INFO]   ✓ TAIKO/USDT    : 540 شمعة
19:01:35 [INFO]   ✓ ZRO/USDT      : 540 شمعة
19:01:35 [INFO]   ✓ RARE/USDT     : 540 شمعة
19:01:36 [INFO]   ✓ SYN/USDT      : 540 شمعة
19:01:36 [INFO]   ✓ BANANA/USDT   : 540 شمعة
19:01:36 [INFO]   ✓ MERL/USDT     : 540 شمعة
19:01:36 [INFO]   ✓ MEW/USDT      : 540 شمعة
19:01:38 [INFO]   ✓ ADA/USDT      : 8,640 شمعة 15m
19:01:38 [INFO]   ✓ BNB/USDT      : 8,640 شمعة 15m
19:01:38 [INFO]   ✓ ETH/USDT      : 8,640 شمعة 15m
19:01:38 [INFO]   ✓ LINK/USDT     : 8,640 شمعة 15m
19:01:38 [INFO]   ✓ BTC/USDT      : 8,640 شمعة 15m
19:01:39 [INFO]   ✓ AVAX/USDT     : 8,640 شمعة 15m
19:01:39 [INFO]   ✓ DOT/USDT      : 8,640 شمعة 15m
19:01:39 [INFO]   ✓ SOL/USDT      : 8,640 شمعة 15m
19:01:40 [INFO]   ✓ UNI/USDT      : 8,640 شمعة 15m
19:01:40 [INFO]   ✓ LTC/USDT      : 8,640 شمعة 15m
19:01:40 [INFO]   ✓ ATOM/USDT     : 8,640 شمعة 15m
19:01:41 [INFO]   ✓ ETC/USDT      : 8,640 شمعة 15m
19:01:41 [INFO]   ✓ TRX/USDT      : 8,640 شمعة 15m
19:01:41 [INFO]   ✓ HBAR/USDT     : 8,640 شمعة 15m
19:01:42 [INFO]   ✓ BCH/USDT      : 8,640 شمعة 15m
19:01:42 [INFO]   ✓ NEAR/USDT     : 8,640 شمعة 15m
19:01:42 [INFO]   ✓ APT/USDT      : 8,640 شمعة 15m
19:01:42 [INFO]   ✓ STX/USDT      : 8,640 شمعة 15m
19:01:43 [INFO]   ✓ AAVE/USDT     : 8,640 شمعة 15m
19:01:43 [INFO]   ✓ OP/USDT       : 8,640 شمعة 15m
19:01:43 [INFO]   ✓ SUI/USDT      : 8,640 شمعة 15m
19:01:43 [INFO]   ✓ ARB/USDT      : 8,640 شمعة 15m
19:01:44 [INFO]   ✓ TIA/USDT      : 8,640 شمعة 15m
19:01:44 [INFO]   ✓ ALGO/USDT     : 8,640 شمعة 15m
19:01:44 [INFO]   ✓ SEI/USDT      : 8,640 شمعة 15m
19:01:45 [INFO]   ✓ LDO/USDT      : 8,640 شمعة 15m
19:01:45 [INFO]   ✓ FET/USDT      : 8,640 شمعة 15m
19:01:46 [INFO]   ✓ RENDER/USDT   : 8,640 شمعة 15m
19:01:46 [INFO]   ✓ GRT/USDT      : 8,640 شمعة 15m
19:01:46 [INFO]   ✓ KAS/USDT      : 8,640 شمعة 15m
19:01:47 [INFO]   ✓ WIF/USDT      : 8,640 شمعة 15m
19:01:47 [INFO]   ✓ MANA/USDT     : 8,640 شمعة 15m
19:01:47 [INFO]   ✓ THETA/USDT    : 8,640 شمعة 15m
19:01:47 [INFO]   ✓ AXS/USDT      : 8,640 شمعة 15m
19:01:48 [INFO]   ✓ SAND/USDT     : 8,640 شمعة 15m
19:01:48 [INFO]   ✓ XLM/USDT      : 8,640 شمعة 15m
19:01:49 [INFO]   ✓ FIL/USDT      : 8,640 شمعة 15m
19:01:49 [INFO]   ✓ CHZ/USDT      : 8,640 شمعة 15m
19:01:49 [INFO]   ✓ POL/USDT      : 8,640 شمعة 15m
19:01:49 [INFO]   ✓ QNT/USDT      : 8,640 شمعة 15m
19:01:50 [INFO]   ✓ DASH/USDT     : 8,640 شمعة 15m
19:01:50 [INFO]   ✓ CAKE/USDT     : 8,640 شمعة 15m
19:01:50 [INFO]   ✓ NEO/USDT      : 8,640 شمعة 15m
19:01:50 [INFO]   ✓ FLOW/USDT     : 8,640 شمعة 15m
19:01:51 [INFO]   ✓ KAVA/USDT     : 8,640 شمعة 15m
19:01:51 [INFO]   ✓ IOTA/USDT     : 8,640 شمعة 15m
19:01:51 [INFO]   ✓ ROSE/USDT     : 8,640 شمعة 15m
19:01:52 [INFO]   ✓ CRV/USDT      : 8,640 شمعة 15m
19:01:52 [INFO]   ✓ SNX/USDT      : 8,640 شمعة 15m
19:01:52 [INFO]   ✓ ZRX/USDT      : 8,640 شمعة 15m
19:01:52 [INFO]   ✓ COMP/USDT     : 8,640 شمعة 15m
19:01:53 [INFO]   ✓ YFI/USDT      : 8,640 شمعة 15m
19:01:53 [INFO]   ✓ BAT/USDT      : 8,640 شمعة 15m
19:01:53 [INFO]   ✓ SUSHI/USDT    : 8,640 شمعة 15m
19:01:54 [INFO]   ✓ ANKR/USDT     : 8,640 شمعة 15m
19:01:54 [INFO]   ✓ KSM/USDT      : 8,640 شمعة 15m
19:01:55 [INFO]   ✓ NMR/USDT      : 8,640 شمعة 15m
19:01:55 [INFO]   ✓ BAND/USDT     : 8,640 شمعة 15m
19:01:55 [INFO]   ✓ ZEN/USDT      : 8,640 شمعة 15m
19:01:55 [INFO]   ✓ CELO/USDT     : 8,640 شمعة 15m
19:01:56 [INFO]   ✓ STORJ/USDT    : 5,208 شمعة 15m
19:01:56 [INFO]   ✓ ENS/USDT      : 8,640 شمعة 15m
19:01:57 [INFO]   ✓ DYDX/USDT     : 8,640 شمعة 15m
19:01:57 [INFO]   ✓ MASK/USDT     : 8,640 شمعة 15m
19:01:57 [INFO]   ✓ GMX/USDT      : 8,640 شمعة 15m
19:01:57 [INFO]   ✓ MAGIC/USDT    : 8,640 شمعة 15m
19:01:58 [INFO]   ✓ JOE/USDT      : 8,640 شمعة 15m
19:01:58 [INFO]   ✓ ARKM/USDT     : 8,640 شمعة 15m
19:01:58 [INFO]   ✓ PENDLE/USDT   : 8,640 شمعة 15m
19:01:59 [INFO]   ✓ WLD/USDT      : 8,640 شمعة 15m
19:02:00 [INFO]   ✓ BLUR/USDT     : 8,640 شمعة 15m
19:02:00 [INFO]   ✓ CYBER/USDT    : 8,640 شمعة 15m
19:02:00 [INFO]   ✓ EDU/USDT      : 8,640 شمعة 15m
19:02:00 [INFO]   ✓ ID/USDT       : 8,640 شمعة 15m
19:02:01 [INFO]   ✓ JUP/USDT      : 8,640 شمعة 15m
19:02:01 [INFO]   ✓ ORDI/USDT     : 8,640 شمعة 15m
19:02:02 [INFO]   ✓ MANTA/USDT    : 8,640 شمعة 15m
19:02:02 [INFO]   ✓ PYTH/USDT     : 8,640 شمعة 15m
19:02:03 [INFO]   ✓ STRK/USDT     : 8,640 شمعة 15m
19:02:03 [INFO]   ✓ DYM/USDT      : 8,640 شمعة 15m
19:02:03 [INFO]   ✓ JTO/USDT      : 8,640 شمعة 15m
19:02:03 [INFO]   ✓ ALT/USDT      : 8,640 شمعة 15m
19:02:04 [INFO]   ✓ AEVO/USDT     : 8,640 شمعة 15m
19:02:04 [INFO]   ✓ ETHFI/USDT    : 8,640 شمعة 15m
19:02:04 [INFO]   ✓ BB/USDT       : 8,640 شمعة 15m
19:02:04 [INFO]   ✓ W/USDT        : 8,640 شمعة 15m
19:02:05 [INFO]   ✓ SAGA/USDT     : 8,640 شمعة 15m
19:02:06 [INFO]   ✓ LISTA/USDT    : 8,640 شمعة 15m
19:02:06 [INFO]   ✓ IO/USDT       : 8,640 شمعة 15m
19:02:06 [INFO]   ✓ ZK/USDT       : 8,640 شمعة 15m
19:02:06 [INFO]   ✓ G/USDT        : 8,640 شمعة 15m
19:02:07 [INFO]   ✓ TAIKO/USDT    : 8,640 شمعة 15m
19:02:07 [INFO]   ✓ RARE/USDT     : 8,640 شمعة 15m
19:02:07 [INFO]   ✓ ZRO/USDT      : 8,640 شمعة 15m
19:02:07 [INFO]   ✓ SYN/USDT      : 8,640 شمعة 15m
19:02:07 [INFO]   ✓ BANANA/USDT   : 8,640 شمعة 15m
19:02:08 [INFO]   ✓ MERL/USDT     : 8,640 شمعة 15m
19:02:08 [INFO]   ✓ MEW/USDT      : 8,640 شمعة 15m
19:02:08 [INFO]   [SubBars] loaded for 98 symbols at 15m
19:02:08 [INFO] §3  معالجة فضاء الحالة (K ديناميكي)...
19:02:08 [INFO]   [Parallel] 7 workers × 100 symbols (cache=on)
╔══════════════════════════════════════════════════════════════════════╗
  [Level-1] Parallel: True  Cache: True
  [Level-2] Numba: True

║  محرك التداول الثرموديناميكي الكمي v6.0 – Singularity Engine     ║
║  الوضع: BACKTEST    |  رأس المال: $100.00              ║
╠══════════════════════════════════════════════════════════════════════╣
║  ① Boltzmann Kelly: BASE=2.0%  λ=0.05  [1.0%–5.0%]  ║
║  ② Topo-Divergence: ε=0.05  (حتمية هندسية)              ║
║  ③ Dynamic-K:       [25–50]  (SNR ∝ 1/m)                     ║
║  ④ Cosmological Λ:  0  (De Sitter drift)                  ║
║  ⑤ T_sync EMA-accel: فلتر التشابك عبر المقاييس                  ║
╚══════════════════════════════════════════════════════════════════════╝

19:02:20 [INFO]   ✓ ADA/USDT       | K=25 | اختبار=   93 | tri_μ=1.30 | [computed]
19:02:21 [INFO]   ✓ LINK/USDT      | K=25 | اختبار=  108 | tri_μ=1.34 | [computed]
19:02:21 [INFO]   ✓ AVAX/USDT      | K=25 | اختبار=  115 | tri_μ=1.28 | [computed]
19:02:21 [INFO]   ✓ SOL/USDT       | K=25 | اختبار=  109 | tri_μ=1.30 | [computed]
19:02:21 [INFO]   ✓ DOT/USDT       | K=25 | اختبار=  104 | tri_μ=1.35 | [computed]
19:02:21 [INFO]   ✓ LTC/USDT       | K=25 | اختبار=  133 | tri_μ=1.32 | [computed]
19:02:21 [INFO]   ✓ BTC/USDT       | K=25 | اختبار=   96 | tri_μ=1.39 | [computed]
19:02:21 [INFO]   ✓ UNI/USDT       | K=25 | اختبار=  103 | tri_μ=1.29 | [computed]
19:02:21 [INFO]   ✓ ATOM/USDT      | K=25 | اختبار=  104 | tri_μ=1.28 | [computed]
19:02:21 [INFO]   ✓ ETC/USDT       | K=25 | اختبار=  105 | tri_μ=1.30 | [computed]
19:02:22 [WARNING] [process_asset] TON/USDT: degenerate clustering (H_train=0.523, H_theo=4.644, ratio=0.113, K=25) — returning None
19:02:22 [WARNING]   ✗ TON/USDT: process_asset returned None
19:02:22 [INFO]   ✓ TRX/USDT       | K=25 | اختبار=  120 | tri_μ=1.31 | [computed]
19:02:22 [INFO]   ✓ HBAR/USDT      | K=25 | اختبار=  100 | tri_μ=1.35 | [computed]
19:02:22 [INFO]   ✓ BCH/USDT       | K=25 | اختبار=  116 | tri_μ=1.30 | [computed]
19:02:22 [INFO]   ✓ APT/USDT       | K=25 | اختبار=  109 | tri_μ=1.28 | [computed]
19:02:22 [INFO]   ✓ NEAR/USDT      | K=25 | اختبار=   93 | tri_μ=1.29 | [computed]
19:02:22 [INFO]   ✓ STX/USDT       | K=25 | اختبار=   93 | tri_μ=1.29 | [computed]
19:02:22 [INFO]   ✓ AAVE/USDT      | K=25 | اختبار=  106 | tri_μ=1.34 | [computed]
19:02:22 [INFO]   ✓ SUI/USDT       | K=25 | اختبار=   89 | tri_μ=1.24 | [computed]
19:02:22 [INFO]   ✓ OP/USDT        | K=25 | اختبار=   97 | tri_μ=1.34 | [computed]
19:02:22 [INFO]   ✓ ARB/USDT       | K=25 | اختبار=   84 | tri_μ=1.29 | [computed]
19:02:22 [INFO]   ✓ TIA/USDT       | K=25 | اختبار=  117 | tri_μ=1.27 | [computed]
19:02:22 [INFO]   ✓ SEI/USDT       | K=25 | اختبار=   97 | tri_μ=1.32 | [computed]
19:02:22 [INFO]   ✓ ALGO/USDT      | K=25 | اختبار=  100 | tri_μ=1.27 | [computed]
19:02:23 [INFO]   ✓ BNB/USDT       | K=25 | اختبار=  119 | tri_μ=1.27 | [computed]
19:02:23 [INFO]   ✓ LDO/USDT       | K=25 | اختبار=  100 | tri_μ=1.31 | [computed]
19:02:23 [INFO]   ✓ GRT/USDT       | K=25 | اختبار=  109 | tri_μ=1.34 | [computed]
19:02:23 [INFO]   ✓ KAS/USDT       | K=25 | اختبار=  111 | tri_μ=1.25 | [computed]
19:02:23 [INFO]   ✓ RENDER/USDT    | K=25 | اختبار=  102 | tri_μ=1.34 | [computed]
19:02:23 [INFO]   ✓ WIF/USDT       | K=25 | اختبار=  111 | tri_μ=1.34 | [computed]
19:02:23 [INFO]   ✓ AXS/USDT       | K=25 | اختبار=  100 | tri_μ=1.33 | [computed]
19:02:23 [INFO]   ✓ THETA/USDT     | K=25 | اختبار=  106 | tri_μ=1.32 | [computed]
19:02:23 [INFO]   ✓ MANA/USDT      | K=25 | اختبار=  124 | tri_μ=1.34 | [computed]
19:02:23 [INFO]   ✓ SAND/USDT      | K=25 | اختبار=  108 | tri_μ=1.33 | [computed]
19:02:23 [INFO]   ✓ XLM/USDT       | K=25 | اختبار=  104 | tri_μ=1.28 | [computed]
19:02:23 [INFO]   ✓ CHZ/USDT       | K=25 | اختبار=  107 | tri_μ=1.23 | [computed]
19:02:23 [INFO]   ✓ FIL/USDT       | K=25 | اختبار=  121 | tri_μ=1.35 | [computed]
19:02:23 [INFO]   ✓ POL/USDT       | K=25 | اختبار=   95 | tri_μ=1.30 | [computed]
19:02:23 [INFO]   ✓ QNT/USDT       | K=25 | اختبار=  109 | tri_μ=1.29 | [computed]
19:02:23 [INFO]   ✓ DASH/USDT      | K=25 | اختبار=   95 | tri_μ=1.27 | [computed]
19:02:23 [INFO]   ✓ CAKE/USDT      | K=25 | اختبار=  103 | tri_μ=1.26 | [computed]
19:02:23 [INFO]   ✓ FLOW/USDT      | K=25 | اختبار=   96 | tri_μ=1.24 | [computed]
19:02:23 [INFO]   ✓ NEO/USDT       | K=25 | اختبار=  118 | tri_μ=1.34 | [computed]
19:02:24 [INFO]   ✓ KAVA/USDT      | K=25 | اختبار=   98 | tri_μ=1.28 | [computed]
19:02:24 [INFO]   ✓ IOTA/USDT      | K=25 | اختبار=  107 | tri_μ=1.34 | [computed]
19:02:24 [INFO]   ✓ ROSE/USDT      | K=25 | اختبار=  105 | tri_μ=1.30 | [computed]
19:02:24 [INFO]   ✓ CRV/USDT       | K=25 | اختبار=  104 | tri_μ=1.30 | [computed]
19:02:24 [INFO]   ✓ ZRX/USDT       | K=25 | اختبار=  116 | tri_μ=1.29 | [computed]
19:02:24 [INFO]   ✓ SNX/USDT       | K=25 | اختبار=  100 | tri_μ=1.28 | [computed]
19:02:24 [INFO]   ✓ COMP/USDT      | K=25 | اختبار=  100 | tri_μ=1.23 | [computed]
19:02:24 [INFO]   ✓ SUSHI/USDT     | K=25 | اختبار=  107 | tri_μ=1.28 | [computed]
19:02:24 [INFO]   ✓ BAT/USDT       | K=25 | اختبار=  106 | tri_μ=1.36 | [computed]
19:02:24 [INFO]   ✓ YFI/USDT       | K=25 | اختبار=  113 | tri_μ=1.30 | [computed]
19:02:24 [INFO]   ✓ ANKR/USDT      | K=25 | اختبار=  110 | tri_μ=1.31 | [computed]
19:02:24 [INFO]   ✓ STORJ/USDT     | K=25 | اختبار=   33 | tri_μ=1.18 | [computed]
19:02:24 [INFO]   ✓ KSM/USDT       | K=25 | اختبار=  103 | tri_μ=1.35 | [computed]
19:02:24 [INFO]   ✓ NMR/USDT       | K=25 | اختبار=  119 | tri_μ=1.32 | [computed]
19:02:24 [INFO]   ✓ BAND/USDT      | K=25 | اختبار=  119 | tri_μ=1.29 | [computed]
19:02:24 [INFO]   ✓ ZEN/USDT       | K=25 | اختبار=   88 | tri_μ=1.28 | [computed]
19:02:24 [INFO]   ✓ CELO/USDT      | K=25 | اختبار=  112 | tri_μ=1.32 | [computed]
19:02:25 [INFO]   ✓ DYDX/USDT      | K=25 | اختبار=  111 | tri_μ=1.23 | [computed]
19:02:25 [INFO]   ✓ MASK/USDT      | K=25 | اختبار=  105 | tri_μ=1.28 | [computed]
19:02:25 [INFO]   ✓ ENS/USDT       | K=25 | اختبار=  102 | tri_μ=1.25 | [computed]
19:02:25 [WARNING] [process_asset] HIGH/USDT: degenerate clustering (H_train=0.743, H_theo=4.644, ratio=0.160, K=25) — returning None
19:02:25 [WARNING]   ✗ HIGH/USDT: process_asset returned None
19:02:25 [INFO]   ✓ GMX/USDT       | K=25 | اختبار=  105 | tri_μ=1.30 | [computed]
19:02:25 [INFO]   ✓ MAGIC/USDT     | K=25 | اختبار=  118 | tri_μ=1.30 | [computed]
19:02:25 [INFO]   ✓ PENDLE/USDT    | K=25 | اختبار=  125 | tri_μ=1.30 | [computed]
19:02:25 [INFO]   ✓ JOE/USDT       | K=25 | اختبار=  104 | tri_μ=1.30 | [computed]
19:02:25 [INFO]   ✓ ARKM/USDT      | K=25 | اختبار=  103 | tri_μ=1.37 | [computed]
19:02:25 [INFO]   ✓ WLD/USDT       | K=25 | اختبار=  111 | tri_μ=1.32 | [computed]
19:02:25 [INFO]   ✓ CYBER/USDT     | K=25 | اختبار=  102 | tri_μ=1.33 | [computed]
19:02:25 [INFO]   ✓ BLUR/USDT      | K=25 | اختبار=  112 | tri_μ=1.33 | [computed]
19:02:25 [INFO]   ✓ EDU/USDT       | K=25 | اختبار=  101 | tri_μ=1.36 | [computed]
19:02:25 [INFO]   ✓ ID/USDT        | K=25 | اختبار=  122 | tri_μ=1.28 | [computed]
19:02:25 [INFO]   ✓ JUP/USDT       | K=25 | اختبار=  111 | tri_μ=1.29 | [computed]
19:02:25 [INFO]   ✓ ORDI/USDT      | K=25 | اختبار=  120 | tri_μ=1.27 | [computed]
19:02:25 [INFO]   ✓ MANTA/USDT     | K=25 | اختبار=  104 | tri_μ=1.29 | [computed]
19:02:25 [INFO]   ✓ PYTH/USDT      | K=25 | اختبار=  101 | tri_μ=1.31 | [computed]
19:02:26 [INFO]   ✓ ETH/USDT       | K=25 | اختبار=  112 | tri_μ=1.28 | [computed]
19:02:26 [INFO]   ✓ DYM/USDT       | K=25 | اختبار=   97 | tri_μ=1.35 | [computed]
19:02:26 [INFO]   ✓ STRK/USDT      | K=25 | اختبار=   87 | tri_μ=1.26 | [computed]
19:02:26 [INFO]   ✓ JTO/USDT       | K=25 | اختبار=  106 | tri_μ=1.34 | [computed]
19:02:26 [INFO]   ✓ ALT/USDT       | K=25 | اختبار=  107 | tri_μ=1.34 | [computed]
19:02:26 [INFO]   ✓ AEVO/USDT      | K=25 | اختبار=  102 | tri_μ=1.28 | [computed]
19:02:26 [INFO]   ✓ BB/USDT        | K=25 | اختبار=   79 | tri_μ=1.22 | [computed]
19:02:26 [INFO]   ✓ ETHFI/USDT     | K=25 | اختبار=  108 | tri_μ=1.29 | [computed]
19:02:26 [INFO]   ✓ SAGA/USDT      | K=25 | اختبار=  100 | tri_μ=1.26 | [computed]
19:02:26 [INFO]   ✓ W/USDT         | K=25 | اختبار=  110 | tri_μ=1.26 | [computed]
19:02:26 [INFO]   ✓ IO/USDT        | K=25 | اختبار=   98 | tri_μ=1.30 | [computed]
19:02:26 [INFO]   ✓ ZK/USDT        | K=25 | اختبار=  111 | tri_μ=1.28 | [computed]
19:02:26 [INFO]   ✓ LISTA/USDT     | K=25 | اختبار=  109 | tri_μ=1.25 | [computed]
19:02:26 [INFO]   ✓ G/USDT         | K=25 | اختبار=   84 | tri_μ=1.26 | [computed]
19:02:26 [INFO]   ✓ TAIKO/USDT     | K=25 | اختبار=  111 | tri_μ=1.32 | [computed]
19:02:26 [INFO]   ✓ ZRO/USDT       | K=25 | اختبار=  100 | tri_μ=1.27 | [computed]
19:02:26 [INFO]   ✓ RARE/USDT      | K=25 | اختبار=  100 | tri_μ=1.28 | [computed]
19:02:26 [INFO]   ✓ SYN/USDT       | K=25 | اختبار=  112 | tri_μ=1.31 | [computed]
19:02:26 [WARNING] [process_asset] MEW/USDT: degenerate clustering (H_train=0.464, H_theo=4.644, ratio=0.100, K=25) — returning None
19:02:26 [WARNING]   ✗ MEW/USDT: process_asset returned None
19:02:26 [INFO]   ✓ BANANA/USDT    | K=25 | اختبار=  118 | tri_μ=1.26 | [computed]
19:02:26 [INFO]   ✓ MERL/USDT      | K=25 | اختبار=  104 | tri_μ=1.25 | [computed]
19:02:28 [INFO]   ✓ FET/USDT       | K=25 | اختبار=   95 | tri_μ=1.31 | [computed]
19:02:30 [INFO]   [Parallel] done in 22.0s  (cache=0, computed=97, errors=3)
19:02:30 [INFO] §4  مصفوفة الارتباط...
19:02:31 [INFO]   أزواج مرتبطة (ρ>0.7): 27
19:02:31 [INFO] §5  بناء الإشارات (①②④⑤ مُفعَّلة)...
19:02:31 [INFO] [Gauge-Filter] thresholds: BUY>p60=0.14886, SELL>p85=0.18232 (pool=22260)
19:02:32 [INFO]   ✔ 2,960 إشارة
19:02:32 [INFO]   T_info: μ=5.098 | σ=2.474
19:02:32 [INFO]   risk_dynamic: μ=1.948% | max=2.49%
19:02:32 [INFO]   BUY=2,089 | SELL=871 (Λ=0)
19:02:32 [INFO] §6  محاكاة المحفظة متعددة المراكز...
19:02:32 [INFO]   [Backtest Realism] Entry fills: 1,866/2,960 (63.0%) [pen=1.0bps, wait=live=0s → 6 bars]
19:02:35 [INFO]   ✔ 1,023 صفقة
19:02:35 [INFO] §7  انحدار الإنتروبيا...
19:02:35 [INFO]   ADA/USDT      : b=+0.00427  R²=0.135  [increasing]
19:02:35 [INFO]   LINK/USDT     : b=-0.00342  R²=0.158  [decreasing]
19:02:35 [INFO]   AVAX/USDT     : b=-0.00289  R²=0.140  [decreasing]
19:02:35 [INFO]   SOL/USDT      : b=-0.00063  R²=0.009  [neutral]
19:02:38 [INFO] 📊 quantum_v6_results.png
19:02:38 [INFO] ✅ اكتمل.
19:02:38 [INFO]    E[ln(1+fR)] = +0.002160
19:02:38 [INFO]    MaxDrawdown  = 57.07%
19:02:38 [INFO]    Topo-Exits   = 0.0%
19:02:38 [INFO]    AvgRisk      = 1.167%
19:02:38 [INFO] [Diagnostic] Close-and-reverse within 3h: 0

════════════════════════════════════════════════════════════════════════
   📊  محرك التداول الثرموديناميكي الكمي v6.0  [BACKTEST]
   🌌  محرك التفرد – Singularity Engine
════════════════════════════════════════════════════════════════════════

▶ المقياس الأساسي (م٦): E[ln(1+fR)] لكل صفقة
   متوسط  : +0.002160
   وسيط   : -0.005385
   انحراف : 0.023304
   → ✅ حافة إيجابية

▶ إحصاءات الصفقات
   عدد الصفقات      : 1,023
   شراء / بيع        : 770 / 253
   نسبة النجاح      : 20.63%
   عامل الربح (PF)  : 0.962
   متوسط الربح      : $369.5703
   متوسط الخسارة   : $-99.8197
   شارب (سنوي)      : 1.471
   دخول مُحسَّن       : 0  (0.0%)

▶ التعديلات الجديدة (v6.0)
   ① متوسط T_info (حرارة معلوماتية) : 5.0282
   ① متوسط المخاطرة الديناميكية     : 1.167%
   ② خروج توبولوجي (Topo-Div)       : 0  (0.0%)
   خروج TRI مبكر                    : 0  (0.0%)
   انزلاق إجمالي                    : $8,309.80

▶ رأس المال (مقياس ثانوي)
   ابتدائي: $100.00  →  نهائي: $36,552.09
   العائد الكلي     : 36,452.1%
   أقصى انخفاض     : 57.07%  ($19,791.38)

▶ تحذير السيولة (م٦): 1 (0.1%)  ✅ معقول

▶ توزيع أسباب الخروج
   Emergency SL             :     877  (85.7%)
   Hard TP                  :     136  (13.3%)
   MaxHold                  :       7  (0.7%)
   EndOfData                :       3  (0.3%)

════════════════════════════════════════════════════════════════════════


▶ تحليل MFE (أقصى ربح غير مُحقَّق)
   Emergency SL   (n= 877) | μMFE= 2.10%  max=11.12%  | >0.5%:  511  >1.0%:  455  >2.0%:  356
   Hard TP        (n= 136) | μMFE=12.07%  max=22.82%  | >0.5%:  136  >1.0%:  136  >2.0%:  136

▶ ميزانية المخاطرة الكلية
   μ risk/trade : 1.167%
   max risk/trade : 2.662%
   min risk/trade : 0.500%
