02:39:47 [INFO] [Level-2] Numba kernels warm (JIT ready in 0.6s)
02:39:49 [INFO] [TF] timeframe=1h TF_SCALE=1.0000 TF_SECONDS=3600 TF_HOURS=1.000
02:39:49 [INFO] §1  مسح أعلى 15 عملة...
02:39:55 [INFO] §2  جلب البيانات (متوازٍ)...
02:39:56 [INFO]   ✓ BNB/USDT      : 17,521 شمعة
02:39:57 [INFO]   ✓ XRP/USDT      : 17,521 شمعة
02:39:57 [INFO]   ✓ ETH/USDT      : 17,521 شمعة
02:39:57 [INFO]   ✓ SOL/USDT      : 17,521 شمعة
02:39:57 [INFO]   ✓ BTC/USDT      : 17,521 شمعة
02:39:57 [INFO] §3  معالجة فضاء الحالة (K ديناميكي)...
02:39:57 [INFO]   [Parallel] 5 workers × 5 symbols (cache=on)
╔══════════════════════════════════════════════════════════════════════╗
  [Level-1] Parallel: True  Cache: True
  [Level-2] Numba: True

║  محرك التداول الثرموديناميكي الكمي v6.0 – Singularity Engine     ║
║  الوضع: BACKTEST    |  رأس المال: $55.00              ║
╠══════════════════════════════════════════════════════════════════════╣
║  ① Boltzmann Kelly: BASE=2.0%  λ=0.05  [1.0%–5.0%]  ║
║  ② Topo-Divergence: ε=0.05  (حتمية هندسية)              ║
║  ③ Dynamic-K:       [4–12]  (SNR ∝ 1/m)                     ║
║  ④ Cosmological Λ:  0  (De Sitter drift)                  ║
║  ⑤ T_sync EMA-accel: فلتر التشابك عبر المقاييس                  ║
╚══════════════════════════════════════════════════════════════════════╝

02:40:07 [INFO]   ✓ BNB/USDT       | K=11 | اختبار=  763 | tri_μ=1.26 | [cache]
02:40:07 [INFO]   ✓ BNB/USDT       | K=11 | اختبار=  763 | tri_μ=1.26 | [cache]
02:40:07 [INFO]   ✓ XRP/USDT       | K=11 | اختبار=  687 | tri_μ=1.21 | [cache]
02:40:07 [INFO]   ✓ XRP/USDT       | K=11 | اختبار=  687 | tri_μ=1.21 | [cache]
02:40:07 [INFO]   ✓ ETH/USDT       | K=11 | اختبار=  567 | tri_μ=1.23 | [cache]
02:40:07 [INFO]   ✓ ETH/USDT       | K=11 | اختبار=  567 | tri_μ=1.23 | [cache]
02:40:07 [INFO]   ✓ SOL/USDT       | K=11 | اختبار=  306 | tri_μ=1.15 | [cache]
02:40:07 [INFO]   ✓ SOL/USDT       | K=11 | اختبار=  306 | tri_μ=1.15 | [cache]
02:40:07 [INFO]   ✓ BTC/USDT       | K=11 | اختبار=  755 | tri_μ=1.28 | [cache]
02:40:07 [INFO]   ✓ BTC/USDT       | K=11 | اختبار=  755 | tri_μ=1.28 | [cache]
02:40:12 [INFO]   [Parallel] done in 15.1s  (cache=10, computed=0, errors=0)
02:40:12 [INFO] §4  مصفوفة الارتباط...
02:40:12 [INFO]   أزواج مرتبطة (ρ>0.7): 9
02:40:12 [INFO] §5  بناء الإشارات (①②④⑤ مُفعَّلة)...
02:40:14 [INFO] [RuleFilter] thresholds: rvol24_q33=0.00463, dist_high_q66=-0.01039, tf_std_q66=0.600, range_pos_q66=0.678
02:40:14 [INFO] [RuleFilter] kept=1816, rejected=1239 (40.6%) @ min_score=2
02:40:14 [INFO]   ✔ 1,816 إشارة
02:40:14 [INFO]   T_info: μ=3.581 | σ=1.317
02:40:14 [INFO]   risk_dynamic: μ=2.111% | max=2.70%
02:40:14 [INFO]   BUY=791 | SELL=1,025 (Λ=0)
02:40:14 [INFO] §6  محاكاة المحفظة متعددة المراكز...
02:40:14 [INFO]   [Backtest Realism] Entry fills: 360/1,816 (19.8%) [pen=1.0bps, wait=15bars]
02:40:14 [INFO]   ✔ 346 صفقة
02:40:14 [INFO] §7  انحدار الإنتروبيا...
02:40:14 [INFO]   BNB/USDT      : b=+0.00001  R²=0.003  [neutral]
02:40:14 [INFO]   XRP/USDT      : b=+0.00002  R²=0.004  [neutral]
02:40:14 [INFO]   ETH/USDT      : b=-0.00010  R²=0.159  [decreasing]
02:40:14 [INFO]   SOL/USDT      : b=-0.00008  R²=0.111  [decreasing]
02:40:18 [INFO] 📊 quantum_v6_results.png
02:40:18 [INFO] ✅ اكتمل.
02:40:18 [INFO]    E[ln(1+fR)] = +0.016802
02:40:18 [INFO]    MaxDrawdown  = 14.23%
02:40:18 [INFO]    Topo-Exits   = 0.0%
02:40:18 [INFO]    AvgRisk      = 2.831%
02:40:18 [INFO] [Diagnostic] Close-and-reverse within 3h: 0

════════════════════════════════════════════════════════════════════════
   📊  محرك التداول الثرموديناميكي الكمي v6.0  [BACKTEST]
   🌌  محرك التفرد – Singularity Engine
════════════════════════════════════════════════════════════════════════

▶ المقياس الأساسي (م٦): E[ln(1+fR)] لكل صفقة
   متوسط  : +0.016802
   وسيط   : +0.011265
   انحراف : 0.038237
   → ✅ حافة إيجابية

▶ إحصاءات الصفقات
   عدد الصفقات      : 346
   شراء / بيع        : 138 / 208
   نسبة النجاح      : 67.63%
   عامل الربح (PF)  : 3.800
   متوسط الربح      : $106.4869
   متوسط الخسارة   : $-58.5474
   شارب (سنوي)      : 6.976
   دخول مُحسَّن       : 0  (0.0%)

▶ التعديلات الجديدة (v6.0)
   ① متوسط T_info (حرارة معلوماتية) : 3.9562
   ① متوسط المخاطرة الديناميكية     : 2.831%
   ② خروج توبولوجي (Topo-Div)       : 0  (0.0%)
   خروج TRI مبكر                    : 0  (0.0%)
   انزلاق إجمالي                    : $0.00

▶ رأس المال (مقياس ثانوي)
   ابتدائي: $55.00  →  نهائي: $18,415.62
   العائد الكلي     : 33,382.9%
   أقصى انخفاض     : 14.23%  ($709.52)

▶ تحذير السيولة (م٦): 0 (0.0%)  ✅ معقول

▶ توزيع أسباب الخروج
   Emergency SL             :     324  (93.6%)
   Apex: Action Integral Exhaustion:      22  (6.4%)

════════════════════════════════════════════════════════════════════════


▶ تحليل MFE (أقصى ربح غير مُحقَّق)
   Emergency SL   (n= 324) | μMFE= 0.76%  max= 4.18%  | >0.5%:  178  >1.0%:   94  >2.0%:   24
   Apex exits     (n=  22) | μMFE= 1.37%  max= 3.32%  | >0.5%:   21  >1.0%:   14  >2.0%:    5

▶ ميزانية المخاطرة الكلية
   μ risk/trade : 2.831%
   max risk/trade : 3.000%
   min risk/trade : 2.401%
