22:52:45 [INFO] [Level-2] Numba kernels warm (JIT ready in 0.5s)
22:52:47 [INFO] [TF] timeframe=1h TF_SCALE=1.0000 TF_SECONDS=3600 TF_HOURS=1.000
22:52:47 [INFO] §1  مسح أعلى 15 عملة...
22:52:53 [INFO] §2  جلب البيانات (متوازٍ)...
22:52:54 [INFO]   ✓ XRP/USDT      : 17,535 شمعة
22:52:54 [INFO]   ✓ DOGE/USDT     : 17,535 شمعة
22:52:55 [INFO]   ✓ ETH/USDT      : 17,535 شمعة
22:52:55 [INFO]   ✓ BNB/USDT      : 17,535 شمعة
22:52:55 [INFO]   ✓ SOL/USDT      : 17,535 شمعة
22:52:55 [INFO]   ✓ BTC/USDT      : 17,535 شمعة
22:52:55 [INFO]   ✓ ADA/USDT      : 17,535 شمعة
22:52:55 [INFO]   ✓ LINK/USDT     : 17,535 شمعة
22:52:55 [INFO]   ✓ AVAX/USDT     : 17,535 شمعة
22:52:55 [INFO]   ✓ DOT/USDT      : 17,535 شمعة
22:52:55 [INFO]   ✓ LTC/USDT      : 17,535 شمعة
22:52:55 [INFO]   ✓ UNI/USDT      : 17,535 شمعة
22:52:56 [INFO]   ✓ ATOM/USDT     : 17,535 شمعة
22:52:56 [INFO]   ✓ TRX/USDT      : 17,535 شمعة
22:52:56 [INFO]   ✓ ETC/USDT      : 17,535 شمعة
22:52:56 [INFO]   ✓ XAG/USDT      : 6,133 شمعة
22:52:56 [INFO]   ✓ POL/USDT      : 17,535 شمعة
22:52:56 [INFO]   ✓ TON/USDT      : 17,528 شمعة
22:52:56 [INFO]   ✓ BCH/USDT      : 17,535 شمعة
22:52:56 [INFO]   ✓ HBAR/USDT     : 17,535 شمعة
22:52:56 [INFO]   ✓ APT/USDT      : 17,535 شمعة
22:52:56 [INFO]   ✓ NEAR/USDT     : 17,535 شمعة
22:52:57 [INFO]   ✓ VET/USDT      : 17,535 شمعة
22:52:57 [INFO]   ✓ AAVE/USDT     : 17,535 شمعة
22:52:57 [INFO]   ✓ FIL/USDT      : 17,535 شمعة
22:52:57 [INFO]   ✓ STX/USDT      : 17,535 شمعة
22:52:57 [INFO]   ✓ ARB/USDT      : 17,535 شمعة
22:52:57 [INFO]   ✓ OP/USDT       : 17,535 شمعة
22:52:57 [INFO]   ✓ SUI/USDT      : 17,535 شمعة
22:52:57 [INFO]   ✓ SEI/USDT      : 17,528 شمعة
22:52:57 [INFO]   ✓ TIA/USDT      : 17,528 شمعة
22:52:57 [INFO]   ✓ INJ/USDT      : 17,535 شمعة
22:52:58 [INFO]   ✓ ALGO/USDT     : 17,528 شمعة
22:52:58 [INFO]   ✓ RENDER/USDT   : 17,528 شمعة
22:52:58 [INFO]   ✓ GRT/USDT      : 17,528 شمعة
22:52:58 [INFO]   ✓ LDO/USDT      : 17,528 شمعة
22:52:58 [INFO]   ✓ FET/USDT      : 17,528 شمعة
22:52:58 [INFO]   ✓ KAS/USDT      : 17,528 شمعة
22:52:58 [INFO]   ✓ WIF/USDT      : 17,528 شمعة
22:52:58 [INFO]   ✓ SAND/USDT     : 17,528 شمعة
22:52:58 [INFO]   ✓ EGLD/USDT     : 17,528 شمعة
22:52:58 [INFO]   ✓ THETA/USDT    : 17,528 شمعة
22:52:59 [INFO]   ✓ MANA/USDT     : 17,528 شمعة
22:52:59 [INFO]   ✓ AXS/USDT      : 17,528 شمعة
22:52:59 [INFO]   ✓ CHZ/USDT      : 17,528 شمعة
22:52:59 [INFO]   ✓ XLM/USDT      : 17,528 شمعة
22:52:59 [INFO] §3  معالجة فضاء الحالة (K ديناميكي)...
22:52:59 [INFO]   [Parallel] 8 workers × 46 symbols (cache=on)
╔══════════════════════════════════════════════════════════════════════╗
  [Level-1] Parallel: True  Cache: True
  [Level-2] Numba: True

║  محرك التداول الثرموديناميكي الكمي v6.0 – Singularity Engine     ║
║  الوضع: BACKTEST    |  رأس المال: $100.00              ║
╠══════════════════════════════════════════════════════════════════════╣
║  ① Boltzmann Kelly: BASE=2.0%  λ=0.05  [1.0%–5.0%]  ║
║  ② Topo-Divergence: ε=0.05  (حتمية هندسية)              ║
║  ③ Dynamic-K:       [4–12]  (SNR ∝ 1/m)                     ║
║  ④ Cosmological Λ:  0  (De Sitter drift)                  ║
║  ⑤ T_sync EMA-accel: فلتر التشابك عبر المقاييس                  ║
╚══════════════════════════════════════════════════════════════════════╝

22:53:09 [INFO]   ✓ XRP/USDT       | K=11 | اختبار=  678 | tri_μ=1.21 | [cache]
22:53:09 [INFO]   ✓ XRP/USDT       | K=11 | اختبار=  678 | tri_μ=1.21 | [cache]
22:53:09 [INFO]   ✓ DOGE/USDT      | K=11 | اختبار=  512 | tri_μ=1.16 | [cache]
22:53:09 [INFO]   ✓ DOGE/USDT      | K=11 | اختبار=  512 | tri_μ=1.16 | [cache]
22:53:09 [INFO]   ✓ ETH/USDT       | K=11 | اختبار=  565 | tri_μ=1.23 | [cache]
22:53:09 [INFO]   ✓ ETH/USDT       | K=11 | اختبار=  565 | tri_μ=1.23 | [cache]
22:53:09 [INFO]   ✓ BNB/USDT       | K=11 | اختبار=  750 | tri_μ=1.26 | [cache]
22:53:09 [INFO]   ✓ BNB/USDT       | K=11 | اختبار=  750 | tri_μ=1.26 | [cache]
22:53:09 [INFO]   ✓ SOL/USDT       | K=11 | اختبار=  304 | tri_μ=1.15 | [cache]
22:53:09 [INFO]   ✓ SOL/USDT       | K=11 | اختبار=  304 | tri_μ=1.15 | [cache]
22:53:10 [INFO]   ✓ BTC/USDT       | K=11 | اختبار=  755 | tri_μ=1.28 | [cache]
22:53:10 [INFO]   ✓ BTC/USDT       | K=11 | اختبار=  755 | tri_μ=1.28 | [cache]
22:53:10 [INFO]   ✓ ADA/USDT       | K=11 | اختبار=  574 | tri_μ=1.20 | [cache]
22:53:10 [INFO]   ✓ ADA/USDT       | K=11 | اختبار=  574 | tri_μ=1.20 | [cache]
22:53:10 [INFO]   ✓ LINK/USDT      | K=11 | اختبار=  732 | tri_μ=1.23 | [cache]
22:53:10 [INFO]   ✓ LINK/USDT      | K=11 | اختبار=  732 | tri_μ=1.23 | [cache]
22:53:10 [INFO]   ✓ AVAX/USDT      | K=11 | اختبار=  435 | tri_μ=1.16 | [cache]
22:53:10 [INFO]   ✓ AVAX/USDT      | K=11 | اختبار=  435 | tri_μ=1.16 | [cache]
22:53:10 [INFO]   ✓ LTC/USDT       | K=11 | اختبار=  645 | tri_μ=1.21 | [cache]
22:53:10 [INFO]   ✓ LTC/USDT       | K=11 | اختبار=  645 | tri_μ=1.21 | [cache]
22:53:10 [INFO]   ✓ DOT/USDT       | K=11 | اختبار=  523 | tri_μ=1.19 | [cache]
22:53:10 [INFO]   ✓ DOT/USDT       | K=11 | اختبار=  523 | tri_μ=1.19 | [cache]
22:53:10 [INFO]   ✓ UNI/USDT       | K=11 | اختبار=  566 | tri_μ=1.19 | [cache]
22:53:10 [INFO]   ✓ UNI/USDT       | K=11 | اختبار=  566 | tri_μ=1.19 | [cache]
22:53:10 [INFO]   ✓ ATOM/USDT      | K=11 | اختبار=  653 | tri_μ=1.23 | [cache]
22:53:10 [INFO]   ✓ ATOM/USDT      | K=11 | اختبار=  653 | tri_μ=1.23 | [cache]
22:53:10 [INFO]   ✓ TRX/USDT       | K=11 | اختبار=  693 | tri_μ=1.23 | [cache]
22:53:10 [INFO]   ✓ TRX/USDT       | K=11 | اختبار=  693 | tri_μ=1.23 | [cache]
22:53:10 [INFO]   ✓ XAG/USDT       | K=11 | اختبار=   40 | tri_μ=1.03 | [cache]
22:53:10 [INFO]   ✓ XAG/USDT       | K=11 | اختبار=   40 | tri_μ=1.03 | [cache]
22:53:10 [INFO]   ✓ ETC/USDT       | K=11 | اختبار=  661 | tri_μ=1.22 | [cache]
22:53:10 [INFO]   ✓ ETC/USDT       | K=11 | اختبار=  661 | tri_μ=1.22 | [cache]
22:53:10 [INFO]   ✓ POL/USDT       | K=11 | اختبار=  536 | tri_μ=1.21 | [cache]
22:53:10 [INFO]   ✓ POL/USDT       | K=11 | اختبار=  536 | tri_μ=1.21 | [cache]
22:53:10 [INFO]   ✓ TON/USDT       | K=11 | اختبار=  429 | tri_μ=1.09 | [cache]
22:53:10 [INFO]   ✓ TON/USDT       | K=11 | اختبار=  429 | tri_μ=1.09 | [cache]
22:53:10 [INFO]   ✓ BCH/USDT       | K=11 | اختبار=  688 | tri_μ=1.24 | [cache]
22:53:10 [INFO]   ✓ BCH/USDT       | K=11 | اختبار=  688 | tri_μ=1.24 | [cache]
22:53:10 [INFO]   ✓ HBAR/USDT      | K=11 | اختبار=  694 | tri_μ=1.21 | [cache]
22:53:10 [INFO]   ✓ HBAR/USDT      | K=11 | اختبار=  694 | tri_μ=1.21 | [cache]
22:53:11 [INFO]   ✓ APT/USDT       | K=11 | اختبار=  442 | tri_μ=1.18 | [cache]
22:53:11 [INFO]   ✓ APT/USDT       | K=11 | اختبار=  442 | tri_μ=1.18 | [cache]
22:53:11 [INFO]   ✓ NEAR/USDT      | K=11 | اختبار=  448 | tri_μ=1.18 | [cache]
22:53:11 [INFO]   ✓ NEAR/USDT      | K=11 | اختبار=  448 | tri_μ=1.18 | [cache]
22:53:11 [INFO]   ✓ VET/USDT       | K=11 | اختبار=  580 | tri_μ=1.21 | [cache]
22:53:11 [INFO]   ✓ VET/USDT       | K=11 | اختبار=  580 | tri_μ=1.21 | [cache]
22:53:11 [INFO]   ✓ AAVE/USDT      | K=11 | اختبار=  449 | tri_μ=1.18 | [cache]
22:53:11 [INFO]   ✓ AAVE/USDT      | K=11 | اختبار=  449 | tri_μ=1.18 | [cache]
22:53:11 [INFO]   ✓ FIL/USDT       | K=11 | اختبار=  476 | tri_μ=1.18 | [cache]
22:53:11 [INFO]   ✓ FIL/USDT       | K=11 | اختبار=  476 | tri_μ=1.18 | [cache]
22:53:11 [INFO]   ✓ STX/USDT       | K=11 | اختبار=  706 | tri_μ=1.24 | [cache]
22:53:11 [INFO]   ✓ STX/USDT       | K=11 | اختبار=  706 | tri_μ=1.24 | [cache]
22:53:11 [INFO]   ✓ ARB/USDT       | K=11 | اختبار=  582 | tri_μ=1.19 | [cache]
22:53:11 [INFO]   ✓ ARB/USDT       | K=11 | اختبار=  582 | tri_μ=1.19 | [cache]
22:53:11 [INFO]   ✓ OP/USDT        | K=11 | اختبار=  467 | tri_μ=1.18 | [cache]
22:53:11 [INFO]   ✓ OP/USDT        | K=11 | اختبار=  467 | tri_μ=1.18 | [cache]
22:53:11 [INFO]   ✓ SUI/USDT       | K=11 | اختبار=  705 | tri_μ=1.24 | [cache]
22:53:11 [INFO]   ✓ SUI/USDT       | K=11 | اختبار=  705 | tri_μ=1.24 | [cache]
22:53:11 [INFO]   ✓ TIA/USDT       | K=11 | اختبار=  534 | tri_μ=1.20 | [cache]
22:53:11 [INFO]   ✓ TIA/USDT       | K=11 | اختبار=  534 | tri_μ=1.20 | [cache]
22:53:11 [INFO]   ✓ SEI/USDT       | K=11 | اختبار=  570 | tri_μ=1.19 | [cache]
22:53:11 [INFO]   ✓ SEI/USDT       | K=11 | اختبار=  570 | tri_μ=1.19 | [cache]
22:53:11 [INFO]   ✓ INJ/USDT       | K=11 | اختبار=  476 | tri_μ=1.18 | [cache]
22:53:11 [INFO]   ✓ INJ/USDT       | K=11 | اختبار=  476 | tri_μ=1.18 | [cache]
22:53:11 [INFO]   ✓ RENDER/USDT    | K=11 | اختبار=  590 | tri_μ=1.21 | [cache]
22:53:11 [INFO]   ✓ RENDER/USDT    | K=11 | اختبار=  590 | tri_μ=1.21 | [cache]
22:53:11 [INFO]   ✓ ALGO/USDT      | K=11 | اختبار=  624 | tri_μ=1.21 | [cache]
22:53:11 [INFO]   ✓ ALGO/USDT      | K=11 | اختبار=  624 | tri_μ=1.21 | [cache]
22:53:11 [INFO]   ✓ GRT/USDT       | K=11 | اختبار=  599 | tri_μ=1.21 | [cache]
22:53:11 [INFO]   ✓ GRT/USDT       | K=11 | اختبار=  599 | tri_μ=1.21 | [cache]
22:53:11 [INFO]   ✓ LDO/USDT       | K=11 | اختبار=  723 | tri_μ=1.23 | [cache]
22:53:11 [INFO]   ✓ LDO/USDT       | K=11 | اختبار=  723 | tri_μ=1.23 | [cache]
22:53:11 [INFO]   ✓ FET/USDT       | K=11 | اختبار=  541 | tri_μ=1.19 | [cache]
22:53:11 [INFO]   ✓ FET/USDT       | K=11 | اختبار=  541 | tri_μ=1.19 | [cache]
22:53:11 [INFO]   ✓ KAS/USDT       | K=11 | اختبار=  668 | tri_μ=1.22 | [cache]
22:53:11 [INFO]   ✓ KAS/USDT       | K=11 | اختبار=  668 | tri_μ=1.22 | [cache]
22:53:11 [INFO]   ✓ WIF/USDT       | K=11 | اختبار=  760 | tri_μ=1.23 | [cache]
22:53:11 [INFO]   ✓ WIF/USDT       | K=11 | اختبار=  760 | tri_μ=1.23 | [cache]
22:53:11 [INFO]   ✓ EGLD/USDT      | K=11 | اختبار=  349 | tri_μ=1.14 | [cache]
22:53:11 [INFO]   ✓ EGLD/USDT      | K=11 | اختبار=  349 | tri_μ=1.14 | [cache]
22:53:12 [INFO]   ✓ SAND/USDT      | K=11 | اختبار=  580 | tri_μ=1.19 | [cache]
22:53:12 [INFO]   ✓ SAND/USDT      | K=11 | اختبار=  580 | tri_μ=1.19 | [cache]
22:53:12 [INFO]   ✓ THETA/USDT     | K=11 | اختبار=  591 | tri_μ=1.20 | [cache]
22:53:12 [INFO]   ✓ THETA/USDT     | K=11 | اختبار=  591 | tri_μ=1.20 | [cache]
22:53:12 [INFO]   ✓ MANA/USDT      | K=11 | اختبار=  595 | tri_μ=1.20 | [cache]
22:53:12 [INFO]   ✓ MANA/USDT      | K=11 | اختبار=  595 | tri_μ=1.20 | [cache]
22:53:12 [INFO]   ✓ AXS/USDT       | K=11 | اختبار=  488 | tri_μ=1.18 | [cache]
22:53:12 [INFO]   ✓ AXS/USDT       | K=11 | اختبار=  488 | tri_μ=1.18 | [cache]
22:53:12 [INFO]   ✓ CHZ/USDT       | K=11 | اختبار=  507 | tri_μ=1.18 | [cache]
22:53:12 [INFO]   ✓ CHZ/USDT       | K=11 | اختبار=  507 | tri_μ=1.18 | [cache]
22:53:12 [INFO]   ✓ XLM/USDT       | K=11 | اختبار=  616 | tri_μ=1.19 | [cache]
22:53:12 [INFO]   ✓ XLM/USDT       | K=11 | اختبار=  616 | tri_μ=1.19 | [cache]
22:53:21 [INFO]   [Parallel] done in 22.0s  (cache=92, computed=0, errors=0)
22:53:21 [INFO] §4  مصفوفة الارتباط...
22:53:21 [INFO]   أزواج مرتبطة (ρ>0.7): 63
22:53:21 [INFO] §5  بناء الإشارات (①②④⑤ مُفعَّلة)...
22:53:35 [INFO] [RuleFilter] thresholds: rvol24_q33=0.00688, dist_high_q66=-0.01570, tf_std_q66=0.600, range_pos_q66=0.658
22:53:38 [INFO] [RuleFilter] kept=14605, rejected=10889 (42.7%) @ min_score=2
22:53:38 [INFO]   ✔ 14,605 إشارة
22:53:38 [INFO]   T_info: μ=4.788 | σ=2.274
22:53:38 [INFO]   risk_dynamic: μ=2.070% | max=2.70%
22:53:38 [INFO]   BUY=6,421 | SELL=8,184 (Λ=0)
22:53:38 [INFO] §6  محاكاة المحفظة متعددة المراكز...
22:53:38 [INFO]   [Backtest Realism] Entry fills: 4,221/14,605 (28.9%) [pen=1.0bps, wait=15bars]
22:53:38 [INFO]   ✔ 4,048 صفقة
22:53:38 [INFO] §7  انحدار الإنتروبيا...
22:53:38 [INFO]   XRP/USDT      : b=+0.00002  R²=0.004  [neutral]
22:53:38 [INFO]   DOGE/USDT     : b=+0.00003  R²=0.015  [neutral]
22:53:38 [INFO]   ETH/USDT      : b=-0.00010  R²=0.162  [decreasing]
22:53:38 [INFO]   BNB/USDT      : b=+0.00001  R²=0.006  [neutral]
22:53:42 [INFO] 📊 quantum_v6_results.png
22:53:42 [INFO] ✅ اكتمل.
22:53:42 [INFO]    E[ln(1+fR)] = +0.002112
22:53:42 [INFO]    MaxDrawdown  = 23.39%
22:53:42 [INFO]    Topo-Exits   = 0.0%
22:53:42 [INFO]    AvgRisk      = 1.146%
22:53:42 [INFO] [Diagnostic] Close-and-reverse within 3h: 0

════════════════════════════════════════════════════════════════════════
   📊  محرك التداول الثرموديناميكي الكمي v6.0  [BACKTEST]
   🌌  محرك التفرد – Singularity Engine
════════════════════════════════════════════════════════════════════════

▶ المقياس الأساسي (م٦): E[ln(1+fR)] لكل صفقة
   متوسط  : +0.002112
   وسيط   : +0.000415
   انحراف : 0.008734
   → ✅ حافة إيجابية

▶ إحصاءات الصفقات
   عدد الصفقات      : 4,048
   شراء / بيع        : 1,798 / 2,250
   نسبة النجاح      : 69.34%
   عامل الربح (PF)  : 5.496
   متوسط الربح      : $224.3971
   متوسط الخسارة   : $-92.3559
   شارب (سنوي)      : 3.838
   دخول مُحسَّن       : 0  (0.0%)

▶ التعديلات الجديدة (v6.0)
   ① متوسط T_info (حرارة معلوماتية) : 5.0940
   ① متوسط المخاطرة الديناميكية     : 1.146%
   ② خروج توبولوجي (Topo-Div)       : 0  (0.0%)
   خروج TRI مبكر                    : 0  (0.0%)
   انزلاق إجمالي                    : $0.00

▶ رأس المال (مقياس ثانوي)
   ابتدائي: $100.00  →  نهائي: $515,369.11
   العائد الكلي     : 515,269.1%
   أقصى انخفاض     : 23.39%  ($2,024.93)

▶ تحذير السيولة (م٦): 13 (0.3%)  ✅ معقول

▶ توزيع أسباب الخروج
   Trail-Win(peak           :   2,541  (62.8%)
   Initial-SL               :   1,233  (30.5%)
   Apex: Action Integral Exhaustion:     274  (6.8%)

════════════════════════════════════════════════════════════════════════


▶ تحليل MFE (أقصى ربح غير مُحقَّق)
   Apex exits     (n= 274) | μMFE= 2.00%  max=11.12%  | >0.5%:  274  >1.0%:  240  >2.0%:   93

▶ ميزانية المخاطرة الكلية
   μ risk/trade : 1.146%
   max risk/trade : 1.276%
   min risk/trade : 0.983%
