21:21:56 [INFO] [Level-2] Numba kernels warm (JIT ready in 1.0s)
21:21:58 [INFO] [TF] timeframe=1h TF_SCALE=1.0000 TF_SECONDS=3600 TF_HOURS=1.000
21:21:58 [INFO] §1  مسح أعلى 15 عملة...
21:22:05 [INFO] §2  جلب البيانات (متوازٍ)...
21:22:06 [INFO]   ✓ BNB/USDT      : 17,534 شمعة
21:22:07 [INFO]   ✓ DOGE/USDT     : 17,534 شمعة
21:22:07 [INFO]   ✓ BTC/USDT      : 17,534 شمعة
21:22:07 [INFO]   ✓ ETH/USDT      : 17,534 شمعة
21:22:07 [INFO]   ✓ XRP/USDT      : 17,534 شمعة
21:22:07 [INFO]   ✓ SOL/USDT      : 17,534 شمعة
21:22:07 [INFO]   ✓ ADA/USDT      : 17,534 شمعة
21:22:07 [INFO]   ✓ AVAX/USDT     : 17,534 شمعة
21:22:08 [INFO]   ✓ DOT/USDT      : 17,534 شمعة
21:22:08 [INFO]   ✓ LINK/USDT     : 17,534 شمعة
21:22:08 [INFO] §3  معالجة فضاء الحالة (K ديناميكي)...
21:22:08 [INFO]   [Parallel] 7 workers × 10 symbols (cache=on)
╔══════════════════════════════════════════════════════════════════════╗
  [Level-1] Parallel: True  Cache: True
  [Level-2] Numba: True

║  محرك التداول الثرموديناميكي الكمي v6.0 – Singularity Engine     ║
║  الوضع: BACKTEST    |  رأس المال: $100.00              ║
╠══════════════════════════════════════════════════════════════════════╣
║  ① Boltzmann Kelly: BASE=2.0%  λ=0.05  [1.0%–5.0%]  ║
║  ② Topo-Divergence: ε=0.05  (حتمية هندسية)              ║
║  ③ Dynamic-K:       [4–12]  (SNR ∝ 1/m)                     ║
║  ④ Cosmological Λ:  0  (De Sitter drift)                  ║
║  ⑤ T_sync EMA-accel: فلتر التشابك عبر المقاييس                  ║
╚══════════════════════════════════════════════════════════════════════╝

21:22:17 [INFO]   ✓ BNB/USDT       | K=11 | اختبار=  749 | tri_μ=1.26 | [cache]
21:22:17 [INFO]   ✓ BNB/USDT       | K=11 | اختبار=  749 | tri_μ=1.26 | [cache]
21:22:17 [INFO]   ✓ DOGE/USDT      | K=11 | اختبار=  512 | tri_μ=1.16 | [cache]
21:22:17 [INFO]   ✓ DOGE/USDT      | K=11 | اختبار=  512 | tri_μ=1.16 | [cache]
21:22:17 [INFO]   ✓ BTC/USDT       | K=11 | اختبار=  755 | tri_μ=1.28 | [cache]
21:22:17 [INFO]   ✓ BTC/USDT       | K=11 | اختبار=  755 | tri_μ=1.28 | [cache]
21:22:17 [INFO]   ✓ ETH/USDT       | K=11 | اختبار=  565 | tri_μ=1.23 | [cache]
21:22:17 [INFO]   ✓ ETH/USDT       | K=11 | اختبار=  565 | tri_μ=1.23 | [cache]
21:22:17 [INFO]   ✓ XRP/USDT       | K=11 | اختبار=  678 | tri_μ=1.21 | [cache]
21:22:17 [INFO]   ✓ XRP/USDT       | K=11 | اختبار=  678 | tri_μ=1.21 | [cache]
21:22:17 [INFO]   ✓ SOL/USDT       | K=11 | اختبار=  304 | tri_μ=1.15 | [cache]
21:22:17 [INFO]   ✓ SOL/USDT       | K=11 | اختبار=  304 | tri_μ=1.15 | [cache]
21:22:17 [INFO]   ✓ ADA/USDT       | K=11 | اختبار=  574 | tri_μ=1.20 | [cache]
21:22:17 [INFO]   ✓ ADA/USDT       | K=11 | اختبار=  574 | tri_μ=1.20 | [cache]
21:22:17 [INFO]   ✓ AVAX/USDT      | K=11 | اختبار=  435 | tri_μ=1.16 | [cache]
21:22:17 [INFO]   ✓ AVAX/USDT      | K=11 | اختبار=  435 | tri_μ=1.16 | [cache]
21:22:17 [INFO]   ✓ DOT/USDT       | K=11 | اختبار=  523 | tri_μ=1.19 | [cache]
21:22:17 [INFO]   ✓ DOT/USDT       | K=11 | اختبار=  523 | tri_μ=1.19 | [cache]
21:22:17 [INFO]   ✓ LINK/USDT      | K=11 | اختبار=  732 | tri_μ=1.23 | [cache]
21:22:17 [INFO]   ✓ LINK/USDT      | K=11 | اختبار=  732 | tri_μ=1.23 | [cache]
21:22:27 [INFO]   [Parallel] done in 18.9s  (cache=20, computed=0, errors=0)
21:22:27 [INFO] §4  مصفوفة الارتباط...
21:22:27 [INFO]   أزواج مرتبطة (ρ>0.7): 27
21:22:27 [INFO] §5  بناء الإشارات (①②④⑤ مُفعَّلة)...
21:22:30 [INFO] [RuleFilter] thresholds: rvol24_q33=0.00574, dist_high_q66=-0.01255, tf_std_q66=0.600, range_pos_q66=0.674
21:22:31 [INFO] [RuleFilter] kept=3332, rejected=2414 (42.0%) @ min_score=2
21:22:31 [INFO]   ✔ 3,332 إشارة
21:22:31 [INFO]   T_info: μ=4.031 | σ=1.617
21:22:31 [INFO]   risk_dynamic: μ=2.083% | max=2.70%
21:22:31 [INFO]   BUY=1,471 | SELL=1,861 (Λ=0)
21:22:31 [INFO] §6  محاكاة المحفظة متعددة المراكز...
21:22:31 [INFO]   [Backtest Realism] Entry fills: 785/3,332 (23.6%) [pen=1.0bps, wait=15bars]
21:22:31 [INFO]   ✔ 756 صفقة
21:22:31 [INFO] §7  انحدار الإنتروبيا...
21:22:31 [INFO]   BNB/USDT      : b=+0.00001  R²=0.006  [neutral]
21:22:31 [INFO]   DOGE/USDT     : b=+0.00003  R²=0.015  [neutral]
21:22:31 [INFO]   BTC/USDT      : b=-0.00002  R²=0.014  [neutral]
21:22:31 [INFO]   ETH/USDT      : b=-0.00010  R²=0.163  [decreasing]
21:22:35 [INFO] 📊 quantum_v6_results.png
21:22:35 [INFO] ✅ اكتمل.
21:22:35 [INFO]    E[ln(1+fR)] = +0.008364
21:22:35 [INFO]    MaxDrawdown  = 10.24%
21:22:35 [INFO]    Topo-Exits   = 0.0%
21:22:35 [INFO]    AvgRisk      = 1.146%
21:22:35 [INFO] [Diagnostic] Close-and-reverse within 3h: 0

════════════════════════════════════════════════════════════════════════
   📊  محرك التداول الثرموديناميكي الكمي v6.0  [BACKTEST]
   🌌  محرك التفرد – Singularity Engine
════════════════════════════════════════════════════════════════════════

▶ المقياس الأساسي (م٦): E[ln(1+fR)] لكل صفقة
   متوسط  : +0.008364
   وسيط   : +0.004294
   انحراف : 0.017611
   → ✅ حافة إيجابية

▶ إحصاءات الصفقات
   عدد الصفقات      : 756
   شراء / بيع        : 331 / 425
   نسبة النجاح      : 69.97%
   عامل الربح (PF)  : 4.805
   متوسط الربح      : $132.8235
   متوسط الخسارة   : $-64.4162
   شارب (سنوي)      : 7.540
   دخول مُحسَّن       : 0  (0.0%)

▶ التعديلات الجديدة (v6.0)
   ① متوسط T_info (حرارة معلوماتية) : 4.3551
   ① متوسط المخاطرة الديناميكية     : 1.146%
   ② خروج توبولوجي (Topo-Div)       : 0  (0.0%)
   خروج TRI مبكر                    : 0  (0.0%)
   انزلاق إجمالي                    : $0.00

▶ رأس المال (مقياس ثانوي)
   ابتدائي: $100.00  →  نهائي: $55,741.17
   العائد الكلي     : 55,641.2%
   أقصى انخفاض     : 10.24%  ($631.46)

▶ تحذير السيولة (م٦): 0 (0.0%)  ✅ معقول

▶ توزيع أسباب الخروج
   Trail-Win(peak           :     485  (64.2%)
   Initial-SL               :     227  (30.0%)
   Apex: Action Integral Exhaustion:      44  (5.8%)

════════════════════════════════════════════════════════════════════════


▶ تحليل MFE (أقصى ربح غير مُحقَّق)
   Apex exits     (n=  44) | μMFE= 1.87%  max= 4.48%  | >0.5%:   44  >1.0%:   37  >2.0%:   15

▶ ميزانية المخاطرة الكلية
   μ risk/trade : 1.146%
   max risk/trade : 1.277%
   min risk/trade : 0.982%
