20:35:32 [INFO] [Level-2] Numba kernels warm (JIT ready in 0.7s)
20:35:34 [INFO] [TF] timeframe=1h TF_SCALE=1.0000 TF_SECONDS=3600 TF_HOURS=1.000
20:35:34 [INFO] §1  مسح أعلى 15 عملة...
20:35:41 [INFO] §2  جلب البيانات (متوازٍ)...
20:35:42 [INFO]   ✓ BTC/USDT      : 17,533 شمعة
20:35:43 [INFO]   ✓ DOGE/USDT     : 17,533 شمعة
20:35:43 [INFO]   ✓ BNB/USDT      : 17,533 شمعة
20:35:43 [INFO]   ✓ XRP/USDT      : 17,533 شمعة
20:35:43 [INFO]   ✓ SOL/USDT      : 17,533 شمعة
20:35:43 [INFO]   ✓ ETH/USDT      : 17,533 شمعة
20:35:43 [INFO]   ✓ ADA/USDT      : 17,533 شمعة
20:35:43 [INFO]   ✓ AVAX/USDT     : 17,533 شمعة
20:35:44 [INFO]   ✓ DOT/USDT      : 17,533 شمعة
20:35:44 [INFO]   ✓ LINK/USDT     : 17,533 شمعة
20:35:44 [INFO] §3  معالجة فضاء الحالة (K ديناميكي)...
20:35:44 [INFO]   [Parallel] 7 workers × 10 symbols (cache=on)
╔══════════════════════════════════════════════════════════════════════╗
  [Level-1] Parallel: True  Cache: True
  [Level-2] Numba: True

║  محرك التداول الثرموديناميكي الكمي v6.0 – Singularity Engine     ║
║  الوضع: BACKTEST    |  رأس المال: $100.00              ║
╠══════════════════════════════════════════════════════════════════════╣
║  ① Boltzmann Kelly: BASE=2.0%  λ=0.05  [1.0%–5.0%]  ║
║  ② Topo-Divergence: ε=0.05  (حتمية هندسية)              ║
║  ③ Dynamic-K:       [4–12]  (SNR ∝ 1/m)                     ║
║  ④ Cosmological Λ:  0  (De Sitter drift)                  ║
║  ⑤ T_sync EMA-accel: فلتر التشابك عبر المقاييس                  ║
╚══════════════════════════════════════════════════════════════════════╝

20:35:57 [INFO]   ✓ BTC/USDT       | K=11 | اختبار=  756 | tri_μ=1.28 | [cache]
20:35:57 [INFO]   ✓ BTC/USDT       | K=11 | اختبار=  756 | tri_μ=1.28 | [cache]
20:35:57 [INFO]   ✓ DOGE/USDT      | K=11 | اختبار=  493 | tri_μ=1.12 | [cache]
20:35:57 [INFO]   ✓ DOGE/USDT      | K=11 | اختبار=  493 | tri_μ=1.12 | [cache]
20:35:57 [INFO]   ✓ BNB/USDT       | K=11 | اختبار=  747 | tri_μ=1.26 | [cache]
20:35:57 [INFO]   ✓ BNB/USDT       | K=11 | اختبار=  747 | tri_μ=1.26 | [cache]
20:35:57 [INFO]   ✓ XRP/USDT       | K=11 | اختبار=  678 | tri_μ=1.21 | [cache]
20:35:57 [INFO]   ✓ XRP/USDT       | K=11 | اختبار=  678 | tri_μ=1.21 | [cache]
20:35:57 [INFO]   ✓ SOL/USDT       | K=11 | اختبار=  304 | tri_μ=1.15 | [cache]
20:35:57 [INFO]   ✓ SOL/USDT       | K=11 | اختبار=  304 | tri_μ=1.15 | [cache]
20:35:57 [INFO]   ✓ ETH/USDT       | K=11 | اختبار=  567 | tri_μ=1.23 | [cache]
20:35:57 [INFO]   ✓ ETH/USDT       | K=11 | اختبار=  567 | tri_μ=1.23 | [cache]
20:35:57 [INFO]   ✓ ADA/USDT       | K=11 | اختبار=  568 | tri_μ=1.20 | [cache]
20:35:57 [INFO]   ✓ ADA/USDT       | K=11 | اختبار=  568 | tri_μ=1.20 | [cache]
20:35:57 [INFO]   ✓ AVAX/USDT      | K=11 | اختبار=  432 | tri_μ=1.16 | [cache]
20:35:57 [INFO]   ✓ AVAX/USDT      | K=11 | اختبار=  432 | tri_μ=1.16 | [cache]
20:35:57 [INFO]   ✓ DOT/USDT       | K=11 | اختبار=  519 | tri_μ=1.19 | [cache]
20:35:57 [INFO]   ✓ DOT/USDT       | K=11 | اختبار=  519 | tri_μ=1.19 | [cache]
20:35:57 [INFO]   ✓ LINK/USDT      | K=11 | اختبار=  721 | tri_μ=1.22 | [cache]
20:35:57 [INFO]   ✓ LINK/USDT      | K=11 | اختبار=  721 | tri_μ=1.22 | [cache]
20:36:06 [INFO]   [Parallel] done in 22.0s  (cache=20, computed=0, errors=0)
20:36:06 [INFO] §4  مصفوفة الارتباط...
20:36:06 [INFO]   أزواج مرتبطة (ρ>0.7): 26
20:36:06 [INFO] §5  بناء الإشارات (①②④⑤ مُفعَّلة)...
20:36:10 [INFO] [RuleFilter] thresholds: rvol24_q33=0.00574, dist_high_q66=-0.01255, tf_std_q66=0.600, range_pos_q66=0.674
20:36:10 [INFO] [RuleFilter] kept=3338, rejected=2369 (41.5%) @ min_score=2
20:36:10 [INFO]   ✔ 3,338 إشارة
20:36:10 [INFO]   T_info: μ=4.022 | σ=1.623
20:36:10 [INFO]   risk_dynamic: μ=2.083% | max=2.70%
20:36:10 [INFO]   BUY=1,475 | SELL=1,863 (Λ=0)
20:36:10 [INFO] §6  محاكاة المحفظة متعددة المراكز...
20:36:10 [INFO]   [Backtest Realism] Entry fills: 788/3,338 (23.6%) [pen=1.0bps, wait=15bars]
20:36:11 [INFO]   ✔ 755 صفقة
20:36:11 [INFO] §7  انحدار الإنتروبيا...
20:36:11 [INFO]   BTC/USDT      : b=-0.00002  R²=0.014  [neutral]
20:36:11 [INFO]   DOGE/USDT     : b=+0.00005  R²=0.024  [neutral]
20:36:11 [INFO]   BNB/USDT      : b=+0.00001  R²=0.005  [neutral]
20:36:11 [INFO]   XRP/USDT      : b=+0.00002  R²=0.004  [neutral]
20:36:15 [INFO] 📊 quantum_v6_results.png
20:36:15 [INFO] ✅ اكتمل.
20:36:15 [INFO]    E[ln(1+fR)] = +0.008496
20:36:15 [INFO]    MaxDrawdown  = 9.00%
20:36:15 [INFO]    Topo-Exits   = 0.0%
20:36:15 [INFO]    AvgRisk      = 1.144%
20:36:15 [INFO] [Diagnostic] Close-and-reverse within 3h: 0

════════════════════════════════════════════════════════════════════════
   📊  محرك التداول الثرموديناميكي الكمي v6.0  [BACKTEST]
   🌌  محرك التفرد – Singularity Engine
════════════════════════════════════════════════════════════════════════

▶ المقياس الأساسي (م٦): E[ln(1+fR)] لكل صفقة
   متوسط  : +0.008496
   وسيط   : +0.004236
   انحراف : 0.017664
   → ✅ حافة إيجابية

▶ إحصاءات الصفقات
   عدد الصفقات      : 755
   شراء / بيع        : 313 / 442
   نسبة النجاح      : 70.07%
   عامل الربح (PF)  : 5.200
   متوسط الربح      : $142.6697
   متوسط الخسارة   : $-64.2148
   شارب (سنوي)      : 7.635
   دخول مُحسَّن       : 0  (0.0%)

▶ التعديلات الجديدة (v6.0)
   ① متوسط T_info (حرارة معلوماتية) : 4.3221
   ① متوسط المخاطرة الديناميكية     : 1.144%
   ② خروج توبولوجي (Topo-Div)       : 0  (0.0%)
   خروج TRI مبكر                    : 0  (0.0%)
   انزلاق إجمالي                    : $0.00

▶ رأس المال (مقياس ثانوي)
   ابتدائي: $100.00  →  نهائي: $61,059.72
   العائد الكلي     : 60,959.7%
   أقصى انخفاض     : 9.00%  ($523.94)

▶ تحذير السيولة (م٦): 0 (0.0%)  ✅ معقول

▶ توزيع أسباب الخروج
   Emergency SL             :     709  (93.9%)
   Apex: Action Integral Exhaustion:      46  (6.1%)

════════════════════════════════════════════════════════════════════════


▶ تحليل MFE (أقصى ربح غير مُحقَّق)
   Emergency SL   (n= 709) | μMFE= 0.86%  max= 4.92%  | >0.5%:  413  >1.0%:  237  >2.0%:   68
   Apex exits     (n=  46) | μMFE= 1.85%  max= 4.37%  | >0.5%:   46  >1.0%:   36  >2.0%:   15

▶ ميزانية المخاطرة الكلية
   μ risk/trade : 1.144%
   max risk/trade : 1.277%
   min risk/trade : 0.983%
