██████████████████████████████████████████████████████████████████████████████████████████
  GAUGE FILTER — FINAL VALIDATION
  File: trades_hybrid_90d.jsonl
  Date: 2026-10-02 19:08:25
██████████████████████████████████████████████████████████████████████████████████████████

Loaded 1,023 trades

==========================================================================================
SECTION 1 — CONFIGURATION DIAGNOSIS
==========================================================================================
  mode                      = backtest
  timeframe                 = 4h
  INITIAL_CAPITAL           = 100.0
  N                         = 24
  W                         = 20
  L                         = 10
  K_MIN                     = 25
  K_MAX                     = 50
  LEVERAGE_BASE             = 50.0
  PO_FIXED_PRICE            = False
  started_at                = 2026-10-02 19:01:08

  ⚠️  dynamic_k غير موجود في السجل

==========================================================================================
SECTION 2 — GAUGE DECILE ANALYSIS (BUY vs SELL)
==========================================================================================

  ── BUY (n=770) ──
  Decile          n      avg_pnl     WR%          total
  -------------------------------------------------------
  D1            286 $     35.81   21.3% $      10,241
  D4            191 $     47.33   20.4% $       9,040
  D7            115 $    -24.94   24.3% $      -2,868
  D8             66 $     59.03   24.2% $       3,896
  D9             46 $     98.50   26.1% $       4,531
  D10            66 $     67.92   30.3% $       4,483

  ── SELL (n=253) ──
  Decile          n      avg_pnl     WR%          total
  -------------------------------------------------------
  D1            101 $    -68.88   13.9% $      -6,957
  D5             60 $     67.19   21.7% $       4,032
  D7             32 $      7.90   18.8% $         253
  D8             24 $    -74.03    4.2% $      -1,777
  D9             18 $    -88.02    0.0% $      -1,584
  D10            18 $    -21.36    0.0% $        -385

==========================================================================================
SECTION 3 — FILTER THRESHOLD COMPARISON
==========================================================================================

  BASELINE (no filter):
    n=1023, avg=$22.39, WR=20.5%, PF=1.244, Sharpe=0.645

  ── ALL ACTIONS (n=1023) ──
  Threshold                 n      avg_pnl     WR%      PF   Sharpe          total
  ------------------------------------------------------------------------------
  all                     737 $     17.18   20.2%  1.204   0.555 $      12,663
  top 50%                 330 $     40.75   20.6%  1.629   1.427 $      13,448
  top 40%                 330 $     40.75   20.6%  1.629   1.427 $      13,448
  top 30%                 204 $     27.06   19.1%  1.474   1.099 $       5,521
  top 20%                 204 $     27.06   19.1%  1.474   1.099 $       5,521
  top 10%                  78 $    -11.81   17.9%  0.796  -0.779 $        -921

  ── BUY ONLY (n=770) ──
  Threshold                 n      avg_pnl     WR%      PF   Sharpe          total
  ------------------------------------------------------------------------------
  all                     484 $     39.42   23.8%  1.444   1.123 $      19,081
  top 50%                 293 $     34.27   25.9%  1.444   1.213 $      10,041
  top 40%                 293 $     34.27   25.9%  1.444   1.213 $      10,041
  top 30%                 178 $     72.53   27.0%  2.112   2.257 $      12,909
  top 20%                 112 $     80.48   28.6%  2.395   2.594 $       9,014
  top 10%                  66 $     67.92   30.3%  2.018   2.162 $       4,483

  ── SELL ONLY (n=253) ──
  Threshold                 n      avg_pnl     WR%      PF   Sharpe          total
  ------------------------------------------------------------------------------
  all                     152 $      3.54   13.2%  1.055   0.150 $         539
  top 50%                  92 $    -37.97    7.6%  0.325  -3.117 $      -3,493
  top 40%                  92 $    -37.97    7.6%  0.325  -3.117 $      -3,493
  top 30%                  60 $    -62.43    1.7%  0.010  -7.077 $      -3,746
  top 20%                  36 $    -54.69    0.0%  0.000  -6.509 $      -1,969

==========================================================================================
SECTION 4 — TIME PERIOD VALIDATION (threshold = p60)
==========================================================================================

  Global thresholds:
    p60 overall = 0.18232
    p60 BUY     = 0.16644
    p60 SELL    = 0.19693

  Month        n_all    avg_all  n_filt   avg_filt   improve
  ------------------------------------------------------------
  2026-08        364 $    4.38     177 $   11.24  +156.6%
  2026-09        647 $   33.70     207 $   16.26   -51.8%

  ── Summary ──
    Periods improved: 1/2 (50%)
    Median improvement: +52.4%
  ❌ UNSTABLE: filter fails in many periods

==========================================================================================
SECTION 5 — FINAL DECISION MATRIX
==========================================================================================

  Scenario                                 n      avg$    WR%     PF   Sharpe        total$
  ------------------------------------------------------------------------------------------
  BASELINE (all)                        1023 $  22.39  20.5%  1.244   0.645 $     22,904
  ------------------------------------------------------------------------------------------
  BUY+gauge>p60                          293 $  34.27  25.9%  1.444   1.213 $     10,041
  BUY+filter, SELL unfiltered            546 $   6.64  20.1%  1.087   0.265 $      3,623
  BUY+filter, SELL strict-filter         329 $  24.54  23.1%  1.329   0.913 $      8,072
  BUY+filter strict, SELL strict         214 $  51.12  22.4%  1.806   1.724 $     10,941

  ── DECISION CRITERIA ──

  Best scenario: BUY+filter strict, SELL strict
    avg_pnl : $22.39 → $51.12 (+128.3%)
    WR      : 20.5% → 22.4%
    PF      : 1.244 → 1.806
    Sharpe  : 0.645 → 1.724
    n       : 1023 → 214 (21% retained)

  ✅ RECOMMEND: Apply 'BUY+filter strict, SELL strict'
     Gauge filter adds significant value

==========================================================================================
END OF VALIDATION
==========================================================================================
