20:52:14 [INFO] [Backtest] end-date pinned to 2025-12-31
20:52:15 [INFO] [Level-2] Numba kernels warm (JIT ready in 0.7s)
20:52:15 [INFO] [Cache] LIVE_ASSET_CACHE_MAX adjusted to 150
20:52:17 [INFO] [TF] timeframe=4h TF_SCALE=0.2500 TF_SECONDS=14400 TF_HOURS=4.000
20:52:17 [INFO] [TF-Unified] N=24 W=20 L=10 ADV_BARS=6 (σ≈0.25× 1h)
20:52:17 [INFO] [Data] mode=backtest | tf=4h | history=365d (2190 bars/symbol) | quality=degraded | source=user(365d)
20:52:17 [WARNING] [Data] degraded quality: tail=2190 < strict_min/2=5012. Many assets may be skipped by degenerate detection. Recommended minimum for 4h: --history-days 2339.
20:52:17 [INFO] [Trail] Trailing Stop Loss DISABLED — SL is fixed
20:52:17 [INFO] [Backtest] --no-fixed-price: entry target will be derived from close[sig.close_idx] × (1 ± PO_PENETRATION_BPS)
20:52:17 [INFO] [Watch] Watch-then-trigger DISABLED (Config default) — legacy immediate placement
20:52:17 [INFO] [Gauge] SELL RE-ENABLED — experimental mode
20:52:17 [INFO] [OppTP] Opposite-Signal Adaptive TP DISABLED
20:52:17 [INFO] [TradeLog] Logging trades to results/sell_ablation/S1_2025.jsonl
20:52:17 [INFO] §1  مسح أعلى 15 عملة...
20:52:17 [INFO] §2  جلب البيانات (متوازٍ)...
20:52:35 [INFO]   ✓ ETH/USDT      : 2,190 شمعة
20:52:39 [INFO]   ✓ AVAX/USDT     : 2,190 شمعة
20:52:40 [INFO]   ✓ BTC/USDT      : 2,190 شمعة
20:52:40 [INFO]   ✓ BNB/USDT      : 2,190 شمعة
20:52:40 [INFO]   ✓ SOL/USDT      : 2,190 شمعة
20:52:40 [INFO]   ✓ LINK/USDT     : 2,190 شمعة
20:52:41 [INFO]   ✓ DOT/USDT      : 2,190 شمعة
20:52:41 [INFO]   ✓ UNI/USDT      : 2,190 شمعة
20:52:41 [INFO]   ✓ LTC/USDT      : 2,190 شمعة
20:52:41 [INFO]   ✓ ATOM/USDT     : 2,190 شمعة
20:52:41 [INFO]   ✓ ADA/USDT      : 2,190 شمعة
20:52:41 [INFO]   ✓ TON/USDT      : 2,190 شمعة
20:52:42 [INFO]   ✓ ETC/USDT      : 2,190 شمعة
20:52:42 [INFO]   ✓ BCH/USDT      : 2,190 شمعة
20:52:42 [INFO]   ✓ TRX/USDT      : 2,190 شمعة
20:52:42 [INFO]   ✓ NEAR/USDT     : 2,190 شمعة
20:52:42 [INFO]   ✓ APT/USDT      : 2,190 شمعة
20:52:42 [INFO]   ✓ HBAR/USDT     : 2,190 شمعة
20:52:42 [INFO]   ✓ AAVE/USDT     : 2,190 شمعة
20:52:43 [INFO]   ✓ ARB/USDT      : 2,190 شمعة
20:52:43 [INFO]   ✓ STX/USDT      : 2,190 شمعة
20:52:43 [INFO]   ✓ OP/USDT       : 2,190 شمعة
20:52:43 [INFO]   ✓ SUI/USDT      : 2,190 شمعة
20:52:43 [INFO]   ✓ TIA/USDT      : 2,190 شمعة
20:52:43 [INFO]   ✓ ALGO/USDT     : 2,190 شمعة
20:52:43 [INFO]   ✓ GRT/USDT      : 2,190 شمعة
20:52:43 [INFO]   ✓ SEI/USDT      : 2,190 شمعة
20:52:43 [INFO]   ✓ FET/USDT      : 2,190 شمعة
20:52:44 [INFO]   ✓ RENDER/USDT   : 2,190 شمعة
20:52:44 [INFO]   ✓ KAS/USDT      : 2,190 شمعة
20:52:44 [INFO]   ✓ THETA/USDT    : 2,190 شمعة
20:52:44 [INFO]   ✓ SAND/USDT     : 2,190 شمعة
20:52:44 [INFO]   ✓ WIF/USDT      : 2,190 شمعة
20:52:44 [INFO]   ✓ LDO/USDT      : 2,190 شمعة
20:52:44 [INFO]   ✓ MANA/USDT     : 2,190 شمعة
20:52:45 [INFO]   ✓ AXS/USDT      : 2,190 شمعة
20:52:45 [INFO]   ✓ POL/USDT      : 2,190 شمعة
20:52:45 [INFO]   ✓ CHZ/USDT      : 2,190 شمعة
20:52:45 [INFO]   ✓ XLM/USDT      : 2,190 شمعة
20:52:45 [INFO]   ✓ FIL/USDT      : 2,190 شمعة
20:52:45 [INFO]   ✓ QNT/USDT      : 2,190 شمعة
20:52:45 [INFO]   ✓ DASH/USDT     : 2,190 شمعة
20:52:46 [INFO]   ✓ CAKE/USDT     : 2,190 شمعة
20:52:46 [INFO]   ✓ FLOW/USDT     : 2,190 شمعة
20:52:46 [INFO]   ✓ ROSE/USDT     : 2,190 شمعة
20:52:46 [INFO]   ✓ IOTA/USDT     : 2,190 شمعة
20:52:46 [INFO]   ✓ NEO/USDT      : 2,190 شمعة
20:52:46 [INFO]   ✓ KAVA/USDT     : 2,190 شمعة
20:52:47 [INFO]   ✓ COMP/USDT     : 2,190 شمعة
20:52:47 [INFO]   ✓ SNX/USDT      : 2,190 شمعة
20:52:47 [INFO]   ✓ CRV/USDT      : 2,190 شمعة
20:52:47 [INFO]   ✓ SUSHI/USDT    : 2,190 شمعة
20:52:47 [INFO]   ✓ YFI/USDT      : 2,190 شمعة
20:52:47 [INFO]   ✓ BAT/USDT      : 2,190 شمعة
20:52:47 [INFO]   ✓ ZRX/USDT      : 2,190 شمعة
20:52:47 [INFO]   ✓ BAND/USDT     : 2,190 شمعة
20:52:47 [INFO]   ✓ NMR/USDT      : 2,190 شمعة
20:52:48 [INFO]   ✓ ANKR/USDT     : 2,190 شمعة
20:52:48 [INFO]   ✓ KSM/USDT      : 2,190 شمعة
20:52:48 [INFO]   ✓ MASK/USDT     : 2,190 شمعة
20:52:48 [INFO]   ✓ ZEN/USDT      : 2,190 شمعة
20:52:48 [INFO]   ✓ CELO/USDT     : 2,190 شمعة
20:52:48 [INFO]   ✓ STORJ/USDT    : 2,190 شمعة
20:52:48 [INFO]   ✓ DYDX/USDT     : 2,190 شمعة
20:52:49 [INFO]   ✓ ENS/USDT      : 2,190 شمعة
20:52:49 [INFO]   ✓ GMX/USDT      : 2,190 شمعة
20:52:49 [INFO]   ✓ PENDLE/USDT   : 2,190 شمعة
20:52:49 [INFO]   ✓ HIGH/USDT     : 2,190 شمعة
20:52:49 [INFO]   ✓ MAGIC/USDT    : 2,190 شمعة
20:52:49 [INFO]   ✓ JOE/USDT      : 2,190 شمعة
20:52:50 [INFO]   ✓ CYBER/USDT    : 2,190 شمعة
20:52:50 [INFO]   ✓ ID/USDT       : 2,190 شمعة
20:52:50 [INFO]   ✓ BLUR/USDT     : 2,190 شمعة
20:52:50 [INFO]   ✓ ARKM/USDT     : 2,190 شمعة
20:52:50 [INFO]   ✓ WLD/USDT      : 2,190 شمعة
20:52:50 [INFO]   ✓ EDU/USDT      : 2,190 شمعة
20:52:50 [INFO]   ✓ ORDI/USDT     : 2,190 شمعة
20:52:51 [INFO]   ✓ JUP/USDT      : 2,190 شمعة
20:52:51 [INFO]   ✓ DYM/USDT      : 2,190 شمعة
20:52:51 [INFO]   ✓ PYTH/USDT     : 2,190 شمعة
20:52:51 [INFO]   ✓ JTO/USDT      : 2,190 شمعة
20:52:51 [INFO]   ✓ STRK/USDT     : 2,190 شمعة
20:52:51 [INFO]   ✓ ETHFI/USDT    : 2,190 شمعة
20:52:51 [INFO]   ✓ AEVO/USDT     : 2,190 شمعة
20:52:51 [INFO]   ✓ W/USDT        : 2,190 شمعة
20:52:51 [INFO]   ✓ MANTA/USDT    : 2,190 شمعة
20:52:51 [INFO]   ✓ ALT/USDT      : 2,190 شمعة
20:52:52 [INFO]   ✓ SAGA/USDT     : 2,190 شمعة
20:52:52 [INFO]   ✓ BB/USDT       : 2,190 شمعة
20:52:52 [INFO]   ✓ LISTA/USDT    : 2,190 شمعة
20:52:52 [INFO]   ✓ ZK/USDT       : 2,190 شمعة
20:52:52 [INFO]   ✓ IO/USDT       : 2,190 شمعة
20:52:53 [INFO]   ✓ ZRO/USDT      : 2,190 شمعة
20:52:53 [INFO]   ✓ SYN/USDT      : 2,190 شمعة
20:52:53 [INFO]   ✓ TAIKO/USDT    : 1,222 شمعة
20:52:53 [INFO]   ✓ G/USDT        : 2,190 شمعة
20:52:53 [INFO]   ✓ RARE/USDT     : 2,190 شمعة
20:52:53 [INFO]   ✓ MEW/USDT      : 2,190 شمعة
20:52:54 [INFO]   ✓ BANANA/USDT   : 2,190 شمعة
20:52:54 [INFO]   ✓ MERL/USDT     : 1,301 شمعة
20:52:55 [INFO]   ✓ ETH/USDT      : 35,040 شمعة 15m
20:52:55 [INFO]   ✓ BNB/USDT      : 35,040 شمعة 15m
20:52:55 [INFO]   ✓ AVAX/USDT     : 35,040 شمعة 15m
20:52:55 [INFO]   ✓ SOL/USDT      : 35,040 شمعة 15m
20:52:55 [INFO]   ✓ BTC/USDT      : 35,040 شمعة 15m
20:52:55 [INFO]   ✓ LINK/USDT     : 35,040 شمعة 15m
20:52:56 [INFO]   ✓ DOT/USDT      : 35,040 شمعة 15m
20:52:56 [INFO]   ✓ UNI/USDT      : 35,040 شمعة 15m
20:52:56 [INFO]   ✓ ADA/USDT      : 35,040 شمعة 15m
20:52:56 [INFO]   ✓ ATOM/USDT     : 35,040 شمعة 15m
20:52:56 [INFO]   ✓ LTC/USDT      : 35,040 شمعة 15m
20:52:57 [INFO]   ✓ ETC/USDT      : 35,040 شمعة 15m
20:52:57 [INFO]   ✓ TRX/USDT      : 35,040 شمعة 15m
20:52:57 [INFO]   ✓ NEAR/USDT     : 35,040 شمعة 15m
20:52:57 [INFO]   ✓ BCH/USDT      : 35,040 شمعة 15m
20:52:57 [INFO]   ✓ APT/USDT      : 35,040 شمعة 15m
20:52:58 [INFO]   ✓ HBAR/USDT     : 35,040 شمعة 15m
20:52:58 [INFO]   ✓ ARB/USDT      : 35,040 شمعة 15m
20:52:58 [INFO]   ✓ AAVE/USDT     : 35,040 شمعة 15m
20:52:58 [INFO]   ✓ STX/USDT      : 35,040 شمعة 15m
20:52:58 [INFO]   ✓ OP/USDT       : 35,040 شمعة 15m
20:52:59 [INFO]   ✓ ALGO/USDT     : 35,040 شمعة 15m
20:52:59 [INFO]   ✓ GRT/USDT      : 35,040 شمعة 15m
20:52:59 [INFO]   ✓ SUI/USDT      : 35,040 شمعة 15m
20:52:59 [INFO]   ✓ TIA/USDT      : 35,040 شمعة 15m
20:53:00 [INFO]   ✓ KAS/USDT      : 35,040 شمعة 15m
20:53:00 [INFO]   ✓ SEI/USDT      : 35,040 شمعة 15m
20:53:00 [INFO]   ✓ RENDER/USDT   : 35,040 شمعة 15m
20:53:00 [INFO]   ✓ FET/USDT      : 35,040 شمعة 15m
20:53:01 [INFO]   ✓ THETA/USDT    : 35,040 شمعة 15m
20:53:01 [INFO]   ✓ SAND/USDT     : 35,040 شمعة 15m
20:53:01 [INFO]   ✓ LDO/USDT      : 35,040 شمعة 15m
20:53:01 [INFO]   ✓ WIF/USDT      : 35,040 شمعة 15m
20:53:01 [INFO]   ✓ MANA/USDT     : 35,040 شمعة 15m
20:53:02 [INFO]   ✓ AXS/USDT      : 35,040 شمعة 15m
20:53:02 [INFO]   ✓ POL/USDT      : 35,040 شمعة 15m
20:53:02 [INFO]   ✓ CHZ/USDT      : 35,040 شمعة 15m
20:53:02 [INFO]   ✓ TON/USDT      : 35,040 شمعة 15m
20:53:02 [INFO]   ✓ XLM/USDT      : 35,040 شمعة 15m
20:53:03 [INFO]   ✓ FIL/USDT      : 35,040 شمعة 15m
20:53:03 [INFO]   ✓ QNT/USDT      : 35,040 شمعة 15m
20:53:03 [INFO]   ✓ FLOW/USDT     : 35,040 شمعة 15m
20:53:03 [INFO]   ✓ CAKE/USDT     : 35,040 شمعة 15m
20:53:03 [INFO]   ✓ DASH/USDT     : 35,040 شمعة 15m
20:53:03 [INFO]   ✓ ROSE/USDT     : 35,040 شمعة 15m
20:53:04 [INFO]   ✓ IOTA/USDT     : 35,040 شمعة 15m
20:53:04 [INFO]   ✓ SNX/USDT      : 35,040 شمعة 15m
20:53:04 [INFO]   ✓ NEO/USDT      : 35,040 شمعة 15m
20:53:04 [INFO]   ✓ COMP/USDT     : 35,040 شمعة 15m
20:53:04 [INFO]   ✓ KAVA/USDT     : 35,040 شمعة 15m
20:53:04 [INFO]   ✓ CRV/USDT      : 35,040 شمعة 15m
20:53:05 [INFO]   ✓ SUSHI/USDT    : 35,040 شمعة 15m
20:53:05 [INFO]   ✓ YFI/USDT      : 35,040 شمعة 15m
20:53:05 [INFO]   ✓ ZRX/USDT      : 35,040 شمعة 15m
20:53:05 [INFO]   ✓ BAT/USDT      : 35,040 شمعة 15m
20:53:05 [INFO]   ✓ BAND/USDT     : 35,040 شمعة 15m
20:53:05 [INFO]   ✓ NMR/USDT      : 35,040 شمعة 15m
20:53:06 [INFO]   ✓ ANKR/USDT     : 35,040 شمعة 15m
20:53:06 [INFO]   ✓ CELO/USDT     : 35,040 شمعة 15m
20:53:07 [INFO]   ✓ ZEN/USDT      : 35,040 شمعة 15m
20:53:07 [INFO]   ✓ MASK/USDT     : 35,040 شمعة 15m
20:53:07 [INFO]   ✓ KSM/USDT      : 35,040 شمعة 15m
20:53:07 [INFO]   ✓ DYDX/USDT     : 35,040 شمعة 15m
20:53:07 [INFO]   ✓ ENS/USDT      : 35,040 شمعة 15m
20:53:08 [INFO]   ✓ PENDLE/USDT   : 35,040 شمعة 15m
20:53:08 [INFO]   ✓ GMX/USDT      : 35,040 شمعة 15m
20:53:08 [INFO]   ✓ MAGIC/USDT    : 35,040 شمعة 15m
20:53:08 [INFO]   ✓ CYBER/USDT    : 35,040 شمعة 15m
20:53:09 [INFO]   ✓ JOE/USDT      : 35,040 شمعة 15m
20:53:09 [INFO]   ✓ STORJ/USDT    : 35,040 شمعة 15m
20:53:09 [INFO]   ✓ ID/USDT       : 35,040 شمعة 15m
20:53:09 [INFO]   ✓ ARKM/USDT     : 35,040 شمعة 15m
20:53:09 [INFO]   ✓ BLUR/USDT     : 35,040 شمعة 15m
20:53:09 [INFO]   ✓ WLD/USDT      : 35,040 شمعة 15m
20:53:10 [INFO]   ✓ EDU/USDT      : 35,040 شمعة 15m
20:53:10 [INFO]   ✓ JUP/USDT      : 35,040 شمعة 15m
20:53:10 [INFO]   ✓ ORDI/USDT     : 35,040 شمعة 15m
20:53:10 [INFO]   ✓ DYM/USDT      : 35,040 شمعة 15m
20:53:10 [INFO]   ✓ PYTH/USDT     : 35,040 شمعة 15m
20:53:11 [INFO]   ✓ JTO/USDT      : 35,040 شمعة 15m
20:53:11 [INFO]   ✓ ETHFI/USDT    : 35,040 شمعة 15m
20:53:11 [INFO]   ✓ STRK/USDT     : 35,040 شمعة 15m
20:53:11 [INFO]   ✓ AEVO/USDT     : 35,040 شمعة 15m
20:53:11 [INFO]   ✓ W/USDT        : 35,040 شمعة 15m
20:53:12 [INFO]   ✓ ALT/USDT      : 35,040 شمعة 15m
20:53:12 [INFO]   ✓ MANTA/USDT    : 35,040 شمعة 15m
20:53:12 [INFO]   ✓ SAGA/USDT     : 35,040 شمعة 15m
20:53:12 [INFO]   ✓ BB/USDT       : 35,040 شمعة 15m
20:53:12 [INFO]   ✓ ZK/USDT       : 35,040 شمعة 15m
20:53:12 [INFO]   ✓ LISTA/USDT    : 35,040 شمعة 15m
20:53:12 [INFO]   ✓ IO/USDT       : 35,040 شمعة 15m
20:53:13 [INFO]   ✓ ZRO/USDT      : 35,040 شمعة 15m
20:53:13 [INFO]   ✓ G/USDT        : 35,040 شمعة 15m
20:53:13 [INFO]   ✓ SYN/USDT      : 35,040 شمعة 15m
20:53:13 [INFO]   ✓ RARE/USDT     : 35,040 شمعة 15m
20:53:14 [INFO]   ✓ BANANA/USDT   : 35,040 شمعة 15m
20:53:14 [INFO]   ✓ MEW/USDT      : 35,040 شمعة 15m
20:53:14 [INFO]   ✓ TAIKO/USDT    : 19,534 شمعة 15m
20:53:14 [INFO]   ✓ HIGH/USDT     : 35,040 شمعة 15m
20:53:15 [INFO]   ✓ MERL/USDT     : 20,798 شمعة 15m
20:53:15 [INFO]   [SubBars] loaded for 100 symbols at 15m
20:53:15 [INFO] §3  معالجة فضاء الحالة (K ديناميكي)...
20:53:15 [INFO]   [Parallel] 7 workers × 100 symbols (cache=on)
╔══════════════════════════════════════════════════════════════════════╗
  [Level-1] Parallel: True  Cache: True
  [Level-2] Numba: True

║  محرك التداول الثرموديناميكي الكمي v6.0 – Singularity Engine     ║
║  الوضع: BACKTEST    |  رأس المال: $100.00              ║
╠══════════════════════════════════════════════════════════════════════╣
║  ① Boltzmann Kelly: BASE=2.0%  λ=0.05  [1.0%–5.0%]  ║
║  ② Topo-Divergence: ε=0.05  (حتمية هندسية)              ║
║  ③ Dynamic-K:       [25–50]  (SNR ∝ 1/m)                     ║
║  ④ Cosmological Λ:  0  (De Sitter drift)                  ║
║  ⑤ T_sync EMA-accel: فلتر التشابك عبر المقاييس                  ║
╚══════════════════════════════════════════════════════════════════════╝

20:53:30 [INFO]   ✓ ETH/USDT       | K=25 | اختبار=  411 | tri_μ=1.34 | [cache]
20:53:30 [INFO]   ✓ AVAX/USDT      | K=25 | اختبار=  388 | tri_μ=1.22 | [cache]
20:53:30 [INFO]   ✓ BTC/USDT       | K=25 | اختبار=  409 | tri_μ=1.38 | [cache]
20:53:30 [INFO]   ✓ BNB/USDT       | K=25 | اختبار=  412 | tri_μ=1.35 | [cache]
20:53:30 [INFO]   ✓ SOL/USDT       | K=25 | اختبار=  426 | tri_μ=1.31 | [cache]
20:53:30 [INFO]   ✓ LINK/USDT      | K=25 | اختبار=  441 | tri_μ=1.30 | [cache]
20:53:30 [INFO]   ✓ DOT/USDT       | K=25 | اختبار=  437 | tri_μ=1.31 | [cache]
20:53:30 [INFO]   ✓ UNI/USDT       | K=25 | اختبار=  442 | tri_μ=1.25 | [cache]
20:53:30 [INFO]   ✓ LTC/USDT       | K=25 | اختبار=  455 | tri_μ=1.29 | [cache]
20:53:30 [INFO]   ✓ ATOM/USDT      | K=25 | اختبار=  435 | tri_μ=1.32 | [cache]
20:53:30 [INFO]   ✓ ADA/USDT       | K=25 | اختبار=  412 | tri_μ=1.31 | [cache]
20:53:30 [INFO]   ✓ TON/USDT       | K=25 | اختبار=  448 | tri_μ=1.31 | [cache]
20:53:30 [INFO]   ✓ ETC/USDT       | K=25 | اختبار=  426 | tri_μ=1.25 | [cache]
20:53:30 [INFO]   ✓ BCH/USDT       | K=25 | اختبار=  430 | tri_μ=1.34 | [cache]
20:53:30 [INFO]   ✓ TRX/USDT       | K=25 | اختبار=  411 | tri_μ=1.28 | [cache]
20:53:30 [INFO]   ✓ NEAR/USDT      | K=25 | اختبار=  425 | tri_μ=1.31 | [cache]
20:53:30 [INFO]   ✓ APT/USDT       | K=25 | اختبار=  406 | tri_μ=1.26 | [cache]
20:53:30 [INFO]   ✓ HBAR/USDT      | K=25 | اختبار=  386 | tri_μ=1.26 | [cache]
20:53:30 [INFO]   ✓ AAVE/USDT      | K=25 | اختبار=  430 | tri_μ=1.34 | [cache]
20:53:30 [INFO]   ✓ ARB/USDT       | K=25 | اختبار=  430 | tri_μ=1.30 | [cache]
20:53:30 [INFO]   ✓ STX/USDT       | K=25 | اختبار=  463 | tri_μ=1.31 | [cache]
20:53:30 [INFO]   ✓ OP/USDT        | K=25 | اختبار=  426 | tri_μ=1.26 | [cache]
20:53:30 [INFO]   ✓ SUI/USDT       | K=25 | اختبار=  459 | tri_μ=1.34 | [cache]
20:53:30 [INFO]   ✓ TIA/USDT       | K=25 | اختبار=  427 | tri_μ=1.27 | [cache]
20:53:30 [INFO]   ✓ ALGO/USDT      | K=25 | اختبار=  427 | tri_μ=1.32 | [cache]
20:53:30 [INFO]   ✓ GRT/USDT       | K=25 | اختبار=  449 | tri_μ=1.32 | [cache]
20:53:30 [INFO]   ✓ SEI/USDT       | K=25 | اختبار=  425 | tri_μ=1.27 | [cache]
20:53:30 [INFO]   ✓ FET/USDT       | K=25 | اختبار=  434 | tri_μ=1.31 | [cache]
20:53:30 [INFO]   ✓ RENDER/USDT    | K=25 | اختبار=  429 | tri_μ=1.31 | [cache]
20:53:30 [INFO]   ✓ KAS/USDT       | K=25 | اختبار=  439 | tri_μ=1.33 | [cache]
20:53:30 [INFO]   ✓ THETA/USDT     | K=25 | اختبار=  437 | tri_μ=1.31 | [cache]
20:53:30 [INFO]   ✓ SAND/USDT      | K=25 | اختبار=  428 | tri_μ=1.31 | [cache]
20:53:30 [INFO]   ✓ WIF/USDT       | K=25 | اختبار=  421 | tri_μ=1.29 | [cache]
20:53:30 [INFO]   ✓ LDO/USDT       | K=25 | اختبار=  465 | tri_μ=1.31 | [cache]
20:53:30 [INFO]   ✓ MANA/USDT      | K=25 | اختبار=  454 | tri_μ=1.31 | [cache]
20:53:30 [INFO]   ✓ POL/USDT       | K=25 | اختبار=  414 | tri_μ=1.30 | [cache]
20:53:30 [INFO]   ✓ AXS/USDT       | K=25 | اختبار=  430 | tri_μ=1.31 | [cache]
20:53:30 [INFO]   ✓ CHZ/USDT       | K=25 | اختبار=  430 | tri_μ=1.33 | [cache]
20:53:30 [INFO]   ✓ XLM/USDT       | K=25 | اختبار=  385 | tri_μ=1.27 | [cache]
20:53:30 [INFO]   ✓ FIL/USDT       | K=25 | اختبار=  446 | tri_μ=1.31 | [cache]
20:53:30 [INFO]   ✓ QNT/USDT       | K=25 | اختبار=  444 | tri_μ=1.30 | [cache]
20:53:30 [INFO]   ✓ DASH/USDT      | K=25 | اختبار=  378 | tri_μ=1.24 | [cache]
20:53:30 [INFO]   ✓ CAKE/USDT      | K=25 | اختبار=  443 | tri_μ=1.30 | [cache]
20:53:30 [INFO]   ✓ FLOW/USDT      | K=25 | اختبار=  453 | tri_μ=1.28 | [cache]
20:53:30 [INFO]   ✓ ROSE/USDT      | K=25 | اختبار=  441 | tri_μ=1.34 | [cache]
20:53:30 [INFO]   ✓ NEO/USDT       | K=25 | اختبار=  438 | tri_μ=1.25 | [cache]
20:53:30 [INFO]   ✓ IOTA/USDT      | K=25 | اختبار=  425 | tri_μ=1.31 | [cache]
20:53:30 [INFO]   ✓ KAVA/USDT      | K=25 | اختبار=  438 | tri_μ=1.29 | [cache]
20:53:30 [INFO]   ✓ COMP/USDT      | K=25 | اختبار=  404 | tri_μ=1.22 | [cache]
20:53:30 [INFO]   ✓ CRV/USDT       | K=25 | اختبار=  434 | tri_μ=1.35 | [cache]
20:53:30 [INFO]   ✓ SNX/USDT       | K=25 | اختبار=  424 | tri_μ=1.31 | [cache]
20:53:30 [INFO]   ✓ SUSHI/USDT     | K=25 | اختبار=  457 | tri_μ=1.32 | [cache]
20:53:30 [INFO]   ✓ YFI/USDT       | K=25 | اختبار=  424 | tri_μ=1.37 | [cache]
20:53:30 [INFO]   ✓ BAT/USDT       | K=25 | اختبار=  426 | tri_μ=1.32 | [cache]
20:53:30 [INFO]   ✓ ZRX/USDT       | K=25 | اختبار=  431 | tri_μ=1.29 | [cache]
20:53:30 [INFO]   ✓ BAND/USDT      | K=25 | اختبار=  438 | tri_μ=1.32 | [cache]
20:53:30 [INFO]   ✓ NMR/USDT       | K=25 | اختبار=  340 | tri_μ=1.22 | [cache]
20:53:30 [INFO]   ✓ ANKR/USDT      | K=25 | اختبار=  433 | tri_μ=1.33 | [cache]
20:53:30 [INFO]   ✓ KSM/USDT       | K=25 | اختبار=  419 | tri_μ=1.26 | [cache]
20:53:30 [INFO]   ✓ MASK/USDT      | K=25 | اختبار=  449 | tri_μ=1.28 | [cache]
20:53:30 [INFO]   ✓ ZEN/USDT       | K=25 | اختبار=  388 | tri_μ=1.24 | [cache]
20:53:30 [INFO]   ✓ CELO/USDT      | K=25 | اختبار=  446 | tri_μ=1.30 | [cache]
20:53:30 [INFO]   ✓ STORJ/USDT     | K=25 | اختبار=  441 | tri_μ=1.32 | [cache]
20:53:30 [INFO]   ✓ DYDX/USDT      | K=25 | اختبار=  450 | tri_μ=1.31 | [cache]
20:53:30 [INFO]   ✓ ENS/USDT       | K=25 | اختبار=  429 | tri_μ=1.27 | [cache]
20:53:30 [INFO]   ✓ GMX/USDT       | K=25 | اختبار=  446 | tri_μ=1.28 | [cache]
20:53:30 [INFO]   ✓ PENDLE/USDT    | K=25 | اختبار=  469 | tri_μ=1.30 | [cache]
20:53:30 [INFO]   ✓ HIGH/USDT      | K=25 | اختبار=  462 | tri_μ=1.33 | [cache]
20:53:30 [INFO]   ✓ MAGIC/USDT     | K=25 | اختبار=  411 | tri_μ=1.25 | [cache]
20:53:30 [INFO]   ✓ JOE/USDT       | K=25 | اختبار=  414 | tri_μ=1.31 | [cache]
20:53:30 [INFO]   ✓ CYBER/USDT     | K=25 | اختبار=  451 | tri_μ=1.29 | [cache]
20:53:30 [INFO]   ✓ ID/USDT        | K=25 | اختبار=  435 | tri_μ=1.30 | [cache]
20:53:30 [INFO]   ✓ BLUR/USDT      | K=25 | اختبار=  446 | tri_μ=1.30 | [cache]
20:53:30 [INFO]   ✓ ARKM/USDT      | K=25 | اختبار=  419 | tri_μ=1.30 | [cache]
20:53:30 [INFO]   ✓ WLD/USDT       | K=25 | اختبار=  477 | tri_μ=1.32 | [cache]
20:53:30 [INFO]   ✓ EDU/USDT       | K=25 | اختبار=  449 | tri_μ=1.28 | [cache]
20:53:30 [INFO]   ✓ ORDI/USDT      | K=25 | اختبار=  456 | tri_μ=1.26 | [cache]
20:53:30 [INFO]   ✓ JUP/USDT       | K=25 | اختبار=  432 | tri_μ=1.32 | [cache]
20:53:30 [INFO]   ✓ DYM/USDT       | K=25 | اختبار=  427 | tri_μ=1.26 | [cache]
20:53:30 [INFO]   ✓ PYTH/USDT      | K=25 | اختبار=  429 | tri_μ=1.29 | [cache]
20:53:30 [INFO]   ✓ JTO/USDT       | K=25 | اختبار=  450 | tri_μ=1.30 | [cache]
20:53:30 [INFO]   ✓ STRK/USDT      | K=25 | اختبار=  400 | tri_μ=1.28 | [cache]
20:53:30 [INFO]   ✓ ETHFI/USDT     | K=25 | اختبار=  409 | tri_μ=1.26 | [cache]
20:53:30 [INFO]   ✓ AEVO/USDT      | K=25 | اختبار=  446 | tri_μ=1.30 | [cache]
20:53:30 [INFO]   ✓ W/USDT         | K=25 | اختبار=  411 | tri_μ=1.25 | [cache]
20:53:30 [INFO]   ✓ MANTA/USDT     | K=25 | اختبار=  400 | tri_μ=1.32 | [cache]
20:53:30 [INFO]   ✓ ALT/USDT       | K=25 | اختبار=  331 | tri_μ=1.26 | [cache]
20:53:30 [INFO]   ✓ SAGA/USDT      | K=25 | اختبار=  419 | tri_μ=1.27 | [cache]
20:53:30 [INFO]   ✓ BB/USDT        | K=25 | اختبار=  452 | tri_μ=1.33 | [cache]
20:53:30 [INFO]   ✓ LISTA/USDT     | K=25 | اختبار=  461 | tri_μ=1.30 | [cache]
20:53:30 [INFO]   ✓ ZK/USDT        | K=25 | اختبار=  412 | tri_μ=1.31 | [cache]
20:53:30 [INFO]   ✓ IO/USDT        | K=25 | اختبار=  434 | tri_μ=1.32 | [cache]
20:53:31 [INFO]   ✓ ZRO/USDT       | K=25 | اختبار=  421 | tri_μ=1.31 | [cache]
20:53:31 [INFO]   ✓ SYN/USDT       | K=25 | اختبار=  434 | tri_μ=1.29 | [cache]
20:53:31 [INFO]   ✓ TAIKO/USDT     | K=25 | اختبار=  245 | tri_μ=1.28 | [cache]
20:53:31 [INFO]   ✓ G/USDT         | K=25 | اختبار=  440 | tri_μ=1.33 | [cache]
20:53:31 [INFO]   ✓ RARE/USDT      | K=25 | اختبار=  454 | tri_μ=1.25 | [cache]
20:53:31 [INFO]   ✓ MERL/USDT      | K=25 | اختبار=  288 | tri_μ=1.29 | [cache]
20:53:31 [INFO]   ✓ BANANA/USDT    | K=25 | اختبار=  449 | tri_μ=1.24 | [cache]
20:53:33 [WARNING] [process_asset] MEW/USDT: degenerate clustering (H_train=0.029, H_theo=4.644, ratio=0.006, K=25) — returning None
20:53:33 [WARNING]   ✗ MEW/USDT: process_asset returned None
20:53:37 [INFO]   [Parallel] done in 22.2s  (cache=99, computed=0, errors=1)
20:53:37 [INFO] §4  مصفوفة الارتباط...
20:53:38 [INFO]   أزواج مرتبطة (ρ>0.7): 2799
20:53:38 [INFO] §5  بناء الإشارات (①②④⑤ مُفعَّلة)...
20:53:38 [INFO] [Gauge-Filter] thresholds: BUY>p60=0.14886, SELL>p95=0.21053 (pool=96957)
20:53:49 [INFO]   ✔ 2,933 إشارة
20:53:49 [INFO]   T_info: μ=4.928 | σ=2.344
20:53:49 [INFO]   risk_dynamic: μ=1.930% | max=2.61%
20:53:49 [INFO]   BUY=2,476 | SELL=457 (Λ=0)
20:53:49 [INFO] §6  محاكاة المحفظة متعددة المراكز...
20:53:49 [INFO]   [Backtest Realism] Entry fills: 2,181/2,933 (74.4%) [pen=1.0bps, wait=live=0s → 6 bars]
20:53:52 [INFO]   ✔ 1,639 صفقة
20:53:52 [INFO] §7  انحدار الإنتروبيا...
20:53:52 [INFO]   ETH/USDT      : b=+0.00011  R²=0.005  [neutral]
20:53:52 [INFO]   AVAX/USDT     : b=-0.00042  R²=0.054  [decreasing]
20:53:52 [INFO]   BTC/USDT      : b=+0.00006  R²=0.002  [neutral]
20:53:52 [INFO]   BNB/USDT      : b=-0.00023  R²=0.025  [neutral]
20:53:56 [INFO] 📊 quantum_v6_results.png
20:53:56 [INFO] ✅ اكتمل.
20:53:56 [INFO]    E[ln(1+fR)] = +0.003299
20:53:56 [INFO]    MaxDrawdown  = 52.77%
20:53:56 [INFO]    Topo-Exits   = 0.0%
20:53:56 [INFO]    AvgRisk      = 1.294%
20:53:56 [INFO] [Diagnostic] Close-and-reverse within 3h: 0

════════════════════════════════════════════════════════════════════════
   📊  محرك التداول الثرموديناميكي الكمي v6.0  [BACKTEST]
   🌌  محرك التفرد – Singularity Engine
════════════════════════════════════════════════════════════════════════

▶ المقياس الأساسي (م٦): E[ln(1+fR)] لكل صفقة
   متوسط  : +0.003299
   وسيط   : +0.001711
   انحراف : 0.019936
   → ✅ حافة إيجابية

▶ إحصاءات الصفقات
   عدد الصفقات      : 1,639
   شراء / بيع        : 1,409 / 230
   نسبة النجاح      : 50.46%
   عامل الربح (PF)  : 3.086
   متوسط الربح      : $39.6880
   متوسط الخسارة   : $-13.0984
   شارب (سنوي)      : 2.627
   دخول مُحسَّن       : 0  (0.0%)

▶ التعديلات الجديدة (v6.0)
   ① متوسط T_info (حرارة معلوماتية) : 4.9015
   ① متوسط المخاطرة الديناميكية     : 1.294%
   ② خروج توبولوجي (Topo-Div)       : 0  (0.0%)
   خروج TRI مبكر                    : 0  (0.0%)
   انزلاق إجمالي                    : $1,217.27

▶ رأس المال (مقياس ثانوي)
   ابتدائي: $100.00  →  نهائي: $22,286.07
   العائد الكلي     : 22,186.1%
   أقصى انخفاض     : 52.77%  ($1,808.80)

▶ تحذير السيولة (م٦): 0 (0.0%)  ✅ معقول

▶ توزيع أسباب الخروج
   Emergency SL             :     946  (57.7%)
   Apex: Action Integral Exhaustion:     632  (38.6%)
   Hard TP                  :      55  (3.4%)
   MaxHold                  :       4  (0.2%)
   EndOfData                :       2  (0.1%)

════════════════════════════════════════════════════════════════════════


▶ تحليل MFE (أقصى ربح غير مُحقَّق)
   Emergency SL   (n= 946) | μMFE= 1.55%  max=10.65%  | >0.5%:  548  >1.0%:  468  >2.0%:  325
   Hard TP        (n=  55) | μMFE=12.31%  max=23.81%  | >0.5%:   55  >1.0%:   55  >2.0%:   55
   Apex exits     (n= 632) | μMFE= 3.54%  max=11.18%  | >0.5%:  632  >1.0%:  614  >2.0%:  474

▶ ميزانية المخاطرة الكلية
   μ risk/trade : 1.294%
   max risk/trade : 3.000%
   min risk/trade : 0.500%
