20:54:07 [INFO] [Backtest] end-date pinned to 2026-10-01
20:54:08 [INFO] [Level-2] Numba kernels warm (JIT ready in 0.6s)
20:54:08 [INFO] [Cache] LIVE_ASSET_CACHE_MAX adjusted to 150
20:54:10 [INFO] [TF] timeframe=4h TF_SCALE=0.2500 TF_SECONDS=14400 TF_HOURS=4.000
20:54:10 [INFO] [TF-Unified] N=24 W=20 L=10 ADV_BARS=6 (σ≈0.25× 1h)
20:54:10 [INFO] [Data] mode=backtest | tf=4h | history=365d (2190 bars/symbol) | quality=degraded | source=user(365d)
20:54:10 [WARNING] [Data] degraded quality: tail=2190 < strict_min/2=5012. Many assets may be skipped by degenerate detection. Recommended minimum for 4h: --history-days 2339.
20:54:10 [INFO] [Trail] Trailing Stop Loss DISABLED — SL is fixed
20:54:10 [INFO] [Backtest] --no-fixed-price: entry target will be derived from close[sig.close_idx] × (1 ± PO_PENETRATION_BPS)
20:54:10 [INFO] [Watch] Watch-then-trigger DISABLED (Config default) — legacy immediate placement
20:54:10 [INFO] [Gauge] SELL RE-ENABLED — experimental mode
20:54:10 [INFO] [OppTP] Opposite-Signal Adaptive TP DISABLED
20:54:10 [INFO] [TradeLog] Logging trades to results/sell_ablation/S1_2026.jsonl
20:54:10 [INFO] §1  مسح أعلى 15 عملة...
20:54:10 [INFO] §2  جلب البيانات (متوازٍ)...
20:54:24 [INFO]   ✓ BTC/USDT      : 2,190 شمعة
20:54:24 [INFO]   ✓ SOL/USDT      : 2,190 شمعة
20:54:24 [INFO]   ✓ ETH/USDT      : 2,190 شمعة
20:54:24 [INFO]   ✓ ADA/USDT      : 2,190 شمعة
20:54:25 [INFO]   ✓ LINK/USDT     : 2,190 شمعة
20:54:25 [INFO]   ✓ AVAX/USDT     : 2,190 شمعة
20:54:25 [INFO]   ✓ DOT/USDT      : 2,190 شمعة
20:54:25 [INFO]   ✓ BNB/USDT      : 2,190 شمعة
20:54:25 [INFO]   ✓ LTC/USDT      : 2,190 شمعة
20:54:25 [INFO]   ✓ UNI/USDT      : 2,190 شمعة
20:54:25 [INFO]   ✓ ATOM/USDT     : 2,190 شمعة
20:54:25 [INFO]   ✓ TON/USDT      : 2,190 شمعة
20:54:25 [INFO]   ✓ TRX/USDT      : 2,190 شمعة
20:54:25 [INFO]   ✓ ETC/USDT      : 2,190 شمعة
20:54:26 [INFO]   ✓ BCH/USDT      : 2,190 شمعة
20:54:26 [INFO]   ✓ NEAR/USDT     : 2,190 شمعة
20:54:26 [INFO]   ✓ HBAR/USDT     : 2,190 شمعة
20:54:26 [INFO]   ✓ APT/USDT      : 2,190 شمعة
20:54:26 [INFO]   ✓ STX/USDT      : 2,190 شمعة
20:54:26 [INFO]   ✓ AAVE/USDT     : 2,190 شمعة
20:54:26 [INFO]   ✓ ARB/USDT      : 2,190 شمعة
20:54:26 [INFO]   ✓ TIA/USDT      : 2,190 شمعة
20:54:27 [INFO]   ✓ SUI/USDT      : 2,190 شمعة
20:54:27 [INFO]   ✓ OP/USDT       : 2,190 شمعة
20:54:27 [INFO]   ✓ SEI/USDT      : 2,190 شمعة
20:54:27 [INFO]   ✓ RENDER/USDT   : 2,190 شمعة
20:54:27 [INFO]   ✓ FET/USDT      : 2,190 شمعة
20:54:27 [INFO]   ✓ GRT/USDT      : 2,190 شمعة
20:54:27 [INFO]   ✓ ALGO/USDT     : 2,190 شمعة
20:54:27 [INFO]   ✓ LDO/USDT      : 2,190 شمعة
20:54:28 [INFO]   ✓ KAS/USDT      : 2,190 شمعة
20:54:28 [INFO]   ✓ WIF/USDT      : 2,190 شمعة
20:54:28 [INFO]   ✓ THETA/USDT    : 2,190 شمعة
20:54:28 [INFO]   ✓ MANA/USDT     : 2,190 شمعة
20:54:28 [INFO]   ✓ SAND/USDT     : 2,190 شمعة
20:54:28 [INFO]   ✓ AXS/USDT      : 2,190 شمعة
20:54:28 [INFO]   ✓ POL/USDT      : 2,190 شمعة
20:54:28 [INFO]   ✓ XLM/USDT      : 2,190 شمعة
20:54:28 [INFO]   ✓ CHZ/USDT      : 2,190 شمعة
20:54:28 [INFO]   ✓ FIL/USDT      : 2,190 شمعة
20:54:29 [INFO]   ✓ QNT/USDT      : 2,190 شمعة
20:54:29 [INFO]   ✓ CAKE/USDT     : 2,190 شمعة
20:54:29 [INFO]   ✓ FLOW/USDT     : 2,190 شمعة
20:54:29 [INFO]   ✓ DASH/USDT     : 2,190 شمعة
20:54:29 [INFO]   ✓ ROSE/USDT     : 2,190 شمعة
20:54:29 [INFO]   ✓ IOTA/USDT     : 2,190 شمعة
20:54:29 [INFO]   ✓ NEO/USDT      : 2,190 شمعة
20:54:30 [INFO]   ✓ CRV/USDT      : 2,190 شمعة
20:54:30 [INFO]   ✓ COMP/USDT     : 2,190 شمعة
20:54:30 [INFO]   ✓ SNX/USDT      : 2,190 شمعة
20:54:30 [INFO]   ✓ KAVA/USDT     : 2,190 شمعة
20:54:30 [INFO]   ✓ SUSHI/USDT    : 2,190 شمعة
20:54:30 [INFO]   ✓ ZRX/USDT      : 2,190 شمعة
20:54:30 [INFO]   ✓ YFI/USDT      : 2,190 شمعة
20:54:30 [INFO]   ✓ ANKR/USDT     : 2,190 شمعة
20:54:30 [INFO]   ✓ BAT/USDT      : 2,190 شمعة
20:54:30 [INFO]   ✓ BAND/USDT     : 2,190 شمعة
20:54:31 [INFO]   ✓ NMR/USDT      : 2,190 شمعة
20:54:31 [INFO]   ✓ ZEN/USDT      : 2,190 شمعة
20:54:31 [INFO]   ✓ KSM/USDT      : 2,190 شمعة
20:54:31 [INFO]   ✓ CELO/USDT     : 2,190 شمعة
20:54:31 [INFO]   ✓ ENS/USDT      : 2,190 شمعة
20:54:31 [INFO]   ✓ MASK/USDT     : 2,190 شمعة
20:54:31 [INFO]   ✓ STORJ/USDT    : 2,011 شمعة
20:54:31 [INFO]   ✓ DYDX/USDT     : 2,190 شمعة
20:54:31 [INFO]   ✓ GMX/USDT      : 2,190 شمعة
20:54:32 [INFO]   ✓ MAGIC/USDT    : 2,190 شمعة
20:54:32 [INFO]   ✓ HIGH/USDT     : 2,190 شمعة
20:54:32 [INFO]   ✓ PENDLE/USDT   : 2,190 شمعة
20:54:32 [INFO]   ✓ JOE/USDT      : 2,190 شمعة
20:54:32 [INFO]   ✓ CYBER/USDT    : 2,190 شمعة
20:54:32 [INFO]   ✓ ARKM/USDT     : 2,190 شمعة
20:54:32 [INFO]   ✓ BLUR/USDT     : 2,190 شمعة
20:54:32 [INFO]   ✓ WLD/USDT      : 2,190 شمعة
20:54:32 [INFO]   ✓ ID/USDT       : 2,190 شمعة
20:54:32 [INFO]   ✓ EDU/USDT      : 2,190 شمعة
20:54:33 [INFO]   ✓ JUP/USDT      : 2,190 شمعة
20:54:33 [INFO]   ✓ ORDI/USDT     : 2,190 شمعة
20:54:33 [INFO]   ✓ PYTH/USDT     : 2,190 شمعة
20:54:33 [INFO]   ✓ DYM/USDT      : 2,190 شمعة
20:54:33 [INFO]   ✓ JTO/USDT      : 2,190 شمعة
20:54:33 [INFO]   ✓ MANTA/USDT    : 2,190 شمعة
20:54:33 [INFO]   ✓ ALT/USDT      : 2,190 شمعة
20:54:33 [INFO]   ✓ STRK/USDT     : 2,190 شمعة
20:54:33 [INFO]   ✓ AEVO/USDT     : 2,190 شمعة
20:54:33 [INFO]   ✓ ETHFI/USDT    : 2,190 شمعة
20:54:34 [INFO]   ✓ SAGA/USDT     : 2,190 شمعة
20:54:34 [INFO]   ✓ BB/USDT       : 2,190 شمعة
20:54:34 [INFO]   ✓ W/USDT        : 2,190 شمعة
20:54:34 [INFO]   ✓ ZK/USDT       : 2,190 شمعة
20:54:34 [INFO]   ✓ IO/USDT       : 2,190 شمعة
20:54:34 [INFO]   ✓ TAIKO/USDT    : 2,190 شمعة
20:54:34 [INFO]   ✓ LISTA/USDT    : 2,190 شمعة
20:54:34 [INFO]   ✓ ZRO/USDT      : 2,190 شمعة
20:54:34 [INFO]   ✓ RARE/USDT     : 2,190 شمعة
20:54:34 [INFO]   ✓ G/USDT        : 2,190 شمعة
20:54:35 [INFO]   ✓ MEW/USDT      : 2,190 شمعة
20:54:35 [INFO]   ✓ MERL/USDT     : 2,190 شمعة
20:54:35 [INFO]   ✓ SYN/USDT      : 2,190 شمعة
20:54:35 [INFO]   ✓ BANANA/USDT   : 2,190 شمعة
20:54:35 [INFO]   ✓ BTC/USDT      : 35,040 شمعة 15m
20:54:36 [INFO]   ✓ ADA/USDT      : 35,040 شمعة 15m
20:54:36 [INFO]   ✓ SOL/USDT      : 35,040 شمعة 15m
20:54:36 [INFO]   ✓ LINK/USDT     : 35,040 شمعة 15m
20:54:36 [INFO]   ✓ ETH/USDT      : 35,040 شمعة 15m
20:54:36 [INFO]   ✓ AVAX/USDT     : 35,040 شمعة 15m
20:54:36 [INFO]   ✓ DOT/USDT      : 35,040 شمعة 15m
20:54:37 [INFO]   ✓ LTC/USDT      : 35,040 شمعة 15m
20:54:37 [INFO]   ✓ UNI/USDT      : 35,040 شمعة 15m
20:54:37 [INFO]   ✓ ATOM/USDT     : 35,040 شمعة 15m
20:54:37 [INFO]   ✓ BNB/USDT      : 35,040 شمعة 15m
20:54:38 [INFO]   ✓ NEAR/USDT     : 35,040 شمعة 15m
20:54:38 [INFO]   ✓ TRX/USDT      : 35,040 شمعة 15m
20:54:38 [INFO]   ✓ BCH/USDT      : 35,040 شمعة 15m
20:54:38 [INFO]   ✓ ETC/USDT      : 35,040 شمعة 15m
20:54:39 [INFO]   ✓ HBAR/USDT     : 35,040 شمعة 15m
20:54:39 [INFO]   ✓ AAVE/USDT     : 35,040 شمعة 15m
20:54:39 [INFO]   ✓ STX/USDT      : 35,040 شمعة 15m
20:54:39 [INFO]   ✓ APT/USDT      : 35,040 شمعة 15m
20:54:40 [INFO]   ✓ TIA/USDT      : 35,040 شمعة 15m
20:54:40 [INFO]   ✓ ARB/USDT      : 35,040 شمعة 15m
20:54:40 [INFO]   ✓ OP/USDT       : 35,040 شمعة 15m
20:54:40 [INFO]   ✓ SUI/USDT      : 35,040 شمعة 15m
20:54:40 [INFO]   ✓ SEI/USDT      : 35,040 شمعة 15m
20:54:41 [INFO]   ✓ FET/USDT      : 35,040 شمعة 15m
20:54:41 [INFO]   ✓ RENDER/USDT   : 35,040 شمعة 15m
20:54:41 [INFO]   ✓ GRT/USDT      : 35,040 شمعة 15m
20:54:41 [INFO]   ✓ ALGO/USDT     : 35,040 شمعة 15m
20:54:41 [INFO]   ✓ LDO/USDT      : 35,040 شمعة 15m
20:54:42 [INFO]   ✓ WIF/USDT      : 35,040 شمعة 15m
20:54:42 [INFO]   ✓ KAS/USDT      : 35,040 شمعة 15m
20:54:42 [INFO]   ✓ THETA/USDT    : 35,040 شمعة 15m
20:54:42 [INFO]   ✓ MANA/USDT     : 35,040 شمعة 15m
20:54:42 [INFO]   ✓ TON/USDT      : 25,743 شمعة 15m
20:54:43 [INFO]   ✓ POL/USDT      : 35,040 شمعة 15m
20:54:43 [INFO]   ✓ AXS/USDT      : 35,040 شمعة 15m
20:54:43 [INFO]   ✓ SAND/USDT     : 35,040 شمعة 15m
20:54:43 [INFO]   ✓ XLM/USDT      : 35,040 شمعة 15m
20:54:43 [INFO]   ✓ CHZ/USDT      : 35,040 شمعة 15m
20:54:43 [INFO]   ✓ FIL/USDT      : 35,040 شمعة 15m
20:54:43 [INFO]   ✓ QNT/USDT      : 35,040 شمعة 15m
20:54:43 [INFO]   ✓ FLOW/USDT     : 35,040 شمعة 15m
20:54:43 [INFO]   ✓ CAKE/USDT     : 35,040 شمعة 15m
20:54:44 [INFO]   ✓ DASH/USDT     : 35,040 شمعة 15m
20:54:44 [INFO]   ✓ ROSE/USDT     : 35,040 شمعة 15m
20:54:44 [INFO]   ✓ COMP/USDT     : 35,040 شمعة 15m
20:54:44 [INFO]   ✓ IOTA/USDT     : 35,040 شمعة 15m
20:54:44 [INFO]   ✓ NEO/USDT      : 35,040 شمعة 15m
20:54:44 [INFO]   ✓ CRV/USDT      : 35,040 شمعة 15m
20:54:44 [INFO]   ✓ SNX/USDT      : 35,040 شمعة 15m
20:54:45 [INFO]   ✓ KAVA/USDT     : 35,040 شمعة 15m
20:54:45 [INFO]   ✓ ANKR/USDT     : 35,040 شمعة 15m
20:54:45 [INFO]   ✓ ZRX/USDT      : 35,040 شمعة 15m
20:54:45 [INFO]   ✓ YFI/USDT      : 35,040 شمعة 15m
20:54:45 [INFO]   ✓ SUSHI/USDT    : 35,040 شمعة 15m
20:54:45 [INFO]   ✓ BAT/USDT      : 35,040 شمعة 15m
20:54:46 [INFO]   ✓ BAND/USDT     : 35,040 شمعة 15m
20:54:46 [INFO]   ✓ KSM/USDT      : 35,040 شمعة 15m
20:54:46 [INFO]   ✓ CELO/USDT     : 35,040 شمعة 15m
20:54:46 [INFO]   ✓ NMR/USDT      : 35,040 شمعة 15m
20:54:46 [INFO]   ✓ ZEN/USDT      : 35,040 شمعة 15m
20:54:46 [INFO]   ✓ ENS/USDT      : 35,040 شمعة 15m
20:54:47 [INFO]   ✓ MASK/USDT     : 35,040 شمعة 15m
20:54:47 [INFO]   ✓ DYDX/USDT     : 35,040 شمعة 15m
20:54:47 [INFO]   ✓ GMX/USDT      : 35,040 شمعة 15m
20:54:47 [INFO]   ✓ MAGIC/USDT    : 35,040 شمعة 15m
20:54:48 [INFO]   ✓ JOE/USDT      : 35,040 شمعة 15m
20:54:48 [INFO]   ✓ CYBER/USDT    : 35,040 شمعة 15m
20:54:48 [INFO]   ✓ PENDLE/USDT   : 35,040 شمعة 15m
20:54:49 [INFO]   ✓ ARKM/USDT     : 35,040 شمعة 15m
20:54:49 [INFO]   ✓ BLUR/USDT     : 35,040 شمعة 15m
20:54:49 [INFO]   ✓ WLD/USDT      : 35,040 شمعة 15m
20:54:49 [INFO]   ✓ STORJ/USDT    : 31,834 شمعة 15m
20:54:49 [INFO]   ✓ EDU/USDT      : 35,040 شمعة 15m
20:54:49 [INFO]   ✓ JUP/USDT      : 35,040 شمعة 15m
20:54:49 [INFO]   ✓ ID/USDT       : 35,040 شمعة 15m
20:54:50 [INFO]   ✓ ORDI/USDT     : 35,040 شمعة 15m
20:54:50 [INFO]   ✓ PYTH/USDT     : 35,040 شمعة 15m
20:54:51 [INFO]   ✓ MANTA/USDT    : 35,040 شمعة 15m
20:54:51 [INFO]   ✓ DYM/USDT      : 35,040 شمعة 15m
20:54:51 [INFO]   ✓ JTO/USDT      : 35,040 شمعة 15m
20:54:51 [INFO]   ✓ ALT/USDT      : 35,040 شمعة 15m
20:54:52 [INFO]   ✓ STRK/USDT     : 35,040 شمعة 15m
20:54:52 [INFO]   ✓ AEVO/USDT     : 35,040 شمعة 15m
20:54:52 [INFO]   ✓ ETHFI/USDT    : 35,040 شمعة 15m
20:54:52 [INFO]   ✓ SAGA/USDT     : 35,040 شمعة 15m
20:54:52 [INFO]   ✓ BB/USDT       : 35,040 شمعة 15m
20:54:54 [INFO]   ✓ ZK/USDT       : 35,040 شمعة 15m
20:54:54 [INFO]   ✓ W/USDT        : 35,040 شمعة 15m
20:54:54 [INFO]   ✓ IO/USDT       : 35,040 شمعة 15m
20:54:54 [INFO]   ✓ TAIKO/USDT    : 35,040 شمعة 15m
20:54:56 [INFO]   ✓ LISTA/USDT    : 35,040 شمعة 15m
20:54:56 [INFO]   ✓ RARE/USDT     : 35,040 شمعة 15m
20:54:56 [INFO]   ✓ ZRO/USDT      : 35,040 شمعة 15m
20:54:56 [INFO]   ✓ G/USDT        : 35,040 شمعة 15m
20:54:57 [INFO]   ✓ MEW/USDT      : 35,040 شمعة 15m
20:54:57 [INFO]   ✓ MERL/USDT     : 35,040 شمعة 15m
20:54:58 [INFO]   ✓ SYN/USDT      : 35,040 شمعة 15m
20:54:58 [INFO]   ✓ BANANA/USDT   : 35,040 شمعة 15m
20:54:59 [INFO]   ✓ HIGH/USDT     : 24,289 شمعة 15m
20:54:59 [INFO]   [SubBars] loaded for 100 symbols at 15m
20:54:59 [INFO] §3  معالجة فضاء الحالة (K ديناميكي)...
20:54:59 [INFO]   [Parallel] 7 workers × 100 symbols (cache=on)
╔══════════════════════════════════════════════════════════════════════╗
  [Level-1] Parallel: True  Cache: True
  [Level-2] Numba: True

║  محرك التداول الثرموديناميكي الكمي v6.0 – Singularity Engine     ║
║  الوضع: BACKTEST    |  رأس المال: $100.00              ║
╠══════════════════════════════════════════════════════════════════════╣
║  ① Boltzmann Kelly: BASE=2.0%  λ=0.05  [1.0%–5.0%]  ║
║  ② Topo-Divergence: ε=0.05  (حتمية هندسية)              ║
║  ③ Dynamic-K:       [25–50]  (SNR ∝ 1/m)                     ║
║  ④ Cosmological Λ:  0  (De Sitter drift)                  ║
║  ⑤ T_sync EMA-accel: فلتر التشابك عبر المقاييس                  ║
╚══════════════════════════════════════════════════════════════════════╝

20:55:15 [INFO]   ✓ BTC/USDT       | K=25 | اختبار=  406 | tri_μ=1.36 | [cache]
20:55:15 [INFO]   ✓ SOL/USDT       | K=25 | اختبار=  389 | tri_μ=1.26 | [cache]
20:55:15 [INFO]   ✓ ETH/USDT       | K=25 | اختبار=  434 | tri_μ=1.34 | [cache]
20:55:15 [INFO]   ✓ ADA/USDT       | K=25 | اختبار=  390 | tri_μ=1.27 | [cache]
20:55:15 [INFO]   ✓ LINK/USDT      | K=25 | اختبار=  450 | tri_μ=1.31 | [cache]
20:55:15 [INFO]   ✓ AVAX/USDT      | K=25 | اختبار=  433 | tri_μ=1.27 | [cache]
20:55:15 [INFO]   ✓ DOT/USDT       | K=25 | اختبار=  400 | tri_μ=1.27 | [cache]
20:55:15 [INFO]   ✓ BNB/USDT       | K=25 | اختبار=  408 | tri_μ=1.34 | [cache]
20:55:16 [INFO]   ✓ LTC/USDT       | K=25 | اختبار=  428 | tri_μ=1.27 | [cache]
20:55:16 [INFO]   ✓ UNI/USDT       | K=25 | اختبار=  429 | tri_μ=1.32 | [cache]
20:55:16 [INFO]   ✓ TON/USDT       | K=25 | اختبار=  231 | tri_μ=1.07 | [cache]
20:55:16 [INFO]   ✓ ATOM/USDT      | K=25 | اختبار=  462 | tri_μ=1.31 | [cache]
20:55:16 [INFO]   ✓ TRX/USDT       | K=25 | اختبار=  454 | tri_μ=1.32 | [cache]
20:55:16 [INFO]   ✓ ETC/USDT       | K=25 | اختبار=  428 | tri_μ=1.29 | [cache]
20:55:16 [INFO]   ✓ BCH/USDT       | K=25 | اختبار=  403 | tri_μ=1.27 | [cache]
20:55:16 [INFO]   ✓ NEAR/USDT      | K=25 | اختبار=  414 | tri_μ=1.26 | [cache]
20:55:16 [INFO]   ✓ HBAR/USDT      | K=25 | اختبار=  377 | tri_μ=1.27 | [cache]
20:55:16 [INFO]   ✓ APT/USDT       | K=25 | اختبار=  454 | tri_μ=1.30 | [cache]
20:55:16 [INFO]   ✓ STX/USDT       | K=25 | اختبار=  421 | tri_μ=1.29 | [cache]
20:55:16 [INFO]   ✓ AAVE/USDT      | K=25 | اختبار=  308 | tri_μ=1.23 | [cache]
20:55:16 [INFO]   ✓ ARB/USDT       | K=25 | اختبار=  375 | tri_μ=1.25 | [cache]
20:55:16 [INFO]   ✓ TIA/USDT       | K=25 | اختبار=  422 | tri_μ=1.31 | [cache]
20:55:16 [INFO]   ✓ OP/USDT        | K=25 | اختبار=  429 | tri_μ=1.25 | [cache]
20:55:16 [INFO]   ✓ SUI/USDT       | K=25 | اختبار=  416 | tri_μ=1.29 | [cache]
20:55:16 [INFO]   ✓ SEI/USDT       | K=25 | اختبار=  405 | tri_μ=1.31 | [cache]
20:55:16 [INFO]   ✓ RENDER/USDT    | K=25 | اختبار=  418 | tri_μ=1.28 | [cache]
20:55:16 [INFO]   ✓ FET/USDT       | K=25 | اختبار=  412 | tri_μ=1.32 | [cache]
20:55:16 [INFO]   ✓ ALGO/USDT      | K=25 | اختبار=  414 | tri_μ=1.30 | [cache]
20:55:16 [INFO]   ✓ GRT/USDT       | K=25 | اختبار=  414 | tri_μ=1.30 | [cache]
20:55:16 [INFO]   ✓ LDO/USDT       | K=25 | اختبار=  412 | tri_μ=1.28 | [cache]
20:55:16 [INFO]   ✓ KAS/USDT       | K=25 | اختبار=  440 | tri_μ=1.34 | [cache]
20:55:16 [INFO]   ✓ WIF/USDT       | K=25 | اختبار=  429 | tri_μ=1.33 | [cache]
20:55:16 [INFO]   ✓ THETA/USDT     | K=25 | اختبار=  448 | tri_μ=1.30 | [cache]
20:55:16 [INFO]   ✓ MANA/USDT      | K=25 | اختبار=  458 | tri_μ=1.28 | [cache]
20:55:16 [INFO]   ✓ AXS/USDT       | K=25 | اختبار=  408 | tri_μ=1.26 | [cache]
20:55:16 [INFO]   ✓ SAND/USDT      | K=25 | اختبار=  390 | tri_μ=1.24 | [cache]
20:55:16 [INFO]   ✓ XLM/USDT       | K=25 | اختبار=  415 | tri_μ=1.33 | [cache]
20:55:16 [INFO]   ✓ POL/USDT       | K=25 | اختبار=  403 | tri_μ=1.26 | [cache]
20:55:16 [INFO]   ✓ CHZ/USDT       | K=25 | اختبار=  349 | tri_μ=1.24 | [cache]
20:55:16 [INFO]   ✓ FIL/USDT       | K=25 | اختبار=  416 | tri_μ=1.31 | [cache]
20:55:16 [INFO]   ✓ QNT/USDT       | K=25 | اختبار=  473 | tri_μ=1.31 | [cache]
20:55:16 [INFO]   ✓ CAKE/USDT      | K=25 | اختبار=  436 | tri_μ=1.30 | [cache]
20:55:16 [INFO]   ✓ FLOW/USDT      | K=25 | اختبار=  424 | tri_μ=1.23 | [cache]
20:55:16 [INFO]   ✓ DASH/USDT      | K=25 | اختبار=  440 | tri_μ=1.31 | [cache]
20:55:16 [INFO]   ✓ IOTA/USDT      | K=25 | اختبار=  398 | tri_μ=1.28 | [cache]
20:55:16 [INFO]   ✓ NEO/USDT       | K=25 | اختبار=  461 | tri_μ=1.30 | [cache]
20:55:16 [INFO]   ✓ CRV/USDT       | K=25 | اختبار=  438 | tri_μ=1.29 | [cache]
20:55:16 [INFO]   ✓ COMP/USDT      | K=25 | اختبار=  463 | tri_μ=1.28 | [cache]
20:55:16 [INFO]   ✓ KAVA/USDT      | K=25 | اختبار=  430 | tri_μ=1.28 | [cache]
20:55:16 [INFO]   ✓ SNX/USDT       | K=25 | اختبار=  451 | tri_μ=1.31 | [cache]
20:55:16 [INFO]   ✓ SUSHI/USDT     | K=25 | اختبار=  498 | tri_μ=1.30 | [cache]
20:55:16 [INFO]   ✓ ZRX/USDT       | K=25 | اختبار=  449 | tri_μ=1.28 | [cache]
20:55:16 [INFO]   ✓ YFI/USDT       | K=25 | اختبار=  384 | tri_μ=1.34 | [cache]
20:55:16 [INFO]   ✓ ANKR/USDT      | K=25 | اختبار=  357 | tri_μ=1.27 | [cache]
20:55:16 [INFO]   ✓ BAT/USDT       | K=25 | اختبار=  451 | tri_μ=1.33 | [cache]
20:55:16 [INFO]   ✓ BAND/USDT      | K=25 | اختبار=  455 | tri_μ=1.30 | [cache]
20:55:16 [INFO]   ✓ NMR/USDT       | K=25 | اختبار=  463 | tri_μ=1.29 | [cache]
20:55:16 [INFO]   ✓ ZEN/USDT       | K=25 | اختبار=  431 | tri_μ=1.31 | [cache]
20:55:16 [INFO]   ✓ CELO/USDT      | K=25 | اختبار=  440 | tri_μ=1.29 | [cache]
20:55:16 [INFO]   ✓ KSM/USDT       | K=25 | اختبار=  444 | tri_μ=1.27 | [cache]
20:55:17 [INFO]   ✓ ENS/USDT       | K=25 | اختبار=  419 | tri_μ=1.28 | [cache]
20:55:17 [INFO]   ✓ MASK/USDT      | K=25 | اختبار=  428 | tri_μ=1.31 | [cache]
20:55:17 [INFO]   ✓ GMX/USDT       | K=25 | اختبار=  427 | tri_μ=1.28 | [cache]
20:55:17 [INFO]   ✓ DYDX/USDT      | K=25 | اختبار=  405 | tri_μ=1.28 | [cache]
20:55:17 [INFO]   ✓ MAGIC/USDT     | K=25 | اختبار=  450 | tri_μ=1.30 | [cache]
20:55:17 [INFO]   ✓ HIGH/USDT      | K=25 | اختبار=  154 | tri_μ=1.08 | [cache]
20:55:17 [INFO]   ✓ PENDLE/USDT    | K=25 | اختبار=  419 | tri_μ=1.28 | [cache]
20:55:17 [INFO]   ✓ JOE/USDT       | K=25 | اختبار=  438 | tri_μ=1.28 | [cache]
20:55:17 [INFO]   ✓ CYBER/USDT     | K=25 | اختبار=  452 | tri_μ=1.32 | [cache]
20:55:17 [INFO]   ✓ ARKM/USDT      | K=25 | اختبار=  435 | tri_μ=1.31 | [cache]
20:55:17 [INFO]   ✓ BLUR/USDT      | K=25 | اختبار=  403 | tri_μ=1.27 | [cache]
20:55:17 [INFO]   ✓ WLD/USDT       | K=25 | اختبار=  384 | tri_μ=1.27 | [cache]
20:55:17 [INFO]   ✓ ID/USDT        | K=25 | اختبار=  296 | tri_μ=1.22 | [cache]
20:55:17 [INFO]   ✓ EDU/USDT       | K=25 | اختبار=  334 | tri_μ=1.23 | [cache]
20:55:17 [INFO]   ✓ JUP/USDT       | K=25 | اختبار=  452 | tri_μ=1.32 | [cache]
20:55:17 [INFO]   ✓ ORDI/USDT      | K=25 | اختبار=  447 | tri_μ=1.29 | [cache]
20:55:17 [INFO]   ✓ PYTH/USDT      | K=25 | اختبار=  438 | tri_μ=1.31 | [cache]
20:55:17 [INFO]   ✓ DYM/USDT       | K=25 | اختبار=  338 | tri_μ=1.20 | [cache]
20:55:17 [INFO]   ✓ JTO/USDT       | K=25 | اختبار=  411 | tri_μ=1.28 | [cache]
20:55:17 [INFO]   ✓ MANTA/USDT     | K=25 | اختبار=  400 | tri_μ=1.28 | [cache]
20:55:17 [INFO]   ✓ ALT/USDT       | K=25 | اختبار=  410 | tri_μ=1.29 | [cache]
20:55:17 [INFO]   ✓ STRK/USDT      | K=25 | اختبار=  414 | tri_μ=1.32 | [cache]
20:55:17 [INFO]   ✓ AEVO/USDT      | K=25 | اختبار=  432 | tri_μ=1.29 | [cache]
20:55:17 [INFO]   ✓ SAGA/USDT      | K=25 | اختبار=  289 | tri_μ=1.21 | [cache]
20:55:17 [INFO]   ✓ ETHFI/USDT     | K=25 | اختبار=  463 | tri_μ=1.31 | [cache]
20:55:17 [INFO]   ✓ BB/USDT        | K=25 | اختبار=  402 | tri_μ=1.30 | [cache]
20:55:17 [INFO]   ✓ W/USDT         | K=25 | اختبار=  376 | tri_μ=1.25 | [cache]
20:55:17 [INFO]   ✓ ZK/USDT        | K=25 | اختبار=  433 | tri_μ=1.31 | [cache]
20:55:17 [INFO]   ✓ IO/USDT        | K=25 | اختبار=  437 | tri_μ=1.31 | [cache]
20:55:17 [INFO]   ✓ TAIKO/USDT     | K=25 | اختبار=  368 | tri_μ=1.25 | [cache]
20:55:17 [INFO]   ✓ LISTA/USDT     | K=25 | اختبار=  420 | tri_μ=1.26 | [cache]
20:55:17 [INFO]   ✓ ZRO/USDT       | K=25 | اختبار=  394 | tri_μ=1.27 | [cache]
20:55:17 [INFO]   ✓ RARE/USDT      | K=25 | اختبار=  435 | tri_μ=1.27 | [cache]
20:55:17 [INFO]   ✓ G/USDT         | K=25 | اختبار=  378 | tri_μ=1.27 | [cache]
20:55:17 [INFO]   ✓ MERL/USDT      | K=25 | اختبار=  404 | tri_μ=1.30 | [cache]
20:55:18 [INFO]   ✓ SYN/USDT       | K=25 | اختبار=  378 | tri_μ=1.25 | [cache]
20:55:18 [INFO]   ✓ BANANA/USDT    | K=25 | اختبار=  432 | tri_μ=1.24 | [cache]
20:55:20 [WARNING] [process_asset] MEW/USDT: degenerate clustering (H_train=0.505, H_theo=4.644, ratio=0.109, K=25) — returning None
20:55:20 [WARNING]   ✗ MEW/USDT: process_asset returned None
20:55:20 [WARNING] [process_asset] ROSE/USDT: degenerate clustering (H_train=1.050, H_theo=4.644, ratio=0.226, K=25) — returning None
20:55:20 [WARNING]   ✗ ROSE/USDT: process_asset returned None
20:55:25 [INFO]   ✓ STORJ/USDT     | K=25 | اختبار=  353 | tri_μ=1.26 | [computed]
20:55:29 [INFO]   [Parallel] done in 29.7s  (cache=97, computed=1, errors=2)
20:55:29 [INFO] §4  مصفوفة الارتباط...
20:55:30 [INFO]   أزواج مرتبطة (ρ>0.7): 17
20:55:30 [INFO] §5  بناء الإشارات (①②④⑤ مُفعَّلة)...
20:55:30 [INFO] [Gauge-Filter] thresholds: BUY>p60=0.14886, SELL>p95=0.21053 (pool=92987)
20:55:41 [INFO]   ✔ 2,773 إشارة
20:55:41 [INFO]   T_info: μ=4.080 | σ=1.622
20:55:41 [INFO]   risk_dynamic: μ=1.957% | max=2.58%
20:55:41 [INFO]   BUY=2,325 | SELL=448 (Λ=0)
20:55:41 [INFO] §6  محاكاة المحفظة متعددة المراكز...
20:55:41 [INFO]   [Backtest Realism] Entry fills: 2,034/2,773 (73.4%) [pen=1.0bps, wait=live=0s → 6 bars]
20:55:43 [INFO]   ✔ 1,481 صفقة
20:55:43 [INFO] §7  انحدار الإنتروبيا...
20:55:43 [INFO]   BTC/USDT      : b=-0.00034  R²=0.035  [neutral]
20:55:43 [INFO]   SOL/USDT      : b=+0.00068  R²=0.125  [increasing]
20:55:43 [INFO]   ETH/USDT      : b=-0.00026  R²=0.020  [neutral]
20:55:43 [INFO]   ADA/USDT      : b=+0.00037  R²=0.022  [neutral]
20:55:48 [INFO] 📊 quantum_v6_results.png
20:55:48 [INFO] ✅ اكتمل.
20:55:48 [INFO]    E[ln(1+fR)] = +0.000712
20:55:48 [INFO]    MaxDrawdown  = 40.66%
20:55:48 [INFO]    Topo-Exits   = 0.0%
20:55:48 [INFO]    AvgRisk      = 0.907%
20:55:48 [INFO] [Diagnostic] Close-and-reverse within 3h: 0

════════════════════════════════════════════════════════════════════════
   📊  محرك التداول الثرموديناميكي الكمي v6.0  [BACKTEST]
   🌌  محرك التفرد – Singularity Engine
════════════════════════════════════════════════════════════════════════

▶ المقياس الأساسي (م٦): E[ln(1+fR)] لكل صفقة
   متوسط  : +0.000712
   وسيط   : -0.000439
   انحراف : 0.013519
   → ✅ حافة إيجابية

▶ إحصاءات الصفقات
   عدد الصفقات      : 1,481
   شراء / بيع        : 1,217 / 264
   نسبة النجاح      : 48.89%
   عامل الربح (PF)  : 1.111
   متوسط الربح      : $2.5906
   متوسط الخسارة   : $-2.2304
   شارب (سنوي)      : 0.836
   دخول مُحسَّن       : 0  (0.0%)

▶ التعديلات الجديدة (v6.0)
   ① متوسط T_info (حرارة معلوماتية) : 4.0524
   ① متوسط المخاطرة الديناميكية     : 0.907%
   ② خروج توبولوجي (Topo-Div)       : 0  (0.0%)
   خروج TRI مبكر                    : 0  (0.0%)
   انزلاق إجمالي                    : $168.55

▶ رأس المال (مقياس ثانوي)
   ابتدائي: $100.00  →  نهائي: $287.18
   العائد الكلي     : 187.2%
   أقصى انخفاض     : 40.66%  ($169.20)

▶ تحذير السيولة (م٦): 0 (0.0%)  ✅ معقول

▶ توزيع أسباب الخروج
   Emergency SL             :     876  (59.1%)
   Apex: Action Integral Exhaustion:     551  (37.2%)
   Hard TP                  :      39  (2.6%)
   MaxHold                  :      14  (0.9%)
   EndOfData                :       1  (0.1%)

════════════════════════════════════════════════════════════════════════


▶ تحليل MFE (أقصى ربح غير مُحقَّق)
   Emergency SL   (n= 876) | μMFE= 1.53%  max=10.74%  | >0.5%:  490  >1.0%:  415  >2.0%:  288
   Hard TP        (n=  39) | μMFE=11.62%  max=13.77%  | >0.5%:   39  >1.0%:   39  >2.0%:   39
   Apex exits     (n= 551) | μMFE= 3.16%  max=10.93%  | >0.5%:  547  >1.0%:  509  >2.0%:  344

▶ ميزانية المخاطرة الكلية
   μ risk/trade : 0.907%
   max risk/trade : 2.999%
   min risk/trade : 0.500%
