21:03:32 [INFO] [Backtest] end-date pinned to 2025-12-31
21:03:33 [INFO] [Level-2] Numba kernels warm (JIT ready in 0.8s)
21:03:33 [INFO] [Cache] LIVE_ASSET_CACHE_MAX adjusted to 150
21:03:35 [INFO] [TF] timeframe=4h TF_SCALE=0.2500 TF_SECONDS=14400 TF_HOURS=4.000
21:03:35 [INFO] [TF-Unified] N=24 W=20 L=10 ADV_BARS=6 (σ≈0.25× 1h)
21:03:35 [INFO] [Data] mode=backtest | tf=4h | history=365d (2190 bars/symbol) | quality=degraded | source=user(365d)
21:03:35 [WARNING] [Data] degraded quality: tail=2190 < strict_min/2=5012. Many assets may be skipped by degenerate detection. Recommended minimum for 4h: --history-days 2339.
21:03:35 [INFO] [Trail] Trailing Stop Loss DISABLED — SL is fixed
21:03:35 [INFO] [Backtest] --no-fixed-price: entry target will be derived from close[sig.close_idx] × (1 ± PO_PENETRATION_BPS)
21:03:35 [INFO] [Watch] Watch-then-trigger DISABLED (Config default) — legacy immediate placement
21:03:35 [INFO] [Gauge] SELL RE-ENABLED — experimental mode
21:03:35 [INFO] [OppTP] Opposite-Signal Adaptive TP DISABLED
21:03:35 [INFO] [TradeLog] Logging trades to results/sell_ablation/S3_2025.jsonl
21:03:35 [INFO] §1  مسح أعلى 15 عملة...
21:03:35 [INFO] §2  جلب البيانات (متوازٍ)...
21:03:55 [INFO]   ✓ ADA/USDT      : 2,190 شمعة
21:04:00 [INFO]   ✓ AVAX/USDT     : 2,190 شمعة
21:04:06 [INFO]   ✓ LINK/USDT     : 2,190 شمعة
21:04:06 [INFO]   ✓ BTC/USDT      : 2,190 شمعة
21:04:06 [INFO]   ✓ SOL/USDT      : 2,190 شمعة
21:04:06 [INFO]   ✓ BNB/USDT      : 2,190 شمعة
21:04:07 [INFO]   ✓ DOT/USDT      : 2,190 شمعة
21:04:07 [INFO]   ✓ ETH/USDT      : 2,190 شمعة
21:04:07 [INFO]   ✓ UNI/USDT      : 2,190 شمعة
21:04:07 [INFO]   ✓ LTC/USDT      : 2,190 شمعة
21:04:07 [INFO]   ✓ ETC/USDT      : 2,190 شمعة
21:04:07 [INFO]   ✓ TON/USDT      : 2,190 شمعة
21:04:07 [INFO]   ✓ TRX/USDT      : 2,190 شمعة
21:04:07 [INFO]   ✓ ATOM/USDT     : 2,190 شمعة
21:04:08 [INFO]   ✓ NEAR/USDT     : 2,190 شمعة
21:04:08 [INFO]   ✓ BCH/USDT      : 2,190 شمعة
21:04:08 [INFO]   ✓ STX/USDT      : 2,190 شمعة
21:04:08 [INFO]   ✓ APT/USDT      : 2,190 شمعة
21:04:08 [INFO]   ✓ HBAR/USDT     : 2,190 شمعة
21:04:08 [INFO]   ✓ ARB/USDT      : 2,190 شمعة
21:04:08 [INFO]   ✓ AAVE/USDT     : 2,190 شمعة
21:04:08 [INFO]   ✓ OP/USDT       : 2,190 شمعة
21:04:09 [INFO]   ✓ TIA/USDT      : 2,190 شمعة
21:04:09 [INFO]   ✓ SEI/USDT      : 2,190 شمعة
21:04:09 [INFO]   ✓ ALGO/USDT     : 2,190 شمعة
21:04:09 [INFO]   ✓ SUI/USDT      : 2,190 شمعة
21:04:09 [INFO]   ✓ GRT/USDT      : 2,190 شمعة
21:04:09 [INFO]   ✓ KAS/USDT      : 2,190 شمعة
21:04:09 [INFO]   ✓ LDO/USDT      : 2,190 شمعة
21:04:09 [INFO]   ✓ FET/USDT      : 2,190 شمعة
21:04:09 [INFO]   ✓ RENDER/USDT   : 2,190 شمعة
21:04:09 [INFO]   ✓ WIF/USDT      : 2,190 شمعة
21:04:10 [INFO]   ✓ SAND/USDT     : 2,190 شمعة
21:04:10 [INFO]   ✓ XLM/USDT      : 2,190 شمعة
21:04:10 [INFO]   ✓ THETA/USDT    : 2,190 شمعة
21:04:10 [INFO]   ✓ MANA/USDT     : 2,190 شمعة
21:04:10 [INFO]   ✓ AXS/USDT      : 2,190 شمعة
21:04:10 [INFO]   ✓ CHZ/USDT      : 2,190 شمعة
21:04:10 [INFO]   ✓ FIL/USDT      : 2,190 شمعة
21:04:10 [INFO]   ✓ QNT/USDT      : 2,190 شمعة
21:04:10 [INFO]   ✓ DASH/USDT     : 2,190 شمعة
21:04:10 [INFO]   ✓ POL/USDT      : 2,190 شمعة
21:04:11 [INFO]   ✓ FLOW/USDT     : 2,190 شمعة
21:04:11 [INFO]   ✓ ROSE/USDT     : 2,190 شمعة
21:04:11 [INFO]   ✓ IOTA/USDT     : 2,190 شمعة
21:04:11 [INFO]   ✓ NEO/USDT      : 2,190 شمعة
21:04:11 [INFO]   ✓ CAKE/USDT     : 2,190 شمعة
21:04:11 [INFO]   ✓ KAVA/USDT     : 2,190 شمعة
21:04:12 [INFO]   ✓ SNX/USDT      : 2,190 شمعة
21:04:12 [INFO]   ✓ COMP/USDT     : 2,190 شمعة
21:04:12 [INFO]   ✓ CRV/USDT      : 2,190 شمعة
21:04:12 [INFO]   ✓ SUSHI/USDT    : 2,190 شمعة
21:04:12 [INFO]   ✓ YFI/USDT      : 2,190 شمعة
21:04:12 [INFO]   ✓ ZRX/USDT      : 2,190 شمعة
21:04:12 [INFO]   ✓ BAT/USDT      : 2,190 شمعة
21:04:12 [INFO]   ✓ ANKR/USDT     : 2,190 شمعة
21:04:12 [INFO]   ✓ BAND/USDT     : 2,190 شمعة
21:04:12 [INFO]   ✓ NMR/USDT      : 2,190 شمعة
21:04:13 [INFO]   ✓ CELO/USDT     : 2,190 شمعة
21:04:13 [INFO]   ✓ KSM/USDT      : 2,190 شمعة
21:04:13 [INFO]   ✓ ZEN/USDT      : 2,190 شمعة
21:04:13 [INFO]   ✓ MASK/USDT     : 2,190 شمعة
21:04:13 [INFO]   ✓ STORJ/USDT    : 2,190 شمعة
21:04:13 [INFO]   ✓ DYDX/USDT     : 2,190 شمعة
21:04:14 [INFO]   ✓ GMX/USDT      : 2,190 شمعة
21:04:14 [INFO]   ✓ ENS/USDT      : 2,190 شمعة
21:04:14 [INFO]   ✓ HIGH/USDT     : 2,190 شمعة
21:04:14 [INFO]   ✓ MAGIC/USDT    : 2,190 شمعة
21:04:14 [INFO]   ✓ PENDLE/USDT   : 2,190 شمعة
21:04:14 [INFO]   ✓ JOE/USDT      : 2,190 شمعة
21:04:14 [INFO]   ✓ CYBER/USDT    : 2,190 شمعة
21:04:14 [INFO]   ✓ WLD/USDT      : 2,190 شمعة
21:04:14 [INFO]   ✓ ARKM/USDT     : 2,190 شمعة
21:04:14 [INFO]   ✓ BLUR/USDT     : 2,190 شمعة
21:04:15 [INFO]   ✓ ID/USDT       : 2,190 شمعة
21:04:15 [INFO]   ✓ EDU/USDT      : 2,190 شمعة
21:04:15 [INFO]   ✓ PYTH/USDT     : 2,190 شمعة
21:04:15 [INFO]   ✓ ORDI/USDT     : 2,190 شمعة
21:04:15 [INFO]   ✓ JUP/USDT      : 2,190 شمعة
21:04:15 [INFO]   ✓ JTO/USDT      : 2,190 شمعة
21:04:15 [INFO]   ✓ DYM/USDT      : 2,190 شمعة
21:04:16 [INFO]   ✓ STRK/USDT     : 2,190 شمعة
21:04:16 [INFO]   ✓ ALT/USDT      : 2,190 شمعة
21:04:16 [INFO]   ✓ MANTA/USDT    : 2,190 شمعة
21:04:16 [INFO]   ✓ AEVO/USDT     : 2,190 شمعة
21:04:16 [INFO]   ✓ ETHFI/USDT    : 2,190 شمعة
21:04:16 [INFO]   ✓ W/USDT        : 2,190 شمعة
21:04:17 [INFO]   ✓ SAGA/USDT     : 2,190 شمعة
21:04:17 [INFO]   ✓ BB/USDT       : 2,190 شمعة
21:04:17 [INFO]   ✓ IO/USDT       : 2,190 شمعة
21:04:17 [INFO]   ✓ ZK/USDT       : 2,190 شمعة
21:04:17 [INFO]   ✓ LISTA/USDT    : 2,190 شمعة
21:04:17 [INFO]   ✓ ZRO/USDT      : 2,190 شمعة
21:04:17 [INFO]   ✓ SYN/USDT      : 2,190 شمعة
21:04:17 [INFO]   ✓ RARE/USDT     : 2,190 شمعة
21:04:17 [INFO]   ✓ G/USDT        : 2,190 شمعة
21:04:17 [INFO]   ✓ MEW/USDT      : 2,190 شمعة
21:04:18 [INFO]   ✓ TAIKO/USDT    : 1,222 شمعة
21:04:18 [INFO]   ✓ BANANA/USDT   : 2,190 شمعة
21:04:18 [INFO]   ✓ MERL/USDT     : 1,301 شمعة
21:04:19 [INFO]   ✓ ADA/USDT      : 35,040 شمعة 15m
21:04:20 [INFO]   ✓ AVAX/USDT     : 35,040 شمعة 15m
21:04:20 [INFO]   ✓ SOL/USDT      : 35,040 شمعة 15m
21:04:20 [INFO]   ✓ LINK/USDT     : 35,040 شمعة 15m
21:04:21 [INFO]   ✓ BTC/USDT      : 35,040 شمعة 15m
21:04:22 [INFO]   ✓ BNB/USDT      : 35,040 شمعة 15m
21:04:22 [INFO]   ✓ DOT/USDT      : 35,040 شمعة 15m
21:04:23 [INFO]   ✓ LTC/USDT      : 35,040 شمعة 15m
21:04:23 [INFO]   ✓ UNI/USDT      : 35,040 شمعة 15m
21:04:23 [INFO]   ✓ ETH/USDT      : 35,040 شمعة 15m
21:04:26 [INFO]   ✓ ETC/USDT      : 35,040 شمعة 15m
21:04:27 [INFO]   ✓ NEAR/USDT     : 35,040 شمعة 15m
21:04:27 [INFO]   ✓ TRX/USDT      : 35,040 شمعة 15m
21:04:27 [INFO]   ✓ ATOM/USDT     : 35,040 شمعة 15m
21:04:28 [INFO]   ✓ BCH/USDT      : 35,040 شمعة 15m
21:04:28 [INFO]   ✓ STX/USDT      : 35,040 شمعة 15m
21:04:28 [INFO]   ✓ HBAR/USDT     : 35,040 شمعة 15m
21:04:28 [INFO]   ✓ APT/USDT      : 35,040 شمعة 15m
21:04:29 [INFO]   ✓ ARB/USDT      : 35,040 شمعة 15m
21:04:29 [INFO]   ✓ AAVE/USDT     : 35,040 شمعة 15m
21:04:29 [INFO]   ✓ TIA/USDT      : 35,040 شمعة 15m
21:04:29 [INFO]   ✓ OP/USDT       : 35,040 شمعة 15m
21:04:30 [INFO]   ✓ SEI/USDT      : 35,040 شمعة 15m
21:04:30 [INFO]   ✓ ALGO/USDT     : 35,040 شمعة 15m
21:04:30 [INFO]   ✓ SUI/USDT      : 35,040 شمعة 15m
21:04:30 [INFO]   ✓ GRT/USDT      : 35,040 شمعة 15m
21:04:30 [INFO]   ✓ KAS/USDT      : 35,040 شمعة 15m
21:04:31 [INFO]   ✓ RENDER/USDT   : 35,040 شمعة 15m
21:04:31 [INFO]   ✓ LDO/USDT      : 35,040 شمعة 15m
21:04:31 [INFO]   ✓ FET/USDT      : 35,040 شمعة 15m
21:04:32 [INFO]   ✓ WIF/USDT      : 35,040 شمعة 15m
21:04:33 [INFO]   ✓ SAND/USDT     : 35,040 شمعة 15m
21:04:33 [INFO]   ✓ XLM/USDT      : 35,040 شمعة 15m
21:04:33 [INFO]   ✓ THETA/USDT    : 35,040 شمعة 15m
21:04:33 [INFO]   ✓ MANA/USDT     : 35,040 شمعة 15m
21:04:34 [INFO]   ✓ AXS/USDT      : 35,040 شمعة 15m
21:04:34 [INFO]   ✓ FIL/USDT      : 35,040 شمعة 15m
21:04:34 [INFO]   ✓ QNT/USDT      : 35,040 شمعة 15m
21:04:34 [INFO]   ✓ CHZ/USDT      : 35,040 شمعة 15m
21:04:34 [INFO]   ✓ DASH/USDT     : 35,040 شمعة 15m
21:04:35 [INFO]   ✓ FLOW/USDT     : 35,040 شمعة 15m
21:04:35 [INFO]   ✓ POL/USDT      : 35,040 شمعة 15m
21:04:35 [INFO]   ✓ ROSE/USDT     : 35,040 شمعة 15m
21:04:35 [INFO]   ✓ IOTA/USDT     : 35,040 شمعة 15m
21:04:35 [INFO]   ✓ TON/USDT      : 35,040 شمعة 15m
21:04:35 [INFO]   ✓ NEO/USDT      : 35,040 شمعة 15m
21:04:35 [INFO]   ✓ KAVA/USDT     : 35,040 شمعة 15m
21:04:36 [INFO]   ✓ CAKE/USDT     : 35,040 شمعة 15m
21:04:36 [INFO]   ✓ SNX/USDT      : 35,040 شمعة 15m
21:04:36 [INFO]   ✓ COMP/USDT     : 35,040 شمعة 15m
21:04:36 [INFO]   ✓ CRV/USDT      : 35,040 شمعة 15m
21:04:36 [INFO]   ✓ SUSHI/USDT    : 35,040 شمعة 15m
21:04:36 [INFO]   ✓ BAT/USDT      : 35,040 شمعة 15m
21:04:36 [INFO]   ✓ YFI/USDT      : 35,040 شمعة 15m
21:04:36 [INFO]   ✓ ZRX/USDT      : 35,040 شمعة 15m
21:04:37 [INFO]   ✓ ANKR/USDT     : 35,040 شمعة 15m
21:04:37 [INFO]   ✓ BAND/USDT     : 35,040 شمعة 15m
21:04:37 [INFO]   ✓ CELO/USDT     : 35,040 شمعة 15m
21:04:37 [INFO]   ✓ KSM/USDT      : 35,040 شمعة 15m
21:04:37 [INFO]   ✓ NMR/USDT      : 35,040 شمعة 15m
21:04:37 [INFO]   ✓ ZEN/USDT      : 35,040 شمعة 15m
21:04:37 [INFO]   ✓ MASK/USDT     : 35,040 شمعة 15m
21:04:38 [INFO]   ✓ DYDX/USDT     : 35,040 شمعة 15m
21:04:38 [INFO]   ✓ GMX/USDT      : 35,040 شمعة 15m
21:04:38 [INFO]   ✓ ENS/USDT      : 35,040 شمعة 15m
21:04:38 [INFO]   ✓ MAGIC/USDT    : 35,040 شمعة 15m
21:04:39 [INFO]   ✓ CYBER/USDT    : 35,040 شمعة 15m
21:04:39 [INFO]   ✓ JOE/USDT      : 35,040 شمعة 15m
21:04:39 [INFO]   ✓ PENDLE/USDT   : 35,040 شمعة 15m
21:04:39 [INFO]   ✓ WLD/USDT      : 35,040 شمعة 15m
21:04:40 [INFO]   ✓ BLUR/USDT     : 35,040 شمعة 15m
21:04:40 [INFO]   ✓ ARKM/USDT     : 35,040 شمعة 15m
21:04:40 [INFO]   ✓ ID/USDT       : 35,040 شمعة 15m
21:04:40 [INFO]   ✓ STORJ/USDT    : 35,040 شمعة 15m
21:04:41 [INFO]   ✓ EDU/USDT      : 35,040 شمعة 15m
21:04:41 [INFO]   ✓ PYTH/USDT     : 35,040 شمعة 15m
21:04:41 [INFO]   ✓ ORDI/USDT     : 35,040 شمعة 15m
21:04:42 [INFO]   ✓ JUP/USDT      : 35,040 شمعة 15m
21:04:43 [INFO]   ✓ DYM/USDT      : 35,040 شمعة 15m
21:04:43 [INFO]   ✓ JTO/USDT      : 35,040 شمعة 15m
21:04:43 [INFO]   ✓ STRK/USDT     : 35,040 شمعة 15m
21:04:43 [INFO]   ✓ ALT/USDT      : 35,040 شمعة 15m
21:04:44 [INFO]   ✓ MANTA/USDT    : 35,040 شمعة 15m
21:04:44 [INFO]   ✓ AEVO/USDT     : 35,040 شمعة 15m
21:04:44 [INFO]   ✓ ETHFI/USDT    : 35,040 شمعة 15m
21:04:44 [INFO]   ✓ W/USDT        : 35,040 شمعة 15m
21:04:45 [INFO]   ✓ SAGA/USDT     : 35,040 شمعة 15m
21:04:46 [INFO]   ✓ IO/USDT       : 35,040 شمعة 15m
21:04:46 [INFO]   ✓ BB/USDT       : 35,040 شمعة 15m
21:04:46 [INFO]   ✓ ZK/USDT       : 35,040 شمعة 15m
21:04:46 [INFO]   ✓ LISTA/USDT    : 35,040 شمعة 15m
21:04:48 [INFO]   ✓ SYN/USDT      : 35,040 شمعة 15m
21:04:48 [INFO]   ✓ ZRO/USDT      : 35,040 شمعة 15m
21:04:48 [INFO]   ✓ RARE/USDT     : 35,040 شمعة 15m
21:04:48 [INFO]   ✓ G/USDT        : 35,040 شمعة 15m
21:04:50 [INFO]   ✓ MEW/USDT      : 35,040 شمعة 15m
21:04:51 [INFO]   ✓ BANANA/USDT   : 35,040 شمعة 15m
21:04:52 [INFO]   ✓ HIGH/USDT     : 35,040 شمعة 15m
21:04:54 [INFO]   ✓ TAIKO/USDT    : 19,534 شمعة 15m
21:04:54 [INFO]   ✓ MERL/USDT     : 20,798 شمعة 15m
21:04:54 [INFO]   [SubBars] loaded for 100 symbols at 15m
21:04:54 [INFO] §3  معالجة فضاء الحالة (K ديناميكي)...
21:04:54 [INFO]   [Parallel] 8 workers × 100 symbols (cache=on)
╔══════════════════════════════════════════════════════════════════════╗
  [Level-1] Parallel: True  Cache: True
  [Level-2] Numba: True

║  محرك التداول الثرموديناميكي الكمي v6.0 – Singularity Engine     ║
║  الوضع: BACKTEST    |  رأس المال: $100.00              ║
╠══════════════════════════════════════════════════════════════════════╣
║  ① Boltzmann Kelly: BASE=2.0%  λ=0.05  [1.0%–5.0%]  ║
║  ② Topo-Divergence: ε=0.05  (حتمية هندسية)              ║
║  ③ Dynamic-K:       [25–50]  (SNR ∝ 1/m)                     ║
║  ④ Cosmological Λ:  0  (De Sitter drift)                  ║
║  ⑤ T_sync EMA-accel: فلتر التشابك عبر المقاييس                  ║
╚══════════════════════════════════════════════════════════════════════╝

21:05:06 [INFO]   ✓ ADA/USDT       | K=25 | اختبار=  412 | tri_μ=1.31 | [cache]
21:05:06 [INFO]   ✓ AVAX/USDT      | K=25 | اختبار=  388 | tri_μ=1.22 | [cache]
21:05:06 [INFO]   ✓ LINK/USDT      | K=25 | اختبار=  441 | tri_μ=1.30 | [cache]
21:05:06 [INFO]   ✓ BTC/USDT       | K=25 | اختبار=  409 | tri_μ=1.38 | [cache]
21:05:07 [INFO]   ✓ SOL/USDT       | K=25 | اختبار=  426 | tri_μ=1.31 | [cache]
21:05:07 [INFO]   ✓ BNB/USDT       | K=25 | اختبار=  412 | tri_μ=1.35 | [cache]
21:05:07 [INFO]   ✓ DOT/USDT       | K=25 | اختبار=  437 | tri_μ=1.31 | [cache]
21:05:07 [INFO]   ✓ ETH/USDT       | K=25 | اختبار=  411 | tri_μ=1.34 | [cache]
21:05:07 [INFO]   ✓ UNI/USDT       | K=25 | اختبار=  442 | tri_μ=1.25 | [cache]
21:05:07 [INFO]   ✓ LTC/USDT       | K=25 | اختبار=  455 | tri_μ=1.29 | [cache]
21:05:07 [INFO]   ✓ ETC/USDT       | K=25 | اختبار=  426 | tri_μ=1.25 | [cache]
21:05:07 [INFO]   ✓ TON/USDT       | K=25 | اختبار=  448 | tri_μ=1.31 | [cache]
21:05:07 [INFO]   ✓ TRX/USDT       | K=25 | اختبار=  411 | tri_μ=1.28 | [cache]
21:05:07 [INFO]   ✓ ATOM/USDT      | K=25 | اختبار=  435 | tri_μ=1.32 | [cache]
21:05:07 [INFO]   ✓ NEAR/USDT      | K=25 | اختبار=  425 | tri_μ=1.31 | [cache]
21:05:07 [INFO]   ✓ BCH/USDT       | K=25 | اختبار=  430 | tri_μ=1.34 | [cache]
21:05:07 [INFO]   ✓ STX/USDT       | K=25 | اختبار=  463 | tri_μ=1.31 | [cache]
21:05:07 [INFO]   ✓ APT/USDT       | K=25 | اختبار=  406 | tri_μ=1.26 | [cache]
21:05:07 [INFO]   ✓ HBAR/USDT      | K=25 | اختبار=  386 | tri_μ=1.26 | [cache]
21:05:07 [INFO]   ✓ ARB/USDT       | K=25 | اختبار=  430 | tri_μ=1.30 | [cache]
21:05:07 [INFO]   ✓ AAVE/USDT      | K=25 | اختبار=  430 | tri_μ=1.34 | [cache]
21:05:07 [INFO]   ✓ OP/USDT        | K=25 | اختبار=  426 | tri_μ=1.26 | [cache]
21:05:07 [INFO]   ✓ TIA/USDT       | K=25 | اختبار=  427 | tri_μ=1.27 | [cache]
21:05:07 [INFO]   ✓ SEI/USDT       | K=25 | اختبار=  425 | tri_μ=1.27 | [cache]
21:05:07 [INFO]   ✓ ALGO/USDT      | K=25 | اختبار=  427 | tri_μ=1.32 | [cache]
21:05:07 [INFO]   ✓ SUI/USDT       | K=25 | اختبار=  459 | tri_μ=1.34 | [cache]
21:05:07 [INFO]   ✓ GRT/USDT       | K=25 | اختبار=  449 | tri_μ=1.32 | [cache]
21:05:07 [INFO]   ✓ KAS/USDT       | K=25 | اختبار=  439 | tri_μ=1.33 | [cache]
21:05:07 [INFO]   ✓ LDO/USDT       | K=25 | اختبار=  465 | tri_μ=1.31 | [cache]
21:05:07 [INFO]   ✓ FET/USDT       | K=25 | اختبار=  434 | tri_μ=1.31 | [cache]
21:05:07 [INFO]   ✓ RENDER/USDT    | K=25 | اختبار=  429 | tri_μ=1.31 | [cache]
21:05:07 [INFO]   ✓ WIF/USDT       | K=25 | اختبار=  421 | tri_μ=1.29 | [cache]
21:05:07 [INFO]   ✓ SAND/USDT      | K=25 | اختبار=  428 | tri_μ=1.31 | [cache]
21:05:07 [INFO]   ✓ XLM/USDT       | K=25 | اختبار=  385 | tri_μ=1.27 | [cache]
21:05:07 [INFO]   ✓ THETA/USDT     | K=25 | اختبار=  437 | tri_μ=1.31 | [cache]
21:05:07 [INFO]   ✓ MANA/USDT      | K=25 | اختبار=  454 | tri_μ=1.31 | [cache]
21:05:07 [INFO]   ✓ AXS/USDT       | K=25 | اختبار=  430 | tri_μ=1.31 | [cache]
21:05:07 [INFO]   ✓ CHZ/USDT       | K=25 | اختبار=  430 | tri_μ=1.33 | [cache]
21:05:07 [INFO]   ✓ FIL/USDT       | K=25 | اختبار=  446 | tri_μ=1.31 | [cache]
21:05:07 [INFO]   ✓ QNT/USDT       | K=25 | اختبار=  444 | tri_μ=1.30 | [cache]
21:05:07 [INFO]   ✓ DASH/USDT      | K=25 | اختبار=  378 | tri_μ=1.24 | [cache]
21:05:07 [INFO]   ✓ POL/USDT       | K=25 | اختبار=  414 | tri_μ=1.30 | [cache]
21:05:07 [INFO]   ✓ FLOW/USDT      | K=25 | اختبار=  453 | tri_μ=1.28 | [cache]
21:05:07 [INFO]   ✓ ROSE/USDT      | K=25 | اختبار=  441 | tri_μ=1.34 | [cache]
21:05:07 [INFO]   ✓ IOTA/USDT      | K=25 | اختبار=  425 | tri_μ=1.31 | [cache]
21:05:07 [INFO]   ✓ NEO/USDT       | K=25 | اختبار=  438 | tri_μ=1.25 | [cache]
21:05:07 [INFO]   ✓ CAKE/USDT      | K=25 | اختبار=  443 | tri_μ=1.30 | [cache]
21:05:07 [INFO]   ✓ KAVA/USDT      | K=25 | اختبار=  438 | tri_μ=1.29 | [cache]
21:05:07 [INFO]   ✓ SNX/USDT       | K=25 | اختبار=  424 | tri_μ=1.31 | [cache]
21:05:07 [INFO]   ✓ COMP/USDT      | K=25 | اختبار=  404 | tri_μ=1.22 | [cache]
21:05:07 [INFO]   ✓ CRV/USDT       | K=25 | اختبار=  434 | tri_μ=1.35 | [cache]
21:05:08 [INFO]   ✓ SUSHI/USDT     | K=25 | اختبار=  457 | tri_μ=1.32 | [cache]
21:05:08 [INFO]   ✓ YFI/USDT       | K=25 | اختبار=  424 | tri_μ=1.37 | [cache]
21:05:08 [INFO]   ✓ ZRX/USDT       | K=25 | اختبار=  431 | tri_μ=1.29 | [cache]
21:05:08 [INFO]   ✓ BAT/USDT       | K=25 | اختبار=  426 | tri_μ=1.32 | [cache]
21:05:08 [INFO]   ✓ ANKR/USDT      | K=25 | اختبار=  433 | tri_μ=1.33 | [cache]
21:05:08 [INFO]   ✓ BAND/USDT      | K=25 | اختبار=  438 | tri_μ=1.32 | [cache]
21:05:08 [INFO]   ✓ NMR/USDT       | K=25 | اختبار=  340 | tri_μ=1.22 | [cache]
21:05:08 [INFO]   ✓ CELO/USDT      | K=25 | اختبار=  446 | tri_μ=1.30 | [cache]
21:05:08 [INFO]   ✓ KSM/USDT       | K=25 | اختبار=  419 | tri_μ=1.26 | [cache]
21:05:08 [INFO]   ✓ ZEN/USDT       | K=25 | اختبار=  388 | tri_μ=1.24 | [cache]
21:05:08 [INFO]   ✓ MASK/USDT      | K=25 | اختبار=  449 | tri_μ=1.28 | [cache]
21:05:08 [INFO]   ✓ STORJ/USDT     | K=25 | اختبار=  441 | tri_μ=1.32 | [cache]
21:05:08 [INFO]   ✓ DYDX/USDT      | K=25 | اختبار=  450 | tri_μ=1.31 | [cache]
21:05:08 [INFO]   ✓ GMX/USDT       | K=25 | اختبار=  446 | tri_μ=1.28 | [cache]
21:05:08 [INFO]   ✓ ENS/USDT       | K=25 | اختبار=  429 | tri_μ=1.27 | [cache]
21:05:08 [INFO]   ✓ HIGH/USDT      | K=25 | اختبار=  462 | tri_μ=1.33 | [cache]
21:05:08 [INFO]   ✓ MAGIC/USDT     | K=25 | اختبار=  411 | tri_μ=1.25 | [cache]
21:05:08 [INFO]   ✓ PENDLE/USDT    | K=25 | اختبار=  469 | tri_μ=1.30 | [cache]
21:05:08 [INFO]   ✓ JOE/USDT       | K=25 | اختبار=  414 | tri_μ=1.31 | [cache]
21:05:08 [INFO]   ✓ CYBER/USDT     | K=25 | اختبار=  451 | tri_μ=1.29 | [cache]
21:05:08 [INFO]   ✓ WLD/USDT       | K=25 | اختبار=  477 | tri_μ=1.32 | [cache]
21:05:08 [INFO]   ✓ ARKM/USDT      | K=25 | اختبار=  419 | tri_μ=1.30 | [cache]
21:05:08 [INFO]   ✓ BLUR/USDT      | K=25 | اختبار=  446 | tri_μ=1.30 | [cache]
21:05:08 [INFO]   ✓ ID/USDT        | K=25 | اختبار=  435 | tri_μ=1.30 | [cache]
21:05:08 [INFO]   ✓ EDU/USDT       | K=25 | اختبار=  449 | tri_μ=1.28 | [cache]
21:05:08 [INFO]   ✓ PYTH/USDT      | K=25 | اختبار=  429 | tri_μ=1.29 | [cache]
21:05:08 [INFO]   ✓ ORDI/USDT      | K=25 | اختبار=  456 | tri_μ=1.26 | [cache]
21:05:08 [INFO]   ✓ JUP/USDT       | K=25 | اختبار=  432 | tri_μ=1.32 | [cache]
21:05:08 [INFO]   ✓ JTO/USDT       | K=25 | اختبار=  450 | tri_μ=1.30 | [cache]
21:05:08 [INFO]   ✓ DYM/USDT       | K=25 | اختبار=  427 | tri_μ=1.26 | [cache]
21:05:08 [INFO]   ✓ STRK/USDT      | K=25 | اختبار=  400 | tri_μ=1.28 | [cache]
21:05:08 [INFO]   ✓ ALT/USDT       | K=25 | اختبار=  331 | tri_μ=1.26 | [cache]
21:05:08 [INFO]   ✓ MANTA/USDT     | K=25 | اختبار=  400 | tri_μ=1.32 | [cache]
21:05:08 [INFO]   ✓ AEVO/USDT      | K=25 | اختبار=  446 | tri_μ=1.30 | [cache]
21:05:08 [INFO]   ✓ ETHFI/USDT     | K=25 | اختبار=  409 | tri_μ=1.26 | [cache]
21:05:08 [INFO]   ✓ W/USDT         | K=25 | اختبار=  411 | tri_μ=1.25 | [cache]
21:05:08 [INFO]   ✓ SAGA/USDT      | K=25 | اختبار=  419 | tri_μ=1.27 | [cache]
21:05:08 [INFO]   ✓ BB/USDT        | K=25 | اختبار=  452 | tri_μ=1.33 | [cache]
21:05:08 [INFO]   ✓ IO/USDT        | K=25 | اختبار=  434 | tri_μ=1.32 | [cache]
21:05:08 [INFO]   ✓ ZK/USDT        | K=25 | اختبار=  412 | tri_μ=1.31 | [cache]
21:05:08 [INFO]   ✓ LISTA/USDT     | K=25 | اختبار=  461 | tri_μ=1.30 | [cache]
21:05:08 [INFO]   ✓ ZRO/USDT       | K=25 | اختبار=  421 | tri_μ=1.31 | [cache]
21:05:08 [INFO]   ✓ SYN/USDT       | K=25 | اختبار=  434 | tri_μ=1.29 | [cache]
21:05:08 [INFO]   ✓ RARE/USDT      | K=25 | اختبار=  454 | tri_μ=1.25 | [cache]
21:05:08 [INFO]   ✓ G/USDT         | K=25 | اختبار=  440 | tri_μ=1.33 | [cache]
21:05:08 [INFO]   ✓ TAIKO/USDT     | K=25 | اختبار=  245 | tri_μ=1.28 | [cache]
21:05:09 [INFO]   ✓ BANANA/USDT    | K=25 | اختبار=  449 | tri_μ=1.24 | [cache]
21:05:09 [INFO]   ✓ MERL/USDT      | K=25 | اختبار=  288 | tri_μ=1.29 | [cache]
21:05:12 [WARNING] [process_asset] MEW/USDT: degenerate clustering (H_train=0.029, H_theo=4.644, ratio=0.006, K=25) — returning None
21:05:12 [WARNING]   ✗ MEW/USDT: process_asset returned None
21:05:20 [INFO]   [Parallel] done in 25.4s  (cache=99, computed=0, errors=1)
21:05:20 [INFO] §4  مصفوفة الارتباط...
21:05:20 [INFO]   أزواج مرتبطة (ρ>0.7): 2799
21:05:20 [INFO] §5  بناء الإشارات (①②④⑤ مُفعَّلة)...
21:05:20 [INFO] [Gauge-Filter] thresholds: BUY>p60=0.14886, SELL>p95=0.21053 (pool=96957)
21:05:28 [INFO]   ✔ 2,766 إشارة
21:05:28 [INFO]   T_info: μ=4.932 | σ=2.275
21:05:28 [INFO]   risk_dynamic: μ=1.934% | max=2.61%
21:05:28 [INFO]   BUY=2,476 | SELL=290 (Λ=0)
21:05:28 [INFO] §6  محاكاة المحفظة متعددة المراكز...
21:05:28 [INFO]   [Backtest Realism] Entry fills: 2,089/2,766 (75.5%) [pen=1.0bps, wait=live=0s → 6 bars]
21:05:31 [INFO]   ✔ 1,590 صفقة
21:05:31 [INFO] §7  انحدار الإنتروبيا...
21:05:31 [INFO]   ADA/USDT      : b=+0.00099  R²=0.213  [increasing]
21:05:31 [INFO]   AVAX/USDT     : b=-0.00042  R²=0.054  [decreasing]
21:05:31 [INFO]   LINK/USDT     : b=-0.00011  R²=0.005  [neutral]
21:05:31 [INFO]   BTC/USDT      : b=+0.00006  R²=0.002  [neutral]
21:05:35 [INFO] 📊 quantum_v6_results.png
21:05:35 [INFO] ✅ اكتمل.
21:05:35 [INFO]    E[ln(1+fR)] = +0.003165
21:05:35 [INFO]    MaxDrawdown  = 50.69%
21:05:35 [INFO]    Topo-Exits   = 0.0%
21:05:35 [INFO]    AvgRisk      = 1.338%
21:05:35 [INFO] [Diagnostic] Close-and-reverse within 3h: 0

════════════════════════════════════════════════════════════════════════
   📊  محرك التداول الثرموديناميكي الكمي v6.0  [BACKTEST]
   🌌  محرك التفرد – Singularity Engine
════════════════════════════════════════════════════════════════════════

▶ المقياس الأساسي (م٦): E[ln(1+fR)] لكل صفقة
   متوسط  : +0.003165
   وسيط   : +0.001951
   انحراف : 0.020018
   → ✅ حافة إيجابية

▶ إحصاءات الصفقات
   عدد الصفقات      : 1,590
   شراء / بيع        : 1,415 / 175
   نسبة النجاح      : 50.88%
   عامل الربح (PF)  : 3.038
   متوسط الربح      : $28.0118
   متوسط الخسارة   : $-9.5520
   شارب (سنوي)      : 2.510
   دخول مُحسَّن       : 0  (0.0%)

▶ التعديلات الجديدة (v6.0)
   ① متوسط T_info (حرارة معلوماتية) : 4.8828
   ① متوسط المخاطرة الديناميكية     : 1.338%
   ② خروج توبولوجي (Topo-Div)       : 0  (0.0%)
   خروج TRI مبكر                    : 0  (0.0%)
   انزلاق إجمالي                    : $861.45

▶ رأس المال (مقياس ثانوي)
   ابتدائي: $100.00  →  نهائي: $15,301.48
   العائد الكلي     : 15,201.5%
   أقصى انخفاض     : 50.69%  ($1,122.26)

▶ تحذير السيولة (م٦): 0 (0.0%)  ✅ معقول

▶ توزيع أسباب الخروج
   Emergency SL             :     901  (56.7%)
   Apex: Action Integral Exhaustion:     635  (39.9%)
   Hard TP                  :      48  (3.0%)
   MaxHold                  :       4  (0.3%)
   EndOfData                :       2  (0.1%)

════════════════════════════════════════════════════════════════════════


▶ تحليل MFE (أقصى ربح غير مُحقَّق)
   Emergency SL   (n= 901) | μMFE= 1.50%  max=10.04%  | >0.5%:  512  >1.0%:  439  >2.0%:  304
   Hard TP        (n=  48) | μMFE=12.34%  max=23.81%  | >0.5%:   48  >1.0%:   48  >2.0%:   48
   Apex exits     (n= 635) | μMFE= 3.54%  max=11.18%  | >0.5%:  635  >1.0%:  618  >2.0%:  477

▶ ميزانية المخاطرة الكلية
   μ risk/trade : 1.338%
   max risk/trade : 3.000%
   min risk/trade : 0.500%
