21:07:31 [INFO] [Backtest] end-date pinned to 2024-12-31
21:07:32 [INFO] [Level-2] Numba kernels warm (JIT ready in 0.6s)
21:07:32 [INFO] [Cache] LIVE_ASSET_CACHE_MAX adjusted to 150
21:07:33 [INFO] [TF] timeframe=4h TF_SCALE=0.2500 TF_SECONDS=14400 TF_HOURS=4.000
21:07:33 [INFO] [TF-Unified] N=24 W=20 L=10 ADV_BARS=6 (σ≈0.25× 1h)
21:07:33 [INFO] [Data] mode=backtest | tf=4h | history=365d (2190 bars/symbol) | quality=degraded | source=user(365d)
21:07:33 [WARNING] [Data] degraded quality: tail=2190 < strict_min/2=5012. Many assets may be skipped by degenerate detection. Recommended minimum for 4h: --history-days 2339.
21:07:33 [INFO] [Trail] Trailing Stop Loss DISABLED — SL is fixed
21:07:33 [INFO] [Backtest] --no-fixed-price: entry target will be derived from close[sig.close_idx] × (1 ± PO_PENETRATION_BPS)
21:07:33 [INFO] [Watch] Watch-then-trigger DISABLED (Config default) — legacy immediate placement
21:07:33 [INFO] [Gauge] SELL RE-ENABLED — experimental mode
21:07:33 [INFO] [OppTP] Opposite-Signal Adaptive TP DISABLED
21:07:33 [INFO] [TradeLog] Logging trades to results/sell_ablation/S4_2024.jsonl
21:07:33 [INFO] §1  مسح أعلى 15 عملة...
21:07:33 [INFO] §2  جلب البيانات (متوازٍ)...
21:07:44 [INFO]   ✓ ADA/USDT      : 2,190 شمعة
21:07:47 [INFO]   ✓ AVAX/USDT     : 2,190 شمعة
21:07:47 [INFO]   ✓ BNB/USDT      : 2,190 شمعة
21:07:47 [INFO]   ✓ ETH/USDT      : 2,190 شمعة
21:07:47 [INFO]   ✓ LINK/USDT     : 2,190 شمعة
21:07:47 [INFO]   ✓ DOT/USDT      : 2,190 شمعة
21:07:47 [INFO]   ✓ SOL/USDT      : 2,190 شمعة
21:07:47 [INFO]   ✓ BTC/USDT      : 2,190 شمعة
21:07:48 [INFO]   ✓ LTC/USDT      : 2,190 شمعة
21:07:48 [INFO]   ✓ ATOM/USDT     : 2,190 شمعة
21:07:48 [INFO]   ✓ ETC/USDT      : 2,190 شمعة
21:07:48 [INFO]   ✓ UNI/USDT      : 2,190 شمعة
21:07:48 [INFO]   ✓ TRX/USDT      : 2,190 شمعة
21:07:48 [INFO]   ✓ BCH/USDT      : 2,190 شمعة
21:07:48 [INFO]   ✓ APT/USDT      : 2,190 شمعة
21:07:48 [INFO]   ✓ HBAR/USDT     : 2,190 شمعة
21:07:48 [INFO]   ✓ NEAR/USDT     : 2,190 شمعة
21:07:49 [INFO]   ✓ TON/USDT      : 1,833 شمعة
21:07:49 [INFO]   ✓ STX/USDT      : 2,190 شمعة
21:07:49 [INFO]   ✓ OP/USDT       : 2,190 شمعة
21:07:49 [INFO]   ✓ ARB/USDT      : 2,190 شمعة
21:07:49 [INFO]   ✓ SUI/USDT      : 2,190 شمعة
21:07:49 [INFO]   ✓ AAVE/USDT     : 2,190 شمعة
21:07:49 [INFO]   ✓ TIA/USDT      : 2,190 شمعة
21:07:50 [INFO]   ✓ SEI/USDT      : 2,190 شمعة
21:07:50 [INFO]   ✓ ALGO/USDT     : 2,190 شمعة
21:07:50 [INFO]   ✓ GRT/USDT      : 2,190 شمعة
21:07:50 [INFO]   ✓ FET/USDT      : 2,190 شمعة
21:07:50 [INFO]   ✓ LDO/USDT      : 2,190 شمعة
21:07:50 [INFO]   ✓ KAS/USDT      : 2,190 شمعة
21:07:50 [INFO]   ✓ THETA/USDT    : 2,190 شمعة
21:07:50 [INFO]   ✓ RENDER/USDT   : 952 شمعة
21:07:51 [INFO]   ✓ SAND/USDT     : 2,190 شمعة
21:07:51 [INFO]   ✓ MANA/USDT     : 2,190 شمعة
21:07:51 [INFO]   ✓ WIF/USDT      : 2,091 شمعة
21:07:51 [INFO]   ✓ XLM/USDT      : 2,190 شمعة
21:07:51 [INFO]   ✓ AXS/USDT      : 2,190 شمعة
21:07:51 [INFO]   ✓ CHZ/USDT      : 2,190 شمعة
21:07:51 [INFO]   ✓ FIL/USDT      : 2,190 شمعة
21:07:52 [INFO]   ✓ QNT/USDT      : 2,190 شمعة
21:07:52 [INFO]   ✓ FLOW/USDT     : 2,190 شمعة
21:07:52 [INFO]   ✓ DASH/USDT     : 2,190 شمعة
21:07:52 [INFO]   ✓ POL/USDT      : 657 شمعة
21:07:52 [INFO]   ✓ CAKE/USDT     : 2,190 شمعة
21:07:52 [INFO]   ✓ ROSE/USDT     : 2,190 شمعة
21:07:52 [INFO]   ✓ IOTA/USDT     : 2,190 شمعة
21:07:53 [INFO]   ✓ SNX/USDT      : 2,190 شمعة
21:07:53 [INFO]   ✓ NEO/USDT      : 2,190 شمعة
21:07:53 [INFO]   ✓ CRV/USDT      : 2,190 شمعة
21:07:53 [INFO]   ✓ KAVA/USDT     : 2,190 شمعة
21:07:53 [INFO]   ✓ COMP/USDT     : 2,190 شمعة
21:07:53 [INFO]   ✓ SUSHI/USDT    : 2,190 شمعة
21:07:53 [INFO]   ✓ YFI/USDT      : 2,190 شمعة
21:07:53 [INFO]   ✓ ANKR/USDT     : 2,190 شمعة
21:07:53 [INFO]   ✓ ZRX/USDT      : 2,190 شمعة
21:07:53 [INFO]   ✓ BAT/USDT      : 2,190 شمعة
21:07:54 [INFO]   ✓ BAND/USDT     : 2,190 شمعة
21:07:54 [INFO]   ✓ KSM/USDT      : 2,190 شمعة
21:07:54 [INFO]   ✓ NMR/USDT      : 2,190 شمعة
21:07:54 [INFO]   ✓ ZEN/USDT      : 2,190 شمعة
21:07:54 [INFO]   ✓ CELO/USDT     : 2,190 شمعة
21:07:54 [INFO]   ✓ ENS/USDT      : 2,190 شمعة
21:07:54 [INFO]   ✓ MASK/USDT     : 2,190 شمعة
21:07:54 [INFO]   ✓ STORJ/USDT    : 2,190 شمعة
21:07:54 [INFO]   ✓ DYDX/USDT     : 2,190 شمعة
21:07:55 [INFO]   ✓ GMX/USDT      : 2,190 شمعة
21:07:55 [INFO]   ✓ HIGH/USDT     : 2,190 شمعة
21:07:55 [INFO]   ✓ PENDLE/USDT   : 2,190 شمعة
21:07:55 [INFO]   ✓ MAGIC/USDT    : 2,190 شمعة
21:07:55 [INFO]   ✓ JOE/USDT      : 2,190 شمعة
21:07:55 [INFO]   ✓ CYBER/USDT    : 2,190 شمعة
21:07:55 [INFO]   ✓ ARKM/USDT     : 2,190 شمعة
21:07:55 [INFO]   ✓ WLD/USDT      : 2,190 شمعة
21:07:55 [INFO]   ✓ BLUR/USDT     : 2,190 شمعة
21:07:55 [INFO]   ✓ ID/USDT       : 2,190 شمعة
21:07:56 [INFO]   ✓ EDU/USDT      : 2,190 شمعة
21:07:56 [INFO]   ✓ JTO/USDT      : 2,190 شمعة
21:07:56 [INFO]   ✓ ORDI/USDT     : 2,190 شمعة
21:07:56 [INFO]   ✓ PYTH/USDT     : 2,190 شمعة
21:07:56 [INFO]   ✓ JUP/USDT      : 2,012 شمعة
21:07:57 [INFO]   ✓ DYM/USDT      : 1,973 شمعة
21:07:57 [INFO]   ✓ STRK/USDT     : 1,892 شمعة
21:07:57 [INFO]   ✓ ALT/USDT      : 2,049 شمعة
21:07:57 [INFO]   ✓ MANTA/USDT    : 2,091 شمعة
21:07:58 [INFO]   ✓ AEVO/USDT     : 1,761 شمعة
21:07:58 [INFO]   ✓ ETHFI/USDT    : 1,731 شمعة
21:07:59 [INFO]   ✓ BB/USDT       : 1,395 شمعة
21:07:59 [INFO]   ✓ SAGA/USDT     : 1,600 شمعة
21:07:59 [INFO]   ✓ W/USDT        : 1,635 شمعة
21:07:59 [INFO]   ✓ IO/USDT       : 1,221 شمعة
21:07:59 [INFO]   ✓ ZK/USDT       : 1,186 شمعة
21:08:00 [WARNING]   ✗ TAIKO/USDT
21:08:00 [INFO]   ✓ LISTA/USDT    : 1,167 شمعة
21:08:00 [INFO]   ✓ G/USDT        : 831 شمعة
21:08:00 [INFO]   ✓ ZRO/USDT      : 1,167 شمعة
21:08:00 [INFO]   ✓ RARE/USDT     : 831 شمعة
21:08:01 [INFO]   ✓ SYN/USDT      : 825 شمعة
21:08:01 [INFO]   ✓ BANANA/USDT   : 834 شمعة
21:08:02 [WARNING]   ✗ MERL/USDT
21:08:02 [INFO]   ✓ MEW/USDT      : 1,185 شمعة
21:08:02 [INFO]   ✓ ADA/USDT      : 35,040 شمعة 15m
21:08:02 [INFO]   ✓ LINK/USDT     : 35,040 شمعة 15m
21:08:02 [INFO]   ✓ ETH/USDT      : 35,040 شمعة 15m
21:08:03 [INFO]   ✓ AVAX/USDT     : 35,040 شمعة 15m
21:08:03 [INFO]   ✓ BNB/USDT      : 35,040 شمعة 15m
21:08:03 [INFO]   ✓ DOT/USDT      : 35,040 شمعة 15m
21:08:03 [INFO]   ✓ SOL/USDT      : 35,040 شمعة 15m
21:08:03 [INFO]   ✓ LTC/USDT      : 35,040 شمعة 15m
21:08:03 [INFO]   ✓ ATOM/USDT     : 35,040 شمعة 15m
21:08:03 [INFO]   ✓ ETC/USDT      : 35,040 شمعة 15m
21:08:04 [INFO]   ✓ BTC/USDT      : 35,040 شمعة 15m
21:08:04 [INFO]   ✓ UNI/USDT      : 35,040 شمعة 15m
21:08:04 [INFO]   ✓ TRX/USDT      : 35,040 شمعة 15m
21:08:04 [INFO]   ✓ HBAR/USDT     : 35,040 شمعة 15m
21:08:05 [INFO]   ✓ NEAR/USDT     : 35,040 شمعة 15m
21:08:05 [INFO]   ✓ BCH/USDT      : 35,040 شمعة 15m
21:08:05 [INFO]   ✓ APT/USDT      : 35,040 شمعة 15m
21:08:05 [INFO]   ✓ STX/USDT      : 35,040 شمعة 15m
21:08:05 [INFO]   ✓ ARB/USDT      : 35,040 شمعة 15m
21:08:05 [INFO]   ✓ SUI/USDT      : 35,040 شمعة 15m
21:08:05 [INFO]   ✓ OP/USDT       : 35,040 شمعة 15m
21:08:06 [INFO]   ✓ AAVE/USDT     : 35,040 شمعة 15m
21:08:06 [INFO]   ✓ TIA/USDT      : 35,040 شمعة 15m
21:08:06 [INFO]   ✓ SEI/USDT      : 35,040 شمعة 15m
21:08:06 [INFO]   ✓ ALGO/USDT     : 35,040 شمعة 15m
21:08:06 [INFO]   ✓ GRT/USDT      : 35,040 شمعة 15m
21:08:07 [INFO]   ✓ FET/USDT      : 35,040 شمعة 15m
21:08:07 [INFO]   ✓ LDO/USDT      : 35,040 شمعة 15m
21:08:07 [INFO]   ✓ KAS/USDT      : 35,040 شمعة 15m
21:08:07 [INFO]   ✓ THETA/USDT    : 35,040 شمعة 15m
21:08:08 [INFO]   ✓ MANA/USDT     : 35,040 شمعة 15m
21:08:08 [INFO]   ✓ SAND/USDT     : 35,040 شمعة 15m
21:08:08 [INFO]   ✓ XLM/USDT      : 35,040 شمعة 15m
21:08:09 [INFO]   ✓ WIF/USDT      : 33,447 شمعة 15m
21:08:09 [INFO]   ✓ RENDER/USDT   : 15,224 شمعة 15m
21:08:09 [INFO]   ✓ AXS/USDT      : 35,040 شمعة 15m
21:08:09 [INFO]   ✓ CHZ/USDT      : 35,040 شمعة 15m
21:08:09 [INFO]   ✓ QNT/USDT      : 35,040 شمعة 15m
21:08:09 [INFO]   ✓ FIL/USDT      : 35,040 شمعة 15m
21:08:09 [INFO]   ✓ FLOW/USDT     : 35,040 شمعة 15m
21:08:10 [INFO]   ✓ DASH/USDT     : 35,040 شمعة 15m
21:08:10 [INFO]   ✓ CAKE/USDT     : 35,040 شمعة 15m
21:08:10 [INFO]   ✓ ROSE/USDT     : 35,040 شمعة 15m
21:08:10 [INFO]   ✓ IOTA/USDT     : 35,040 شمعة 15m
21:08:11 [INFO]   ✓ POL/USDT      : 10,511 شمعة 15m
21:08:11 [INFO]   ✓ TON/USDT      : 29,326 شمعة 15m
21:08:11 [INFO]   ✓ SNX/USDT      : 35,040 شمعة 15m
21:08:11 [INFO]   ✓ NEO/USDT      : 35,040 شمعة 15m
21:08:11 [INFO]   ✓ KAVA/USDT     : 35,040 شمعة 15m
21:08:11 [INFO]   ✓ SUSHI/USDT    : 35,040 شمعة 15m
21:08:12 [INFO]   ✓ CRV/USDT      : 35,040 شمعة 15m
21:08:12 [INFO]   ✓ COMP/USDT     : 35,040 شمعة 15m
21:08:12 [INFO]   ✓ YFI/USDT      : 35,040 شمعة 15m
21:08:12 [INFO]   ✓ ANKR/USDT     : 35,040 شمعة 15m
21:08:12 [INFO]   ✓ ZRX/USDT      : 35,040 شمعة 15m
21:08:12 [INFO]   ✓ BAT/USDT      : 35,040 شمعة 15m
21:08:13 [INFO]   ✓ KSM/USDT      : 35,040 شمعة 15m
21:08:13 [INFO]   ✓ BAND/USDT     : 35,040 شمعة 15m
21:08:13 [INFO]   ✓ NMR/USDT      : 35,040 شمعة 15m
21:08:13 [INFO]   ✓ ZEN/USDT      : 35,040 شمعة 15m
21:08:13 [INFO]   ✓ CELO/USDT     : 35,040 شمعة 15m
21:08:13 [INFO]   ✓ ENS/USDT      : 35,040 شمعة 15m
21:08:13 [INFO]   ✓ MASK/USDT     : 35,040 شمعة 15m
21:08:14 [INFO]   ✓ DYDX/USDT     : 35,040 شمعة 15m
21:08:14 [INFO]   ✓ GMX/USDT      : 35,040 شمعة 15m
21:08:14 [INFO]   ✓ MAGIC/USDT    : 35,040 شمعة 15m
21:08:14 [INFO]   ✓ PENDLE/USDT   : 35,040 شمعة 15m
21:08:15 [INFO]   ✓ CYBER/USDT    : 35,040 شمعة 15m
21:08:15 [INFO]   ✓ JOE/USDT      : 35,040 شمعة 15m
21:08:15 [INFO]   ✓ ARKM/USDT     : 35,040 شمعة 15m
21:08:15 [INFO]   ✓ STORJ/USDT    : 35,040 شمعة 15m
21:08:16 [INFO]   ✓ BLUR/USDT     : 35,040 شمعة 15m
21:08:16 [INFO]   ✓ WLD/USDT      : 35,040 شمعة 15m
21:08:16 [INFO]   ✓ ID/USDT       : 35,040 شمعة 15m
21:08:16 [INFO]   ✓ EDU/USDT      : 35,040 شمعة 15m
21:08:17 [INFO]   ✓ PYTH/USDT     : 35,040 شمعة 15m
21:08:17 [INFO]   ✓ JTO/USDT      : 35,040 شمعة 15m
21:08:17 [INFO]   ✓ ORDI/USDT     : 35,040 شمعة 15m
21:08:18 [INFO]   ✓ JUP/USDT      : 32,182 شمعة 15m
21:08:18 [INFO]   ✓ STRK/USDT     : 30,268 شمعة 15m
21:08:18 [INFO]   ✓ DYM/USDT      : 31,556 شمعة 15m
21:08:19 [INFO]   ✓ ALT/USDT      : 32,776 شمعة 15m
21:08:19 [INFO]   ✓ MANTA/USDT    : 33,448 شمعة 15m
21:08:19 [INFO]   ✓ AEVO/USDT     : 28,170 شمعة 15m
21:08:20 [INFO]   ✓ BB/USDT       : 22,318 شمعة 15m
21:08:20 [INFO]   ✓ ETHFI/USDT    : 27,682 شمعة 15m
21:08:20 [INFO]   ✓ SAGA/USDT     : 25,590 شمعة 15m
21:08:21 [INFO]   ✓ W/USDT        : 26,146 شمعة 15m
21:08:21 [INFO]   ✓ HIGH/USDT     : 35,040 شمعة 15m
21:08:21 [INFO]   ✓ IO/USDT       : 19,528 شمعة 15m
21:08:22 [INFO]   ✓ ZK/USDT       : 18,964 شمعة 15m
21:08:22 [INFO]   ✓ LISTA/USDT    : 18,670 شمعة 15m
21:08:22 [INFO]   ✓ G/USDT        : 13,294 شمعة 15m
21:08:22 [INFO]   ✓ ZRO/USDT      : 18,662 شمعة 15m
21:08:23 [INFO]   ✓ RARE/USDT     : 13,292 شمعة 15m
21:08:23 [INFO]   ✓ SYN/USDT      : 13,198 شمعة 15m
21:08:24 [INFO]   ✓ BANANA/USDT   : 13,336 شمعة 15m
21:08:24 [INFO]   ✓ MEW/USDT      : 18,952 شمعة 15m
21:08:24 [INFO]   [SubBars] loaded for 98 symbols at 15m
21:08:24 [INFO] §3  معالجة فضاء الحالة (K ديناميكي)...
21:08:24 [INFO]   [Parallel] 7 workers × 98 symbols (cache=on)
╔══════════════════════════════════════════════════════════════════════╗
  [Level-1] Parallel: True  Cache: True
  [Level-2] Numba: True

║  محرك التداول الثرموديناميكي الكمي v6.0 – Singularity Engine     ║
║  الوضع: BACKTEST    |  رأس المال: $100.00              ║
╠══════════════════════════════════════════════════════════════════════╣
║  ① Boltzmann Kelly: BASE=2.0%  λ=0.05  [1.0%–5.0%]  ║
║  ② Topo-Divergence: ε=0.05  (حتمية هندسية)              ║
║  ③ Dynamic-K:       [25–50]  (SNR ∝ 1/m)                     ║
║  ④ Cosmological Λ:  0  (De Sitter drift)                  ║
║  ⑤ T_sync EMA-accel: فلتر التشابك عبر المقاييس                  ║
╚══════════════════════════════════════════════════════════════════════╝

21:08:32 [INFO]   ✓ ADA/USDT       | K=25 | اختبار=  363 | tri_μ=1.27 | [cache]
21:08:32 [INFO]   ✓ AVAX/USDT      | K=25 | اختبار=  453 | tri_μ=1.25 | [cache]
21:08:32 [INFO]   ✓ BNB/USDT       | K=25 | اختبار=  421 | tri_μ=1.33 | [cache]
21:08:32 [INFO]   ✓ ETH/USDT       | K=25 | اختبار=  413 | tri_μ=1.36 | [cache]
21:08:32 [INFO]   ✓ LINK/USDT      | K=25 | اختبار=  443 | tri_μ=1.27 | [cache]
21:08:32 [INFO]   ✓ DOT/USDT       | K=25 | اختبار=  392 | tri_μ=1.28 | [cache]
21:08:32 [INFO]   ✓ SOL/USDT       | K=25 | اختبار=  441 | tri_μ=1.31 | [cache]
21:08:32 [INFO]   ✓ BTC/USDT       | K=25 | اختبار=  385 | tri_μ=1.36 | [cache]
21:08:32 [INFO]   ✓ LTC/USDT       | K=25 | اختبار=  401 | tri_μ=1.26 | [cache]
21:08:32 [INFO]   ✓ ATOM/USDT      | K=25 | اختبار=  421 | tri_μ=1.27 | [cache]
21:08:32 [INFO]   ✓ ETC/USDT       | K=25 | اختبار=  428 | tri_μ=1.30 | [cache]
21:08:32 [INFO]   ✓ UNI/USDT       | K=25 | اختبار=  472 | tri_μ=1.29 | [cache]
21:08:32 [INFO]   ✓ TRX/USDT       | K=25 | اختبار=  356 | tri_μ=1.27 | [cache]
21:08:32 [INFO]   ✓ BCH/USDT       | K=25 | اختبار=  422 | tri_μ=1.31 | [cache]
21:08:32 [INFO]   ✓ APT/USDT       | K=25 | اختبار=  408 | tri_μ=1.26 | [cache]
21:08:32 [INFO]   ✓ HBAR/USDT      | K=25 | اختبار=  392 | tri_μ=1.25 | [cache]
21:08:32 [INFO]   ✓ NEAR/USDT      | K=25 | اختبار=  422 | tri_μ=1.29 | [cache]
21:08:32 [INFO]   ✓ TON/USDT       | K=25 | اختبار=  359 | tri_μ=1.28 | [cache]
21:08:32 [INFO]   ✓ STX/USDT       | K=25 | اختبار=  451 | tri_μ=1.30 | [cache]
21:08:32 [INFO]   ✓ OP/USDT        | K=25 | اختبار=  437 | tri_μ=1.29 | [cache]
21:08:32 [INFO]   ✓ ARB/USDT       | K=25 | اختبار=  437 | tri_μ=1.32 | [cache]
21:08:33 [INFO]   ✓ SUI/USDT       | K=25 | اختبار=  343 | tri_μ=1.22 | [cache]
21:08:33 [INFO]   ✓ AAVE/USDT      | K=25 | اختبار=  398 | tri_μ=1.25 | [cache]
21:08:33 [INFO]   ✓ TIA/USDT       | K=25 | اختبار=  226 | tri_μ=1.18 | [cache]
21:08:33 [INFO]   ✓ SEI/USDT       | K=25 | اختبار=  418 | tri_μ=1.29 | [cache]
21:08:33 [INFO]   ✓ ALGO/USDT      | K=25 | اختبار=  399 | tri_μ=1.29 | [cache]
21:08:33 [INFO]   ✓ GRT/USDT       | K=25 | اختبار=  434 | tri_μ=1.31 | [cache]
21:08:33 [INFO]   ✓ FET/USDT       | K=25 | اختبار=  429 | tri_μ=1.29 | [cache]
21:08:33 [INFO]   ✓ LDO/USDT       | K=25 | اختبار=  404 | tri_μ=1.25 | [cache]
21:08:33 [INFO]   ✓ KAS/USDT       | K=25 | اختبار=  464 | tri_μ=1.28 | [cache]
21:08:33 [INFO]   ✓ THETA/USDT     | K=25 | اختبار=  430 | tri_μ=1.31 | [cache]
21:08:33 [INFO]   ✓ RENDER/USDT    | K=25 | اختبار=  183 | tri_μ=1.28 | [cache]
21:08:33 [INFO]   ✓ SAND/USDT      | K=25 | اختبار=  415 | tri_μ=1.27 | [cache]
21:08:33 [INFO]   ✓ MANA/USDT      | K=25 | اختبار=  435 | tri_μ=1.30 | [cache]
21:08:33 [INFO]   ✓ WIF/USDT       | K=25 | اختبار=  418 | tri_μ=1.32 | [cache]
21:08:33 [INFO]   ✓ XLM/USDT       | K=25 | اختبار=  370 | tri_μ=1.28 | [cache]
21:08:33 [INFO]   ✓ AXS/USDT       | K=25 | اختبار=  459 | tri_μ=1.30 | [cache]
21:08:33 [INFO]   ✓ CHZ/USDT       | K=25 | اختبار=  382 | tri_μ=1.28 | [cache]
21:08:33 [INFO]   ✓ FIL/USDT       | K=25 | اختبار=  425 | tri_μ=1.28 | [cache]
21:08:33 [INFO]   ✓ QNT/USDT       | K=25 | اختبار=  438 | tri_μ=1.26 | [cache]
21:08:33 [INFO]   ✓ FLOW/USDT      | K=25 | اختبار=  400 | tri_μ=1.28 | [cache]
21:08:33 [INFO]   ✓ DASH/USDT      | K=25 | اختبار=  452 | tri_μ=1.25 | [cache]
21:08:33 [INFO]   ✓ POL/USDT       | K=25 | اختبار=  143 | tri_μ=1.31 | [cache]
21:08:33 [INFO]   ✓ CAKE/USDT      | K=25 | اختبار=  429 | tri_μ=1.29 | [cache]
21:08:33 [INFO]   ✓ ROSE/USDT      | K=25 | اختبار=  435 | tri_μ=1.32 | [cache]
21:08:33 [INFO]   ✓ IOTA/USDT      | K=25 | اختبار=  432 | tri_μ=1.31 | [cache]
21:08:33 [INFO]   ✓ SNX/USDT       | K=25 | اختبار=  441 | tri_μ=1.29 | [cache]
21:08:33 [INFO]   ✓ NEO/USDT       | K=25 | اختبار=  426 | tri_μ=1.27 | [cache]
21:08:33 [INFO]   ✓ CRV/USDT       | K=25 | اختبار=  277 | tri_μ=1.21 | [cache]
21:08:33 [INFO]   ✓ KAVA/USDT      | K=25 | اختبار=  421 | tri_μ=1.28 | [cache]
21:08:33 [INFO]   ✓ COMP/USDT      | K=25 | اختبار=  439 | tri_μ=1.26 | [cache]
21:08:33 [INFO]   ✓ SUSHI/USDT     | K=25 | اختبار=  411 | tri_μ=1.26 | [cache]
21:08:33 [INFO]   ✓ YFI/USDT       | K=25 | اختبار=  400 | tri_μ=1.38 | [cache]
21:08:33 [INFO]   ✓ ANKR/USDT      | K=25 | اختبار=  409 | tri_μ=1.29 | [cache]
21:08:33 [INFO]   ✓ ZRX/USDT       | K=25 | اختبار=  439 | tri_μ=1.29 | [cache]
21:08:33 [INFO]   ✓ BAT/USDT       | K=25 | اختبار=  454 | tri_μ=1.29 | [cache]
21:08:33 [INFO]   ✓ BAND/USDT      | K=25 | اختبار=  430 | tri_μ=1.29 | [cache]
21:08:33 [INFO]   ✓ KSM/USDT       | K=25 | اختبار=  418 | tri_μ=1.24 | [cache]
21:08:33 [INFO]   ✓ ZEN/USDT       | K=25 | اختبار=  336 | tri_μ=1.22 | [cache]
21:08:33 [INFO]   ✓ NMR/USDT       | K=25 | اختبار=  395 | tri_μ=1.20 | [cache]
21:08:33 [INFO]   ✓ CELO/USDT      | K=25 | اختبار=  405 | tri_μ=1.23 | [cache]
21:08:33 [INFO]   ✓ ENS/USDT       | K=25 | اختبار=  433 | tri_μ=1.24 | [cache]
21:08:33 [INFO]   ✓ MASK/USDT      | K=25 | اختبار=  397 | tri_μ=1.26 | [cache]
21:08:33 [INFO]   ✓ STORJ/USDT     | K=25 | اختبار=  436 | tri_μ=1.29 | [cache]
21:08:33 [INFO]   ✓ DYDX/USDT      | K=25 | اختبار=  436 | tri_μ=1.26 | [cache]
21:08:33 [INFO]   ✓ GMX/USDT       | K=25 | اختبار=  452 | tri_μ=1.25 | [cache]
21:08:34 [INFO]   ✓ HIGH/USDT      | K=25 | اختبار=  440 | tri_μ=1.29 | [cache]
21:08:34 [INFO]   ✓ PENDLE/USDT    | K=25 | اختبار=  461 | tri_μ=1.28 | [cache]
21:08:34 [INFO]   ✓ MAGIC/USDT     | K=25 | اختبار=  424 | tri_μ=1.30 | [cache]
21:08:34 [INFO]   ✓ JOE/USDT       | K=25 | اختبار=  465 | tri_μ=1.31 | [cache]
21:08:34 [INFO]   ✓ CYBER/USDT     | K=25 | اختبار=  388 | tri_μ=1.23 | [cache]
21:08:34 [INFO]   ✓ ARKM/USDT      | K=25 | اختبار=  463 | tri_μ=1.29 | [cache]
21:08:34 [INFO]   ✓ WLD/USDT       | K=25 | اختبار=  357 | tri_μ=1.21 | [cache]
21:08:34 [INFO]   ✓ BLUR/USDT      | K=25 | اختبار=  408 | tri_μ=1.27 | [cache]
21:08:34 [INFO]   ✓ ID/USDT        | K=25 | اختبار=  426 | tri_μ=1.26 | [cache]
21:08:34 [INFO]   ✓ EDU/USDT       | K=25 | اختبار=  412 | tri_μ=1.27 | [cache]
21:08:34 [INFO]   ✓ ORDI/USDT      | K=25 | اختبار=  408 | tri_μ=1.26 | [cache]
21:08:34 [INFO]   ✓ JTO/USDT       | K=25 | اختبار=  451 | tri_μ=1.32 | [cache]
21:08:34 [INFO]   ✓ PYTH/USDT      | K=25 | اختبار=  429 | tri_μ=1.31 | [cache]
21:08:34 [INFO]   ✓ JUP/USDT       | K=25 | اختبار=  376 | tri_μ=1.28 | [cache]
21:08:34 [INFO]   ✓ DYM/USDT       | K=25 | اختبار=  359 | tri_μ=1.24 | [cache]
21:08:34 [INFO]   ✓ STRK/USDT      | K=25 | اختبار=  330 | tri_μ=1.24 | [cache]
21:08:34 [INFO]   ✓ ALT/USDT       | K=25 | اختبار=  362 | tri_μ=1.26 | [cache]
21:08:34 [INFO]   ✓ MANTA/USDT     | K=25 | اختبار=  419 | tri_μ=1.28 | [cache]
21:08:34 [INFO]   ✓ AEVO/USDT      | K=25 | اختبار=  332 | tri_μ=1.29 | [cache]
21:08:34 [INFO]   ✓ ETHFI/USDT     | K=25 | اختبار=  347 | tri_μ=1.26 | [cache]
21:08:34 [INFO]   ✓ BB/USDT        | K=25 | اختبار=  289 | tri_μ=1.32 | [cache]
21:08:34 [INFO]   ✓ SAGA/USDT      | K=25 | اختبار=  319 | tri_μ=1.26 | [cache]
21:08:34 [INFO]   ✓ W/USDT         | K=25 | اختبار=  320 | tri_μ=1.32 | [cache]
21:08:34 [INFO]   ✓ IO/USDT        | K=25 | اختبار=  239 | tri_μ=1.32 | [cache]
21:08:34 [INFO]   ✓ ZK/USDT        | K=25 | اختبار=  243 | tri_μ=1.26 | [cache]
21:08:34 [INFO]   ✓ LISTA/USDT     | K=25 | اختبار=  250 | tri_μ=1.31 | [cache]
21:08:34 [INFO]   ✓ G/USDT         | K=25 | اختبار=  163 | tri_μ=1.28 | [cache]
21:08:34 [INFO]   ✓ ZRO/USDT       | K=25 | اختبار=  254 | tri_μ=1.31 | [cache]
21:08:34 [INFO]   ✓ RARE/USDT      | K=25 | اختبار=  187 | tri_μ=1.29 | [cache]
21:08:34 [INFO]   ✓ SYN/USDT       | K=25 | اختبار=  171 | tri_μ=1.30 | [cache]
21:08:34 [INFO]   ✓ BANANA/USDT    | K=25 | اختبار=  166 | tri_μ=1.27 | [cache]
21:08:37 [WARNING] [process_asset] MEW/USDT: degenerate clustering (H_train=-0.000, H_theo=4.644, ratio=-0.000, K=25) — returning None
21:08:37 [WARNING]   ✗ MEW/USDT: process_asset returned None
21:08:42 [INFO]   [Parallel] done in 18.7s  (cache=97, computed=0, errors=1)
21:08:42 [INFO] §4  مصفوفة الارتباط...
21:08:43 [INFO]   أزواج مرتبطة (ρ>0.7): 1532
21:08:43 [INFO] §5  بناء الإشارات (①②④⑤ مُفعَّلة)...
21:08:43 [INFO] [Gauge-Filter] thresholds: BUY>p60=0.14886, SELL>p95=0.21053 (pool=85951)
21:08:48 [INFO]   ✔ 2,391 إشارة
21:08:48 [INFO]   T_info: μ=4.818 | σ=1.602
21:08:48 [INFO]   risk_dynamic: μ=1.935% | max=2.54%
21:08:48 [INFO]   BUY=2,306 | SELL=85 (Λ=0)
21:08:48 [INFO] §6  محاكاة المحفظة متعددة المراكز...
21:08:48 [INFO]   [Backtest Realism] Entry fills: 1,769/2,391 (74.0%) [pen=1.0bps, wait=live=0s → 6 bars]
21:08:51 [INFO]   ✔ 1,337 صفقة
21:08:51 [INFO] §7  انحدار الإنتروبيا...
21:08:51 [INFO]   ADA/USDT      : b=-0.00145  R²=0.288  [decreasing]
21:08:51 [INFO]   AVAX/USDT     : b=-0.00012  R²=0.004  [neutral]
21:08:51 [INFO]   BNB/USDT      : b=-0.00008  R²=0.003  [neutral]
21:08:51 [INFO]   ETH/USDT      : b=-0.00015  R²=0.008  [neutral]
21:08:55 [INFO] 📊 quantum_v6_results.png
21:08:55 [INFO] ✅ اكتمل.
21:08:55 [INFO]    E[ln(1+fR)] = +0.000944
21:08:55 [INFO]    MaxDrawdown  = 57.24%
21:08:55 [INFO]    Topo-Exits   = 0.0%
21:08:55 [INFO]    AvgRisk      = 0.819%
21:08:55 [INFO] [Diagnostic] Close-and-reverse within 3h: 0

════════════════════════════════════════════════════════════════════════
   📊  محرك التداول الثرموديناميكي الكمي v6.0  [BACKTEST]
   🌌  محرك التفرد – Singularity Engine
════════════════════════════════════════════════════════════════════════

▶ المقياس الأساسي (م٦): E[ln(1+fR)] لكل صفقة
   متوسط  : +0.000944
   وسيط   : -0.000566
   انحراف : 0.013227
   → ✅ حافة إيجابية

▶ إحصاءات الصفقات
   عدد الصفقات      : 1,337
   شراء / بيع        : 1,268 / 69
   نسبة النجاح      : 47.27%
   عامل الربح (PF)  : 1.275
   متوسط الربح      : $1.8566
   متوسط الخسارة   : $-1.3054
   شارب (سنوي)      : 1.133
   دخول مُحسَّن       : 0  (0.0%)

▶ التعديلات الجديدة (v6.0)
   ① متوسط T_info (حرارة معلوماتية) : 4.7901
   ① متوسط المخاطرة الديناميكية     : 0.819%
   ② خروج توبولوجي (Topo-Div)       : 0  (0.0%)
   خروج TRI مبكر                    : 0  (0.0%)
   انزلاق إجمالي                    : $82.13

▶ رأس المال (مقياس ثانوي)
   ابتدائي: $100.00  →  نهائي: $353.05
   العائد الكلي     : 253.1%
   أقصى انخفاض     : 57.24%  ($145.86)

▶ تحذير السيولة (م٦): 0 (0.0%)  ✅ معقول

▶ توزيع أسباب الخروج
   Emergency SL             :     828  (61.9%)
   Apex: Action Integral Exhaustion:     465  (34.8%)
   Hard TP                  :      41  (3.1%)
   EndOfData                :       2  (0.1%)
   MaxHold                  :       1  (0.1%)

════════════════════════════════════════════════════════════════════════


▶ تحليل MFE (أقصى ربح غير مُحقَّق)
   Emergency SL   (n= 828) | μMFE= 1.52%  max=11.00%  | >0.5%:  476  >1.0%:  395  >2.0%:  256
   Hard TP        (n=  41) | μMFE=12.31%  max=19.98%  | >0.5%:   41  >1.0%:   41  >2.0%:   41
   Apex exits     (n= 465) | μMFE= 3.86%  max=11.22%  | >0.5%:  464  >1.0%:  451  >2.0%:  352

▶ ميزانية المخاطرة الكلية
   μ risk/trade : 0.819%
   max risk/trade : 2.999%
   min risk/trade : 0.500%
