21:16:12 [INFO] [Backtest] end-date pinned to 2026-10-01
21:16:13 [INFO] [Level-2] Numba kernels warm (JIT ready in 0.9s)
21:16:13 [INFO] [Cache] LIVE_ASSET_CACHE_MAX adjusted to 150
21:16:14 [INFO] [TF] timeframe=4h TF_SCALE=0.2500 TF_SECONDS=14400 TF_HOURS=4.000
21:16:14 [INFO] [TF-Unified] N=24 W=20 L=10 ADV_BARS=6 (σ≈0.25× 1h)
21:16:14 [INFO] [Data] mode=backtest | tf=4h | history=365d (2190 bars/symbol) | quality=degraded | source=user(365d)
21:16:14 [WARNING] [Data] degraded quality: tail=2190 < strict_min/2=5012. Many assets may be skipped by degenerate detection. Recommended minimum for 4h: --history-days 2339.
21:16:14 [INFO] [Trail] Trailing Stop Loss DISABLED — SL is fixed
21:16:14 [INFO] [Backtest] --no-fixed-price: entry target will be derived from close[sig.close_idx] × (1 ± PO_PENETRATION_BPS)
21:16:14 [INFO] [Watch] Watch-then-trigger DISABLED (Config default) — legacy immediate placement
21:16:14 [INFO] [Gauge] SELL RE-ENABLED — experimental mode
21:16:14 [INFO] [OppTP] Opposite-Signal Adaptive TP DISABLED
21:16:14 [INFO] [TradeLog] Logging trades to results/sell_ablation/S5_2026.jsonl
21:16:14 [INFO] §1  مسح أعلى 15 عملة...
21:16:14 [INFO] §2  جلب البيانات (متوازٍ)...
21:16:31 [INFO]   ✓ SOL/USDT      : 2,190 شمعة
21:16:32 [INFO]   ✓ ADA/USDT      : 2,190 شمعة
21:16:32 [INFO]   ✓ BNB/USDT      : 2,190 شمعة
21:16:32 [INFO]   ✓ ETH/USDT      : 2,190 شمعة
21:16:32 [INFO]   ✓ BTC/USDT      : 2,190 شمعة
21:16:33 [INFO]   ✓ AVAX/USDT     : 2,190 شمعة
21:16:34 [INFO]   ✓ LINK/USDT     : 2,190 شمعة
21:16:34 [INFO]   ✓ DOT/USDT      : 2,190 شمعة
21:16:34 [INFO]   ✓ LTC/USDT      : 2,190 شمعة
21:16:34 [INFO]   ✓ UNI/USDT      : 2,190 شمعة
21:16:34 [INFO]   ✓ ATOM/USDT     : 2,190 شمعة
21:16:34 [INFO]   ✓ ETC/USDT      : 2,190 شمعة
21:16:34 [INFO]   ✓ TRX/USDT      : 2,190 شمعة
21:16:35 [INFO]   ✓ TON/USDT      : 2,190 شمعة
21:16:35 [INFO]   ✓ BCH/USDT      : 2,190 شمعة
21:16:35 [INFO]   ✓ NEAR/USDT     : 2,190 شمعة
21:16:35 [INFO]   ✓ APT/USDT      : 2,190 شمعة
21:16:35 [INFO]   ✓ HBAR/USDT     : 2,190 شمعة
21:16:35 [INFO]   ✓ STX/USDT      : 2,190 شمعة
21:16:35 [INFO]   ✓ AAVE/USDT     : 2,190 شمعة
21:16:35 [INFO]   ✓ ARB/USDT      : 2,190 شمعة
21:16:35 [INFO]   ✓ OP/USDT       : 2,190 شمعة
21:16:35 [INFO]   ✓ SUI/USDT      : 2,190 شمعة
21:16:36 [INFO]   ✓ SEI/USDT      : 2,190 شمعة
21:16:36 [INFO]   ✓ ALGO/USDT     : 2,190 شمعة
21:16:36 [INFO]   ✓ GRT/USDT      : 2,190 شمعة
21:16:36 [INFO]   ✓ TIA/USDT      : 2,190 شمعة
21:16:36 [INFO]   ✓ FET/USDT      : 2,190 شمعة
21:16:36 [INFO]   ✓ RENDER/USDT   : 2,190 شمعة
21:16:36 [INFO]   ✓ KAS/USDT      : 2,190 شمعة
21:16:37 [INFO]   ✓ WIF/USDT      : 2,190 شمعة
21:16:37 [INFO]   ✓ LDO/USDT      : 2,190 شمعة
21:16:37 [INFO]   ✓ THETA/USDT    : 2,190 شمعة
21:16:37 [INFO]   ✓ SAND/USDT     : 2,190 شمعة
21:16:37 [INFO]   ✓ MANA/USDT     : 2,190 شمعة
21:16:37 [INFO]   ✓ AXS/USDT      : 2,190 شمعة
21:16:37 [INFO]   ✓ POL/USDT      : 2,190 شمعة
21:16:37 [INFO]   ✓ CHZ/USDT      : 2,190 شمعة
21:16:37 [INFO]   ✓ XLM/USDT      : 2,190 شمعة
21:16:38 [INFO]   ✓ QNT/USDT      : 2,190 شمعة
21:16:38 [INFO]   ✓ FIL/USDT      : 2,190 شمعة
21:16:38 [INFO]   ✓ DASH/USDT     : 2,190 شمعة
21:16:38 [INFO]   ✓ CAKE/USDT     : 2,190 شمعة
21:16:38 [INFO]   ✓ FLOW/USDT     : 2,190 شمعة
21:16:38 [INFO]   ✓ IOTA/USDT     : 2,190 شمعة
21:16:38 [INFO]   ✓ ROSE/USDT     : 2,190 شمعة
21:16:38 [INFO]   ✓ NEO/USDT      : 2,190 شمعة
21:16:39 [INFO]   ✓ KAVA/USDT     : 2,190 شمعة
21:16:39 [INFO]   ✓ COMP/USDT     : 2,190 شمعة
21:16:39 [INFO]   ✓ CRV/USDT      : 2,190 شمعة
21:16:39 [INFO]   ✓ SUSHI/USDT    : 2,190 شمعة
21:16:39 [INFO]   ✓ SNX/USDT      : 2,190 شمعة
21:16:39 [INFO]   ✓ YFI/USDT      : 2,190 شمعة
21:16:39 [INFO]   ✓ ZRX/USDT      : 2,190 شمعة
21:16:40 [INFO]   ✓ BAT/USDT      : 2,190 شمعة
21:16:40 [INFO]   ✓ ANKR/USDT     : 2,190 شمعة
21:16:40 [INFO]   ✓ NMR/USDT      : 2,190 شمعة
21:16:40 [INFO]   ✓ BAND/USDT     : 2,190 شمعة
21:16:40 [INFO]   ✓ STORJ/USDT    : 2,190 شمعة
21:16:40 [INFO]   ✓ KSM/USDT      : 2,190 شمعة
21:16:41 [INFO]   ✓ MASK/USDT     : 2,190 شمعة
21:16:41 [INFO]   ✓ DYDX/USDT     : 2,190 شمعة
21:16:41 [INFO]   ✓ CELO/USDT     : 2,190 شمعة
21:16:41 [INFO]   ✓ ZEN/USDT      : 2,190 شمعة
21:16:41 [INFO]   ✓ ENS/USDT      : 2,190 شمعة
21:16:41 [INFO]   ✓ GMX/USDT      : 2,190 شمعة
21:16:41 [INFO]   ✓ MAGIC/USDT    : 2,190 شمعة
21:16:41 [INFO]   ✓ PENDLE/USDT   : 2,190 شمعة
21:16:41 [INFO]   ✓ HIGH/USDT     : 2,190 شمعة
21:16:41 [INFO]   ✓ JOE/USDT      : 2,190 شمعة
21:16:42 [INFO]   ✓ CYBER/USDT    : 2,190 شمعة
21:16:42 [INFO]   ✓ ARKM/USDT     : 2,190 شمعة
21:16:42 [INFO]   ✓ WLD/USDT      : 2,190 شمعة
21:16:42 [INFO]   ✓ ID/USDT       : 2,190 شمعة
21:16:42 [INFO]   ✓ EDU/USDT      : 2,190 شمعة
21:16:42 [INFO]   ✓ BLUR/USDT     : 2,190 شمعة
21:16:42 [INFO]   ✓ JUP/USDT      : 2,190 شمعة
21:16:43 [INFO]   ✓ ORDI/USDT     : 2,190 شمعة
21:16:43 [INFO]   ✓ DYM/USDT      : 2,190 شمعة
21:16:43 [INFO]   ✓ STRK/USDT     : 2,190 شمعة
21:16:43 [INFO]   ✓ JTO/USDT      : 2,190 شمعة
21:16:43 [INFO]   ✓ PYTH/USDT     : 2,190 شمعة
21:16:43 [INFO]   ✓ MANTA/USDT    : 2,190 شمعة
21:16:44 [INFO]   ✓ AEVO/USDT     : 2,190 شمعة
21:16:44 [INFO]   ✓ W/USDT        : 2,190 شمعة
21:16:44 [INFO]   ✓ ALT/USDT      : 2,190 شمعة
21:16:44 [INFO]   ✓ SAGA/USDT     : 2,190 شمعة
21:16:44 [INFO]   ✓ ETHFI/USDT    : 2,190 شمعة
21:16:45 [INFO]   ✓ BB/USDT       : 2,190 شمعة
21:16:45 [INFO]   ✓ LISTA/USDT    : 2,190 شمعة
21:16:45 [INFO]   ✓ ZK/USDT       : 2,190 شمعة
21:16:45 [INFO]   ✓ TAIKO/USDT    : 2,190 شمعة
21:16:45 [INFO]   ✓ IO/USDT       : 2,190 شمعة
21:16:46 [INFO]   ✓ ZRO/USDT      : 2,190 شمعة
21:16:47 [INFO]   ✓ SYN/USDT      : 2,190 شمعة
21:16:47 [INFO]   ✓ MEW/USDT      : 2,190 شمعة
21:16:47 [INFO]   ✓ G/USDT        : 2,190 شمعة
21:16:47 [INFO]   ✓ RARE/USDT     : 2,190 شمعة
21:16:47 [INFO]   ✓ MERL/USDT     : 2,190 شمعة
21:16:47 [INFO]   ✓ BANANA/USDT   : 2,190 شمعة
21:16:48 [INFO]   ✓ ADA/USDT      : 35,040 شمعة 15m
21:16:49 [INFO]   ✓ SOL/USDT      : 35,040 شمعة 15m
21:16:49 [INFO]   ✓ BNB/USDT      : 35,040 شمعة 15m
21:16:49 [INFO]   ✓ BTC/USDT      : 35,040 شمعة 15m
21:16:49 [INFO]   ✓ ETH/USDT      : 35,040 شمعة 15m
21:16:49 [INFO]   ✓ AVAX/USDT     : 35,040 شمعة 15m
21:16:50 [INFO]   ✓ LTC/USDT      : 35,040 شمعة 15m
21:16:50 [INFO]   ✓ UNI/USDT      : 35,040 شمعة 15m
21:16:50 [INFO]   ✓ DOT/USDT      : 35,040 شمعة 15m
21:16:50 [INFO]   ✓ LINK/USDT     : 35,040 شمعة 15m
21:16:50 [INFO]   ✓ ATOM/USDT     : 35,040 شمعة 15m
21:16:51 [INFO]   ✓ ETC/USDT      : 35,040 شمعة 15m
21:16:52 [INFO]   ✓ NEAR/USDT     : 35,040 شمعة 15m
21:16:52 [INFO]   ✓ BCH/USDT      : 35,040 شمعة 15m
21:16:52 [INFO]   ✓ TRX/USDT      : 35,040 شمعة 15m
21:16:52 [INFO]   ✓ APT/USDT      : 35,040 شمعة 15m
21:16:53 [INFO]   ✓ AAVE/USDT     : 35,040 شمعة 15m
21:16:53 [INFO]   ✓ STX/USDT      : 35,040 شمعة 15m
21:16:53 [INFO]   ✓ HBAR/USDT     : 35,040 شمعة 15m
21:16:54 [INFO]   ✓ ARB/USDT      : 35,040 شمعة 15m
21:16:54 [INFO]   ✓ SUI/USDT      : 35,040 شمعة 15m
21:16:54 [INFO]   ✓ OP/USDT       : 35,040 شمعة 15m
21:16:54 [INFO]   ✓ SEI/USDT      : 35,040 شمعة 15m
21:16:55 [INFO]   ✓ ALGO/USDT     : 35,040 شمعة 15m
21:16:55 [INFO]   ✓ GRT/USDT      : 35,040 شمعة 15m
21:16:56 [INFO]   ✓ FET/USDT      : 35,040 شمعة 15m
21:16:56 [INFO]   ✓ TIA/USDT      : 35,040 شمعة 15m
21:16:57 [INFO]   ✓ RENDER/USDT   : 35,040 شمعة 15m
21:16:57 [INFO]   ✓ KAS/USDT      : 35,040 شمعة 15m
21:16:58 [INFO]   ✓ LDO/USDT      : 35,040 شمعة 15m
21:16:58 [INFO]   ✓ TON/USDT      : 25,755 شمعة 15m
21:16:58 [INFO]   ✓ WIF/USDT      : 35,040 شمعة 15m
21:16:58 [INFO]   ✓ THETA/USDT    : 35,040 شمعة 15m
21:16:59 [INFO]   ✓ SAND/USDT     : 35,040 شمعة 15m
21:16:59 [INFO]   ✓ MANA/USDT     : 35,040 شمعة 15m
21:16:59 [INFO]   ✓ POL/USDT      : 35,040 شمعة 15m
21:16:59 [INFO]   ✓ AXS/USDT      : 35,040 شمعة 15m
21:16:59 [INFO]   ✓ CHZ/USDT      : 35,040 شمعة 15m
21:17:00 [INFO]   ✓ XLM/USDT      : 35,040 شمعة 15m
21:17:00 [INFO]   ✓ QNT/USDT      : 35,040 شمعة 15m
21:17:00 [INFO]   ✓ DASH/USDT     : 35,040 شمعة 15m
21:17:00 [INFO]   ✓ CAKE/USDT     : 35,040 شمعة 15m
21:17:01 [INFO]   ✓ FIL/USDT      : 35,040 شمعة 15m
21:17:01 [INFO]   ✓ FLOW/USDT     : 35,040 شمعة 15m
21:17:01 [INFO]   ✓ IOTA/USDT     : 35,040 شمعة 15m
21:17:02 [INFO]   ✓ ROSE/USDT     : 35,040 شمعة 15m
21:17:02 [INFO]   ✓ NEO/USDT      : 35,040 شمعة 15m
21:17:02 [INFO]   ✓ KAVA/USDT     : 35,040 شمعة 15m
21:17:02 [INFO]   ✓ COMP/USDT     : 35,040 شمعة 15m
21:17:03 [INFO]   ✓ CRV/USDT      : 35,040 شمعة 15m
21:17:03 [INFO]   ✓ SNX/USDT      : 35,040 شمعة 15m
21:17:03 [INFO]   ✓ SUSHI/USDT    : 35,040 شمعة 15m
21:17:03 [INFO]   ✓ YFI/USDT      : 35,040 شمعة 15m
21:17:03 [INFO]   ✓ ZRX/USDT      : 35,040 شمعة 15m
21:17:04 [INFO]   ✓ BAT/USDT      : 35,040 شمعة 15m
21:17:04 [INFO]   ✓ NMR/USDT      : 35,040 شمعة 15m
21:17:04 [INFO]   ✓ ANKR/USDT     : 35,040 شمعة 15m
21:17:05 [INFO]   ✓ BAND/USDT     : 35,040 شمعة 15m
21:17:05 [INFO]   ✓ KSM/USDT      : 35,040 شمعة 15m
21:17:05 [INFO]   ✓ DYDX/USDT     : 35,040 شمعة 15m
21:17:05 [INFO]   ✓ MASK/USDT     : 35,040 شمعة 15m
21:17:06 [INFO]   ✓ CELO/USDT     : 35,040 شمعة 15m
21:17:06 [INFO]   ✓ ZEN/USDT      : 35,040 شمعة 15m
21:17:06 [INFO]   ✓ ENS/USDT      : 35,040 شمعة 15m
21:17:06 [INFO]   ✓ STORJ/USDT    : 31,846 شمعة 15m
21:17:07 [INFO]   ✓ GMX/USDT      : 35,040 شمعة 15m
21:17:07 [INFO]   ✓ MAGIC/USDT    : 35,040 شمعة 15m
21:17:07 [INFO]   ✓ PENDLE/USDT   : 35,040 شمعة 15m
21:17:07 [INFO]   ✓ JOE/USDT      : 35,040 شمعة 15m
21:17:08 [INFO]   ✓ CYBER/USDT    : 35,040 شمعة 15m
21:17:08 [INFO]   ✓ WLD/USDT      : 35,040 شمعة 15m
21:17:08 [INFO]   ✓ ARKM/USDT     : 35,040 شمعة 15m
21:17:08 [INFO]   ✓ ID/USDT       : 35,040 شمعة 15m
21:17:08 [INFO]   ✓ EDU/USDT      : 35,040 شمعة 15m
21:17:09 [INFO]   ✓ BLUR/USDT     : 35,040 شمعة 15m
21:17:09 [INFO]   ✓ JUP/USDT      : 35,040 شمعة 15m
21:17:09 [INFO]   ✓ DYM/USDT      : 35,040 شمعة 15m
21:17:09 [INFO]   ✓ ORDI/USDT     : 35,040 شمعة 15m
21:17:09 [INFO]   ✓ STRK/USDT     : 35,040 شمعة 15m
21:17:10 [INFO]   ✓ JTO/USDT      : 35,040 شمعة 15m
21:17:10 [INFO]   ✓ MANTA/USDT    : 35,040 شمعة 15m
21:17:10 [INFO]   ✓ PYTH/USDT     : 35,040 شمعة 15m
21:17:10 [INFO]   ✓ AEVO/USDT     : 35,040 شمعة 15m
21:17:10 [INFO]   ✓ W/USDT        : 35,040 شمعة 15m
21:17:11 [INFO]   ✓ SAGA/USDT     : 35,040 شمعة 15m
21:17:11 [INFO]   ✓ ALT/USDT      : 35,040 شمعة 15m
21:17:11 [INFO]   ✓ BB/USDT       : 35,040 شمعة 15m
21:17:11 [INFO]   ✓ ETHFI/USDT    : 35,040 شمعة 15m
21:17:11 [INFO]   ✓ LISTA/USDT    : 35,040 شمعة 15m
21:17:11 [INFO]   ✓ ZK/USDT       : 35,040 شمعة 15m
21:17:12 [INFO]   ✓ TAIKO/USDT    : 35,040 شمعة 15m
21:17:12 [INFO]   ✓ IO/USDT       : 35,040 شمعة 15m
21:17:12 [INFO]   ✓ SYN/USDT      : 35,040 شمعة 15m
21:17:12 [INFO]   ✓ ZRO/USDT      : 35,040 شمعة 15m
21:17:13 [INFO]   ✓ MEW/USDT      : 35,040 شمعة 15m
21:17:13 [INFO]   ✓ G/USDT        : 35,040 شمعة 15m
21:17:13 [INFO]   ✓ RARE/USDT     : 35,040 شمعة 15m
21:17:13 [INFO]   ✓ MERL/USDT     : 35,040 شمعة 15m
21:17:13 [INFO]   ✓ HIGH/USDT     : 24,301 شمعة 15m
21:17:13 [INFO]   ✓ BANANA/USDT   : 35,040 شمعة 15m
21:17:13 [INFO]   [SubBars] loaded for 100 symbols at 15m
21:17:13 [INFO] §3  معالجة فضاء الحالة (K ديناميكي)...
21:17:13 [INFO]   [Parallel] 7 workers × 100 symbols (cache=on)
╔══════════════════════════════════════════════════════════════════════╗
  [Level-1] Parallel: True  Cache: True
  [Level-2] Numba: True

║  محرك التداول الثرموديناميكي الكمي v6.0 – Singularity Engine     ║
║  الوضع: BACKTEST    |  رأس المال: $100.00              ║
╠══════════════════════════════════════════════════════════════════════╣
║  ① Boltzmann Kelly: BASE=2.0%  λ=0.05  [1.0%–5.0%]  ║
║  ② Topo-Divergence: ε=0.05  (حتمية هندسية)              ║
║  ③ Dynamic-K:       [25–50]  (SNR ∝ 1/m)                     ║
║  ④ Cosmological Λ:  0  (De Sitter drift)                  ║
║  ⑤ T_sync EMA-accel: فلتر التشابك عبر المقاييس                  ║
╚══════════════════════════════════════════════════════════════════════╝

21:17:23 [INFO]   ✓ SOL/USDT       | K=25 | اختبار=  389 | tri_μ=1.26 | [cache]
21:17:23 [INFO]   ✓ ADA/USDT       | K=25 | اختبار=  390 | tri_μ=1.27 | [cache]
21:17:23 [INFO]   ✓ BNB/USDT       | K=25 | اختبار=  408 | tri_μ=1.34 | [cache]
21:17:23 [INFO]   ✓ ETH/USDT       | K=25 | اختبار=  434 | tri_μ=1.34 | [cache]
21:17:23 [INFO]   ✓ BTC/USDT       | K=25 | اختبار=  406 | tri_μ=1.36 | [cache]
21:17:23 [INFO]   ✓ AVAX/USDT      | K=25 | اختبار=  433 | tri_μ=1.27 | [cache]
21:17:23 [INFO]   ✓ LINK/USDT      | K=25 | اختبار=  450 | tri_μ=1.31 | [cache]
21:17:23 [INFO]   ✓ DOT/USDT       | K=25 | اختبار=  400 | tri_μ=1.27 | [cache]
21:17:23 [INFO]   ✓ LTC/USDT       | K=25 | اختبار=  428 | tri_μ=1.27 | [cache]
21:17:23 [INFO]   ✓ UNI/USDT       | K=25 | اختبار=  429 | tri_μ=1.32 | [cache]
21:17:23 [INFO]   ✓ ATOM/USDT      | K=25 | اختبار=  462 | tri_μ=1.31 | [cache]
21:17:23 [INFO]   ✓ ETC/USDT       | K=25 | اختبار=  428 | tri_μ=1.29 | [cache]
21:17:23 [INFO]   ✓ TRX/USDT       | K=25 | اختبار=  454 | tri_μ=1.32 | [cache]
21:17:23 [INFO]   ✓ TON/USDT       | K=25 | اختبار=  231 | tri_μ=1.07 | [cache]
21:17:23 [INFO]   ✓ BCH/USDT       | K=25 | اختبار=  403 | tri_μ=1.27 | [cache]
21:17:23 [INFO]   ✓ NEAR/USDT      | K=25 | اختبار=  414 | tri_μ=1.26 | [cache]
21:17:23 [INFO]   ✓ APT/USDT       | K=25 | اختبار=  454 | tri_μ=1.30 | [cache]
21:17:23 [INFO]   ✓ HBAR/USDT      | K=25 | اختبار=  377 | tri_μ=1.27 | [cache]
21:17:23 [INFO]   ✓ STX/USDT       | K=25 | اختبار=  421 | tri_μ=1.29 | [cache]
21:17:23 [INFO]   ✓ AAVE/USDT      | K=25 | اختبار=  308 | tri_μ=1.23 | [cache]
21:17:23 [INFO]   ✓ ARB/USDT       | K=25 | اختبار=  375 | tri_μ=1.25 | [cache]
21:17:23 [INFO]   ✓ OP/USDT        | K=25 | اختبار=  429 | tri_μ=1.25 | [cache]
21:17:24 [INFO]   ✓ SUI/USDT       | K=25 | اختبار=  416 | tri_μ=1.29 | [cache]
21:17:24 [INFO]   ✓ SEI/USDT       | K=25 | اختبار=  405 | tri_μ=1.31 | [cache]
21:17:24 [INFO]   ✓ ALGO/USDT      | K=25 | اختبار=  414 | tri_μ=1.30 | [cache]
21:17:24 [INFO]   ✓ GRT/USDT       | K=25 | اختبار=  414 | tri_μ=1.30 | [cache]
21:17:24 [INFO]   ✓ TIA/USDT       | K=25 | اختبار=  422 | tri_μ=1.31 | [cache]
21:17:24 [INFO]   ✓ FET/USDT       | K=25 | اختبار=  412 | tri_μ=1.32 | [cache]
21:17:24 [INFO]   ✓ RENDER/USDT    | K=25 | اختبار=  418 | tri_μ=1.28 | [cache]
21:17:24 [INFO]   ✓ KAS/USDT       | K=25 | اختبار=  440 | tri_μ=1.34 | [cache]
21:17:24 [INFO]   ✓ WIF/USDT       | K=25 | اختبار=  429 | tri_μ=1.33 | [cache]
21:17:24 [INFO]   ✓ LDO/USDT       | K=25 | اختبار=  412 | tri_μ=1.28 | [cache]
21:17:24 [INFO]   ✓ THETA/USDT     | K=25 | اختبار=  448 | tri_μ=1.30 | [cache]
21:17:24 [INFO]   ✓ SAND/USDT      | K=25 | اختبار=  390 | tri_μ=1.24 | [cache]
21:17:24 [INFO]   ✓ MANA/USDT      | K=25 | اختبار=  458 | tri_μ=1.28 | [cache]
21:17:24 [INFO]   ✓ AXS/USDT       | K=25 | اختبار=  408 | tri_μ=1.26 | [cache]
21:17:24 [INFO]   ✓ POL/USDT       | K=25 | اختبار=  403 | tri_μ=1.26 | [cache]
21:17:24 [INFO]   ✓ CHZ/USDT       | K=25 | اختبار=  349 | tri_μ=1.24 | [cache]
21:17:24 [INFO]   ✓ XLM/USDT       | K=25 | اختبار=  415 | tri_μ=1.33 | [cache]
21:17:24 [INFO]   ✓ QNT/USDT       | K=25 | اختبار=  473 | tri_μ=1.31 | [cache]
21:17:24 [INFO]   ✓ FIL/USDT       | K=25 | اختبار=  416 | tri_μ=1.31 | [cache]
21:17:24 [INFO]   ✓ DASH/USDT      | K=25 | اختبار=  440 | tri_μ=1.31 | [cache]
21:17:24 [INFO]   ✓ CAKE/USDT      | K=25 | اختبار=  436 | tri_μ=1.30 | [cache]
21:17:24 [INFO]   ✓ FLOW/USDT      | K=25 | اختبار=  424 | tri_μ=1.23 | [cache]
21:17:24 [INFO]   ✓ IOTA/USDT      | K=25 | اختبار=  398 | tri_μ=1.28 | [cache]
21:17:24 [INFO]   ✓ NEO/USDT       | K=25 | اختبار=  461 | tri_μ=1.30 | [cache]
21:17:24 [INFO]   ✓ KAVA/USDT      | K=25 | اختبار=  430 | tri_μ=1.28 | [cache]
21:17:24 [INFO]   ✓ COMP/USDT      | K=25 | اختبار=  463 | tri_μ=1.28 | [cache]
21:17:24 [INFO]   ✓ CRV/USDT       | K=25 | اختبار=  438 | tri_μ=1.29 | [cache]
21:17:24 [INFO]   ✓ SUSHI/USDT     | K=25 | اختبار=  498 | tri_μ=1.30 | [cache]
21:17:24 [INFO]   ✓ SNX/USDT       | K=25 | اختبار=  451 | tri_μ=1.31 | [cache]
21:17:24 [INFO]   ✓ YFI/USDT       | K=25 | اختبار=  384 | tri_μ=1.34 | [cache]
21:17:24 [INFO]   ✓ ZRX/USDT       | K=25 | اختبار=  449 | tri_μ=1.28 | [cache]
21:17:24 [INFO]   ✓ BAT/USDT       | K=25 | اختبار=  451 | tri_μ=1.33 | [cache]
21:17:24 [INFO]   ✓ ANKR/USDT      | K=25 | اختبار=  357 | tri_μ=1.27 | [cache]
21:17:24 [INFO]   ✓ NMR/USDT       | K=25 | اختبار=  463 | tri_μ=1.29 | [cache]
21:17:24 [INFO]   ✓ BAND/USDT      | K=25 | اختبار=  455 | tri_μ=1.30 | [cache]
21:17:24 [INFO]   ✓ KSM/USDT       | K=25 | اختبار=  444 | tri_μ=1.27 | [cache]
21:17:25 [INFO]   ✓ MASK/USDT      | K=25 | اختبار=  428 | tri_μ=1.31 | [cache]
21:17:25 [INFO]   ✓ DYDX/USDT      | K=25 | اختبار=  405 | tri_μ=1.28 | [cache]
21:17:25 [INFO]   ✓ CELO/USDT      | K=25 | اختبار=  440 | tri_μ=1.29 | [cache]
21:17:25 [INFO]   ✓ ZEN/USDT       | K=25 | اختبار=  431 | tri_μ=1.31 | [cache]
21:17:25 [INFO]   ✓ ENS/USDT       | K=25 | اختبار=  419 | tri_μ=1.28 | [cache]
21:17:25 [INFO]   ✓ GMX/USDT       | K=25 | اختبار=  427 | tri_μ=1.28 | [cache]
21:17:25 [INFO]   ✓ MAGIC/USDT     | K=25 | اختبار=  450 | tri_μ=1.30 | [cache]
21:17:25 [INFO]   ✓ PENDLE/USDT    | K=25 | اختبار=  419 | tri_μ=1.28 | [cache]
21:17:25 [INFO]   ✓ HIGH/USDT      | K=25 | اختبار=  154 | tri_μ=1.08 | [cache]
21:17:25 [INFO]   ✓ JOE/USDT       | K=25 | اختبار=  438 | tri_μ=1.28 | [cache]
21:17:25 [INFO]   ✓ CYBER/USDT     | K=25 | اختبار=  452 | tri_μ=1.32 | [cache]
21:17:25 [INFO]   ✓ ARKM/USDT      | K=25 | اختبار=  435 | tri_μ=1.31 | [cache]
21:17:25 [INFO]   ✓ WLD/USDT       | K=25 | اختبار=  384 | tri_μ=1.27 | [cache]
21:17:25 [INFO]   ✓ ID/USDT        | K=25 | اختبار=  296 | tri_μ=1.22 | [cache]
21:17:25 [INFO]   ✓ EDU/USDT       | K=25 | اختبار=  334 | tri_μ=1.23 | [cache]
21:17:25 [INFO]   ✓ BLUR/USDT      | K=25 | اختبار=  403 | tri_μ=1.27 | [cache]
21:17:25 [INFO]   ✓ JUP/USDT       | K=25 | اختبار=  452 | tri_μ=1.32 | [cache]
21:17:25 [INFO]   ✓ ORDI/USDT      | K=25 | اختبار=  447 | tri_μ=1.29 | [cache]
21:17:25 [INFO]   ✓ DYM/USDT       | K=25 | اختبار=  338 | tri_μ=1.20 | [cache]
21:17:25 [INFO]   ✓ STRK/USDT      | K=25 | اختبار=  414 | tri_μ=1.32 | [cache]
21:17:25 [INFO]   ✓ JTO/USDT       | K=25 | اختبار=  411 | tri_μ=1.28 | [cache]
21:17:25 [INFO]   ✓ PYTH/USDT      | K=25 | اختبار=  438 | tri_μ=1.31 | [cache]
21:17:25 [INFO]   ✓ MANTA/USDT     | K=25 | اختبار=  400 | tri_μ=1.28 | [cache]
21:17:25 [INFO]   ✓ AEVO/USDT      | K=25 | اختبار=  432 | tri_μ=1.29 | [cache]
21:17:25 [INFO]   ✓ W/USDT         | K=25 | اختبار=  376 | tri_μ=1.25 | [cache]
21:17:25 [INFO]   ✓ ALT/USDT       | K=25 | اختبار=  410 | tri_μ=1.29 | [cache]
21:17:25 [INFO]   ✓ SAGA/USDT      | K=25 | اختبار=  289 | tri_μ=1.21 | [cache]
21:17:25 [INFO]   ✓ ETHFI/USDT     | K=25 | اختبار=  463 | tri_μ=1.31 | [cache]
21:17:25 [INFO]   ✓ BB/USDT        | K=25 | اختبار=  402 | tri_μ=1.30 | [cache]
21:17:25 [INFO]   ✓ LISTA/USDT     | K=25 | اختبار=  420 | tri_μ=1.26 | [cache]
21:17:25 [INFO]   ✓ ZK/USDT        | K=25 | اختبار=  433 | tri_μ=1.31 | [cache]
21:17:25 [INFO]   ✓ TAIKO/USDT     | K=25 | اختبار=  368 | tri_μ=1.25 | [cache]
21:17:25 [INFO]   ✓ IO/USDT        | K=25 | اختبار=  437 | tri_μ=1.31 | [cache]
21:17:25 [INFO]   ✓ ZRO/USDT       | K=25 | اختبار=  394 | tri_μ=1.27 | [cache]
21:17:26 [INFO]   ✓ SYN/USDT       | K=25 | اختبار=  378 | tri_μ=1.25 | [cache]
21:17:26 [WARNING] [process_asset] ROSE/USDT: degenerate clustering (H_train=1.050, H_theo=4.644, ratio=0.226, K=25) — returning None
21:17:26 [WARNING]   ✗ ROSE/USDT: process_asset returned None
21:17:26 [INFO]   ✓ G/USDT         | K=25 | اختبار=  378 | tri_μ=1.27 | [cache]
21:17:26 [INFO]   ✓ RARE/USDT      | K=25 | اختبار=  435 | tri_μ=1.27 | [cache]
21:17:26 [INFO]   ✓ MERL/USDT      | K=25 | اختبار=  404 | tri_μ=1.30 | [cache]
21:17:26 [INFO]   ✓ BANANA/USDT    | K=25 | اختبار=  432 | tri_μ=1.24 | [cache]
21:17:28 [WARNING] [process_asset] MEW/USDT: degenerate clustering (H_train=0.505, H_theo=4.644, ratio=0.109, K=25) — returning None
21:17:28 [WARNING]   ✗ MEW/USDT: process_asset returned None
21:17:28 [INFO]   ✓ STORJ/USDT     | K=25 | اختبار=  363 | tri_μ=1.25 | [computed]
21:17:34 [INFO]   [Parallel] done in 20.7s  (cache=97, computed=1, errors=2)
21:17:34 [INFO] §4  مصفوفة الارتباط...
21:17:34 [INFO]   أزواج مرتبطة (ρ>0.7): 17
21:17:34 [INFO] §5  بناء الإشارات (①②④⑤ مُفعَّلة)...
21:17:34 [INFO] [Gauge-Filter] thresholds: BUY>p60=0.14886, SELL>p95=0.21053 (pool=92962)
21:17:40 [INFO]   ✔ 2,575 إشارة
21:17:40 [INFO]   T_info: μ=3.977 | σ=1.410
21:17:40 [INFO]   risk_dynamic: μ=1.957% | max=2.58%
21:17:40 [INFO]   BUY=2,318 | SELL=257 (Λ=0)
21:17:40 [INFO] §6  محاكاة المحفظة متعددة المراكز...
21:17:40 [INFO]   [Backtest Realism] Entry fills: 1,875/2,575 (72.8%) [pen=1.0bps, wait=live=0s → 6 bars]
21:17:43 [INFO]   ✔ 1,370 صفقة
21:17:43 [INFO] §7  انحدار الإنتروبيا...
21:17:43 [INFO]   SOL/USDT      : b=+0.00068  R²=0.125  [increasing]
21:17:43 [INFO]   ADA/USDT      : b=+0.00037  R²=0.022  [neutral]
21:17:43 [INFO]   BNB/USDT      : b=+0.00009  R²=0.003  [neutral]
21:17:43 [INFO]   ETH/USDT      : b=-0.00026  R²=0.020  [neutral]
21:17:47 [INFO] 📊 quantum_v6_results.png
21:17:47 [INFO] ✅ اكتمل.
21:17:47 [INFO]    E[ln(1+fR)] = +0.000665
21:17:47 [INFO]    MaxDrawdown  = 41.41%
21:17:47 [INFO]    Topo-Exits   = 0.0%
21:17:47 [INFO]    AvgRisk      = 0.843%
21:17:47 [INFO] [Diagnostic] Close-and-reverse within 3h: 0

════════════════════════════════════════════════════════════════════════
   📊  محرك التداول الثرموديناميكي الكمي v6.0  [BACKTEST]
   🌌  محرك التفرد – Singularity Engine
════════════════════════════════════════════════════════════════════════

▶ المقياس الأساسي (م٦): E[ln(1+fR)] لكل صفقة
   متوسط  : +0.000665
   وسيط   : -0.000291
   انحراف : 0.013112
   → ✅ حافة إيجابية

▶ إحصاءات الصفقات
   عدد الصفقات      : 1,370
   شراء / بيع        : 1,225 / 145
   نسبة النجاح      : 49.93%
   عامل الربح (PF)  : 1.108
   متوسط الربح      : $2.2254
   متوسط الخسارة   : $-2.0021
   شارب (سنوي)      : 0.805
   دخول مُحسَّن       : 0  (0.0%)

▶ التعديلات الجديدة (v6.0)
   ① متوسط T_info (حرارة معلوماتية) : 3.9322
   ① متوسط المخاطرة الديناميكية     : 0.843%
   ② خروج توبولوجي (Topo-Div)       : 0  (0.0%)
   خروج TRI مبكر                    : 0  (0.0%)
   انزلاق إجمالي                    : $131.85

▶ رأس المال (مقياس ثانوي)
   ابتدائي: $100.00  →  نهائي: $248.73
   العائد الكلي     : 148.7%
   أقصى انخفاض     : 41.41%  ($153.77)

▶ تحذير السيولة (م٦): 0 (0.0%)  ✅ معقول

▶ توزيع أسباب الخروج
   Emergency SL             :     777  (56.7%)
   Apex: Action Integral Exhaustion:     554  (40.4%)
   Hard TP                  :      32  (2.3%)
   MaxHold                  :       6  (0.4%)
   EndOfData                :       1  (0.1%)

════════════════════════════════════════════════════════════════════════


▶ تحليل MFE (أقصى ربح غير مُحقَّق)
   Emergency SL   (n= 777) | μMFE= 1.39%  max=10.74%  | >0.5%:  421  >1.0%:  350  >2.0%:  232
   Hard TP        (n=  32) | μMFE=11.61%  max=13.77%  | >0.5%:   32  >1.0%:   32  >2.0%:   32
   Apex exits     (n= 554) | μMFE= 3.14%  max=10.93%  | >0.5%:  550  >1.0%:  510  >2.0%:  342

▶ ميزانية المخاطرة الكلية
   μ risk/trade : 0.843%
   max risk/trade : 2.999%
   min risk/trade : 0.500%
