21:14:00 [INFO] [Backtest] end-date pinned to 2025-12-31
21:14:00 [INFO] [Level-2] Numba kernels warm (JIT ready in 0.5s)
21:14:00 [INFO] [Cache] LIVE_ASSET_CACHE_MAX adjusted to 150
21:14:02 [INFO] [TF] timeframe=4h TF_SCALE=0.2500 TF_SECONDS=14400 TF_HOURS=4.000
21:14:02 [INFO] [TF-Unified] N=24 W=20 L=10 ADV_BARS=6 (σ≈0.25× 1h)
21:14:02 [INFO] [Data] mode=backtest | tf=4h | history=365d (2190 bars/symbol) | quality=degraded | source=user(365d)
21:14:02 [WARNING] [Data] degraded quality: tail=2190 < strict_min/2=5012. Many assets may be skipped by degenerate detection. Recommended minimum for 4h: --history-days 2339.
21:14:02 [INFO] [Trail] Trailing Stop Loss DISABLED — SL is fixed
21:14:02 [INFO] [Backtest] --no-fixed-price: entry target will be derived from close[sig.close_idx] × (1 ± PO_PENETRATION_BPS)
21:14:02 [INFO] [Watch] Watch-then-trigger DISABLED (Config default) — legacy immediate placement
21:14:02 [INFO] [Gauge] SELL RE-ENABLED — experimental mode
21:14:02 [INFO] [OppTP] Opposite-Signal Adaptive TP DISABLED
21:14:02 [INFO] [TradeLog] Logging trades to results/sell_ablation/S5_2025.jsonl
21:14:02 [INFO] §1  مسح أعلى 15 عملة...
21:14:02 [INFO] §2  جلب البيانات (متوازٍ)...
21:14:21 [INFO]   ✓ ADA/USDT      : 2,190 شمعة
21:14:21 [INFO]   ✓ ETH/USDT      : 2,190 شمعة
21:14:21 [INFO]   ✓ BTC/USDT      : 2,190 شمعة
21:14:21 [INFO]   ✓ AVAX/USDT     : 2,190 شمعة
21:14:22 [INFO]   ✓ SOL/USDT      : 2,190 شمعة
21:14:22 [INFO]   ✓ BNB/USDT      : 2,190 شمعة
21:14:22 [INFO]   ✓ LINK/USDT     : 2,190 شمعة
21:14:22 [INFO]   ✓ DOT/USDT      : 2,190 شمعة
21:14:22 [INFO]   ✓ LTC/USDT      : 2,190 شمعة
21:14:22 [INFO]   ✓ UNI/USDT      : 2,190 شمعة
21:14:22 [INFO]   ✓ ATOM/USDT     : 2,190 شمعة
21:14:22 [INFO]   ✓ ETC/USDT      : 2,190 شمعة
21:14:23 [INFO]   ✓ TON/USDT      : 2,190 شمعة
21:14:23 [INFO]   ✓ TRX/USDT      : 2,190 شمعة
21:14:23 [INFO]   ✓ BCH/USDT      : 2,190 شمعة
21:14:23 [INFO]   ✓ APT/USDT      : 2,190 شمعة
21:14:23 [INFO]   ✓ NEAR/USDT     : 2,190 شمعة
21:14:23 [INFO]   ✓ STX/USDT      : 2,190 شمعة
21:14:24 [INFO]   ✓ HBAR/USDT     : 2,190 شمعة
21:14:24 [INFO]   ✓ AAVE/USDT     : 2,190 شمعة
21:14:24 [INFO]   ✓ OP/USDT       : 2,190 شمعة
21:14:24 [INFO]   ✓ ARB/USDT      : 2,190 شمعة
21:14:24 [INFO]   ✓ SUI/USDT      : 2,190 شمعة
21:14:24 [INFO]   ✓ TIA/USDT      : 2,190 شمعة
21:14:24 [INFO]   ✓ FET/USDT      : 2,190 شمعة
21:14:25 [INFO]   ✓ SEI/USDT      : 2,190 شمعة
21:14:25 [INFO]   ✓ GRT/USDT      : 2,190 شمعة
21:14:25 [INFO]   ✓ ALGO/USDT     : 2,190 شمعة
21:14:25 [INFO]   ✓ RENDER/USDT   : 2,190 شمعة
21:14:25 [INFO]   ✓ LDO/USDT      : 2,190 شمعة
21:14:25 [INFO]   ✓ KAS/USDT      : 2,190 شمعة
21:14:25 [INFO]   ✓ WIF/USDT      : 2,190 شمعة
21:14:25 [INFO]   ✓ THETA/USDT    : 2,190 شمعة
21:14:25 [INFO]   ✓ MANA/USDT     : 2,190 شمعة
21:14:25 [INFO]   ✓ SAND/USDT     : 2,190 شمعة
21:14:26 [INFO]   ✓ AXS/USDT      : 2,190 شمعة
21:14:26 [INFO]   ✓ XLM/USDT      : 2,190 شمعة
21:14:26 [INFO]   ✓ CHZ/USDT      : 2,190 شمعة
21:14:26 [INFO]   ✓ POL/USDT      : 2,190 شمعة
21:14:26 [INFO]   ✓ FIL/USDT      : 2,190 شمعة
21:14:26 [INFO]   ✓ QNT/USDT      : 2,190 شمعة
21:14:27 [INFO]   ✓ DASH/USDT     : 2,190 شمعة
21:14:27 [INFO]   ✓ IOTA/USDT     : 2,190 شمعة
21:14:27 [INFO]   ✓ ROSE/USDT     : 2,190 شمعة
21:14:27 [INFO]   ✓ FLOW/USDT     : 2,190 شمعة
21:14:27 [INFO]   ✓ CAKE/USDT     : 2,190 شمعة
21:14:27 [INFO]   ✓ NEO/USDT      : 2,190 شمعة
21:14:28 [INFO]   ✓ KAVA/USDT     : 2,190 شمعة
21:14:28 [INFO]   ✓ COMP/USDT     : 2,190 شمعة
21:14:28 [INFO]   ✓ CRV/USDT      : 2,190 شمعة
21:14:28 [INFO]   ✓ SUSHI/USDT    : 2,190 شمعة
21:14:28 [INFO]   ✓ SNX/USDT      : 2,190 شمعة
21:14:28 [INFO]   ✓ YFI/USDT      : 2,190 شمعة
21:14:29 [INFO]   ✓ ZRX/USDT      : 2,190 شمعة
21:14:29 [INFO]   ✓ ANKR/USDT     : 2,190 شمعة
21:14:29 [INFO]   ✓ BAT/USDT      : 2,190 شمعة
21:14:29 [INFO]   ✓ BAND/USDT     : 2,190 شمعة
21:14:29 [INFO]   ✓ NMR/USDT      : 2,190 شمعة
21:14:29 [INFO]   ✓ STORJ/USDT    : 2,190 شمعة
21:14:29 [INFO]   ✓ KSM/USDT      : 2,190 شمعة
21:14:30 [INFO]   ✓ CELO/USDT     : 2,190 شمعة
21:14:30 [INFO]   ✓ ZEN/USDT      : 2,190 شمعة
21:14:30 [INFO]   ✓ MASK/USDT     : 2,190 شمعة
21:14:30 [INFO]   ✓ DYDX/USDT     : 2,190 شمعة
21:14:30 [INFO]   ✓ ENS/USDT      : 2,190 شمعة
21:14:30 [INFO]   ✓ GMX/USDT      : 2,190 شمعة
21:14:31 [INFO]   ✓ HIGH/USDT     : 2,190 شمعة
21:14:31 [INFO]   ✓ MAGIC/USDT    : 2,190 شمعة
21:14:31 [INFO]   ✓ PENDLE/USDT   : 2,190 شمعة
21:14:31 [INFO]   ✓ JOE/USDT      : 2,190 شمعة
21:14:31 [INFO]   ✓ CYBER/USDT    : 2,190 شمعة
21:14:32 [INFO]   ✓ ARKM/USDT     : 2,190 شمعة
21:14:32 [INFO]   ✓ EDU/USDT      : 2,190 شمعة
21:14:32 [INFO]   ✓ WLD/USDT      : 2,190 شمعة
21:14:32 [INFO]   ✓ ID/USDT       : 2,190 شمعة
21:14:32 [INFO]   ✓ BLUR/USDT     : 2,190 شمعة
21:14:32 [INFO]   ✓ ORDI/USDT     : 2,190 شمعة
21:14:33 [INFO]   ✓ PYTH/USDT     : 2,190 شمعة
21:14:33 [INFO]   ✓ JTO/USDT      : 2,190 شمعة
21:14:33 [INFO]   ✓ DYM/USDT      : 2,190 شمعة
21:14:33 [INFO]   ✓ STRK/USDT     : 2,190 شمعة
21:14:33 [INFO]   ✓ JUP/USDT      : 2,190 شمعة
21:14:33 [INFO]   ✓ MANTA/USDT    : 2,190 شمعة
21:14:33 [INFO]   ✓ ETHFI/USDT    : 2,190 شمعة
21:14:33 [INFO]   ✓ AEVO/USDT     : 2,190 شمعة
21:14:33 [INFO]   ✓ W/USDT        : 2,190 شمعة
21:14:33 [INFO]   ✓ ALT/USDT      : 2,190 شمعة
21:14:34 [INFO]   ✓ SAGA/USDT     : 2,190 شمعة
21:14:34 [INFO]   ✓ BB/USDT       : 2,190 شمعة
21:14:34 [INFO]   ✓ LISTA/USDT    : 2,190 شمعة
21:14:34 [INFO]   ✓ ZK/USDT       : 2,190 شمعة
21:14:34 [INFO]   ✓ IO/USDT       : 2,190 شمعة
21:14:34 [INFO]   ✓ RARE/USDT     : 2,190 شمعة
21:14:34 [INFO]   ✓ G/USDT        : 2,190 شمعة
21:14:35 [INFO]   ✓ ZRO/USDT      : 2,190 شمعة
21:14:35 [INFO]   ✓ SYN/USDT      : 2,190 شمعة
21:14:35 [INFO]   ✓ TAIKO/USDT    : 1,222 شمعة
21:14:35 [INFO]   ✓ MEW/USDT      : 2,190 شمعة
21:14:35 [INFO]   ✓ BANANA/USDT   : 2,190 شمعة
21:14:35 [INFO]   ✓ MERL/USDT     : 1,301 شمعة
21:14:36 [INFO]   ✓ ADA/USDT      : 35,040 شمعة 15m
21:14:37 [INFO]   ✓ ETH/USDT      : 35,040 شمعة 15m
21:14:37 [INFO]   ✓ SOL/USDT      : 35,040 شمعة 15m
21:14:37 [INFO]   ✓ AVAX/USDT     : 35,040 شمعة 15m
21:14:37 [INFO]   ✓ BTC/USDT      : 35,040 شمعة 15m
21:14:37 [INFO]   ✓ BNB/USDT      : 35,040 شمعة 15m
21:14:38 [INFO]   ✓ LINK/USDT     : 35,040 شمعة 15m
21:14:38 [INFO]   ✓ LTC/USDT      : 35,040 شمعة 15m
21:14:39 [INFO]   ✓ DOT/USDT      : 35,040 شمعة 15m
21:14:39 [INFO]   ✓ ATOM/USDT     : 35,040 شمعة 15m
21:14:39 [INFO]   ✓ UNI/USDT      : 35,040 شمعة 15m
21:14:40 [INFO]   ✓ ETC/USDT      : 35,040 شمعة 15m
21:14:41 [INFO]   ✓ APT/USDT      : 35,040 شمعة 15m
21:14:41 [INFO]   ✓ TRX/USDT      : 35,040 شمعة 15m
21:14:41 [INFO]   ✓ BCH/USDT      : 35,040 شمعة 15m
21:14:42 [INFO]   ✓ NEAR/USDT     : 35,040 شمعة 15m
21:14:44 [INFO]   ✓ STX/USDT      : 35,040 شمعة 15m
21:14:44 [INFO]   ✓ AAVE/USDT     : 35,040 شمعة 15m
21:14:44 [INFO]   ✓ HBAR/USDT     : 35,040 شمعة 15m
21:14:44 [INFO]   ✓ OP/USDT       : 35,040 شمعة 15m
21:14:46 [INFO]   ✓ ARB/USDT      : 35,040 شمعة 15m
21:14:47 [INFO]   ✓ TIA/USDT      : 35,040 شمعة 15m
21:14:47 [INFO]   ✓ FET/USDT      : 35,040 شمعة 15m
21:14:47 [INFO]   ✓ SUI/USDT      : 35,040 شمعة 15m
21:14:48 [INFO]   ✓ SEI/USDT      : 35,040 شمعة 15m
21:14:48 [INFO]   ✓ RENDER/USDT   : 35,040 شمعة 15m
21:14:49 [INFO]   ✓ GRT/USDT      : 35,040 شمعة 15m
21:14:49 [INFO]   ✓ ALGO/USDT     : 35,040 شمعة 15m
21:14:49 [INFO]   ✓ LDO/USDT      : 35,040 شمعة 15m
21:14:49 [INFO]   ✓ KAS/USDT      : 35,040 شمعة 15m
21:14:50 [INFO]   ✓ THETA/USDT    : 35,040 شمعة 15m
21:14:50 [INFO]   ✓ WIF/USDT      : 35,040 شمعة 15m
21:14:50 [INFO]   ✓ MANA/USDT     : 35,040 شمعة 15m
21:14:50 [INFO]   ✓ SAND/USDT     : 35,040 شمعة 15m
21:14:50 [INFO]   ✓ CHZ/USDT      : 35,040 شمعة 15m
21:14:51 [INFO]   ✓ XLM/USDT      : 35,040 شمعة 15m
21:14:51 [INFO]   ✓ AXS/USDT      : 35,040 شمعة 15m
21:14:51 [INFO]   ✓ POL/USDT      : 35,040 شمعة 15m
21:14:52 [INFO]   ✓ QNT/USDT      : 35,040 شمعة 15m
21:14:52 [INFO]   ✓ FIL/USDT      : 35,040 شمعة 15m
21:14:52 [INFO]   ✓ DASH/USDT     : 35,040 شمعة 15m
21:14:52 [INFO]   ✓ IOTA/USDT     : 35,040 شمعة 15m
21:14:53 [INFO]   ✓ ROSE/USDT     : 35,040 شمعة 15m
21:14:54 [INFO]   ✓ FLOW/USDT     : 35,040 شمعة 15m
21:14:54 [INFO]   ✓ TON/USDT      : 35,040 شمعة 15m
21:14:54 [INFO]   ✓ CAKE/USDT     : 35,040 شمعة 15m
21:14:54 [INFO]   ✓ NEO/USDT      : 35,040 شمعة 15m
21:14:55 [INFO]   ✓ KAVA/USDT     : 35,040 شمعة 15m
21:14:55 [INFO]   ✓ COMP/USDT     : 35,040 شمعة 15m
21:14:56 [INFO]   ✓ CRV/USDT      : 35,040 شمعة 15m
21:14:56 [INFO]   ✓ SUSHI/USDT    : 35,040 شمعة 15m
21:14:56 [INFO]   ✓ SNX/USDT      : 35,040 شمعة 15m
21:14:57 [INFO]   ✓ YFI/USDT      : 35,040 شمعة 15m
21:14:57 [INFO]   ✓ ZRX/USDT      : 35,040 شمعة 15m
21:14:57 [INFO]   ✓ ANKR/USDT     : 35,040 شمعة 15m
21:14:57 [INFO]   ✓ BAND/USDT     : 35,040 شمعة 15m
21:14:57 [INFO]   ✓ BAT/USDT      : 35,040 شمعة 15m
21:14:58 [INFO]   ✓ NMR/USDT      : 35,040 شمعة 15m
21:14:59 [INFO]   ✓ CELO/USDT     : 35,040 شمعة 15m
21:14:59 [INFO]   ✓ KSM/USDT      : 35,040 شمعة 15m
21:14:59 [INFO]   ✓ ZEN/USDT      : 35,040 شمعة 15m
21:15:00 [INFO]   ✓ MASK/USDT     : 35,040 شمعة 15m
21:15:00 [INFO]   ✓ DYDX/USDT     : 35,040 شمعة 15m
21:15:00 [INFO]   ✓ GMX/USDT      : 35,040 شمعة 15m
21:15:02 [INFO]   ✓ ENS/USDT      : 35,040 شمعة 15m
21:15:02 [INFO]   ✓ MAGIC/USDT    : 35,040 شمعة 15m
21:15:02 [INFO]   ✓ PENDLE/USDT   : 35,040 شمعة 15m
21:15:03 [INFO]   ✓ JOE/USDT      : 35,040 شمعة 15m
21:15:04 [INFO]   ✓ CYBER/USDT    : 35,040 شمعة 15m
21:15:04 [INFO]   ✓ ARKM/USDT     : 35,040 شمعة 15m
21:15:04 [INFO]   ✓ STORJ/USDT    : 35,040 شمعة 15m
21:15:05 [INFO]   ✓ EDU/USDT      : 35,040 شمعة 15m
21:15:05 [INFO]   ✓ WLD/USDT      : 35,040 شمعة 15m
21:15:05 [INFO]   ✓ ID/USDT       : 35,040 شمعة 15m
21:15:05 [INFO]   ✓ BLUR/USDT     : 35,040 شمعة 15m
21:15:06 [INFO]   ✓ ORDI/USDT     : 35,040 شمعة 15m
21:15:07 [INFO]   ✓ PYTH/USDT     : 35,040 شمعة 15m
21:15:07 [INFO]   ✓ JTO/USDT      : 35,040 شمعة 15m
21:15:08 [INFO]   ✓ DYM/USDT      : 35,040 شمعة 15m
21:15:09 [INFO]   ✓ STRK/USDT     : 35,040 شمعة 15m
21:15:09 [INFO]   ✓ JUP/USDT      : 35,040 شمعة 15m
21:15:10 [INFO]   ✓ ETHFI/USDT    : 35,040 شمعة 15m
21:15:10 [INFO]   ✓ MANTA/USDT    : 35,040 شمعة 15m
21:15:11 [INFO]   ✓ AEVO/USDT     : 35,040 شمعة 15m
21:15:12 [INFO]   ✓ W/USDT        : 35,040 شمعة 15m
21:15:13 [INFO]   ✓ ALT/USDT      : 35,040 شمعة 15m
21:15:13 [INFO]   ✓ SAGA/USDT     : 35,040 شمعة 15m
21:15:14 [INFO]   ✓ BB/USDT       : 35,040 شمعة 15m
21:15:14 [INFO]   ✓ LISTA/USDT    : 35,040 شمعة 15m
21:15:14 [INFO]   ✓ HIGH/USDT     : 35,040 شمعة 15m
21:15:15 [INFO]   ✓ ZK/USDT       : 35,040 شمعة 15m
21:15:15 [INFO]   ✓ IO/USDT       : 35,040 شمعة 15m
21:15:15 [INFO]   ✓ RARE/USDT     : 35,040 شمعة 15m
21:15:16 [INFO]   ✓ G/USDT        : 35,040 شمعة 15m
21:15:16 [INFO]   ✓ ZRO/USDT      : 35,040 شمعة 15m
21:15:16 [INFO]   ✓ SYN/USDT      : 35,040 شمعة 15m
21:15:17 [INFO]   ✓ MEW/USDT      : 35,040 شمعة 15m
21:15:17 [INFO]   ✓ BANANA/USDT   : 35,040 شمعة 15m
21:15:18 [INFO]   ✓ TAIKO/USDT    : 19,534 شمعة 15m
21:15:18 [INFO]   ✓ MERL/USDT     : 20,798 شمعة 15m
21:15:18 [INFO]   [SubBars] loaded for 100 symbols at 15m
21:15:18 [INFO] §3  معالجة فضاء الحالة (K ديناميكي)...
21:15:18 [INFO]   [Parallel] 6 workers × 100 symbols (cache=on)
╔══════════════════════════════════════════════════════════════════════╗
  [Level-1] Parallel: True  Cache: True
  [Level-2] Numba: True

║  محرك التداول الثرموديناميكي الكمي v6.0 – Singularity Engine     ║
║  الوضع: BACKTEST    |  رأس المال: $100.00              ║
╠══════════════════════════════════════════════════════════════════════╣
║  ① Boltzmann Kelly: BASE=2.0%  λ=0.05  [1.0%–5.0%]  ║
║  ② Topo-Divergence: ε=0.05  (حتمية هندسية)              ║
║  ③ Dynamic-K:       [25–50]  (SNR ∝ 1/m)                     ║
║  ④ Cosmological Λ:  0  (De Sitter drift)                  ║
║  ⑤ T_sync EMA-accel: فلتر التشابك عبر المقاييس                  ║
╚══════════════════════════════════════════════════════════════════════╝

21:15:30 [INFO]   ✓ ADA/USDT       | K=25 | اختبار=  412 | tri_μ=1.31 | [cache]
21:15:30 [INFO]   ✓ ETH/USDT       | K=25 | اختبار=  411 | tri_μ=1.34 | [cache]
21:15:30 [INFO]   ✓ BTC/USDT       | K=25 | اختبار=  409 | tri_μ=1.38 | [cache]
21:15:30 [INFO]   ✓ AVAX/USDT      | K=25 | اختبار=  388 | tri_μ=1.22 | [cache]
21:15:30 [INFO]   ✓ SOL/USDT       | K=25 | اختبار=  426 | tri_μ=1.31 | [cache]
21:15:30 [INFO]   ✓ BNB/USDT       | K=25 | اختبار=  412 | tri_μ=1.35 | [cache]
21:15:30 [INFO]   ✓ LINK/USDT      | K=25 | اختبار=  441 | tri_μ=1.30 | [cache]
21:15:30 [INFO]   ✓ DOT/USDT       | K=25 | اختبار=  437 | tri_μ=1.31 | [cache]
21:15:30 [INFO]   ✓ LTC/USDT       | K=25 | اختبار=  455 | tri_μ=1.29 | [cache]
21:15:30 [INFO]   ✓ UNI/USDT       | K=25 | اختبار=  442 | tri_μ=1.25 | [cache]
21:15:30 [INFO]   ✓ ATOM/USDT      | K=25 | اختبار=  435 | tri_μ=1.32 | [cache]
21:15:30 [INFO]   ✓ ETC/USDT       | K=25 | اختبار=  426 | tri_μ=1.25 | [cache]
21:15:30 [INFO]   ✓ TON/USDT       | K=25 | اختبار=  448 | tri_μ=1.31 | [cache]
21:15:30 [INFO]   ✓ TRX/USDT       | K=25 | اختبار=  411 | tri_μ=1.28 | [cache]
21:15:30 [INFO]   ✓ BCH/USDT       | K=25 | اختبار=  430 | tri_μ=1.34 | [cache]
21:15:30 [INFO]   ✓ APT/USDT       | K=25 | اختبار=  406 | tri_μ=1.26 | [cache]
21:15:31 [INFO]   ✓ NEAR/USDT      | K=25 | اختبار=  425 | tri_μ=1.31 | [cache]
21:15:31 [INFO]   ✓ STX/USDT       | K=25 | اختبار=  463 | tri_μ=1.31 | [cache]
21:15:31 [INFO]   ✓ HBAR/USDT      | K=25 | اختبار=  386 | tri_μ=1.26 | [cache]
21:15:31 [INFO]   ✓ AAVE/USDT      | K=25 | اختبار=  430 | tri_μ=1.34 | [cache]
21:15:31 [INFO]   ✓ OP/USDT        | K=25 | اختبار=  426 | tri_μ=1.26 | [cache]
21:15:31 [INFO]   ✓ ARB/USDT       | K=25 | اختبار=  430 | tri_μ=1.30 | [cache]
21:15:31 [INFO]   ✓ SUI/USDT       | K=25 | اختبار=  459 | tri_μ=1.34 | [cache]
21:15:31 [INFO]   ✓ TIA/USDT       | K=25 | اختبار=  427 | tri_μ=1.27 | [cache]
21:15:31 [INFO]   ✓ FET/USDT       | K=25 | اختبار=  434 | tri_μ=1.31 | [cache]
21:15:31 [INFO]   ✓ SEI/USDT       | K=25 | اختبار=  425 | tri_μ=1.27 | [cache]
21:15:31 [INFO]   ✓ GRT/USDT       | K=25 | اختبار=  449 | tri_μ=1.32 | [cache]
21:15:31 [INFO]   ✓ ALGO/USDT      | K=25 | اختبار=  427 | tri_μ=1.32 | [cache]
21:15:31 [INFO]   ✓ RENDER/USDT    | K=25 | اختبار=  429 | tri_μ=1.31 | [cache]
21:15:31 [INFO]   ✓ LDO/USDT       | K=25 | اختبار=  465 | tri_μ=1.31 | [cache]
21:15:32 [INFO]   ✓ KAS/USDT       | K=25 | اختبار=  439 | tri_μ=1.33 | [cache]
21:15:32 [INFO]   ✓ WIF/USDT       | K=25 | اختبار=  421 | tri_μ=1.29 | [cache]
21:15:32 [INFO]   ✓ THETA/USDT     | K=25 | اختبار=  437 | tri_μ=1.31 | [cache]
21:15:32 [INFO]   ✓ MANA/USDT      | K=25 | اختبار=  454 | tri_μ=1.31 | [cache]
21:15:32 [INFO]   ✓ SAND/USDT      | K=25 | اختبار=  428 | tri_μ=1.31 | [cache]
21:15:32 [INFO]   ✓ AXS/USDT       | K=25 | اختبار=  430 | tri_μ=1.31 | [cache]
21:15:32 [INFO]   ✓ XLM/USDT       | K=25 | اختبار=  385 | tri_μ=1.27 | [cache]
21:15:32 [INFO]   ✓ CHZ/USDT       | K=25 | اختبار=  430 | tri_μ=1.33 | [cache]
21:15:32 [INFO]   ✓ POL/USDT       | K=25 | اختبار=  414 | tri_μ=1.30 | [cache]
21:15:32 [INFO]   ✓ FIL/USDT       | K=25 | اختبار=  446 | tri_μ=1.31 | [cache]
21:15:32 [INFO]   ✓ QNT/USDT       | K=25 | اختبار=  444 | tri_μ=1.30 | [cache]
21:15:32 [INFO]   ✓ DASH/USDT      | K=25 | اختبار=  378 | tri_μ=1.24 | [cache]
21:15:32 [INFO]   ✓ IOTA/USDT      | K=25 | اختبار=  425 | tri_μ=1.31 | [cache]
21:15:32 [INFO]   ✓ ROSE/USDT      | K=25 | اختبار=  441 | tri_μ=1.34 | [cache]
21:15:32 [INFO]   ✓ FLOW/USDT      | K=25 | اختبار=  453 | tri_μ=1.28 | [cache]
21:15:32 [INFO]   ✓ CAKE/USDT      | K=25 | اختبار=  443 | tri_μ=1.30 | [cache]
21:15:32 [INFO]   ✓ NEO/USDT       | K=25 | اختبار=  438 | tri_μ=1.25 | [cache]
21:15:32 [INFO]   ✓ KAVA/USDT      | K=25 | اختبار=  438 | tri_μ=1.29 | [cache]
21:15:32 [INFO]   ✓ COMP/USDT      | K=25 | اختبار=  404 | tri_μ=1.22 | [cache]
21:15:32 [INFO]   ✓ CRV/USDT       | K=25 | اختبار=  434 | tri_μ=1.35 | [cache]
21:15:32 [INFO]   ✓ SUSHI/USDT     | K=25 | اختبار=  457 | tri_μ=1.32 | [cache]
21:15:32 [INFO]   ✓ SNX/USDT       | K=25 | اختبار=  424 | tri_μ=1.31 | [cache]
21:15:32 [INFO]   ✓ YFI/USDT       | K=25 | اختبار=  424 | tri_μ=1.37 | [cache]
21:15:32 [INFO]   ✓ ZRX/USDT       | K=25 | اختبار=  431 | tri_μ=1.29 | [cache]
21:15:32 [INFO]   ✓ ANKR/USDT      | K=25 | اختبار=  433 | tri_μ=1.33 | [cache]
21:15:32 [INFO]   ✓ BAT/USDT       | K=25 | اختبار=  426 | tri_μ=1.32 | [cache]
21:15:32 [INFO]   ✓ BAND/USDT      | K=25 | اختبار=  438 | tri_μ=1.32 | [cache]
21:15:32 [INFO]   ✓ NMR/USDT       | K=25 | اختبار=  340 | tri_μ=1.22 | [cache]
21:15:32 [INFO]   ✓ STORJ/USDT     | K=25 | اختبار=  441 | tri_μ=1.32 | [cache]
21:15:32 [INFO]   ✓ KSM/USDT       | K=25 | اختبار=  419 | tri_μ=1.26 | [cache]
21:15:32 [INFO]   ✓ ZEN/USDT       | K=25 | اختبار=  388 | tri_μ=1.24 | [cache]
21:15:32 [INFO]   ✓ CELO/USDT      | K=25 | اختبار=  446 | tri_μ=1.30 | [cache]
21:15:32 [INFO]   ✓ MASK/USDT      | K=25 | اختبار=  449 | tri_μ=1.28 | [cache]
21:15:32 [INFO]   ✓ DYDX/USDT      | K=25 | اختبار=  450 | tri_μ=1.31 | [cache]
21:15:32 [INFO]   ✓ ENS/USDT       | K=25 | اختبار=  429 | tri_μ=1.27 | [cache]
21:15:32 [INFO]   ✓ GMX/USDT       | K=25 | اختبار=  446 | tri_μ=1.28 | [cache]
21:15:32 [INFO]   ✓ HIGH/USDT      | K=25 | اختبار=  462 | tri_μ=1.33 | [cache]
21:15:32 [INFO]   ✓ MAGIC/USDT     | K=25 | اختبار=  411 | tri_μ=1.25 | [cache]
21:15:32 [INFO]   ✓ PENDLE/USDT    | K=25 | اختبار=  469 | tri_μ=1.30 | [cache]
21:15:32 [INFO]   ✓ JOE/USDT       | K=25 | اختبار=  414 | tri_μ=1.31 | [cache]
21:15:32 [INFO]   ✓ CYBER/USDT     | K=25 | اختبار=  451 | tri_μ=1.29 | [cache]
21:15:32 [INFO]   ✓ ARKM/USDT      | K=25 | اختبار=  419 | tri_μ=1.30 | [cache]
21:15:33 [INFO]   ✓ EDU/USDT       | K=25 | اختبار=  449 | tri_μ=1.28 | [cache]
21:15:33 [INFO]   ✓ WLD/USDT       | K=25 | اختبار=  477 | tri_μ=1.32 | [cache]
21:15:33 [INFO]   ✓ ID/USDT        | K=25 | اختبار=  435 | tri_μ=1.30 | [cache]
21:15:33 [INFO]   ✓ BLUR/USDT      | K=25 | اختبار=  446 | tri_μ=1.30 | [cache]
21:15:33 [INFO]   ✓ ORDI/USDT      | K=25 | اختبار=  456 | tri_μ=1.26 | [cache]
21:15:33 [INFO]   ✓ PYTH/USDT      | K=25 | اختبار=  429 | tri_μ=1.29 | [cache]
21:15:33 [INFO]   ✓ JTO/USDT       | K=25 | اختبار=  450 | tri_μ=1.30 | [cache]
21:15:33 [INFO]   ✓ DYM/USDT       | K=25 | اختبار=  427 | tri_μ=1.26 | [cache]
21:15:33 [INFO]   ✓ STRK/USDT      | K=25 | اختبار=  400 | tri_μ=1.28 | [cache]
21:15:33 [INFO]   ✓ JUP/USDT       | K=25 | اختبار=  432 | tri_μ=1.32 | [cache]
21:15:33 [INFO]   ✓ MANTA/USDT     | K=25 | اختبار=  400 | tri_μ=1.32 | [cache]
21:15:33 [INFO]   ✓ ETHFI/USDT     | K=25 | اختبار=  409 | tri_μ=1.26 | [cache]
21:15:33 [INFO]   ✓ AEVO/USDT      | K=25 | اختبار=  446 | tri_μ=1.30 | [cache]
21:15:33 [INFO]   ✓ W/USDT         | K=25 | اختبار=  411 | tri_μ=1.25 | [cache]
21:15:33 [INFO]   ✓ ALT/USDT       | K=25 | اختبار=  331 | tri_μ=1.26 | [cache]
21:15:33 [INFO]   ✓ SAGA/USDT      | K=25 | اختبار=  419 | tri_μ=1.27 | [cache]
21:15:33 [INFO]   ✓ BB/USDT        | K=25 | اختبار=  452 | tri_μ=1.33 | [cache]
21:15:33 [INFO]   ✓ LISTA/USDT     | K=25 | اختبار=  461 | tri_μ=1.30 | [cache]
21:15:33 [INFO]   ✓ ZK/USDT        | K=25 | اختبار=  412 | tri_μ=1.31 | [cache]
21:15:33 [INFO]   ✓ IO/USDT        | K=25 | اختبار=  434 | tri_μ=1.32 | [cache]
21:15:33 [INFO]   ✓ RARE/USDT      | K=25 | اختبار=  454 | tri_μ=1.25 | [cache]
21:15:33 [INFO]   ✓ G/USDT         | K=25 | اختبار=  440 | tri_μ=1.33 | [cache]
21:15:33 [INFO]   ✓ ZRO/USDT       | K=25 | اختبار=  421 | tri_μ=1.31 | [cache]
21:15:33 [INFO]   ✓ TAIKO/USDT     | K=25 | اختبار=  245 | tri_μ=1.28 | [cache]
21:15:33 [INFO]   ✓ SYN/USDT       | K=25 | اختبار=  434 | tri_μ=1.29 | [cache]
21:15:33 [INFO]   ✓ BANANA/USDT    | K=25 | اختبار=  449 | tri_μ=1.24 | [cache]
21:15:33 [INFO]   ✓ MERL/USDT      | K=25 | اختبار=  288 | tri_μ=1.29 | [cache]
21:15:35 [WARNING] [process_asset] MEW/USDT: degenerate clustering (H_train=0.029, H_theo=4.644, ratio=0.006, K=25) — returning None
21:15:35 [WARNING]   ✗ MEW/USDT: process_asset returned None
21:15:41 [INFO]   [Parallel] done in 22.5s  (cache=99, computed=0, errors=1)
21:15:41 [INFO] §4  مصفوفة الارتباط...
21:15:41 [INFO]   أزواج مرتبطة (ρ>0.7): 2799
21:15:41 [INFO] §5  بناء الإشارات (①②④⑤ مُفعَّلة)...
21:15:41 [INFO] [Gauge-Filter] thresholds: BUY>p60=0.14886, SELL>p95=0.21053 (pool=96957)
21:15:51 [INFO]   ✔ 2,795 إشارة
21:15:51 [INFO]   T_info: μ=4.907 | σ=2.224
21:15:51 [INFO]   risk_dynamic: μ=1.928% | max=2.61%
21:15:51 [INFO]   BUY=2,476 | SELL=319 (Λ=0)
21:15:51 [INFO] §6  محاكاة المحفظة متعددة المراكز...
21:15:51 [INFO]   [Backtest Realism] Entry fills: 2,079/2,795 (74.4%) [pen=1.0bps, wait=live=0s → 6 bars]
21:15:55 [INFO]   ✔ 1,576 صفقة
21:15:55 [INFO] §7  انحدار الإنتروبيا...
21:15:55 [INFO]   ADA/USDT      : b=+0.00099  R²=0.213  [increasing]
21:15:55 [INFO]   ETH/USDT      : b=+0.00011  R²=0.005  [neutral]
21:15:55 [INFO]   BTC/USDT      : b=+0.00006  R²=0.002  [neutral]
21:15:55 [INFO]   AVAX/USDT     : b=-0.00042  R²=0.054  [decreasing]
21:15:59 [INFO] 📊 quantum_v6_results.png
21:15:59 [INFO] ✅ اكتمل.
21:15:59 [INFO]    E[ln(1+fR)] = +0.003161
21:15:59 [INFO]    MaxDrawdown  = 50.28%
21:15:59 [INFO]    Topo-Exits   = 0.0%
21:15:59 [INFO]    AvgRisk      = 1.295%
21:15:59 [INFO] [Diagnostic] Close-and-reverse within 3h: 0

════════════════════════════════════════════════════════════════════════
   📊  محرك التداول الثرموديناميكي الكمي v6.0  [BACKTEST]
   🌌  محرك التفرد – Singularity Engine
════════════════════════════════════════════════════════════════════════

▶ المقياس الأساسي (م٦): E[ln(1+fR)] لكل صفقة
   متوسط  : +0.003161
   وسيط   : +0.001840
   انحراف : 0.019608
   → ✅ حافة إيجابية

▶ إحصاءات الصفقات
   عدد الصفقات      : 1,576
   شراء / بيع        : 1,417 / 159
   نسبة النجاح      : 50.76%
   عامل الربح (PF)  : 3.198
   متوسط الربح      : $26.2992
   متوسط الخسارة   : $-8.4772
   شارب (سنوي)      : 2.559
   دخول مُحسَّن       : 0  (0.0%)

▶ التعديلات الجديدة (v6.0)
   ① متوسط T_info (حرارة معلوماتية) : 4.8568
   ① متوسط المخاطرة الديناميكية     : 1.295%
   ② خروج توبولوجي (Topo-Div)       : 0  (0.0%)
   خروج TRI مبكر                    : 0  (0.0%)
   انزلاق إجمالي                    : $765.26

▶ رأس المال (مقياس ثانوي)
   ابتدائي: $100.00  →  نهائي: $14,561.05
   العائد الكلي     : 14,461.1%
   أقصى انخفاض     : 50.28%  ($1,044.46)

▶ تحذير السيولة (م٦): 0 (0.0%)  ✅ معقول

▶ توزيع أسباب الخروج
   Emergency SL             :     892  (56.6%)
   Apex: Action Integral Exhaustion:     637  (40.4%)
   Hard TP                  :      43  (2.7%)
   MaxHold                  :       2  (0.1%)
   EndOfData                :       2  (0.1%)

════════════════════════════════════════════════════════════════════════


▶ تحليل MFE (أقصى ربح غير مُحقَّق)
   Emergency SL   (n= 892) | μMFE= 1.50%  max=10.04%  | >0.5%:  512  >1.0%:  436  >2.0%:  299
   Hard TP        (n=  43) | μMFE=12.30%  max=23.81%  | >0.5%:   43  >1.0%:   43  >2.0%:   43
   Apex exits     (n= 637) | μMFE= 3.54%  max=11.18%  | >0.5%:  637  >1.0%:  619  >2.0%:  479

▶ ميزانية المخاطرة الكلية
   μ risk/trade : 1.295%
   max risk/trade : 3.000%
   min risk/trade : 0.500%
