21:19:35 [INFO] [Backtest] end-date pinned to 2025-12-31
21:19:36 [INFO] [Level-2] Numba kernels warm (JIT ready in 0.7s)
21:19:36 [INFO] [Cache] LIVE_ASSET_CACHE_MAX adjusted to 150
21:19:38 [INFO] [TF] timeframe=4h TF_SCALE=0.2500 TF_SECONDS=14400 TF_HOURS=4.000
21:19:38 [INFO] [TF-Unified] N=24 W=20 L=10 ADV_BARS=6 (σ≈0.25× 1h)
21:19:38 [INFO] [Data] mode=backtest | tf=4h | history=365d (2190 bars/symbol) | quality=degraded | source=user(365d)
21:19:38 [WARNING] [Data] degraded quality: tail=2190 < strict_min/2=5012. Many assets may be skipped by degenerate detection. Recommended minimum for 4h: --history-days 2339.
21:19:38 [INFO] [Trail] Trailing Stop Loss DISABLED — SL is fixed
21:19:38 [INFO] [Backtest] --no-fixed-price: entry target will be derived from close[sig.close_idx] × (1 ± PO_PENETRATION_BPS)
21:19:38 [INFO] [Watch] Watch-then-trigger DISABLED (Config default) — legacy immediate placement
21:19:38 [INFO] [Gauge] SELL RE-ENABLED — experimental mode
21:19:38 [INFO] [OppTP] Opposite-Signal Adaptive TP DISABLED
21:19:38 [INFO] [TradeLog] Logging trades to results/sell_ablation/S6_2025.jsonl
21:19:38 [INFO] §1  مسح أعلى 15 عملة...
21:19:38 [INFO] §2  جلب البيانات (متوازٍ)...
21:19:49 [INFO]   ✓ BTC/USDT      : 2,190 شمعة
21:19:49 [INFO]   ✓ ADA/USDT      : 2,190 شمعة
21:19:49 [INFO]   ✓ SOL/USDT      : 2,190 شمعة
21:19:49 [INFO]   ✓ ETH/USDT      : 2,190 شمعة
21:19:49 [INFO]   ✓ BNB/USDT      : 2,190 شمعة
21:19:50 [INFO]   ✓ AVAX/USDT     : 2,190 شمعة
21:19:50 [INFO]   ✓ DOT/USDT      : 2,190 شمعة
21:19:50 [INFO]   ✓ LINK/USDT     : 2,190 شمعة
21:19:50 [INFO]   ✓ LTC/USDT      : 2,190 شمعة
21:19:50 [INFO]   ✓ ATOM/USDT     : 2,190 شمعة
21:19:50 [INFO]   ✓ UNI/USDT      : 2,190 شمعة
21:19:50 [INFO]   ✓ ETC/USDT      : 2,190 شمعة
21:19:50 [INFO]   ✓ TRX/USDT      : 2,190 شمعة
21:19:50 [INFO]   ✓ TON/USDT      : 2,190 شمعة
21:19:51 [INFO]   ✓ NEAR/USDT     : 2,190 شمعة
21:19:51 [INFO]   ✓ BCH/USDT      : 2,190 شمعة
21:19:51 [INFO]   ✓ STX/USDT      : 2,190 شمعة
21:19:51 [INFO]   ✓ APT/USDT      : 2,190 شمعة
21:19:51 [INFO]   ✓ HBAR/USDT     : 2,190 شمعة
21:19:51 [INFO]   ✓ AAVE/USDT     : 2,190 شمعة
21:19:51 [INFO]   ✓ ARB/USDT      : 2,190 شمعة
21:19:51 [INFO]   ✓ TIA/USDT      : 2,190 شمعة
21:19:51 [INFO]   ✓ OP/USDT       : 2,190 شمعة
21:19:51 [INFO]   ✓ SUI/USDT      : 2,190 شمعة
21:19:51 [INFO]   ✓ ALGO/USDT     : 2,190 شمعة
21:19:51 [INFO]   ✓ SEI/USDT      : 2,190 شمعة
21:19:52 [INFO]   ✓ RENDER/USDT   : 2,190 شمعة
21:19:52 [INFO]   ✓ GRT/USDT      : 2,190 شمعة
21:19:52 [INFO]   ✓ FET/USDT      : 2,190 شمعة
21:19:52 [INFO]   ✓ KAS/USDT      : 2,190 شمعة
21:19:52 [INFO]   ✓ LDO/USDT      : 2,190 شمعة
21:19:52 [INFO]   ✓ THETA/USDT    : 2,190 شمعة
21:19:53 [INFO]   ✓ SAND/USDT     : 2,190 شمعة
21:19:53 [INFO]   ✓ MANA/USDT     : 2,190 شمعة
21:19:53 [INFO]   ✓ WIF/USDT      : 2,190 شمعة
21:19:53 [INFO]   ✓ AXS/USDT      : 2,190 شمعة
21:19:53 [INFO]   ✓ XLM/USDT      : 2,190 شمعة
21:19:53 [INFO]   ✓ POL/USDT      : 2,190 شمعة
21:19:53 [INFO]   ✓ CHZ/USDT      : 2,190 شمعة
21:19:53 [INFO]   ✓ FIL/USDT      : 2,190 شمعة
21:19:53 [INFO]   ✓ QNT/USDT      : 2,190 شمعة
21:19:53 [INFO]   ✓ DASH/USDT     : 2,190 شمعة
21:19:54 [INFO]   ✓ FLOW/USDT     : 2,190 شمعة
21:19:54 [INFO]   ✓ IOTA/USDT     : 2,190 شمعة
21:19:54 [INFO]   ✓ NEO/USDT      : 2,190 شمعة
21:19:54 [INFO]   ✓ CAKE/USDT     : 2,190 شمعة
21:19:54 [INFO]   ✓ ROSE/USDT     : 2,190 شمعة
21:19:54 [INFO]   ✓ KAVA/USDT     : 2,190 شمعة
21:19:54 [INFO]   ✓ CRV/USDT      : 2,190 شمعة
21:19:55 [INFO]   ✓ SNX/USDT      : 2,190 شمعة
21:19:55 [INFO]   ✓ SUSHI/USDT    : 2,190 شمعة
21:19:55 [INFO]   ✓ COMP/USDT     : 2,190 شمعة
21:19:55 [INFO]   ✓ YFI/USDT      : 2,190 شمعة
21:19:55 [INFO]   ✓ ZRX/USDT      : 2,190 شمعة
21:19:55 [INFO]   ✓ NMR/USDT      : 2,190 شمعة
21:19:55 [INFO]   ✓ BAT/USDT      : 2,190 شمعة
21:19:55 [INFO]   ✓ BAND/USDT     : 2,190 شمعة
21:19:55 [INFO]   ✓ ANKR/USDT     : 2,190 شمعة
21:19:55 [INFO]   ✓ STORJ/USDT    : 2,190 شمعة
21:19:56 [INFO]   ✓ ZEN/USDT      : 2,190 شمعة
21:19:56 [INFO]   ✓ KSM/USDT      : 2,190 شمعة
21:19:56 [INFO]   ✓ DYDX/USDT     : 2,190 شمعة
21:19:56 [INFO]   ✓ MASK/USDT     : 2,190 شمعة
21:19:56 [INFO]   ✓ CELO/USDT     : 2,190 شمعة
21:19:56 [INFO]   ✓ ENS/USDT      : 2,190 شمعة
21:19:56 [INFO]   ✓ GMX/USDT      : 2,190 شمعة
21:19:56 [INFO]   ✓ HIGH/USDT     : 2,190 شمعة
21:19:56 [INFO]   ✓ PENDLE/USDT   : 2,190 شمعة
21:19:56 [INFO]   ✓ MAGIC/USDT    : 2,190 شمعة
21:19:57 [INFO]   ✓ JOE/USDT      : 2,190 شمعة
21:19:57 [INFO]   ✓ CYBER/USDT    : 2,190 شمعة
21:19:57 [INFO]   ✓ BLUR/USDT     : 2,190 شمعة
21:19:57 [INFO]   ✓ ARKM/USDT     : 2,190 شمعة
21:19:57 [INFO]   ✓ WLD/USDT      : 2,190 شمعة
21:19:57 [INFO]   ✓ EDU/USDT      : 2,190 شمعة
21:19:57 [INFO]   ✓ ID/USDT       : 2,190 شمعة
21:19:57 [INFO]   ✓ JUP/USDT      : 2,190 شمعة
21:19:57 [INFO]   ✓ ORDI/USDT     : 2,190 شمعة
21:19:58 [INFO]   ✓ DYM/USDT      : 2,190 شمعة
21:19:58 [INFO]   ✓ JTO/USDT      : 2,190 شمعة
21:19:58 [INFO]   ✓ PYTH/USDT     : 2,190 شمعة
21:19:58 [INFO]   ✓ STRK/USDT     : 2,190 شمعة
21:19:58 [INFO]   ✓ MANTA/USDT    : 2,190 شمعة
21:19:58 [INFO]   ✓ AEVO/USDT     : 2,190 شمعة
21:19:58 [INFO]   ✓ ETHFI/USDT    : 2,190 شمعة
21:19:58 [INFO]   ✓ ALT/USDT      : 2,190 شمعة
21:19:58 [INFO]   ✓ W/USDT        : 2,190 شمعة
21:19:58 [INFO]   ✓ SAGA/USDT     : 2,190 شمعة
21:19:59 [INFO]   ✓ IO/USDT       : 2,190 شمعة
21:19:59 [INFO]   ✓ ZK/USDT       : 2,190 شمعة
21:19:59 [INFO]   ✓ BB/USDT       : 2,190 شمعة
21:19:59 [INFO]   ✓ LISTA/USDT    : 2,190 شمعة
21:19:59 [INFO]   ✓ ZRO/USDT      : 2,190 شمعة
21:20:00 [INFO]   ✓ TAIKO/USDT    : 1,222 شمعة
21:20:00 [INFO]   ✓ SYN/USDT      : 2,190 شمعة
21:20:00 [INFO]   ✓ G/USDT        : 2,190 شمعة
21:20:00 [INFO]   ✓ RARE/USDT     : 2,190 شمعة
21:20:00 [INFO]   ✓ MEW/USDT      : 2,190 شمعة
21:20:00 [INFO]   ✓ BANANA/USDT   : 2,190 شمعة
21:20:01 [INFO]   ✓ MERL/USDT     : 1,301 شمعة
21:20:01 [INFO]   ✓ ADA/USDT      : 35,040 شمعة 15m
21:20:02 [INFO]   ✓ BNB/USDT      : 35,040 شمعة 15m
21:20:02 [INFO]   ✓ SOL/USDT      : 35,040 شمعة 15m
21:20:02 [INFO]   ✓ BTC/USDT      : 35,040 شمعة 15m
21:20:02 [INFO]   ✓ ETH/USDT      : 35,040 شمعة 15m
21:20:02 [INFO]   ✓ AVAX/USDT     : 35,040 شمعة 15m
21:20:02 [INFO]   ✓ DOT/USDT      : 35,040 شمعة 15m
21:20:02 [INFO]   ✓ UNI/USDT      : 35,040 شمعة 15m
21:20:03 [INFO]   ✓ LINK/USDT     : 35,040 شمعة 15m
21:20:03 [INFO]   ✓ ATOM/USDT     : 35,040 شمعة 15m
21:20:03 [INFO]   ✓ LTC/USDT      : 35,040 شمعة 15m
21:20:03 [INFO]   ✓ ETC/USDT      : 35,040 شمعة 15m
21:20:03 [INFO]   ✓ TRX/USDT      : 35,040 شمعة 15m
21:20:04 [INFO]   ✓ NEAR/USDT     : 35,040 شمعة 15m
21:20:04 [INFO]   ✓ APT/USDT      : 35,040 شمعة 15m
21:20:04 [INFO]   ✓ BCH/USDT      : 35,040 شمعة 15m
21:20:04 [INFO]   ✓ STX/USDT      : 35,040 شمعة 15m
21:20:04 [INFO]   ✓ HBAR/USDT     : 35,040 شمعة 15m
21:20:05 [INFO]   ✓ AAVE/USDT     : 35,040 شمعة 15m
21:20:05 [INFO]   ✓ TIA/USDT      : 35,040 شمعة 15m
21:20:05 [INFO]   ✓ ARB/USDT      : 35,040 شمعة 15m
21:20:05 [INFO]   ✓ OP/USDT       : 35,040 شمعة 15m
21:20:05 [INFO]   ✓ ALGO/USDT     : 35,040 شمعة 15m
21:20:05 [INFO]   ✓ SUI/USDT      : 35,040 شمعة 15m
21:20:05 [INFO]   ✓ SEI/USDT      : 35,040 شمعة 15m
21:20:06 [INFO]   ✓ RENDER/USDT   : 35,040 شمعة 15m
21:20:06 [INFO]   ✓ GRT/USDT      : 35,040 شمعة 15m
21:20:06 [INFO]   ✓ FET/USDT      : 35,040 شمعة 15m
21:20:06 [INFO]   ✓ KAS/USDT      : 35,040 شمعة 15m
21:20:06 [INFO]   ✓ LDO/USDT      : 35,040 شمعة 15m
21:20:06 [INFO]   ✓ THETA/USDT    : 35,040 شمعة 15m
21:20:07 [INFO]   ✓ MANA/USDT     : 35,040 شمعة 15m
21:20:07 [INFO]   ✓ SAND/USDT     : 35,040 شمعة 15m
21:20:07 [INFO]   ✓ WIF/USDT      : 35,040 شمعة 15m
21:20:07 [INFO]   ✓ AXS/USDT      : 35,040 شمعة 15m
21:20:08 [INFO]   ✓ FIL/USDT      : 35,040 شمعة 15m
21:20:08 [INFO]   ✓ XLM/USDT      : 35,040 شمعة 15m
21:20:08 [INFO]   ✓ POL/USDT      : 35,040 شمعة 15m
21:20:08 [INFO]   ✓ CHZ/USDT      : 35,040 شمعة 15m
21:20:09 [INFO]   ✓ TON/USDT      : 35,040 شمعة 15m
21:20:09 [INFO]   ✓ QNT/USDT      : 35,040 شمعة 15m
21:20:09 [INFO]   ✓ DASH/USDT     : 35,040 شمعة 15m
21:20:09 [INFO]   ✓ IOTA/USDT     : 35,040 شمعة 15m
21:20:09 [INFO]   ✓ FLOW/USDT     : 35,040 شمعة 15m
21:20:09 [INFO]   ✓ NEO/USDT      : 35,040 شمعة 15m
21:20:10 [INFO]   ✓ CAKE/USDT     : 35,040 شمعة 15m
21:20:10 [INFO]   ✓ SNX/USDT      : 35,040 شمعة 15m
21:20:10 [INFO]   ✓ CRV/USDT      : 35,040 شمعة 15m
21:20:10 [INFO]   ✓ KAVA/USDT     : 35,040 شمعة 15m
21:20:10 [INFO]   ✓ ROSE/USDT     : 35,040 شمعة 15m
21:20:10 [INFO]   ✓ SUSHI/USDT    : 35,040 شمعة 15m
21:20:11 [INFO]   ✓ COMP/USDT     : 35,040 شمعة 15m
21:20:11 [INFO]   ✓ YFI/USDT      : 35,040 شمعة 15m
21:20:11 [INFO]   ✓ NMR/USDT      : 35,040 شمعة 15m
21:20:11 [INFO]   ✓ BAT/USDT      : 35,040 شمعة 15m
21:20:11 [INFO]   ✓ ZRX/USDT      : 35,040 شمعة 15m
21:20:11 [INFO]   ✓ BAND/USDT     : 35,040 شمعة 15m
21:20:12 [INFO]   ✓ ANKR/USDT     : 35,040 شمعة 15m
21:20:12 [INFO]   ✓ ZEN/USDT      : 35,040 شمعة 15m
21:20:12 [INFO]   ✓ DYDX/USDT     : 35,040 شمعة 15m
21:20:12 [INFO]   ✓ KSM/USDT      : 35,040 شمعة 15m
21:20:12 [INFO]   ✓ MASK/USDT     : 35,040 شمعة 15m
21:20:13 [INFO]   ✓ ENS/USDT      : 35,040 شمعة 15m
21:20:13 [INFO]   ✓ GMX/USDT      : 35,040 شمعة 15m
21:20:13 [INFO]   ✓ CELO/USDT     : 35,040 شمعة 15m
21:20:13 [INFO]   ✓ MAGIC/USDT    : 35,040 شمعة 15m
21:20:14 [INFO]   ✓ JOE/USDT      : 35,040 شمعة 15m
21:20:14 [INFO]   ✓ PENDLE/USDT   : 35,040 شمعة 15m
21:20:14 [INFO]   ✓ STORJ/USDT    : 35,040 شمعة 15m
21:20:14 [INFO]   ✓ BLUR/USDT     : 35,040 شمعة 15m
21:20:14 [INFO]   ✓ ARKM/USDT     : 35,040 شمعة 15m
21:20:14 [INFO]   ✓ CYBER/USDT    : 35,040 شمعة 15m
21:20:15 [INFO]   ✓ WLD/USDT      : 35,040 شمعة 15m
21:20:15 [INFO]   ✓ EDU/USDT      : 35,040 شمعة 15m
21:20:15 [INFO]   ✓ ID/USDT       : 35,040 شمعة 15m
21:20:15 [INFO]   ✓ JUP/USDT      : 35,040 شمعة 15m
21:20:16 [INFO]   ✓ ORDI/USDT     : 35,040 شمعة 15m
21:20:16 [INFO]   ✓ DYM/USDT      : 35,040 شمعة 15m
21:20:16 [INFO]   ✓ JTO/USDT      : 35,040 شمعة 15m
21:20:16 [INFO]   ✓ PYTH/USDT     : 35,040 شمعة 15m
21:20:16 [INFO]   ✓ STRK/USDT     : 35,040 شمعة 15m
21:20:16 [INFO]   ✓ MANTA/USDT    : 35,040 شمعة 15m
21:20:17 [INFO]   ✓ ETHFI/USDT    : 35,040 شمعة 15m
21:20:17 [INFO]   ✓ AEVO/USDT     : 35,040 شمعة 15m
21:20:17 [INFO]   ✓ ALT/USDT      : 35,040 شمعة 15m
21:20:17 [INFO]   ✓ W/USDT        : 35,040 شمعة 15m
21:20:18 [INFO]   ✓ IO/USDT       : 35,040 شمعة 15m
21:20:18 [INFO]   ✓ SAGA/USDT     : 35,040 شمعة 15m
21:20:18 [INFO]   ✓ ZK/USDT       : 35,040 شمعة 15m
21:20:18 [INFO]   ✓ BB/USDT       : 35,040 شمعة 15m
21:20:18 [INFO]   ✓ ZRO/USDT      : 35,040 شمعة 15m
21:20:19 [INFO]   ✓ LISTA/USDT    : 35,040 شمعة 15m
21:20:19 [INFO]   ✓ SYN/USDT      : 35,040 شمعة 15m
21:20:19 [INFO]   ✓ TAIKO/USDT    : 19,534 شمعة 15m
21:20:19 [INFO]   ✓ G/USDT        : 35,040 شمعة 15m
21:20:19 [INFO]   ✓ RARE/USDT     : 35,040 شمعة 15m
21:20:19 [INFO]   ✓ MEW/USDT      : 35,040 شمعة 15m
21:20:20 [INFO]   ✓ BANANA/USDT   : 35,040 شمعة 15m
21:20:20 [INFO]   ✓ HIGH/USDT     : 35,040 شمعة 15m
21:20:20 [INFO]   ✓ MERL/USDT     : 20,798 شمعة 15m
21:20:20 [INFO]   [SubBars] loaded for 100 symbols at 15m
21:20:20 [INFO] §3  معالجة فضاء الحالة (K ديناميكي)...
21:20:20 [INFO]   [Parallel] 7 workers × 100 symbols (cache=on)
╔══════════════════════════════════════════════════════════════════════╗
  [Level-1] Parallel: True  Cache: True
  [Level-2] Numba: True

║  محرك التداول الثرموديناميكي الكمي v6.0 – Singularity Engine     ║
║  الوضع: BACKTEST    |  رأس المال: $100.00              ║
╠══════════════════════════════════════════════════════════════════════╣
║  ① Boltzmann Kelly: BASE=2.0%  λ=0.05  [1.0%–5.0%]  ║
║  ② Topo-Divergence: ε=0.05  (حتمية هندسية)              ║
║  ③ Dynamic-K:       [25–50]  (SNR ∝ 1/m)                     ║
║  ④ Cosmological Λ:  0  (De Sitter drift)                  ║
║  ⑤ T_sync EMA-accel: فلتر التشابك عبر المقاييس                  ║
╚══════════════════════════════════════════════════════════════════════╝

21:20:30 [INFO]   ✓ BTC/USDT       | K=25 | اختبار=  409 | tri_μ=1.38 | [cache]
21:20:30 [INFO]   ✓ ADA/USDT       | K=25 | اختبار=  412 | tri_μ=1.31 | [cache]
21:20:30 [INFO]   ✓ SOL/USDT       | K=25 | اختبار=  426 | tri_μ=1.31 | [cache]
21:20:30 [INFO]   ✓ ETH/USDT       | K=25 | اختبار=  411 | tri_μ=1.34 | [cache]
21:20:30 [INFO]   ✓ BNB/USDT       | K=25 | اختبار=  412 | tri_μ=1.35 | [cache]
21:20:30 [INFO]   ✓ AVAX/USDT      | K=25 | اختبار=  388 | tri_μ=1.22 | [cache]
21:20:30 [INFO]   ✓ DOT/USDT       | K=25 | اختبار=  437 | tri_μ=1.31 | [cache]
21:20:30 [INFO]   ✓ LINK/USDT      | K=25 | اختبار=  441 | tri_μ=1.30 | [cache]
21:20:30 [INFO]   ✓ LTC/USDT       | K=25 | اختبار=  455 | tri_μ=1.29 | [cache]
21:20:30 [INFO]   ✓ ATOM/USDT      | K=25 | اختبار=  435 | tri_μ=1.32 | [cache]
21:20:30 [INFO]   ✓ UNI/USDT       | K=25 | اختبار=  442 | tri_μ=1.25 | [cache]
21:20:30 [INFO]   ✓ ETC/USDT       | K=25 | اختبار=  426 | tri_μ=1.25 | [cache]
21:20:30 [INFO]   ✓ TRX/USDT       | K=25 | اختبار=  411 | tri_μ=1.28 | [cache]
21:20:30 [INFO]   ✓ TON/USDT       | K=25 | اختبار=  448 | tri_μ=1.31 | [cache]
21:20:30 [INFO]   ✓ NEAR/USDT      | K=25 | اختبار=  425 | tri_μ=1.31 | [cache]
21:20:30 [INFO]   ✓ BCH/USDT       | K=25 | اختبار=  430 | tri_μ=1.34 | [cache]
21:20:30 [INFO]   ✓ STX/USDT       | K=25 | اختبار=  463 | tri_μ=1.31 | [cache]
21:20:30 [INFO]   ✓ APT/USDT       | K=25 | اختبار=  406 | tri_μ=1.26 | [cache]
21:20:30 [INFO]   ✓ HBAR/USDT      | K=25 | اختبار=  386 | tri_μ=1.26 | [cache]
21:20:30 [INFO]   ✓ AAVE/USDT      | K=25 | اختبار=  430 | tri_μ=1.34 | [cache]
21:20:30 [INFO]   ✓ ARB/USDT       | K=25 | اختبار=  430 | tri_μ=1.30 | [cache]
21:20:30 [INFO]   ✓ TIA/USDT       | K=25 | اختبار=  427 | tri_μ=1.27 | [cache]
21:20:30 [INFO]   ✓ OP/USDT        | K=25 | اختبار=  426 | tri_μ=1.26 | [cache]
21:20:30 [INFO]   ✓ SUI/USDT       | K=25 | اختبار=  459 | tri_μ=1.34 | [cache]
21:20:30 [INFO]   ✓ ALGO/USDT      | K=25 | اختبار=  427 | tri_μ=1.32 | [cache]
21:20:30 [INFO]   ✓ SEI/USDT       | K=25 | اختبار=  425 | tri_μ=1.27 | [cache]
21:20:30 [INFO]   ✓ RENDER/USDT    | K=25 | اختبار=  429 | tri_μ=1.31 | [cache]
21:20:30 [INFO]   ✓ GRT/USDT       | K=25 | اختبار=  449 | tri_μ=1.32 | [cache]
21:20:30 [INFO]   ✓ KAS/USDT       | K=25 | اختبار=  439 | tri_μ=1.33 | [cache]
21:20:30 [INFO]   ✓ FET/USDT       | K=25 | اختبار=  434 | tri_μ=1.31 | [cache]
21:20:30 [INFO]   ✓ LDO/USDT       | K=25 | اختبار=  465 | tri_μ=1.31 | [cache]
21:20:30 [INFO]   ✓ THETA/USDT     | K=25 | اختبار=  437 | tri_μ=1.31 | [cache]
21:20:30 [INFO]   ✓ SAND/USDT      | K=25 | اختبار=  428 | tri_μ=1.31 | [cache]
21:20:30 [INFO]   ✓ MANA/USDT      | K=25 | اختبار=  454 | tri_μ=1.31 | [cache]
21:20:30 [INFO]   ✓ WIF/USDT       | K=25 | اختبار=  421 | tri_μ=1.29 | [cache]
21:20:30 [INFO]   ✓ AXS/USDT       | K=25 | اختبار=  430 | tri_μ=1.31 | [cache]
21:20:31 [INFO]   ✓ XLM/USDT       | K=25 | اختبار=  385 | tri_μ=1.27 | [cache]
21:20:31 [INFO]   ✓ POL/USDT       | K=25 | اختبار=  414 | tri_μ=1.30 | [cache]
21:20:31 [INFO]   ✓ CHZ/USDT       | K=25 | اختبار=  430 | tri_μ=1.33 | [cache]
21:20:31 [INFO]   ✓ FIL/USDT       | K=25 | اختبار=  446 | tri_μ=1.31 | [cache]
21:20:31 [INFO]   ✓ QNT/USDT       | K=25 | اختبار=  444 | tri_μ=1.30 | [cache]
21:20:31 [INFO]   ✓ DASH/USDT      | K=25 | اختبار=  378 | tri_μ=1.24 | [cache]
21:20:31 [INFO]   ✓ FLOW/USDT      | K=25 | اختبار=  453 | tri_μ=1.28 | [cache]
21:20:31 [INFO]   ✓ IOTA/USDT      | K=25 | اختبار=  425 | tri_μ=1.31 | [cache]
21:20:31 [INFO]   ✓ NEO/USDT       | K=25 | اختبار=  438 | tri_μ=1.25 | [cache]
21:20:31 [INFO]   ✓ CAKE/USDT      | K=25 | اختبار=  443 | tri_μ=1.30 | [cache]
21:20:31 [INFO]   ✓ ROSE/USDT      | K=25 | اختبار=  441 | tri_μ=1.34 | [cache]
21:20:31 [INFO]   ✓ KAVA/USDT      | K=25 | اختبار=  438 | tri_μ=1.29 | [cache]
21:20:31 [INFO]   ✓ CRV/USDT       | K=25 | اختبار=  434 | tri_μ=1.35 | [cache]
21:20:31 [INFO]   ✓ SNX/USDT       | K=25 | اختبار=  424 | tri_μ=1.31 | [cache]
21:20:31 [INFO]   ✓ SUSHI/USDT     | K=25 | اختبار=  457 | tri_μ=1.32 | [cache]
21:20:31 [INFO]   ✓ COMP/USDT      | K=25 | اختبار=  404 | tri_μ=1.22 | [cache]
21:20:31 [INFO]   ✓ YFI/USDT       | K=25 | اختبار=  424 | tri_μ=1.37 | [cache]
21:20:31 [INFO]   ✓ ZRX/USDT       | K=25 | اختبار=  431 | tri_μ=1.29 | [cache]
21:20:31 [INFO]   ✓ NMR/USDT       | K=25 | اختبار=  340 | tri_μ=1.22 | [cache]
21:20:31 [INFO]   ✓ BAND/USDT      | K=25 | اختبار=  438 | tri_μ=1.32 | [cache]
21:20:31 [INFO]   ✓ BAT/USDT       | K=25 | اختبار=  426 | tri_μ=1.32 | [cache]
21:20:31 [INFO]   ✓ ANKR/USDT      | K=25 | اختبار=  433 | tri_μ=1.33 | [cache]
21:20:31 [INFO]   ✓ STORJ/USDT     | K=25 | اختبار=  441 | tri_μ=1.32 | [cache]
21:20:31 [INFO]   ✓ ZEN/USDT       | K=25 | اختبار=  388 | tri_μ=1.24 | [cache]
21:20:31 [INFO]   ✓ KSM/USDT       | K=25 | اختبار=  419 | tri_μ=1.26 | [cache]
21:20:31 [INFO]   ✓ DYDX/USDT      | K=25 | اختبار=  450 | tri_μ=1.31 | [cache]
21:20:31 [INFO]   ✓ MASK/USDT      | K=25 | اختبار=  449 | tri_μ=1.28 | [cache]
21:20:31 [INFO]   ✓ CELO/USDT      | K=25 | اختبار=  446 | tri_μ=1.30 | [cache]
21:20:31 [INFO]   ✓ ENS/USDT       | K=25 | اختبار=  429 | tri_μ=1.27 | [cache]
21:20:31 [INFO]   ✓ GMX/USDT       | K=25 | اختبار=  446 | tri_μ=1.28 | [cache]
21:20:31 [INFO]   ✓ HIGH/USDT      | K=25 | اختبار=  462 | tri_μ=1.33 | [cache]
21:20:31 [INFO]   ✓ PENDLE/USDT    | K=25 | اختبار=  469 | tri_μ=1.30 | [cache]
21:20:31 [INFO]   ✓ MAGIC/USDT     | K=25 | اختبار=  411 | tri_μ=1.25 | [cache]
21:20:31 [INFO]   ✓ JOE/USDT       | K=25 | اختبار=  414 | tri_μ=1.31 | [cache]
21:20:31 [INFO]   ✓ CYBER/USDT     | K=25 | اختبار=  451 | tri_μ=1.29 | [cache]
21:20:31 [INFO]   ✓ BLUR/USDT      | K=25 | اختبار=  446 | tri_μ=1.30 | [cache]
21:20:31 [INFO]   ✓ ARKM/USDT      | K=25 | اختبار=  419 | tri_μ=1.30 | [cache]
21:20:31 [INFO]   ✓ WLD/USDT       | K=25 | اختبار=  477 | tri_μ=1.32 | [cache]
21:20:31 [INFO]   ✓ EDU/USDT       | K=25 | اختبار=  449 | tri_μ=1.28 | [cache]
21:20:31 [INFO]   ✓ ID/USDT        | K=25 | اختبار=  435 | tri_μ=1.30 | [cache]
21:20:31 [INFO]   ✓ JUP/USDT       | K=25 | اختبار=  432 | tri_μ=1.32 | [cache]
21:20:31 [INFO]   ✓ ORDI/USDT      | K=25 | اختبار=  456 | tri_μ=1.26 | [cache]
21:20:31 [INFO]   ✓ DYM/USDT       | K=25 | اختبار=  427 | tri_μ=1.26 | [cache]
21:20:31 [INFO]   ✓ JTO/USDT       | K=25 | اختبار=  450 | tri_μ=1.30 | [cache]
21:20:31 [INFO]   ✓ PYTH/USDT      | K=25 | اختبار=  429 | tri_μ=1.29 | [cache]
21:20:31 [INFO]   ✓ STRK/USDT      | K=25 | اختبار=  400 | tri_μ=1.28 | [cache]
21:20:31 [INFO]   ✓ MANTA/USDT     | K=25 | اختبار=  400 | tri_μ=1.32 | [cache]
21:20:31 [INFO]   ✓ AEVO/USDT      | K=25 | اختبار=  446 | tri_μ=1.30 | [cache]
21:20:31 [INFO]   ✓ ETHFI/USDT     | K=25 | اختبار=  409 | tri_μ=1.26 | [cache]
21:20:31 [INFO]   ✓ ALT/USDT       | K=25 | اختبار=  331 | tri_μ=1.26 | [cache]
21:20:31 [INFO]   ✓ W/USDT         | K=25 | اختبار=  411 | tri_μ=1.25 | [cache]
21:20:31 [INFO]   ✓ SAGA/USDT      | K=25 | اختبار=  419 | tri_μ=1.27 | [cache]
21:20:31 [INFO]   ✓ IO/USDT        | K=25 | اختبار=  434 | tri_μ=1.32 | [cache]
21:20:31 [INFO]   ✓ ZK/USDT        | K=25 | اختبار=  412 | tri_μ=1.31 | [cache]
21:20:31 [INFO]   ✓ BB/USDT        | K=25 | اختبار=  452 | tri_μ=1.33 | [cache]
21:20:31 [INFO]   ✓ LISTA/USDT     | K=25 | اختبار=  461 | tri_μ=1.30 | [cache]
21:20:31 [INFO]   ✓ ZRO/USDT       | K=25 | اختبار=  421 | tri_μ=1.31 | [cache]
21:20:31 [INFO]   ✓ TAIKO/USDT     | K=25 | اختبار=  245 | tri_μ=1.28 | [cache]
21:20:31 [INFO]   ✓ SYN/USDT       | K=25 | اختبار=  434 | tri_μ=1.29 | [cache]
21:20:31 [INFO]   ✓ G/USDT         | K=25 | اختبار=  440 | tri_μ=1.33 | [cache]
21:20:31 [INFO]   ✓ RARE/USDT      | K=25 | اختبار=  454 | tri_μ=1.25 | [cache]
21:20:31 [INFO]   ✓ BANANA/USDT    | K=25 | اختبار=  449 | tri_μ=1.24 | [cache]
21:20:31 [INFO]   ✓ MERL/USDT      | K=25 | اختبار=  288 | tri_μ=1.29 | [cache]
21:20:33 [WARNING] [process_asset] MEW/USDT: degenerate clustering (H_train=0.029, H_theo=4.644, ratio=0.006, K=25) — returning None
21:20:33 [WARNING]   ✗ MEW/USDT: process_asset returned None
21:20:38 [INFO]   [Parallel] done in 18.1s  (cache=99, computed=0, errors=1)
21:20:38 [INFO] §4  مصفوفة الارتباط...
21:20:39 [INFO]   أزواج مرتبطة (ρ>0.7): 2799
21:20:39 [INFO] §5  بناء الإشارات (①②④⑤ مُفعَّلة)...
21:20:39 [INFO] [Gauge-Filter] thresholds: BUY>p60=0.14886, SELL>p95=0.21053 (pool=96957)
21:20:42 [INFO]   ✔ 2,546 إشارة
21:20:42 [INFO]   T_info: μ=4.958 | σ=2.286
21:20:42 [INFO]   risk_dynamic: μ=1.924% | max=2.61%
21:20:42 [INFO]   BUY=2,476 | SELL=70 (Λ=0)
21:20:42 [INFO] §6  محاكاة المحفظة متعددة المراكز...
21:20:42 [INFO]   [Backtest Realism] Entry fills: 1,897/2,546 (74.5%) [pen=1.0bps, wait=live=0s → 6 bars]
21:20:46 [INFO]   ✔ 1,470 صفقة
21:20:46 [INFO] §7  انحدار الإنتروبيا...
21:20:46 [INFO]   BTC/USDT      : b=+0.00006  R²=0.002  [neutral]
21:20:46 [INFO]   ADA/USDT      : b=+0.00099  R²=0.213  [increasing]
21:20:46 [INFO]   SOL/USDT      : b=-0.00022  R²=0.016  [neutral]
21:20:46 [INFO]   ETH/USDT      : b=+0.00011  R²=0.005  [neutral]
21:20:50 [INFO] 📊 quantum_v6_results.png
21:20:50 [INFO] ✅ اكتمل.
21:20:50 [INFO]    E[ln(1+fR)] = +0.003292
21:20:50 [INFO]    MaxDrawdown  = 46.77%
21:20:50 [INFO]    Topo-Exits   = 0.0%
21:20:50 [INFO]    AvgRisk      = 1.456%
21:20:50 [INFO] [Diagnostic] Close-and-reverse within 3h: 0

════════════════════════════════════════════════════════════════════════
   📊  محرك التداول الثرموديناميكي الكمي v6.0  [BACKTEST]
   🌌  محرك التفرد – Singularity Engine
════════════════════════════════════════════════════════════════════════

▶ المقياس الأساسي (م٦): E[ln(1+fR)] لكل صفقة
   متوسط  : +0.003292
   وسيط   : +0.002689
   انحراف : 0.019948
   → ✅ حافة إيجابية

▶ إحصاءات الصفقات
   عدد الصفقات      : 1,470
   شراء / بيع        : 1,437 / 33
   نسبة النجاح      : 52.38%
   عامل الربح (PF)  : 1.919
   متوسط الربح      : $34.0066
   متوسط الخسارة   : $-19.4950
   شارب (سنوي)      : 2.620
   دخول مُحسَّن       : 0  (0.0%)

▶ التعديلات الجديدة (v6.0)
   ① متوسط T_info (حرارة معلوماتية) : 4.8972
   ① متوسط المخاطرة الديناميكية     : 1.456%
   ② خروج توبولوجي (Topo-Div)       : 0  (0.0%)
   خروج TRI مبكر                    : 0  (0.0%)
   انزلاق إجمالي                    : $1,302.12

▶ رأس المال (مقياس ثانوي)
   ابتدائي: $100.00  →  نهائي: $12,638.62
   العائد الكلي     : 12,538.6%
   أقصى انخفاض     : 46.77%  ($2,087.72)

▶ تحذير السيولة (م٦): 0 (0.0%)  ✅ معقول

▶ توزيع أسباب الخروج
   Emergency SL             :     795  (54.1%)
   Apex: Action Integral Exhaustion:     641  (43.6%)
   Hard TP                  :      31  (2.1%)
   EndOfData                :       2  (0.1%)
   MaxHold                  :       1  (0.1%)

════════════════════════════════════════════════════════════════════════


▶ تحليل MFE (أقصى ربح غير مُحقَّق)
   Emergency SL   (n= 795) | μMFE= 1.41%  max=10.04%  | >0.5%:  439  >1.0%:  377  >2.0%:  257
   Hard TP        (n=  31) | μMFE=12.39%  max=23.81%  | >0.5%:   31  >1.0%:   31  >2.0%:   31
   Apex exits     (n= 641) | μMFE= 3.52%  max=11.18%  | >0.5%:  641  >1.0%:  623  >2.0%:  477

▶ ميزانية المخاطرة الكلية
   μ risk/trade : 1.456%
   max risk/trade : 3.000%
   min risk/trade : 0.500%
