21:26:50 [INFO] [Backtest] end-date pinned to 2026-10-01
21:26:51 [INFO] [Level-2] Numba kernels warm (JIT ready in 0.7s)
21:26:51 [INFO] [Cache] LIVE_ASSET_CACHE_MAX adjusted to 150
21:26:54 [INFO] [TF] timeframe=4h TF_SCALE=0.2500 TF_SECONDS=14400 TF_HOURS=4.000
21:26:54 [INFO] [TF-Unified] N=24 W=20 L=10 ADV_BARS=6 (σ≈0.25× 1h)
21:26:54 [INFO] [Data] mode=backtest | tf=4h | history=365d (2190 bars/symbol) | quality=degraded | source=user(365d)
21:26:54 [WARNING] [Data] degraded quality: tail=2190 < strict_min/2=5012. Many assets may be skipped by degenerate detection. Recommended minimum for 4h: --history-days 2339.
21:26:54 [INFO] [Trail] Trailing Stop Loss DISABLED — SL is fixed
21:26:54 [INFO] [Backtest] --no-fixed-price: entry target will be derived from close[sig.close_idx] × (1 ± PO_PENETRATION_BPS)
21:26:54 [INFO] [Watch] Watch-then-trigger DISABLED (Config default) — legacy immediate placement
21:26:54 [INFO] [Gauge] SELL RE-ENABLED — experimental mode
21:26:54 [INFO] [OppTP] Opposite-Signal Adaptive TP DISABLED
21:26:54 [INFO] [TradeLog] Logging trades to results/sell_ablation/S7_2026.jsonl
21:26:54 [INFO] §1  مسح أعلى 15 عملة...
21:26:54 [INFO] §2  جلب البيانات (متوازٍ)...
21:27:05 [INFO]   ✓ ETH/USDT      : 2,190 شمعة
21:27:06 [INFO]   ✓ ADA/USDT      : 2,190 شمعة
21:27:06 [INFO]   ✓ BTC/USDT      : 2,190 شمعة
21:27:06 [INFO]   ✓ BNB/USDT      : 2,190 شمعة
21:27:06 [INFO]   ✓ SOL/USDT      : 2,190 شمعة
21:27:06 [INFO]   ✓ AVAX/USDT     : 2,190 شمعة
21:27:06 [INFO]   ✓ LINK/USDT     : 2,190 شمعة
21:27:06 [INFO]   ✓ LTC/USDT      : 2,190 شمعة
21:27:06 [INFO]   ✓ DOT/USDT      : 2,190 شمعة
21:27:06 [INFO]   ✓ UNI/USDT      : 2,190 شمعة
21:27:07 [INFO]   ✓ ATOM/USDT     : 2,190 شمعة
21:27:07 [INFO]   ✓ ETC/USDT      : 2,190 شمعة
21:27:07 [INFO]   ✓ TRX/USDT      : 2,190 شمعة
21:27:07 [INFO]   ✓ TON/USDT      : 2,190 شمعة
21:27:07 [INFO]   ✓ APT/USDT      : 2,190 شمعة
21:27:07 [INFO]   ✓ BCH/USDT      : 2,190 شمعة
21:27:07 [INFO]   ✓ NEAR/USDT     : 2,190 شمعة
21:27:07 [INFO]   ✓ HBAR/USDT     : 2,190 شمعة
21:27:08 [INFO]   ✓ STX/USDT      : 2,190 شمعة
21:27:08 [INFO]   ✓ ARB/USDT      : 2,190 شمعة
21:27:08 [INFO]   ✓ AAVE/USDT     : 2,190 شمعة
21:27:08 [INFO]   ✓ SUI/USDT      : 2,190 شمعة
21:27:08 [INFO]   ✓ OP/USDT       : 2,190 شمعة
21:27:08 [INFO]   ✓ TIA/USDT      : 2,190 شمعة
21:27:08 [INFO]   ✓ GRT/USDT      : 2,190 شمعة
21:27:08 [INFO]   ✓ SEI/USDT      : 2,190 شمعة
21:27:08 [INFO]   ✓ FET/USDT      : 2,190 شمعة
21:27:08 [INFO]   ✓ ALGO/USDT     : 2,190 شمعة
21:27:09 [INFO]   ✓ RENDER/USDT   : 2,190 شمعة
21:27:09 [INFO]   ✓ LDO/USDT      : 2,190 شمعة
21:27:09 [INFO]   ✓ THETA/USDT    : 2,190 شمعة
21:27:09 [INFO]   ✓ WIF/USDT      : 2,190 شمعة
21:27:09 [INFO]   ✓ KAS/USDT      : 2,190 شمعة
21:27:09 [INFO]   ✓ SAND/USDT     : 2,190 شمعة
21:27:09 [INFO]   ✓ AXS/USDT      : 2,190 شمعة
21:27:09 [INFO]   ✓ MANA/USDT     : 2,190 شمعة
21:27:09 [INFO]   ✓ XLM/USDT      : 2,190 شمعة
21:27:09 [INFO]   ✓ CHZ/USDT      : 2,190 شمعة
21:27:10 [INFO]   ✓ POL/USDT      : 2,190 شمعة
21:27:10 [INFO]   ✓ FLOW/USDT     : 2,190 شمعة
21:27:10 [INFO]   ✓ FIL/USDT      : 2,190 شمعة
21:27:10 [INFO]   ✓ QNT/USDT      : 2,190 شمعة
21:27:10 [INFO]   ✓ DASH/USDT     : 2,190 شمعة
21:27:10 [INFO]   ✓ CAKE/USDT     : 2,190 شمعة
21:27:10 [INFO]   ✓ ROSE/USDT     : 2,190 شمعة
21:27:10 [INFO]   ✓ IOTA/USDT     : 2,190 شمعة
21:27:11 [INFO]   ✓ CRV/USDT      : 2,190 شمعة
21:27:11 [INFO]   ✓ KAVA/USDT     : 2,190 شمعة
21:27:11 [INFO]   ✓ NEO/USDT      : 2,190 شمعة
21:27:11 [INFO]   ✓ SNX/USDT      : 2,190 شمعة
21:27:11 [INFO]   ✓ COMP/USDT     : 2,190 شمعة
21:27:11 [INFO]   ✓ SUSHI/USDT    : 2,190 شمعة
21:27:11 [INFO]   ✓ BAT/USDT      : 2,190 شمعة
21:27:11 [INFO]   ✓ ANKR/USDT     : 2,190 شمعة
21:27:11 [INFO]   ✓ YFI/USDT      : 2,190 شمعة
21:27:12 [INFO]   ✓ ZRX/USDT      : 2,190 شمعة
21:27:12 [INFO]   ✓ BAND/USDT     : 2,190 شمعة
21:27:12 [INFO]   ✓ NMR/USDT      : 2,190 شمعة
21:27:12 [INFO]   ✓ STORJ/USDT    : 2,190 شمعة
21:27:12 [INFO]   ✓ CELO/USDT     : 2,190 شمعة
21:27:12 [INFO]   ✓ KSM/USDT      : 2,190 شمعة
21:27:12 [INFO]   ✓ ZEN/USDT      : 2,190 شمعة
21:27:12 [INFO]   ✓ MASK/USDT     : 2,190 شمعة
21:27:13 [INFO]   ✓ DYDX/USDT     : 2,190 شمعة
21:27:13 [INFO]   ✓ MAGIC/USDT    : 2,190 شمعة
21:27:13 [INFO]   ✓ HIGH/USDT     : 2,190 شمعة
21:27:13 [INFO]   ✓ ENS/USDT      : 2,190 شمعة
21:27:13 [INFO]   ✓ GMX/USDT      : 2,190 شمعة
21:27:13 [INFO]   ✓ PENDLE/USDT   : 2,190 شمعة
21:27:13 [INFO]   ✓ JOE/USDT      : 2,190 شمعة
21:27:13 [INFO]   ✓ CYBER/USDT    : 2,190 شمعة
21:27:14 [INFO]   ✓ BLUR/USDT     : 2,190 شمعة
21:27:14 [INFO]   ✓ ARKM/USDT     : 2,190 شمعة
21:27:14 [INFO]   ✓ WLD/USDT      : 2,190 شمعة
21:27:14 [INFO]   ✓ EDU/USDT      : 2,190 شمعة
21:27:14 [INFO]   ✓ ID/USDT       : 2,190 شمعة
21:27:14 [INFO]   ✓ JUP/USDT      : 2,190 شمعة
21:27:14 [INFO]   ✓ ORDI/USDT     : 2,190 شمعة
21:27:14 [INFO]   ✓ PYTH/USDT     : 2,190 شمعة
21:27:14 [INFO]   ✓ DYM/USDT      : 2,190 شمعة
21:27:15 [INFO]   ✓ JTO/USDT      : 2,190 شمعة
21:27:15 [INFO]   ✓ STRK/USDT     : 2,190 شمعة
21:27:15 [INFO]   ✓ MANTA/USDT    : 2,190 شمعة
21:27:15 [INFO]   ✓ ETHFI/USDT    : 2,190 شمعة
21:27:15 [INFO]   ✓ ALT/USDT      : 2,190 شمعة
21:27:15 [INFO]   ✓ AEVO/USDT     : 2,190 شمعة
21:27:15 [INFO]   ✓ W/USDT        : 2,190 شمعة
21:27:16 [INFO]   ✓ SAGA/USDT     : 2,190 شمعة
21:27:16 [INFO]   ✓ ZK/USDT       : 2,190 شمعة
21:27:16 [INFO]   ✓ BB/USDT       : 2,190 شمعة
21:27:16 [INFO]   ✓ IO/USDT       : 2,190 شمعة
21:27:16 [INFO]   ✓ LISTA/USDT    : 2,190 شمعة
21:27:16 [INFO]   ✓ RARE/USDT     : 2,190 شمعة
21:27:16 [INFO]   ✓ G/USDT        : 2,190 شمعة
21:27:16 [INFO]   ✓ TAIKO/USDT    : 2,190 شمعة
21:27:16 [INFO]   ✓ ZRO/USDT      : 2,190 شمعة
21:27:16 [INFO]   ✓ SYN/USDT      : 2,190 شمعة
21:27:17 [INFO]   ✓ MEW/USDT      : 2,190 شمعة
21:27:17 [INFO]   ✓ MERL/USDT     : 2,190 شمعة
21:27:17 [INFO]   ✓ BANANA/USDT   : 2,190 شمعة
21:27:17 [INFO]   ✓ ADA/USDT      : 35,040 شمعة 15m
21:27:18 [INFO]   ✓ BNB/USDT      : 35,040 شمعة 15m
21:27:18 [INFO]   ✓ ETH/USDT      : 35,040 شمعة 15m
21:27:18 [INFO]   ✓ SOL/USDT      : 35,040 شمعة 15m
21:27:18 [INFO]   ✓ BTC/USDT      : 35,040 شمعة 15m
21:27:18 [INFO]   ✓ AVAX/USDT     : 35,040 شمعة 15m
21:27:18 [INFO]   ✓ LINK/USDT     : 35,040 شمعة 15m
21:27:19 [INFO]   ✓ UNI/USDT      : 35,040 شمعة 15m
21:27:19 [INFO]   ✓ LTC/USDT      : 35,040 شمعة 15m
21:27:19 [INFO]   ✓ DOT/USDT      : 35,040 شمعة 15m
21:27:19 [INFO]   ✓ ATOM/USDT     : 35,040 شمعة 15m
21:27:19 [INFO]   ✓ ETC/USDT      : 35,040 شمعة 15m
21:27:19 [INFO]   ✓ TRX/USDT      : 35,040 شمعة 15m
21:27:20 [INFO]   ✓ NEAR/USDT     : 35,040 شمعة 15m
21:27:20 [INFO]   ✓ APT/USDT      : 35,040 شمعة 15m
21:27:20 [INFO]   ✓ BCH/USDT      : 35,040 شمعة 15m
21:27:20 [INFO]   ✓ HBAR/USDT     : 35,040 شمعة 15m
21:27:20 [INFO]   ✓ AAVE/USDT     : 35,040 شمعة 15m
21:27:20 [INFO]   ✓ STX/USDT      : 35,040 شمعة 15m
21:27:20 [INFO]   ✓ ARB/USDT      : 35,040 شمعة 15m
21:27:21 [INFO]   ✓ SUI/USDT      : 35,040 شمعة 15m
21:27:21 [INFO]   ✓ OP/USDT       : 35,040 شمعة 15m
21:27:21 [INFO]   ✓ SEI/USDT      : 35,040 شمعة 15m
21:27:21 [INFO]   ✓ TIA/USDT      : 35,040 شمعة 15m
21:27:21 [INFO]   ✓ GRT/USDT      : 35,040 شمعة 15m
21:27:22 [INFO]   ✓ FET/USDT      : 35,040 شمعة 15m
21:27:22 [INFO]   ✓ RENDER/USDT   : 35,040 شمعة 15m
21:27:22 [INFO]   ✓ LDO/USDT      : 35,040 شمعة 15m
21:27:22 [INFO]   ✓ ALGO/USDT     : 35,040 شمعة 15m
21:27:22 [INFO]   ✓ THETA/USDT    : 35,040 شمعة 15m
21:27:23 [INFO]   ✓ WIF/USDT      : 35,040 شمعة 15m
21:27:23 [INFO]   ✓ KAS/USDT      : 35,040 شمعة 15m
21:27:23 [INFO]   ✓ MANA/USDT     : 35,040 شمعة 15m
21:27:23 [INFO]   ✓ SAND/USDT     : 35,040 شمعة 15m
21:27:24 [INFO]   ✓ AXS/USDT      : 35,040 شمعة 15m
21:27:24 [INFO]   ✓ XLM/USDT      : 35,040 شمعة 15m
21:27:24 [INFO]   ✓ POL/USDT      : 35,040 شمعة 15m
21:27:24 [INFO]   ✓ CHZ/USDT      : 35,040 شمعة 15m
21:27:24 [INFO]   ✓ FLOW/USDT     : 35,040 شمعة 15m
21:27:24 [INFO]   ✓ FIL/USDT      : 35,040 شمعة 15m
21:27:25 [INFO]   ✓ DASH/USDT     : 35,040 شمعة 15m
21:27:25 [INFO]   ✓ CAKE/USDT     : 35,040 شمعة 15m
21:27:25 [INFO]   ✓ QNT/USDT      : 35,040 شمعة 15m
21:27:25 [INFO]   ✓ ROSE/USDT     : 35,040 شمعة 15m
21:27:25 [INFO]   ✓ TON/USDT      : 25,761 شمعة 15m
21:27:25 [INFO]   ✓ IOTA/USDT     : 35,040 شمعة 15m
21:27:26 [INFO]   ✓ CRV/USDT      : 35,040 شمعة 15m
21:27:26 [INFO]   ✓ NEO/USDT      : 35,040 شمعة 15m
21:27:26 [INFO]   ✓ SNX/USDT      : 35,040 شمعة 15m
21:27:26 [INFO]   ✓ KAVA/USDT     : 35,040 شمعة 15m
21:27:26 [INFO]   ✓ COMP/USDT     : 35,040 شمعة 15m
21:27:26 [INFO]   ✓ SUSHI/USDT    : 35,040 شمعة 15m
21:27:27 [INFO]   ✓ BAT/USDT      : 35,040 شمعة 15m
21:27:27 [INFO]   ✓ ANKR/USDT     : 35,040 شمعة 15m
21:27:27 [INFO]   ✓ YFI/USDT      : 35,040 شمعة 15m
21:27:27 [INFO]   ✓ ZRX/USDT      : 35,040 شمعة 15m
21:27:27 [INFO]   ✓ BAND/USDT     : 35,040 شمعة 15m
21:27:27 [INFO]   ✓ CELO/USDT     : 35,040 شمعة 15m
21:27:28 [INFO]   ✓ NMR/USDT      : 35,040 شمعة 15m
21:27:28 [INFO]   ✓ KSM/USDT      : 35,040 شمعة 15m
21:27:28 [INFO]   ✓ ZEN/USDT      : 35,040 شمعة 15m
21:27:28 [INFO]   ✓ MAGIC/USDT    : 35,040 شمعة 15m
21:27:28 [INFO]   ✓ MASK/USDT     : 35,040 شمعة 15m
21:27:28 [INFO]   ✓ DYDX/USDT     : 35,040 شمعة 15m
21:27:29 [INFO]   ✓ ENS/USDT      : 35,040 شمعة 15m
21:27:29 [INFO]   ✓ GMX/USDT      : 35,040 شمعة 15m
21:27:29 [INFO]   ✓ PENDLE/USDT   : 35,040 شمعة 15m
21:27:29 [INFO]   ✓ STORJ/USDT    : 31,852 شمعة 15m
21:27:30 [INFO]   ✓ BLUR/USDT     : 35,040 شمعة 15m
21:27:30 [INFO]   ✓ CYBER/USDT    : 35,040 شمعة 15m
21:27:30 [INFO]   ✓ JOE/USDT      : 35,040 شمعة 15m
21:27:30 [INFO]   ✓ ARKM/USDT     : 35,040 شمعة 15m
21:27:31 [INFO]   ✓ JUP/USDT      : 35,040 شمعة 15m
21:27:31 [INFO]   ✓ ID/USDT       : 35,040 شمعة 15m
21:27:31 [INFO]   ✓ EDU/USDT      : 35,040 شمعة 15m
21:27:31 [INFO]   ✓ WLD/USDT      : 35,040 شمعة 15m
21:27:31 [INFO]   ✓ ORDI/USDT     : 35,040 شمعة 15m
21:27:32 [INFO]   ✓ DYM/USDT      : 35,040 شمعة 15m
21:27:32 [INFO]   ✓ JTO/USDT      : 35,040 شمعة 15m
21:27:32 [INFO]   ✓ PYTH/USDT     : 35,040 شمعة 15m
21:27:32 [INFO]   ✓ STRK/USDT     : 35,040 شمعة 15m
21:27:32 [INFO]   ✓ ETHFI/USDT    : 35,040 شمعة 15m
21:27:32 [INFO]   ✓ ALT/USDT      : 35,040 شمعة 15m
21:27:32 [INFO]   ✓ MANTA/USDT    : 35,040 شمعة 15m
21:27:32 [INFO]   ✓ AEVO/USDT     : 35,040 شمعة 15m
21:27:33 [INFO]   ✓ W/USDT        : 35,040 شمعة 15m
21:27:34 [INFO]   ✓ ZK/USDT       : 35,040 شمعة 15m
21:27:34 [INFO]   ✓ BB/USDT       : 35,040 شمعة 15m
21:27:34 [INFO]   ✓ SAGA/USDT     : 35,040 شمعة 15m
21:27:34 [INFO]   ✓ IO/USDT       : 35,040 شمعة 15m
21:27:34 [INFO]   ✓ RARE/USDT     : 35,040 شمعة 15m
21:27:34 [INFO]   ✓ TAIKO/USDT    : 35,040 شمعة 15m
21:27:34 [INFO]   ✓ G/USDT        : 35,040 شمعة 15m
21:27:34 [INFO]   ✓ LISTA/USDT    : 35,040 شمعة 15m
21:27:35 [INFO]   ✓ ZRO/USDT      : 35,040 شمعة 15m
21:27:35 [INFO]   ✓ SYN/USDT      : 35,040 شمعة 15m
21:27:35 [INFO]   ✓ MERL/USDT     : 35,040 شمعة 15m
21:27:35 [INFO]   ✓ MEW/USDT      : 35,040 شمعة 15m
21:27:36 [INFO]   ✓ BANANA/USDT   : 35,040 شمعة 15m
21:27:36 [INFO]   ✓ HIGH/USDT     : 24,307 شمعة 15m
21:27:36 [INFO]   [SubBars] loaded for 100 symbols at 15m
21:27:36 [INFO] §3  معالجة فضاء الحالة (K ديناميكي)...
21:27:36 [INFO]   [Parallel] 8 workers × 100 symbols (cache=on)
╔══════════════════════════════════════════════════════════════════════╗
  [Level-1] Parallel: True  Cache: True
  [Level-2] Numba: True

║  محرك التداول الثرموديناميكي الكمي v6.0 – Singularity Engine     ║
║  الوضع: BACKTEST    |  رأس المال: $100.00              ║
╠══════════════════════════════════════════════════════════════════════╣
║  ① Boltzmann Kelly: BASE=2.0%  λ=0.05  [1.0%–5.0%]  ║
║  ② Topo-Divergence: ε=0.05  (حتمية هندسية)              ║
║  ③ Dynamic-K:       [25–50]  (SNR ∝ 1/m)                     ║
║  ④ Cosmological Λ:  0  (De Sitter drift)                  ║
║  ⑤ T_sync EMA-accel: فلتر التشابك عبر المقاييس                  ║
╚══════════════════════════════════════════════════════════════════════╝

21:27:50 [INFO]   ✓ ETH/USDT       | K=25 | اختبار=  434 | tri_μ=1.34 | [cache]
21:27:50 [INFO]   ✓ ADA/USDT       | K=25 | اختبار=  390 | tri_μ=1.27 | [cache]
21:27:50 [INFO]   ✓ BTC/USDT       | K=25 | اختبار=  406 | tri_μ=1.36 | [cache]
21:27:50 [INFO]   ✓ BNB/USDT       | K=25 | اختبار=  408 | tri_μ=1.34 | [cache]
21:27:50 [INFO]   ✓ SOL/USDT       | K=25 | اختبار=  389 | tri_μ=1.26 | [cache]
21:27:50 [INFO]   ✓ LINK/USDT      | K=25 | اختبار=  450 | tri_μ=1.31 | [cache]
21:27:50 [INFO]   ✓ AVAX/USDT      | K=25 | اختبار=  433 | tri_μ=1.27 | [cache]
21:27:50 [INFO]   ✓ LTC/USDT       | K=25 | اختبار=  428 | tri_μ=1.27 | [cache]
21:27:50 [INFO]   ✓ UNI/USDT       | K=25 | اختبار=  429 | tri_μ=1.32 | [cache]
21:27:50 [INFO]   ✓ DOT/USDT       | K=25 | اختبار=  400 | tri_μ=1.27 | [cache]
21:27:50 [INFO]   ✓ ATOM/USDT      | K=25 | اختبار=  462 | tri_μ=1.31 | [cache]
21:27:50 [INFO]   ✓ ETC/USDT       | K=25 | اختبار=  428 | tri_μ=1.29 | [cache]
21:27:50 [INFO]   ✓ TON/USDT       | K=25 | اختبار=  231 | tri_μ=1.07 | [cache]
21:27:50 [INFO]   ✓ TRX/USDT       | K=25 | اختبار=  454 | tri_μ=1.32 | [cache]
21:27:50 [INFO]   ✓ BCH/USDT       | K=25 | اختبار=  403 | tri_μ=1.27 | [cache]
21:27:50 [INFO]   ✓ APT/USDT       | K=25 | اختبار=  454 | tri_μ=1.30 | [cache]
21:27:50 [INFO]   ✓ NEAR/USDT      | K=25 | اختبار=  414 | tri_μ=1.26 | [cache]
21:27:50 [INFO]   ✓ HBAR/USDT      | K=25 | اختبار=  377 | tri_μ=1.27 | [cache]
21:27:50 [INFO]   ✓ STX/USDT       | K=25 | اختبار=  421 | tri_μ=1.29 | [cache]
21:27:50 [INFO]   ✓ ARB/USDT       | K=25 | اختبار=  375 | tri_μ=1.25 | [cache]
21:27:50 [INFO]   ✓ AAVE/USDT      | K=25 | اختبار=  308 | tri_μ=1.23 | [cache]
21:27:50 [INFO]   ✓ SUI/USDT       | K=25 | اختبار=  416 | tri_μ=1.29 | [cache]
21:27:50 [INFO]   ✓ TIA/USDT       | K=25 | اختبار=  422 | tri_μ=1.31 | [cache]
21:27:50 [INFO]   ✓ OP/USDT        | K=25 | اختبار=  429 | tri_μ=1.25 | [cache]
21:27:50 [INFO]   ✓ GRT/USDT       | K=25 | اختبار=  414 | tri_μ=1.30 | [cache]
21:27:50 [INFO]   ✓ FET/USDT       | K=25 | اختبار=  412 | tri_μ=1.32 | [cache]
21:27:50 [INFO]   ✓ SEI/USDT       | K=25 | اختبار=  405 | tri_μ=1.31 | [cache]
21:27:50 [INFO]   ✓ ALGO/USDT      | K=25 | اختبار=  414 | tri_μ=1.30 | [cache]
21:27:50 [INFO]   ✓ RENDER/USDT    | K=25 | اختبار=  418 | tri_μ=1.28 | [cache]
21:27:50 [INFO]   ✓ LDO/USDT       | K=25 | اختبار=  412 | tri_μ=1.28 | [cache]
21:27:50 [INFO]   ✓ THETA/USDT     | K=25 | اختبار=  448 | tri_μ=1.30 | [cache]
21:27:50 [INFO]   ✓ WIF/USDT       | K=25 | اختبار=  429 | tri_μ=1.33 | [cache]
21:27:51 [INFO]   ✓ KAS/USDT       | K=25 | اختبار=  440 | tri_μ=1.34 | [cache]
21:27:51 [INFO]   ✓ SAND/USDT      | K=25 | اختبار=  390 | tri_μ=1.24 | [cache]
21:27:51 [INFO]   ✓ AXS/USDT       | K=25 | اختبار=  408 | tri_μ=1.26 | [cache]
21:27:51 [INFO]   ✓ MANA/USDT      | K=25 | اختبار=  458 | tri_μ=1.28 | [cache]
21:27:51 [INFO]   ✓ XLM/USDT       | K=25 | اختبار=  415 | tri_μ=1.33 | [cache]
21:27:51 [INFO]   ✓ CHZ/USDT       | K=25 | اختبار=  349 | tri_μ=1.24 | [cache]
21:27:51 [INFO]   ✓ POL/USDT       | K=25 | اختبار=  403 | tri_μ=1.26 | [cache]
21:27:51 [INFO]   ✓ FLOW/USDT      | K=25 | اختبار=  424 | tri_μ=1.23 | [cache]
21:27:51 [INFO]   ✓ FIL/USDT       | K=25 | اختبار=  416 | tri_μ=1.31 | [cache]
21:27:51 [INFO]   ✓ QNT/USDT       | K=25 | اختبار=  473 | tri_μ=1.31 | [cache]
21:27:51 [INFO]   ✓ DASH/USDT      | K=25 | اختبار=  440 | tri_μ=1.31 | [cache]
21:27:51 [INFO]   ✓ CAKE/USDT      | K=25 | اختبار=  436 | tri_μ=1.30 | [cache]
21:27:51 [INFO]   ✓ IOTA/USDT      | K=25 | اختبار=  398 | tri_μ=1.28 | [cache]
21:27:51 [INFO]   ✓ CRV/USDT       | K=25 | اختبار=  438 | tri_μ=1.29 | [cache]
21:27:51 [INFO]   ✓ KAVA/USDT      | K=25 | اختبار=  430 | tri_μ=1.28 | [cache]
21:27:51 [INFO]   ✓ NEO/USDT       | K=25 | اختبار=  461 | tri_μ=1.30 | [cache]
21:27:51 [INFO]   ✓ SNX/USDT       | K=25 | اختبار=  451 | tri_μ=1.31 | [cache]
21:27:51 [INFO]   ✓ COMP/USDT      | K=25 | اختبار=  463 | tri_μ=1.28 | [cache]
21:27:51 [INFO]   ✓ SUSHI/USDT     | K=25 | اختبار=  498 | tri_μ=1.30 | [cache]
21:27:51 [INFO]   ✓ BAT/USDT       | K=25 | اختبار=  451 | tri_μ=1.33 | [cache]
21:27:51 [INFO]   ✓ ANKR/USDT      | K=25 | اختبار=  357 | tri_μ=1.27 | [cache]
21:27:51 [INFO]   ✓ YFI/USDT       | K=25 | اختبار=  384 | tri_μ=1.34 | [cache]
21:27:51 [INFO]   ✓ ZRX/USDT       | K=25 | اختبار=  449 | tri_μ=1.28 | [cache]
21:27:51 [INFO]   ✓ BAND/USDT      | K=25 | اختبار=  455 | tri_μ=1.30 | [cache]
21:27:51 [INFO]   ✓ NMR/USDT       | K=25 | اختبار=  463 | tri_μ=1.29 | [cache]
21:27:51 [INFO]   ✓ STORJ/USDT     | K=25 | اختبار=  363 | tri_μ=1.25 | [cache]
21:27:51 [INFO]   ✓ CELO/USDT      | K=25 | اختبار=  440 | tri_μ=1.29 | [cache]
21:27:51 [INFO]   ✓ KSM/USDT       | K=25 | اختبار=  444 | tri_μ=1.27 | [cache]
21:27:51 [INFO]   ✓ ZEN/USDT       | K=25 | اختبار=  431 | tri_μ=1.31 | [cache]
21:27:51 [INFO]   ✓ MASK/USDT      | K=25 | اختبار=  428 | tri_μ=1.31 | [cache]
21:27:51 [INFO]   ✓ DYDX/USDT      | K=25 | اختبار=  405 | tri_μ=1.28 | [cache]
21:27:51 [INFO]   ✓ MAGIC/USDT     | K=25 | اختبار=  450 | tri_μ=1.30 | [cache]
21:27:51 [INFO]   ✓ HIGH/USDT      | K=25 | اختبار=  154 | tri_μ=1.08 | [cache]
21:27:51 [INFO]   ✓ ENS/USDT       | K=25 | اختبار=  419 | tri_μ=1.28 | [cache]
21:27:51 [INFO]   ✓ GMX/USDT       | K=25 | اختبار=  427 | tri_μ=1.28 | [cache]
21:27:51 [INFO]   ✓ PENDLE/USDT    | K=25 | اختبار=  419 | tri_μ=1.28 | [cache]
21:27:51 [INFO]   ✓ JOE/USDT       | K=25 | اختبار=  438 | tri_μ=1.28 | [cache]
21:27:51 [INFO]   ✓ CYBER/USDT     | K=25 | اختبار=  452 | tri_μ=1.32 | [cache]
21:27:51 [INFO]   ✓ BLUR/USDT      | K=25 | اختبار=  403 | tri_μ=1.27 | [cache]
21:27:51 [INFO]   ✓ ARKM/USDT      | K=25 | اختبار=  435 | tri_μ=1.31 | [cache]
21:27:51 [INFO]   ✓ WLD/USDT       | K=25 | اختبار=  384 | tri_μ=1.27 | [cache]
21:27:51 [INFO]   ✓ EDU/USDT       | K=25 | اختبار=  334 | tri_μ=1.23 | [cache]
21:27:51 [INFO]   ✓ ID/USDT        | K=25 | اختبار=  296 | tri_μ=1.22 | [cache]
21:27:51 [INFO]   ✓ JUP/USDT       | K=25 | اختبار=  452 | tri_μ=1.32 | [cache]
21:27:51 [INFO]   ✓ ORDI/USDT      | K=25 | اختبار=  447 | tri_μ=1.29 | [cache]
21:27:51 [INFO]   ✓ PYTH/USDT      | K=25 | اختبار=  438 | tri_μ=1.31 | [cache]
21:27:51 [INFO]   ✓ DYM/USDT       | K=25 | اختبار=  338 | tri_μ=1.20 | [cache]
21:27:51 [INFO]   ✓ JTO/USDT       | K=25 | اختبار=  411 | tri_μ=1.28 | [cache]
21:27:51 [INFO]   ✓ STRK/USDT      | K=25 | اختبار=  414 | tri_μ=1.32 | [cache]
21:27:51 [INFO]   ✓ MANTA/USDT     | K=25 | اختبار=  400 | tri_μ=1.28 | [cache]
21:27:51 [INFO]   ✓ ETHFI/USDT     | K=25 | اختبار=  463 | tri_μ=1.31 | [cache]
21:27:52 [INFO]   ✓ ALT/USDT       | K=25 | اختبار=  410 | tri_μ=1.29 | [cache]
21:27:52 [INFO]   ✓ AEVO/USDT      | K=25 | اختبار=  432 | tri_μ=1.29 | [cache]
21:27:52 [INFO]   ✓ W/USDT         | K=25 | اختبار=  376 | tri_μ=1.25 | [cache]
21:27:52 [INFO]   ✓ SAGA/USDT      | K=25 | اختبار=  289 | tri_μ=1.21 | [cache]
21:27:52 [INFO]   ✓ ZK/USDT        | K=25 | اختبار=  433 | tri_μ=1.31 | [cache]
21:27:52 [INFO]   ✓ BB/USDT        | K=25 | اختبار=  402 | tri_μ=1.30 | [cache]
21:27:52 [INFO]   ✓ IO/USDT        | K=25 | اختبار=  437 | tri_μ=1.31 | [cache]
21:27:52 [INFO]   ✓ LISTA/USDT     | K=25 | اختبار=  420 | tri_μ=1.26 | [cache]
21:27:52 [INFO]   ✓ RARE/USDT      | K=25 | اختبار=  435 | tri_μ=1.27 | [cache]
21:27:52 [INFO]   ✓ G/USDT         | K=25 | اختبار=  378 | tri_μ=1.27 | [cache]
21:27:52 [INFO]   ✓ TAIKO/USDT     | K=25 | اختبار=  368 | tri_μ=1.25 | [cache]
21:27:52 [INFO]   ✓ ZRO/USDT       | K=25 | اختبار=  394 | tri_μ=1.27 | [cache]
21:27:52 [INFO]   ✓ SYN/USDT       | K=25 | اختبار=  378 | tri_μ=1.25 | [cache]
21:27:52 [INFO]   ✓ MERL/USDT      | K=25 | اختبار=  404 | tri_μ=1.30 | [cache]
21:27:52 [INFO]   ✓ BANANA/USDT    | K=25 | اختبار=  432 | tri_μ=1.24 | [cache]
21:27:53 [WARNING] [process_asset] ROSE/USDT: degenerate clustering (H_train=1.050, H_theo=4.644, ratio=0.226, K=25) — returning None
21:27:53 [WARNING]   ✗ ROSE/USDT: process_asset returned None
21:27:54 [WARNING] [process_asset] MEW/USDT: degenerate clustering (H_train=0.505, H_theo=4.644, ratio=0.109, K=25) — returning None
21:27:54 [WARNING]   ✗ MEW/USDT: process_asset returned None
21:28:00 [INFO]   [Parallel] done in 24.6s  (cache=98, computed=0, errors=2)
21:28:00 [INFO] §4  مصفوفة الارتباط...
21:28:01 [INFO]   أزواج مرتبطة (ρ>0.7): 17
21:28:01 [INFO] §5  بناء الإشارات (①②④⑤ مُفعَّلة)...
21:28:01 [INFO] [Gauge-Filter] thresholds: BUY>p60=0.14886, SELL>p95=0.21053 (pool=92962)
21:28:08 [INFO]   ✔ 2,641 إشارة
21:28:08 [INFO]   T_info: μ=4.135 | σ=1.637
21:28:08 [INFO]   risk_dynamic: μ=1.956% | max=2.54%
21:28:08 [INFO]   BUY=2,318 | SELL=323 (Λ=0)
21:28:08 [INFO] §6  محاكاة المحفظة متعددة المراكز...
21:28:08 [INFO]   [Backtest Realism] Entry fills: 1,922/2,641 (72.8%) [pen=1.0bps, wait=live=0s → 6 bars]
21:28:12 [INFO]   ✔ 1,419 صفقة
21:28:12 [INFO] §7  انحدار الإنتروبيا...
21:28:12 [INFO]   ETH/USDT      : b=-0.00026  R²=0.020  [neutral]
21:28:12 [INFO]   ADA/USDT      : b=+0.00037  R²=0.022  [neutral]
21:28:12 [INFO]   BTC/USDT      : b=-0.00034  R²=0.035  [neutral]
21:28:12 [INFO]   BNB/USDT      : b=+0.00009  R²=0.003  [neutral]
21:28:16 [INFO] 📊 quantum_v6_results.png
21:28:16 [INFO] ✅ اكتمل.
21:28:16 [INFO]    E[ln(1+fR)] = +0.001036
21:28:16 [INFO]    MaxDrawdown  = 40.26%
21:28:16 [INFO]    Topo-Exits   = 0.0%
21:28:16 [INFO]    AvgRisk      = 0.976%
21:28:16 [INFO] [Diagnostic] Close-and-reverse within 3h: 0

════════════════════════════════════════════════════════════════════════
   📊  محرك التداول الثرموديناميكي الكمي v6.0  [BACKTEST]
   🌌  محرك التفرد – Singularity Engine
════════════════════════════════════════════════════════════════════════

▶ المقياس الأساسي (م٦): E[ln(1+fR)] لكل صفقة
   متوسط  : +0.001036
   وسيط   : +0.000916
   انحراف : 0.014528
   → ✅ حافة إيجابية

▶ إحصاءات الصفقات
   عدد الصفقات      : 1,419
   شراء / بيع        : 1,231 / 188
   نسبة النجاح      : 50.11%
   عامل الربح (PF)  : 1.138
   متوسط الربح      : $3.8934
   متوسط الخسارة   : $-3.4365
   شارب (سنوي)      : 1.132
   دخول مُحسَّن       : 0  (0.0%)

▶ التعديلات الجديدة (v6.0)
   ① متوسط T_info (حرارة معلوماتية) : 4.0975
   ① متوسط المخاطرة الديناميكية     : 0.976%
   ② خروج توبولوجي (Topo-Div)       : 0  (0.0%)
   خروج TRI مبكر                    : 0  (0.0%)
   انزلاق إجمالي                    : $238.88

▶ رأس المال (مقياس ثانوي)
   ابتدائي: $100.00  →  نهائي: $435.20
   العائد الكلي     : 335.2%
   أقصى انخفاض     : 40.26%  ($248.11)

▶ تحذير السيولة (م٦): 0 (0.0%)  ✅ معقول

▶ توزيع أسباب الخروج
   Emergency SL             :     815  (57.4%)
   Apex: Action Integral Exhaustion:     562  (39.6%)
   Hard TP                  :      38  (2.7%)
   MaxHold                  :       3  (0.2%)
   EndOfData                :       1  (0.1%)

════════════════════════════════════════════════════════════════════════


▶ تحليل MFE (أقصى ربح غير مُحقَّق)
   Emergency SL   (n= 815) | μMFE= 1.49%  max=10.74%  | >0.5%:  448  >1.0%:  376  >2.0%:  259
   Hard TP        (n=  38) | μMFE=11.70%  max=13.77%  | >0.5%:   38  >1.0%:   38  >2.0%:   38
   Apex exits     (n= 562) | μMFE= 3.13%  max=10.93%  | >0.5%:  558  >1.0%:  518  >2.0%:  347

▶ ميزانية المخاطرة الكلية
   μ risk/trade : 0.976%
   max risk/trade : 3.000%
   min risk/trade : 0.500%
