21:24:20 [INFO] [Backtest] end-date pinned to 2025-12-31
21:24:20 [INFO] [Level-2] Numba kernels warm (JIT ready in 0.6s)
21:24:20 [INFO] [Cache] LIVE_ASSET_CACHE_MAX adjusted to 150
21:24:22 [INFO] [TF] timeframe=4h TF_SCALE=0.2500 TF_SECONDS=14400 TF_HOURS=4.000
21:24:22 [INFO] [TF-Unified] N=24 W=20 L=10 ADV_BARS=6 (σ≈0.25× 1h)
21:24:22 [INFO] [Data] mode=backtest | tf=4h | history=365d (2190 bars/symbol) | quality=degraded | source=user(365d)
21:24:22 [WARNING] [Data] degraded quality: tail=2190 < strict_min/2=5012. Many assets may be skipped by degenerate detection. Recommended minimum for 4h: --history-days 2339.
21:24:22 [INFO] [Trail] Trailing Stop Loss DISABLED — SL is fixed
21:24:22 [INFO] [Backtest] --no-fixed-price: entry target will be derived from close[sig.close_idx] × (1 ± PO_PENETRATION_BPS)
21:24:22 [INFO] [Watch] Watch-then-trigger DISABLED (Config default) — legacy immediate placement
21:24:22 [INFO] [Gauge] SELL RE-ENABLED — experimental mode
21:24:22 [INFO] [OppTP] Opposite-Signal Adaptive TP DISABLED
21:24:22 [INFO] [TradeLog] Logging trades to results/sell_ablation/S7_2025.jsonl
21:24:22 [INFO] §1  مسح أعلى 15 عملة...
21:24:22 [INFO] §2  جلب البيانات (متوازٍ)...
21:24:38 [INFO]   ✓ SOL/USDT      : 2,190 شمعة
21:24:40 [INFO]   ✓ BNB/USDT      : 2,190 شمعة
21:24:40 [INFO]   ✓ BTC/USDT      : 2,190 شمعة
21:24:40 [INFO]   ✓ AVAX/USDT     : 2,190 شمعة
21:24:40 [INFO]   ✓ ADA/USDT      : 2,190 شمعة
21:24:41 [INFO]   ✓ LINK/USDT     : 2,190 شمعة
21:24:41 [INFO]   ✓ ETH/USDT      : 2,190 شمعة
21:24:42 [INFO]   ✓ UNI/USDT      : 2,190 شمعة
21:24:43 [INFO]   ✓ ATOM/USDT     : 2,190 شمعة
21:24:43 [INFO]   ✓ ETC/USDT      : 2,190 شمعة
21:24:44 [INFO]   ✓ TRX/USDT      : 2,190 شمعة
21:24:44 [INFO]   ✓ DOT/USDT      : 2,190 شمعة
21:24:45 [INFO]   ✓ LTC/USDT      : 2,190 شمعة
21:24:45 [INFO]   ✓ TON/USDT      : 2,190 شمعة
21:24:45 [INFO]   ✓ NEAR/USDT     : 2,190 شمعة
21:24:45 [INFO]   ✓ BCH/USDT      : 2,190 شمعة
21:24:46 [INFO]   ✓ APT/USDT      : 2,190 شمعة
21:24:46 [INFO]   ✓ HBAR/USDT     : 2,190 شمعة
21:24:46 [INFO]   ✓ STX/USDT      : 2,190 شمعة
21:24:47 [INFO]   ✓ AAVE/USDT     : 2,190 شمعة
21:24:47 [INFO]   ✓ ARB/USDT      : 2,190 شمعة
21:24:47 [INFO]   ✓ OP/USDT       : 2,190 شمعة
21:24:48 [INFO]   ✓ SUI/USDT      : 2,190 شمعة
21:24:48 [INFO]   ✓ TIA/USDT      : 2,190 شمعة
21:24:48 [INFO]   ✓ SEI/USDT      : 2,190 شمعة
21:24:49 [INFO]   ✓ ALGO/USDT     : 2,190 شمعة
21:24:49 [INFO]   ✓ GRT/USDT      : 2,190 شمعة
21:24:49 [INFO]   ✓ FET/USDT      : 2,190 شمعة
21:24:49 [INFO]   ✓ RENDER/USDT   : 2,190 شمعة
21:24:50 [INFO]   ✓ LDO/USDT      : 2,190 شمعة
21:24:50 [INFO]   ✓ KAS/USDT      : 2,190 شمعة
21:24:51 [INFO]   ✓ WIF/USDT      : 2,190 شمعة
21:24:51 [INFO]   ✓ THETA/USDT    : 2,190 شمعة
21:24:51 [INFO]   ✓ SAND/USDT     : 2,190 شمعة
21:24:52 [INFO]   ✓ MANA/USDT     : 2,190 شمعة
21:24:53 [INFO]   ✓ AXS/USDT      : 2,190 شمعة
21:24:53 [INFO]   ✓ XLM/USDT      : 2,190 شمعة
21:24:55 [INFO]   ✓ CHZ/USDT      : 2,190 شمعة
21:24:55 [INFO]   ✓ POL/USDT      : 2,190 شمعة
21:24:56 [INFO]   ✓ FIL/USDT      : 2,190 شمعة
21:24:56 [INFO]   ✓ QNT/USDT      : 2,190 شمعة
21:24:56 [INFO]   ✓ DASH/USDT     : 2,190 شمعة
21:24:57 [INFO]   ✓ FLOW/USDT     : 2,190 شمعة
21:24:58 [INFO]   ✓ CAKE/USDT     : 2,190 شمعة
21:24:58 [INFO]   ✓ ROSE/USDT     : 2,190 شمعة
21:24:58 [INFO]   ✓ IOTA/USDT     : 2,190 شمعة
21:24:58 [INFO]   ✓ NEO/USDT      : 2,190 شمعة
21:24:58 [INFO]   ✓ KAVA/USDT     : 2,190 شمعة
21:24:59 [INFO]   ✓ CRV/USDT      : 2,190 شمعة
21:25:00 [INFO]   ✓ SNX/USDT      : 2,190 شمعة
21:25:00 [INFO]   ✓ COMP/USDT     : 2,190 شمعة
21:25:00 [INFO]   ✓ YFI/USDT      : 2,190 شمعة
21:25:00 [INFO]   ✓ SUSHI/USDT    : 2,190 شمعة
21:25:01 [INFO]   ✓ ZRX/USDT      : 2,190 شمعة
21:25:03 [INFO]   ✓ BAT/USDT      : 2,190 شمعة
21:25:03 [INFO]   ✓ ANKR/USDT     : 2,190 شمعة
21:25:04 [INFO]   ✓ BAND/USDT     : 2,190 شمعة
21:25:04 [INFO]   ✓ NMR/USDT      : 2,190 شمعة
21:25:06 [INFO]   ✓ STORJ/USDT    : 2,190 شمعة
21:25:07 [INFO]   ✓ KSM/USDT      : 2,190 شمعة
21:25:08 [INFO]   ✓ ZEN/USDT      : 2,190 شمعة
21:25:08 [INFO]   ✓ CELO/USDT     : 2,190 شمعة
21:25:09 [INFO]   ✓ MASK/USDT     : 2,190 شمعة
21:25:09 [INFO]   ✓ DYDX/USDT     : 2,190 شمعة
21:25:10 [INFO]   ✓ ENS/USDT      : 2,190 شمعة
21:25:10 [INFO]   ✓ GMX/USDT      : 2,190 شمعة
21:25:10 [INFO]   ✓ MAGIC/USDT    : 2,190 شمعة
21:25:10 [INFO]   ✓ HIGH/USDT     : 2,190 شمعة
21:25:11 [INFO]   ✓ PENDLE/USDT   : 2,190 شمعة
21:25:13 [INFO]   ✓ JOE/USDT      : 2,190 شمعة
21:25:13 [INFO]   ✓ ARKM/USDT     : 2,190 شمعة
21:25:13 [INFO]   ✓ CYBER/USDT    : 2,190 شمعة
21:25:13 [INFO]   ✓ WLD/USDT      : 2,190 شمعة
21:25:13 [INFO]   ✓ BLUR/USDT     : 2,190 شمعة
21:25:16 [INFO]   ✓ ID/USDT       : 2,190 شمعة
21:25:16 [INFO]   ✓ EDU/USDT      : 2,190 شمعة
21:25:16 [INFO]   ✓ ORDI/USDT     : 2,190 شمعة
21:25:17 [INFO]   ✓ PYTH/USDT     : 2,190 شمعة
21:25:17 [INFO]   ✓ JUP/USDT      : 2,190 شمعة
21:25:18 [INFO]   ✓ JTO/USDT      : 2,190 شمعة
21:25:18 [INFO]   ✓ DYM/USDT      : 2,190 شمعة
21:25:18 [INFO]   ✓ STRK/USDT     : 2,190 شمعة
21:25:19 [INFO]   ✓ MANTA/USDT    : 2,190 شمعة
21:25:19 [INFO]   ✓ ALT/USDT      : 2,190 شمعة
21:25:20 [INFO]   ✓ AEVO/USDT     : 2,190 شمعة
21:25:21 [INFO]   ✓ W/USDT        : 2,190 شمعة
21:25:21 [INFO]   ✓ ETHFI/USDT    : 2,190 شمعة
21:25:21 [INFO]   ✓ SAGA/USDT     : 2,190 شمعة
21:25:21 [INFO]   ✓ BB/USDT       : 2,190 شمعة
21:25:23 [INFO]   ✓ IO/USDT       : 2,190 شمعة
21:25:23 [INFO]   ✓ ZK/USDT       : 2,190 شمعة
21:25:24 [INFO]   ✓ LISTA/USDT    : 2,190 شمعة
21:25:24 [INFO]   ✓ ZRO/USDT      : 2,190 شمعة
21:25:25 [INFO]   ✓ G/USDT        : 2,190 شمعة
21:25:25 [INFO]   ✓ RARE/USDT     : 2,190 شمعة
21:25:26 [INFO]   ✓ SYN/USDT      : 2,190 شمعة
21:25:26 [INFO]   ✓ TAIKO/USDT    : 1,222 شمعة
21:25:26 [INFO]   ✓ MEW/USDT      : 2,190 شمعة
21:25:26 [INFO]   ✓ BANANA/USDT   : 2,190 شمعة
21:25:27 [INFO]   ✓ MERL/USDT     : 1,301 شمعة
21:25:29 [INFO]   ✓ BNB/USDT      : 35,040 شمعة 15m
21:25:29 [INFO]   ✓ ADA/USDT      : 35,040 شمعة 15m
21:25:29 [INFO]   ✓ AVAX/USDT     : 35,040 شمعة 15m
21:25:29 [INFO]   ✓ BTC/USDT      : 35,040 شمعة 15m
21:25:29 [INFO]   ✓ SOL/USDT      : 35,040 شمعة 15m
21:25:30 [INFO]   ✓ LINK/USDT     : 35,040 شمعة 15m
21:25:31 [INFO]   ✓ ETH/USDT      : 35,040 شمعة 15m
21:25:31 [INFO]   ✓ UNI/USDT      : 35,040 شمعة 15m
21:25:31 [INFO]   ✓ ATOM/USDT     : 35,040 شمعة 15m
21:25:31 [INFO]   ✓ ETC/USDT      : 35,040 شمعة 15m
21:25:33 [INFO]   ✓ TRX/USDT      : 35,040 شمعة 15m
21:25:33 [INFO]   ✓ DOT/USDT      : 35,040 شمعة 15m
21:25:34 [INFO]   ✓ LTC/USDT      : 35,040 شمعة 15m
21:25:34 [INFO]   ✓ NEAR/USDT     : 35,040 شمعة 15m
21:25:36 [INFO]   ✓ BCH/USDT      : 35,040 شمعة 15m
21:25:36 [INFO]   ✓ APT/USDT      : 35,040 شمعة 15m
21:25:37 [INFO]   ✓ HBAR/USDT     : 35,040 شمعة 15m
21:25:37 [INFO]   ✓ STX/USDT      : 35,040 شمعة 15m
21:25:38 [INFO]   ✓ AAVE/USDT     : 35,040 شمعة 15m
21:25:38 [INFO]   ✓ ARB/USDT      : 35,040 شمعة 15m
21:25:39 [INFO]   ✓ OP/USDT       : 35,040 شمعة 15m
21:25:40 [INFO]   ✓ SUI/USDT      : 35,040 شمعة 15m
21:25:41 [INFO]   ✓ TIA/USDT      : 35,040 شمعة 15m
21:25:42 [INFO]   ✓ SEI/USDT      : 35,040 شمعة 15m
21:25:42 [INFO]   ✓ ALGO/USDT     : 35,040 شمعة 15m
21:25:44 [INFO]   ✓ GRT/USDT      : 35,040 شمعة 15m
21:25:45 [INFO]   ✓ FET/USDT      : 35,040 شمعة 15m
21:25:47 [INFO]   ✓ RENDER/USDT   : 35,040 شمعة 15m
21:25:47 [INFO]   ✓ LDO/USDT      : 35,040 شمعة 15m
21:25:49 [INFO]   ✓ KAS/USDT      : 35,040 شمعة 15m
21:25:49 [INFO]   ✓ WIF/USDT      : 35,040 شمعة 15m
21:25:50 [INFO]   ✓ THETA/USDT    : 35,040 شمعة 15m
21:25:50 [INFO]   ✓ SAND/USDT     : 35,040 شمعة 15m
21:25:50 [INFO]   ✓ MANA/USDT     : 35,040 شمعة 15m
21:25:50 [INFO]   ✓ AXS/USDT      : 35,040 شمعة 15m
21:25:50 [INFO]   ✓ XLM/USDT      : 35,040 شمعة 15m
21:25:51 [INFO]   ✓ CHZ/USDT      : 35,040 شمعة 15m
21:25:52 [INFO]   ✓ POL/USDT      : 35,040 شمعة 15m
21:25:52 [INFO]   ✓ QNT/USDT      : 35,040 شمعة 15m
21:25:52 [INFO]   ✓ FIL/USDT      : 35,040 شمعة 15m
21:25:52 [INFO]   ✓ DASH/USDT     : 35,040 شمعة 15m
21:25:53 [INFO]   ✓ FLOW/USDT     : 35,040 شمعة 15m
21:25:53 [INFO]   ✓ IOTA/USDT     : 35,040 شمعة 15m
21:25:53 [INFO]   ✓ ROSE/USDT     : 35,040 شمعة 15m
21:25:53 [INFO]   ✓ CAKE/USDT     : 35,040 شمعة 15m
21:25:54 [INFO]   ✓ NEO/USDT      : 35,040 شمعة 15m
21:25:55 [INFO]   ✓ CRV/USDT      : 35,040 شمعة 15m
21:25:55 [INFO]   ✓ SNX/USDT      : 35,040 شمعة 15m
21:25:55 [INFO]   ✓ KAVA/USDT     : 35,040 شمعة 15m
21:25:55 [INFO]   ✓ COMP/USDT     : 35,040 شمعة 15m
21:25:55 [INFO]   ✓ TON/USDT      : 35,040 شمعة 15m
21:25:56 [INFO]   ✓ YFI/USDT      : 35,040 شمعة 15m
21:25:56 [INFO]   ✓ SUSHI/USDT    : 35,040 شمعة 15m
21:25:56 [INFO]   ✓ ZRX/USDT      : 35,040 شمعة 15m
21:25:56 [INFO]   ✓ BAT/USDT      : 35,040 شمعة 15m
21:25:56 [INFO]   ✓ ANKR/USDT     : 35,040 شمعة 15m
21:25:56 [INFO]   ✓ BAND/USDT     : 35,040 شمعة 15m
21:25:57 [INFO]   ✓ NMR/USDT      : 35,040 شمعة 15m
21:25:57 [INFO]   ✓ KSM/USDT      : 35,040 شمعة 15m
21:25:57 [INFO]   ✓ ZEN/USDT      : 35,040 شمعة 15m
21:25:57 [INFO]   ✓ CELO/USDT     : 35,040 شمعة 15m
21:25:58 [INFO]   ✓ DYDX/USDT     : 35,040 شمعة 15m
21:25:58 [INFO]   ✓ MASK/USDT     : 35,040 شمعة 15m
21:25:58 [INFO]   ✓ ENS/USDT      : 35,040 شمعة 15m
21:25:58 [INFO]   ✓ GMX/USDT      : 35,040 شمعة 15m
21:25:58 [INFO]   ✓ MAGIC/USDT    : 35,040 شمعة 15m
21:25:58 [INFO]   ✓ PENDLE/USDT   : 35,040 شمعة 15m
21:25:59 [INFO]   ✓ JOE/USDT      : 35,040 شمعة 15m
21:25:59 [INFO]   ✓ CYBER/USDT    : 35,040 شمعة 15m
21:25:59 [INFO]   ✓ ARKM/USDT     : 35,040 شمعة 15m
21:25:59 [INFO]   ✓ WLD/USDT      : 35,040 شمعة 15m
21:25:59 [INFO]   ✓ STORJ/USDT    : 35,040 شمعة 15m
21:26:00 [INFO]   ✓ BLUR/USDT     : 35,040 شمعة 15m
21:26:00 [INFO]   ✓ EDU/USDT      : 35,040 شمعة 15m
21:26:00 [INFO]   ✓ ID/USDT       : 35,040 شمعة 15m
21:26:00 [INFO]   ✓ ORDI/USDT     : 35,040 شمعة 15m
21:26:00 [INFO]   ✓ PYTH/USDT     : 35,040 شمعة 15m
21:26:01 [INFO]   ✓ JUP/USDT      : 35,040 شمعة 15m
21:26:02 [INFO]   ✓ DYM/USDT      : 35,040 شمعة 15m
21:26:02 [INFO]   ✓ JTO/USDT      : 35,040 شمعة 15m
21:26:02 [INFO]   ✓ STRK/USDT     : 35,040 شمعة 15m
21:26:02 [INFO]   ✓ MANTA/USDT    : 35,040 شمعة 15m
21:26:02 [INFO]   ✓ ALT/USDT      : 35,040 شمعة 15m
21:26:03 [INFO]   ✓ AEVO/USDT     : 35,040 شمعة 15m
21:26:03 [INFO]   ✓ W/USDT        : 35,040 شمعة 15m
21:26:03 [INFO]   ✓ ETHFI/USDT    : 35,040 شمعة 15m
21:26:03 [INFO]   ✓ SAGA/USDT     : 35,040 شمعة 15m
21:26:03 [INFO]   ✓ BB/USDT       : 35,040 شمعة 15m
21:26:04 [INFO]   ✓ ZK/USDT       : 35,040 شمعة 15m
21:26:04 [INFO]   ✓ IO/USDT       : 35,040 شمعة 15m
21:26:04 [INFO]   ✓ LISTA/USDT    : 35,040 شمعة 15m
21:26:04 [INFO]   ✓ ZRO/USDT      : 35,040 شمعة 15m
21:26:04 [INFO]   ✓ G/USDT        : 35,040 شمعة 15m
21:26:05 [INFO]   ✓ SYN/USDT      : 35,040 شمعة 15m
21:26:05 [INFO]   ✓ RARE/USDT     : 35,040 شمعة 15m
21:26:05 [INFO]   ✓ BANANA/USDT   : 35,040 شمعة 15m
21:26:05 [INFO]   ✓ MEW/USDT      : 35,040 شمعة 15m
21:26:05 [INFO]   ✓ TAIKO/USDT    : 19,534 شمعة 15m
21:26:06 [INFO]   ✓ HIGH/USDT     : 35,040 شمعة 15m
21:26:06 [INFO]   ✓ MERL/USDT     : 20,798 شمعة 15m
21:26:06 [INFO]   [SubBars] loaded for 100 symbols at 15m
21:26:06 [INFO] §3  معالجة فضاء الحالة (K ديناميكي)...
21:26:06 [INFO]   [Parallel] 6 workers × 100 symbols (cache=on)
╔══════════════════════════════════════════════════════════════════════╗
  [Level-1] Parallel: True  Cache: True
  [Level-2] Numba: True

║  محرك التداول الثرموديناميكي الكمي v6.0 – Singularity Engine     ║
║  الوضع: BACKTEST    |  رأس المال: $100.00              ║
╠══════════════════════════════════════════════════════════════════════╣
║  ① Boltzmann Kelly: BASE=2.0%  λ=0.05  [1.0%–5.0%]  ║
║  ② Topo-Divergence: ε=0.05  (حتمية هندسية)              ║
║  ③ Dynamic-K:       [25–50]  (SNR ∝ 1/m)                     ║
║  ④ Cosmological Λ:  0  (De Sitter drift)                  ║
║  ⑤ T_sync EMA-accel: فلتر التشابك عبر المقاييس                  ║
╚══════════════════════════════════════════════════════════════════════╝

21:26:19 [INFO]   ✓ SOL/USDT       | K=25 | اختبار=  426 | tri_μ=1.31 | [cache]
21:26:19 [INFO]   ✓ BNB/USDT       | K=25 | اختبار=  412 | tri_μ=1.35 | [cache]
21:26:20 [INFO]   ✓ BTC/USDT       | K=25 | اختبار=  409 | tri_μ=1.38 | [cache]
21:26:20 [INFO]   ✓ AVAX/USDT      | K=25 | اختبار=  388 | tri_μ=1.22 | [cache]
21:26:20 [INFO]   ✓ ADA/USDT       | K=25 | اختبار=  412 | tri_μ=1.31 | [cache]
21:26:20 [INFO]   ✓ LINK/USDT      | K=25 | اختبار=  441 | tri_μ=1.30 | [cache]
21:26:20 [INFO]   ✓ ETH/USDT       | K=25 | اختبار=  411 | tri_μ=1.34 | [cache]
21:26:20 [INFO]   ✓ UNI/USDT       | K=25 | اختبار=  442 | tri_μ=1.25 | [cache]
21:26:20 [INFO]   ✓ ATOM/USDT      | K=25 | اختبار=  435 | tri_μ=1.32 | [cache]
21:26:20 [INFO]   ✓ ETC/USDT       | K=25 | اختبار=  426 | tri_μ=1.25 | [cache]
21:26:20 [INFO]   ✓ TRX/USDT       | K=25 | اختبار=  411 | tri_μ=1.28 | [cache]
21:26:20 [INFO]   ✓ DOT/USDT       | K=25 | اختبار=  437 | tri_μ=1.31 | [cache]
21:26:20 [INFO]   ✓ LTC/USDT       | K=25 | اختبار=  455 | tri_μ=1.29 | [cache]
21:26:20 [INFO]   ✓ TON/USDT       | K=25 | اختبار=  448 | tri_μ=1.31 | [cache]
21:26:20 [INFO]   ✓ NEAR/USDT      | K=25 | اختبار=  425 | tri_μ=1.31 | [cache]
21:26:20 [INFO]   ✓ BCH/USDT       | K=25 | اختبار=  430 | tri_μ=1.34 | [cache]
21:26:20 [INFO]   ✓ APT/USDT       | K=25 | اختبار=  406 | tri_μ=1.26 | [cache]
21:26:20 [INFO]   ✓ HBAR/USDT      | K=25 | اختبار=  386 | tri_μ=1.26 | [cache]
21:26:20 [INFO]   ✓ STX/USDT       | K=25 | اختبار=  463 | tri_μ=1.31 | [cache]
21:26:20 [INFO]   ✓ AAVE/USDT      | K=25 | اختبار=  430 | tri_μ=1.34 | [cache]
21:26:20 [INFO]   ✓ OP/USDT        | K=25 | اختبار=  426 | tri_μ=1.26 | [cache]
21:26:20 [INFO]   ✓ ARB/USDT       | K=25 | اختبار=  430 | tri_μ=1.30 | [cache]
21:26:20 [INFO]   ✓ SUI/USDT       | K=25 | اختبار=  459 | tri_μ=1.34 | [cache]
21:26:20 [INFO]   ✓ TIA/USDT       | K=25 | اختبار=  427 | tri_μ=1.27 | [cache]
21:26:20 [INFO]   ✓ SEI/USDT       | K=25 | اختبار=  425 | tri_μ=1.27 | [cache]
21:26:20 [INFO]   ✓ ALGO/USDT      | K=25 | اختبار=  427 | tri_μ=1.32 | [cache]
21:26:20 [INFO]   ✓ GRT/USDT       | K=25 | اختبار=  449 | tri_μ=1.32 | [cache]
21:26:20 [INFO]   ✓ FET/USDT       | K=25 | اختبار=  434 | tri_μ=1.31 | [cache]
21:26:20 [INFO]   ✓ RENDER/USDT    | K=25 | اختبار=  429 | tri_μ=1.31 | [cache]
21:26:20 [INFO]   ✓ WIF/USDT       | K=25 | اختبار=  421 | tri_μ=1.29 | [cache]
21:26:20 [INFO]   ✓ LDO/USDT       | K=25 | اختبار=  465 | tri_μ=1.31 | [cache]
21:26:20 [INFO]   ✓ KAS/USDT       | K=25 | اختبار=  439 | tri_μ=1.33 | [cache]
21:26:20 [INFO]   ✓ THETA/USDT     | K=25 | اختبار=  437 | tri_μ=1.31 | [cache]
21:26:20 [INFO]   ✓ SAND/USDT      | K=25 | اختبار=  428 | tri_μ=1.31 | [cache]
21:26:20 [INFO]   ✓ MANA/USDT      | K=25 | اختبار=  454 | tri_μ=1.31 | [cache]
21:26:20 [INFO]   ✓ XLM/USDT       | K=25 | اختبار=  385 | tri_μ=1.27 | [cache]
21:26:20 [INFO]   ✓ AXS/USDT       | K=25 | اختبار=  430 | tri_μ=1.31 | [cache]
21:26:20 [INFO]   ✓ CHZ/USDT       | K=25 | اختبار=  430 | tri_μ=1.33 | [cache]
21:26:20 [INFO]   ✓ POL/USDT       | K=25 | اختبار=  414 | tri_μ=1.30 | [cache]
21:26:20 [INFO]   ✓ FIL/USDT       | K=25 | اختبار=  446 | tri_μ=1.31 | [cache]
21:26:20 [INFO]   ✓ QNT/USDT       | K=25 | اختبار=  444 | tri_μ=1.30 | [cache]
21:26:20 [INFO]   ✓ DASH/USDT      | K=25 | اختبار=  378 | tri_μ=1.24 | [cache]
21:26:20 [INFO]   ✓ FLOW/USDT      | K=25 | اختبار=  453 | tri_μ=1.28 | [cache]
21:26:20 [INFO]   ✓ CAKE/USDT      | K=25 | اختبار=  443 | tri_μ=1.30 | [cache]
21:26:20 [INFO]   ✓ ROSE/USDT      | K=25 | اختبار=  441 | tri_μ=1.34 | [cache]
21:26:20 [INFO]   ✓ IOTA/USDT      | K=25 | اختبار=  425 | tri_μ=1.31 | [cache]
21:26:20 [INFO]   ✓ NEO/USDT       | K=25 | اختبار=  438 | tri_μ=1.25 | [cache]
21:26:20 [INFO]   ✓ KAVA/USDT      | K=25 | اختبار=  438 | tri_μ=1.29 | [cache]
21:26:20 [INFO]   ✓ CRV/USDT       | K=25 | اختبار=  434 | tri_μ=1.35 | [cache]
21:26:20 [INFO]   ✓ SNX/USDT       | K=25 | اختبار=  424 | tri_μ=1.31 | [cache]
21:26:20 [INFO]   ✓ COMP/USDT      | K=25 | اختبار=  404 | tri_μ=1.22 | [cache]
21:26:20 [INFO]   ✓ YFI/USDT       | K=25 | اختبار=  424 | tri_μ=1.37 | [cache]
21:26:20 [INFO]   ✓ SUSHI/USDT     | K=25 | اختبار=  457 | tri_μ=1.32 | [cache]
21:26:20 [INFO]   ✓ BAT/USDT       | K=25 | اختبار=  426 | tri_μ=1.32 | [cache]
21:26:20 [INFO]   ✓ ZRX/USDT       | K=25 | اختبار=  431 | tri_μ=1.29 | [cache]
21:26:20 [INFO]   ✓ ANKR/USDT      | K=25 | اختبار=  433 | tri_μ=1.33 | [cache]
21:26:20 [INFO]   ✓ BAND/USDT      | K=25 | اختبار=  438 | tri_μ=1.32 | [cache]
21:26:20 [INFO]   ✓ NMR/USDT       | K=25 | اختبار=  340 | tri_μ=1.22 | [cache]
21:26:20 [INFO]   ✓ STORJ/USDT     | K=25 | اختبار=  441 | tri_μ=1.32 | [cache]
21:26:20 [INFO]   ✓ KSM/USDT       | K=25 | اختبار=  419 | tri_μ=1.26 | [cache]
21:26:20 [INFO]   ✓ ZEN/USDT       | K=25 | اختبار=  388 | tri_μ=1.24 | [cache]
21:26:20 [INFO]   ✓ CELO/USDT      | K=25 | اختبار=  446 | tri_μ=1.30 | [cache]
21:26:20 [INFO]   ✓ DYDX/USDT      | K=25 | اختبار=  450 | tri_μ=1.31 | [cache]
21:26:20 [INFO]   ✓ MASK/USDT      | K=25 | اختبار=  449 | tri_μ=1.28 | [cache]
21:26:20 [INFO]   ✓ ENS/USDT       | K=25 | اختبار=  429 | tri_μ=1.27 | [cache]
21:26:20 [INFO]   ✓ GMX/USDT       | K=25 | اختبار=  446 | tri_μ=1.28 | [cache]
21:26:20 [INFO]   ✓ MAGIC/USDT     | K=25 | اختبار=  411 | tri_μ=1.25 | [cache]
21:26:20 [INFO]   ✓ HIGH/USDT      | K=25 | اختبار=  462 | tri_μ=1.33 | [cache]
21:26:20 [INFO]   ✓ PENDLE/USDT    | K=25 | اختبار=  469 | tri_μ=1.30 | [cache]
21:26:20 [INFO]   ✓ JOE/USDT       | K=25 | اختبار=  414 | tri_μ=1.31 | [cache]
21:26:20 [INFO]   ✓ ARKM/USDT      | K=25 | اختبار=  419 | tri_μ=1.30 | [cache]
21:26:20 [INFO]   ✓ CYBER/USDT     | K=25 | اختبار=  451 | tri_μ=1.29 | [cache]
21:26:20 [INFO]   ✓ WLD/USDT       | K=25 | اختبار=  477 | tri_μ=1.32 | [cache]
21:26:20 [INFO]   ✓ BLUR/USDT      | K=25 | اختبار=  446 | tri_μ=1.30 | [cache]
21:26:20 [INFO]   ✓ ID/USDT        | K=25 | اختبار=  435 | tri_μ=1.30 | [cache]
21:26:20 [INFO]   ✓ EDU/USDT       | K=25 | اختبار=  449 | tri_μ=1.28 | [cache]
21:26:20 [INFO]   ✓ ORDI/USDT      | K=25 | اختبار=  456 | tri_μ=1.26 | [cache]
21:26:20 [INFO]   ✓ PYTH/USDT      | K=25 | اختبار=  429 | tri_μ=1.29 | [cache]
21:26:20 [INFO]   ✓ JUP/USDT       | K=25 | اختبار=  432 | tri_μ=1.32 | [cache]
21:26:20 [INFO]   ✓ JTO/USDT       | K=25 | اختبار=  450 | tri_μ=1.30 | [cache]
21:26:20 [INFO]   ✓ DYM/USDT       | K=25 | اختبار=  427 | tri_μ=1.26 | [cache]
21:26:20 [INFO]   ✓ STRK/USDT      | K=25 | اختبار=  400 | tri_μ=1.28 | [cache]
21:26:20 [INFO]   ✓ MANTA/USDT     | K=25 | اختبار=  400 | tri_μ=1.32 | [cache]
21:26:21 [INFO]   ✓ ALT/USDT       | K=25 | اختبار=  331 | tri_μ=1.26 | [cache]
21:26:21 [INFO]   ✓ AEVO/USDT      | K=25 | اختبار=  446 | tri_μ=1.30 | [cache]
21:26:21 [INFO]   ✓ W/USDT         | K=25 | اختبار=  411 | tri_μ=1.25 | [cache]
21:26:21 [INFO]   ✓ ETHFI/USDT     | K=25 | اختبار=  409 | tri_μ=1.26 | [cache]
21:26:21 [INFO]   ✓ SAGA/USDT      | K=25 | اختبار=  419 | tri_μ=1.27 | [cache]
21:26:21 [INFO]   ✓ BB/USDT        | K=25 | اختبار=  452 | tri_μ=1.33 | [cache]
21:26:21 [INFO]   ✓ IO/USDT        | K=25 | اختبار=  434 | tri_μ=1.32 | [cache]
21:26:21 [INFO]   ✓ ZK/USDT        | K=25 | اختبار=  412 | tri_μ=1.31 | [cache]
21:26:21 [INFO]   ✓ LISTA/USDT     | K=25 | اختبار=  461 | tri_μ=1.30 | [cache]
21:26:21 [INFO]   ✓ ZRO/USDT       | K=25 | اختبار=  421 | tri_μ=1.31 | [cache]
21:26:21 [INFO]   ✓ G/USDT         | K=25 | اختبار=  440 | tri_μ=1.33 | [cache]
21:26:21 [INFO]   ✓ RARE/USDT      | K=25 | اختبار=  454 | tri_μ=1.25 | [cache]
21:26:21 [INFO]   ✓ SYN/USDT       | K=25 | اختبار=  434 | tri_μ=1.29 | [cache]
21:26:21 [INFO]   ✓ TAIKO/USDT     | K=25 | اختبار=  245 | tri_μ=1.28 | [cache]
21:26:21 [INFO]   ✓ BANANA/USDT    | K=25 | اختبار=  449 | tri_μ=1.24 | [cache]
21:26:21 [INFO]   ✓ MERL/USDT      | K=25 | اختبار=  288 | tri_μ=1.29 | [cache]
21:26:23 [WARNING] [process_asset] MEW/USDT: degenerate clustering (H_train=0.029, H_theo=4.644, ratio=0.006, K=25) — returning None
21:26:23 [WARNING]   ✗ MEW/USDT: process_asset returned None
21:26:24 [INFO]   [Parallel] done in 18.1s  (cache=99, computed=0, errors=1)
21:26:24 [INFO] §4  مصفوفة الارتباط...
21:26:25 [INFO]   أزواج مرتبطة (ρ>0.7): 2799
21:26:25 [INFO] §5  بناء الإشارات (①②④⑤ مُفعَّلة)...
21:26:25 [INFO] [Gauge-Filter] thresholds: BUY>p60=0.14886, SELL>p95=0.21053 (pool=96957)
21:26:33 [INFO]   ✔ 2,771 إشارة
21:26:33 [INFO]   T_info: μ=5.053 | σ=2.348
21:26:33 [INFO]   risk_dynamic: μ=1.925% | max=2.61%
21:26:33 [INFO]   BUY=2,476 | SELL=295 (Λ=0)
21:26:33 [INFO] §6  محاكاة المحفظة متعددة المراكز...
21:26:33 [INFO]   [Backtest Realism] Entry fills: 2,059/2,771 (74.3%) [pen=1.0bps, wait=live=0s → 6 bars]
21:26:36 [INFO]   ✔ 1,581 صفقة
21:26:36 [INFO] §7  انحدار الإنتروبيا...
21:26:36 [INFO]   SOL/USDT      : b=-0.00022  R²=0.016  [neutral]
21:26:36 [INFO]   BNB/USDT      : b=-0.00023  R²=0.025  [neutral]
21:26:36 [INFO]   BTC/USDT      : b=+0.00006  R²=0.002  [neutral]
21:26:36 [INFO]   AVAX/USDT     : b=-0.00042  R²=0.054  [decreasing]
21:26:40 [INFO] 📊 quantum_v6_results.png
21:26:40 [INFO] ✅ اكتمل.
21:26:40 [INFO]    E[ln(1+fR)] = +0.003567
21:26:40 [INFO]    MaxDrawdown  = 50.47%
21:26:40 [INFO]    Topo-Exits   = 0.0%
21:26:40 [INFO]    AvgRisk      = 1.398%
21:26:40 [INFO] [Diagnostic] Close-and-reverse within 3h: 0

════════════════════════════════════════════════════════════════════════
   📊  محرك التداول الثرموديناميكي الكمي v6.0  [BACKTEST]
   🌌  محرك التفرد – Singularity Engine
════════════════════════════════════════════════════════════════════════

▶ المقياس الأساسي (م٦): E[ln(1+fR)] لكل صفقة
   متوسط  : +0.003567
   وسيط   : +0.002236
   انحراف : 0.020044
   → ✅ حافة إيجابية

▶ إحصاءات الصفقات
   عدد الصفقات      : 1,581
   شراء / بيع        : 1,420 / 161
   نسبة النجاح      : 51.36%
   عامل الربح (PF)  : 2.558
   متوسط الربح      : $56.7463
   متوسط الخسارة   : $-23.4231
   شارب (سنوي)      : 2.825
   دخول مُحسَّن       : 0  (0.0%)

▶ التعديلات الجديدة (v6.0)
   ① متوسط T_info (حرارة معلوماتية) : 4.9949
   ① متوسط المخاطرة الديناميكية     : 1.398%
   ② خروج توبولوجي (Topo-Div)       : 0  (0.0%)
   خروج TRI مبكر                    : 0  (0.0%)
   انزلاق إجمالي                    : $1,915.44

▶ رأس المال (مقياس ثانوي)
   ابتدائي: $100.00  →  نهائي: $28,165.60
   العائد الكلي     : 28,065.6%
   أقصى انخفاض     : 50.47%  ($3,227.09)

▶ تحذير السيولة (م٦): 0 (0.0%)  ✅ معقول

▶ توزيع أسباب الخروج
   Emergency SL             :     892  (56.4%)
   Apex: Action Integral Exhaustion:     636  (40.2%)
   Hard TP                  :      50  (3.2%)
   EndOfData                :       2  (0.1%)
   MaxHold                  :       1  (0.1%)

════════════════════════════════════════════════════════════════════════


▶ تحليل MFE (أقصى ربح غير مُحقَّق)
   Emergency SL   (n= 892) | μMFE= 1.54%  max=10.65%  | >0.5%:  510  >1.0%:  444  >2.0%:  308
   Hard TP        (n=  50) | μMFE=12.42%  max=23.81%  | >0.5%:   50  >1.0%:   50  >2.0%:   50
   Apex exits     (n= 636) | μMFE= 3.53%  max=11.18%  | >0.5%:  636  >1.0%:  617  >2.0%:  476

▶ ميزانية المخاطرة الكلية
   μ risk/trade : 1.398%
   max risk/trade : 3.000%
   min risk/trade : 0.500%
