23:11:13 [INFO] [Level-2] Numba kernels warm (JIT ready in 4.2s)
23:11:13 [INFO] [Cache] LIVE_ASSET_CACHE_MAX adjusted to 150
23:11:15 [INFO] [TF] timeframe=4h TF_SCALE=0.2500 TF_SECONDS=14400 TF_HOURS=4.000
23:11:15 [INFO] [TF-Unified] N=24 W=20 L=10 ADV_BARS=6 (σ≈0.25× 1h)
23:11:15 [INFO] [Data] mode=backtest | tf=4h | history=730d (4380 bars/symbol) | quality=degraded | source=user(730d)
23:11:15 [WARNING] [Data] degraded quality: tail=4380 < strict_min/2=5012. Many assets may be skipped by degenerate detection. Recommended minimum for 4h: --history-days 2339.
23:11:15 [INFO] [Trail] Trailing Stop Loss DISABLED — SL is fixed
23:11:15 [INFO] [Backtest] --no-fixed-price: entry target will be derived from close[sig.close_idx] × (1 ± PO_PENETRATION_BPS)
23:11:15 [INFO] [Watch] Watch-then-trigger ENABLED (κ_prox=0.5, swing_lookback=60, phase1_timeout=16h)
23:11:15 [INFO] [OppTP] Opposite-Signal Adaptive TP DISABLED
23:11:15 [INFO] [TradeLog] Logging trades to results/trades_abl2b.jsonl
23:11:15 [INFO] §1  مسح أعلى 15 عملة...
23:11:15 [INFO] §2  جلب البيانات (متوازٍ)...
23:11:26 [INFO]   ✓ BTC/USDT      : 4,380 شمعة
23:11:27 [INFO]   ✓ SOL/USDT      : 4,380 شمعة
23:11:28 [INFO]   ✓ ADA/USDT      : 4,380 شمعة
23:11:28 [INFO]   ✓ AVAX/USDT     : 4,380 شمعة
23:11:28 [INFO]   ✓ BNB/USDT      : 4,380 شمعة
23:11:28 [INFO]   ✓ ETH/USDT      : 4,380 شمعة
23:11:29 [INFO]   ✓ LINK/USDT     : 4,380 شمعة
23:11:29 [INFO]   ✓ LTC/USDT      : 4,380 شمعة
23:11:29 [INFO]   ✓ DOT/USDT      : 4,380 شمعة
23:11:29 [INFO]   ✓ UNI/USDT      : 4,380 شمعة
23:11:29 [INFO]   ✓ ATOM/USDT     : 4,380 شمعة
23:11:29 [INFO]   ✓ ETC/USDT      : 4,380 شمعة
23:11:30 [INFO]   ✓ TON/USDT      : 4,380 شمعة
23:11:30 [INFO]   ✓ BCH/USDT      : 4,380 شمعة
23:11:30 [INFO]   ✓ TRX/USDT      : 4,380 شمعة
23:11:30 [INFO]   ✓ NEAR/USDT     : 4,380 شمعة
23:11:30 [INFO]   ✓ APT/USDT      : 4,380 شمعة
23:11:30 [INFO]   ✓ HBAR/USDT     : 4,380 شمعة
23:11:31 [INFO]   ✓ OP/USDT       : 4,380 شمعة
23:11:31 [INFO]   ✓ AAVE/USDT     : 4,380 شمعة
23:11:31 [INFO]   ✓ STX/USDT      : 4,380 شمعة
23:11:31 [INFO]   ✓ ARB/USDT      : 4,380 شمعة
23:11:31 [INFO]   ✓ SUI/USDT      : 4,380 شمعة
23:11:31 [INFO]   ✓ TIA/USDT      : 4,380 شمعة
23:11:31 [INFO]   ✓ FET/USDT      : 4,380 شمعة
23:11:31 [INFO]   ✓ ALGO/USDT     : 4,380 شمعة
23:11:31 [INFO]   ✓ SEI/USDT      : 4,380 شمعة
23:11:31 [INFO]   ✓ GRT/USDT      : 4,380 شمعة
23:11:32 [INFO]   ✓ RENDER/USDT   : 4,380 شمعة
23:11:32 [INFO]   ✓ LDO/USDT      : 4,380 شمعة
23:11:32 [INFO]   ✓ THETA/USDT    : 4,380 شمعة
23:11:32 [INFO]   ✓ SAND/USDT     : 4,380 شمعة
23:11:32 [INFO]   ✓ WIF/USDT      : 4,380 شمعة
23:11:32 [INFO]   ✓ KAS/USDT      : 4,380 شمعة
23:11:32 [INFO]   ✓ MANA/USDT     : 4,380 شمعة
23:11:33 [INFO]   ✓ AXS/USDT      : 4,380 شمعة
23:11:33 [INFO]   ✓ XLM/USDT      : 4,380 شمعة
23:11:33 [INFO]   ✓ FIL/USDT      : 4,380 شمعة
23:11:33 [INFO]   ✓ CHZ/USDT      : 4,380 شمعة
23:11:33 [INFO]   ✓ POL/USDT      : 4,380 شمعة
23:11:33 [INFO]   ✓ QNT/USDT      : 4,380 شمعة
23:11:33 [INFO]   ✓ DASH/USDT     : 4,380 شمعة
23:11:33 [INFO]   ✓ FLOW/USDT     : 4,380 شمعة
23:11:34 [INFO]   ✓ ROSE/USDT     : 4,380 شمعة
23:11:34 [INFO]   ✓ NEO/USDT      : 4,380 شمعة
23:11:34 [INFO]   ✓ IOTA/USDT     : 4,380 شمعة
23:11:34 [INFO]   ✓ CAKE/USDT     : 4,380 شمعة
23:11:34 [INFO]   ✓ KAVA/USDT     : 4,380 شمعة
23:11:34 [INFO]   ✓ CRV/USDT      : 4,380 شمعة
23:11:34 [INFO]   ✓ YFI/USDT      : 4,380 شمعة
23:11:35 [INFO]   ✓ SUSHI/USDT    : 4,380 شمعة
23:11:35 [INFO]   ✓ SNX/USDT      : 4,380 شمعة
23:11:35 [INFO]   ✓ COMP/USDT     : 4,380 شمعة
23:11:35 [INFO]   ✓ ZRX/USDT      : 4,380 شمعة
23:11:35 [INFO]   ✓ BAT/USDT      : 4,380 شمعة
23:11:35 [INFO]   ✓ STORJ/USDT    : 4,380 شمعة
23:11:35 [INFO]   ✓ BAND/USDT     : 4,380 شمعة
23:11:35 [INFO]   ✓ NMR/USDT      : 4,380 شمعة
23:11:35 [INFO]   ✓ ANKR/USDT     : 4,380 شمعة
23:11:35 [INFO]   ✓ KSM/USDT      : 4,380 شمعة
23:11:36 [INFO]   ✓ CELO/USDT     : 4,380 شمعة
23:11:36 [INFO]   ✓ ZEN/USDT      : 4,380 شمعة
23:11:36 [INFO]   ✓ MASK/USDT     : 4,380 شمعة
23:11:36 [INFO]   ✓ DYDX/USDT     : 4,380 شمعة
23:11:36 [INFO]   ✓ ENS/USDT      : 4,380 شمعة
23:11:36 [INFO]   ✓ MAGIC/USDT    : 4,380 شمعة
23:11:36 [INFO]   ✓ GMX/USDT      : 4,380 شمعة
23:11:37 [INFO]   ✓ PENDLE/USDT   : 4,380 شمعة
23:11:37 [INFO]   ✓ JOE/USDT      : 4,380 شمعة
23:11:37 [INFO]   ✓ HIGH/USDT     : 4,380 شمعة
23:11:37 [INFO]   ✓ CYBER/USDT    : 4,380 شمعة
23:11:37 [INFO]   ✓ ARKM/USDT     : 4,380 شمعة
23:11:37 [INFO]   ✓ WLD/USDT      : 4,380 شمعة
23:11:37 [INFO]   ✓ ID/USDT       : 4,380 شمعة
23:11:37 [INFO]   ✓ EDU/USDT      : 4,380 شمعة
23:11:37 [INFO]   ✓ ORDI/USDT     : 4,380 شمعة
23:11:37 [INFO]   ✓ BLUR/USDT     : 4,380 شمعة
23:11:37 [INFO]   ✓ JUP/USDT      : 4,380 شمعة
23:11:38 [INFO]   ✓ STRK/USDT     : 4,380 شمعة
23:11:38 [INFO]   ✓ DYM/USDT      : 4,380 شمعة
23:11:38 [INFO]   ✓ JTO/USDT      : 4,380 شمعة
23:11:38 [INFO]   ✓ PYTH/USDT     : 4,380 شمعة
23:11:38 [INFO]   ✓ MANTA/USDT    : 4,380 شمعة
23:11:38 [INFO]   ✓ ALT/USDT      : 4,380 شمعة
23:11:39 [INFO]   ✓ AEVO/USDT     : 4,380 شمعة
23:11:39 [INFO]   ✓ W/USDT        : 4,380 شمعة
23:11:39 [INFO]   ✓ ETHFI/USDT    : 4,380 شمعة
23:11:39 [INFO]   ✓ SAGA/USDT     : 4,380 شمعة
23:11:39 [INFO]   ✓ BB/USDT       : 4,380 شمعة
23:11:39 [INFO]   ✓ ZK/USDT       : 4,380 شمعة
23:11:39 [INFO]   ✓ LISTA/USDT    : 4,380 شمعة
23:11:39 [INFO]   ✓ ZRO/USDT      : 4,380 شمعة
23:11:39 [INFO]   ✓ IO/USDT       : 4,380 شمعة
23:11:40 [INFO]   ✓ G/USDT        : 4,380 شمعة
23:11:40 [INFO]   ✓ TAIKO/USDT    : 2,872 شمعة
23:11:40 [INFO]   ✓ SYN/USDT      : 4,380 شمعة
23:11:40 [INFO]   ✓ RARE/USDT     : 4,380 شمعة
23:11:40 [INFO]   ✓ MEW/USDT      : 4,380 شمعة
23:11:40 [INFO]   ✓ BANANA/USDT   : 4,380 شمعة
23:11:41 [INFO]   ✓ MERL/USDT     : 2,951 شمعة
23:11:41 [INFO]   ✓ BTC/USDT      : 70,080 شمعة 15m
23:11:42 [INFO]   ✓ ADA/USDT      : 70,080 شمعة 15m
23:11:42 [INFO]   ✓ AVAX/USDT     : 70,080 شمعة 15m
23:11:42 [INFO]   ✓ SOL/USDT      : 70,080 شمعة 15m
23:11:42 [INFO]   ✓ BNB/USDT      : 70,080 شمعة 15m
23:11:42 [INFO]   ✓ ETH/USDT      : 70,080 شمعة 15m
23:11:42 [INFO]   ✓ LTC/USDT      : 70,080 شمعة 15m
23:11:43 [INFO]   ✓ LINK/USDT     : 70,080 شمعة 15m
23:11:43 [INFO]   ✓ UNI/USDT      : 70,080 شمعة 15m
23:11:43 [INFO]   ✓ DOT/USDT      : 70,080 شمعة 15m
23:11:43 [INFO]   ✓ ATOM/USDT     : 70,080 شمعة 15m
23:11:43 [INFO]   ✓ ETC/USDT      : 70,080 شمعة 15m
23:11:44 [INFO]   ✓ NEAR/USDT     : 70,080 شمعة 15m
23:11:44 [INFO]   ✓ APT/USDT      : 70,080 شمعة 15m
23:11:44 [INFO]   ✓ TRX/USDT      : 70,080 شمعة 15m
23:11:44 [INFO]   ✓ BCH/USDT      : 70,080 شمعة 15m
23:11:45 [INFO]   ✓ HBAR/USDT     : 70,080 شمعة 15m
23:11:45 [INFO]   ✓ OP/USDT       : 70,080 شمعة 15m
23:11:45 [INFO]   ✓ AAVE/USDT     : 70,080 شمعة 15m
23:11:45 [INFO]   ✓ STX/USDT      : 70,080 شمعة 15m
23:11:45 [INFO]   ✓ ARB/USDT      : 70,080 شمعة 15m
23:11:46 [INFO]   ✓ SUI/USDT      : 70,080 شمعة 15m
23:11:46 [INFO]   ✓ TIA/USDT      : 70,080 شمعة 15m
23:11:46 [INFO]   ✓ FET/USDT      : 70,080 شمعة 15m
23:11:46 [INFO]   ✓ ALGO/USDT     : 70,080 شمعة 15m
23:11:46 [INFO]   ✓ GRT/USDT      : 70,080 شمعة 15m
23:11:46 [INFO]   ✓ SEI/USDT      : 70,080 شمعة 15m
23:11:47 [INFO]   ✓ RENDER/USDT   : 70,080 شمعة 15m
23:11:47 [INFO]   ✓ LDO/USDT      : 70,080 شمعة 15m
23:11:47 [INFO]   ✓ THETA/USDT    : 70,080 شمعة 15m
23:11:47 [INFO]   ✓ SAND/USDT     : 70,080 شمعة 15m
23:11:47 [INFO]   ✓ WIF/USDT      : 70,080 شمعة 15m
23:11:48 [INFO]   ✓ KAS/USDT      : 70,080 شمعة 15m
23:11:48 [INFO]   ✓ MANA/USDT     : 70,080 شمعة 15m
23:11:48 [INFO]   ✓ AXS/USDT      : 70,080 شمعة 15m
23:11:48 [INFO]   ✓ XLM/USDT      : 70,080 شمعة 15m
23:11:48 [INFO]   ✓ FIL/USDT      : 70,080 شمعة 15m
23:11:49 [INFO]   ✓ TON/USDT      : 60,562 شمعة 15m
23:11:49 [INFO]   ✓ CHZ/USDT      : 70,080 شمعة 15m
23:11:49 [INFO]   ✓ POL/USDT      : 70,080 شمعة 15m
23:11:49 [INFO]   ✓ QNT/USDT      : 70,080 شمعة 15m
23:11:49 [INFO]   ✓ DASH/USDT     : 70,080 شمعة 15m
23:11:49 [INFO]   ✓ ROSE/USDT     : 70,080 شمعة 15m
23:11:49 [INFO]   ✓ NEO/USDT      : 70,080 شمعة 15m
23:11:49 [INFO]   ✓ FLOW/USDT     : 70,080 شمعة 15m
23:11:50 [INFO]   ✓ IOTA/USDT     : 70,080 شمعة 15m
23:11:50 [INFO]   ✓ CAKE/USDT     : 70,080 شمعة 15m
23:11:50 [INFO]   ✓ YFI/USDT      : 70,080 شمعة 15m
23:11:50 [INFO]   ✓ KAVA/USDT     : 70,080 شمعة 15m
23:11:50 [INFO]   ✓ CRV/USDT      : 70,080 شمعة 15m
23:11:50 [INFO]   ✓ SUSHI/USDT    : 70,080 شمعة 15m
23:11:51 [INFO]   ✓ SNX/USDT      : 70,080 شمعة 15m
23:11:51 [INFO]   ✓ COMP/USDT     : 70,080 شمعة 15m
23:11:51 [INFO]   ✓ BAT/USDT      : 70,080 شمعة 15m
23:11:51 [INFO]   ✓ ZRX/USDT      : 70,080 شمعة 15m
23:11:51 [INFO]   ✓ BAND/USDT     : 70,080 شمعة 15m
23:11:52 [INFO]   ✓ NMR/USDT      : 70,080 شمعة 15m
23:11:52 [INFO]   ✓ ANKR/USDT     : 70,080 شمعة 15m
23:11:52 [INFO]   ✓ KSM/USDT      : 70,080 شمعة 15m
23:11:52 [INFO]   ✓ CELO/USDT     : 70,080 شمعة 15m
23:11:52 [INFO]   ✓ ZEN/USDT      : 70,080 شمعة 15m
23:11:53 [INFO]   ✓ DYDX/USDT     : 70,080 شمعة 15m
23:11:53 [INFO]   ✓ MASK/USDT     : 70,080 شمعة 15m
23:11:53 [INFO]   ✓ ENS/USDT      : 70,080 شمعة 15m
23:11:53 [INFO]   ✓ MAGIC/USDT    : 70,080 شمعة 15m
23:11:53 [INFO]   ✓ STORJ/USDT    : 66,663 شمعة 15m
23:11:54 [INFO]   ✓ PENDLE/USDT   : 70,080 شمعة 15m
23:11:54 [INFO]   ✓ JOE/USDT      : 70,080 شمعة 15m
23:11:54 [INFO]   ✓ GMX/USDT      : 70,080 شمعة 15m
23:11:54 [INFO]   ✓ CYBER/USDT    : 70,080 شمعة 15m
23:11:54 [INFO]   ✓ ID/USDT       : 70,080 شمعة 15m
23:11:55 [INFO]   ✓ ARKM/USDT     : 70,080 شمعة 15m
23:11:55 [INFO]   ✓ WLD/USDT      : 70,080 شمعة 15m
23:11:55 [INFO]   ✓ EDU/USDT      : 70,080 شمعة 15m
23:11:55 [INFO]   ✓ JUP/USDT      : 70,080 شمعة 15m
23:11:55 [INFO]   ✓ ORDI/USDT     : 70,080 شمعة 15m
23:11:55 [INFO]   ✓ BLUR/USDT     : 70,080 شمعة 15m
23:11:56 [INFO]   ✓ STRK/USDT     : 70,080 شمعة 15m
23:11:56 [INFO]   ✓ DYM/USDT      : 70,080 شمعة 15m
23:11:56 [INFO]   ✓ PYTH/USDT     : 70,080 شمعة 15m
23:11:56 [INFO]   ✓ JTO/USDT      : 70,080 شمعة 15m
23:11:57 [INFO]   ✓ MANTA/USDT    : 70,080 شمعة 15m
23:11:57 [INFO]   ✓ ALT/USDT      : 70,080 شمعة 15m
23:11:57 [INFO]   ✓ AEVO/USDT     : 70,080 شمعة 15m
23:11:57 [INFO]   ✓ ETHFI/USDT    : 70,080 شمعة 15m
23:11:57 [INFO]   ✓ W/USDT        : 70,080 شمعة 15m
23:11:57 [INFO]   ✓ SAGA/USDT     : 70,080 شمعة 15m
23:11:58 [INFO]   ✓ BB/USDT       : 70,080 شمعة 15m
23:11:58 [INFO]   ✓ LISTA/USDT    : 70,080 شمعة 15m
23:11:58 [INFO]   ✓ ZRO/USDT      : 70,080 شمعة 15m
23:11:58 [INFO]   ✓ ZK/USDT       : 70,080 شمعة 15m
23:11:58 [INFO]   ✓ IO/USDT       : 70,080 شمعة 15m
23:11:59 [INFO]   ✓ G/USDT        : 70,080 شمعة 15m
23:11:59 [INFO]   ✓ RARE/USDT     : 70,080 شمعة 15m
23:11:59 [INFO]   ✓ SYN/USDT      : 70,080 شمعة 15m
23:11:59 [INFO]   ✓ TAIKO/USDT    : 45,931 شمعة 15m
23:12:00 [INFO]   ✓ BANANA/USDT   : 70,080 شمعة 15m
23:12:00 [INFO]   ✓ MEW/USDT      : 70,080 شمعة 15m
23:12:00 [INFO]   ✓ MERL/USDT     : 47,195 شمعة 15m
23:12:00 [INFO]   ✓ HIGH/USDT     : 59,366 شمعة 15m
23:12:00 [INFO]   [SubBars] loaded for 100 symbols at 15m
23:12:00 [INFO] §3  معالجة فضاء الحالة (K ديناميكي)...
23:12:00 [INFO]   [Parallel] 8 workers × 100 symbols (cache=off)
╔══════════════════════════════════════════════════════════════════════╗
  [Level-1] Parallel: True  Cache: False
  [Level-2] Numba: True

║  محرك التداول الثرموديناميكي الكمي v6.0 – Singularity Engine     ║
║  الوضع: BACKTEST    |  رأس المال: $100.00              ║
╠══════════════════════════════════════════════════════════════════════╣
║  ① Boltzmann Kelly: BASE=2.0%  λ=0.05  [1.0%–5.0%]  ║
║  ② Topo-Divergence: ε=0.05  (حتمية هندسية)              ║
║  ③ Dynamic-K:       [25–50]  (SNR ∝ 1/m)                     ║
║  ④ Cosmological Λ:  0  (De Sitter drift)                  ║
║  ⑤ T_sync EMA-accel: فلتر التشابك عبر المقاييس                  ║
╚══════════════════════════════════════════════════════════════════════╝

23:12:15 [INFO]   ✓ BTC/USDT       | K=25 | اختبار=  853 | tri_μ=1.37 | [computed]
23:12:15 [INFO]   ✓ SOL/USDT       | K=25 | اختبار=  619 | tri_μ=1.23 | [computed]
23:12:16 [INFO]   ✓ BNB/USDT       | K=25 | اختبار=  906 | tri_μ=1.36 | [computed]
23:12:16 [INFO]   ✓ ETH/USDT       | K=25 | اختبار=  840 | tri_μ=1.33 | [computed]
23:12:16 [INFO]   ✓ LINK/USDT      | K=25 | اختبار=  920 | tri_μ=1.31 | [computed]
23:12:16 [INFO]   ✓ LTC/USDT       | K=25 | اختبار=  918 | tri_μ=1.28 | [computed]
23:12:17 [INFO]   ✓ DOT/USDT       | K=25 | اختبار=  908 | tri_μ=1.28 | [computed]
23:12:17 [INFO]   ✓ UNI/USDT       | K=25 | اختبار=  868 | tri_μ=1.25 | [computed]
23:12:18 [INFO]   ✓ ADA/USDT       | K=25 | اختبار=  835 | tri_μ=1.29 | [computed]
23:12:18 [INFO]   ✓ ATOM/USDT      | K=25 | اختبار=  941 | tri_μ=1.31 | [computed]
23:12:18 [INFO]   ✓ ETC/USDT       | K=25 | اختبار=  872 | tri_μ=1.29 | [computed]
23:12:19 [INFO]   ✓ TON/USDT       | K=25 | اختبار=  701 | tri_μ=1.20 | [computed]
23:12:19 [INFO]   ✓ TRX/USDT       | K=25 | اختبار=  912 | tri_μ=1.33 | [computed]
23:12:19 [INFO]   ✓ BCH/USDT       | K=25 | اختبار=  879 | tri_μ=1.32 | [computed]
23:12:19 [INFO]   ✓ HBAR/USDT      | K=25 | اختبار=  813 | tri_μ=1.25 | [computed]
23:12:19 [INFO]   ✓ APT/USDT       | K=25 | اختبار=  812 | tri_μ=1.24 | [computed]
23:12:20 [INFO]   ✓ OP/USDT        | K=25 | اختبار=  847 | tri_μ=1.25 | [computed]
23:12:20 [INFO]   ✓ AAVE/USDT      | K=25 | اختبار=  697 | tri_μ=1.27 | [computed]
23:12:20 [INFO]   ✓ STX/USDT       | K=25 | اختبار=  888 | tri_μ=1.32 | [computed]
23:12:20 [INFO]   ✓ ARB/USDT       | K=25 | اختبار=  806 | tri_μ=1.27 | [computed]
23:12:21 [INFO]   ✓ SUI/USDT       | K=25 | اختبار=  929 | tri_μ=1.34 | [computed]
23:12:21 [INFO]   ✓ TIA/USDT       | K=25 | اختبار=  844 | tri_μ=1.26 | [computed]
23:12:21 [INFO]   ✓ FET/USDT       | K=25 | اختبار=  815 | tri_μ=1.29 | [computed]
23:12:22 [INFO]   ✓ ALGO/USDT      | K=25 | اختبار=  887 | tri_μ=1.33 | [computed]
23:12:22 [INFO]   ✓ SEI/USDT       | K=25 | اختبار=  800 | tri_μ=1.30 | [computed]
23:12:22 [INFO]   ✓ GRT/USDT       | K=25 | اختبار=  871 | tri_μ=1.33 | [computed]
23:12:22 [INFO]   ✓ RENDER/USDT    | K=25 | اختبار=  802 | tri_μ=1.28 | [computed]
23:12:23 [INFO]   ✓ LDO/USDT       | K=25 | اختبار=  873 | tri_μ=1.33 | [computed]
23:12:23 [INFO]   ✓ THETA/USDT     | K=25 | اختبار=  922 | tri_μ=1.31 | [computed]
23:12:23 [INFO]   ✓ SAND/USDT      | K=25 | اختبار=  856 | tri_μ=1.29 | [computed]
23:12:24 [INFO]   ✓ WIF/USDT       | K=25 | اختبار=  907 | tri_μ=1.31 | [computed]
23:12:24 [INFO]   ✓ KAS/USDT       | K=25 | اختبار=  902 | tri_μ=1.33 | [computed]
23:12:25 [INFO]   ✓ MANA/USDT      | K=25 | اختبار=  896 | tri_μ=1.30 | [computed]
23:12:25 [INFO]   ✓ AXS/USDT       | K=25 | اختبار=  779 | tri_μ=1.27 | [computed]
23:12:25 [INFO]   ✓ XLM/USDT       | K=25 | اختبار=  860 | tri_μ=1.31 | [computed]
23:12:26 [INFO]   ✓ FIL/USDT       | K=25 | اختبار=  860 | tri_μ=1.28 | [computed]
23:12:26 [INFO]   ✓ POL/USDT       | K=25 | اختبار=  844 | tri_μ=1.29 | [computed]
23:12:26 [INFO]   ✓ QNT/USDT       | K=25 | اختبار=  888 | tri_μ=1.31 | [computed]
23:12:27 [INFO]   ✓ AVAX/USDT      | K=25 | اختبار=  773 | tri_μ=1.22 | [computed]
23:12:27 [INFO]   ✓ DASH/USDT      | K=25 | اختبار=  380 | tri_μ=1.18 | [computed]
23:12:27 [INFO]   ✓ FLOW/USDT      | K=25 | اختبار=  767 | tri_μ=1.25 | [computed]
23:12:28 [INFO]   ✓ ROSE/USDT      | K=25 | اختبار=  790 | tri_μ=1.32 | [computed]
23:12:28 [INFO]   ✓ IOTA/USDT      | K=25 | اختبار=  895 | tri_μ=1.31 | [computed]
23:12:28 [INFO]   ✓ NEO/USDT       | K=25 | اختبار=  902 | tri_μ=1.27 | [computed]
23:12:29 [INFO]   ✓ CAKE/USDT      | K=25 | اختبار=  866 | tri_μ=1.29 | [computed]
23:12:29 [INFO]   ✓ CRV/USDT       | K=25 | اختبار=  897 | tri_μ=1.33 | [computed]
23:12:29 [INFO]   ✓ YFI/USDT       | K=25 | اختبار=  838 | tri_μ=1.34 | [computed]
23:12:29 [INFO]   ✓ KAVA/USDT      | K=25 | اختبار=  850 | tri_μ=1.27 | [computed]
23:12:30 [INFO]   ✓ SUSHI/USDT     | K=25 | اختبار=  920 | tri_μ=1.32 | [computed]
23:12:31 [INFO]   ✓ COMP/USDT      | K=25 | اختبار=  761 | tri_μ=1.22 | [computed]
23:12:31 [INFO]   ✓ SNX/USDT       | K=25 | اختبار=  847 | tri_μ=1.30 | [computed]
23:12:31 [INFO]   ✓ ZRX/USDT       | K=25 | اختبار=  914 | tri_μ=1.31 | [computed]
23:12:31 [INFO]   ✓ BAT/USDT       | K=25 | اختبار=  850 | tri_μ=1.29 | [computed]
23:12:32 [INFO]   ✓ STORJ/USDT     | K=25 | اختبار=  763 | tri_μ=1.25 | [computed]
23:12:32 [INFO]   ✓ BAND/USDT      | K=25 | اختبار=  886 | tri_μ=1.33 | [computed]
23:12:32 [INFO]   ✓ NMR/USDT       | K=25 | اختبار=  863 | tri_μ=1.25 | [computed]
23:12:32 [INFO]   ✓ ANKR/USDT      | K=25 | اختبار=  871 | tri_μ=1.31 | [computed]
23:12:33 [INFO]   ✓ CELO/USDT      | K=25 | اختبار=  852 | tri_μ=1.29 | [computed]
23:12:33 [INFO]   ✓ KSM/USDT       | K=25 | اختبار=  714 | tri_μ=1.23 | [computed]
23:12:33 [INFO]   ✓ ZEN/USDT       | K=25 | اختبار=  794 | tri_μ=1.26 | [computed]
23:12:33 [INFO]   ✓ DYDX/USDT      | K=25 | اختبار=  881 | tri_μ=1.29 | [computed]
23:12:33 [INFO]   ✓ MASK/USDT      | K=25 | اختبار=  903 | tri_μ=1.27 | [computed]
23:12:34 [INFO]   ✓ ENS/USDT       | K=25 | اختبار=  872 | tri_μ=1.26 | [computed]
23:12:34 [INFO]   ✓ MAGIC/USDT     | K=25 | اختبار=  886 | tri_μ=1.26 | [computed]
23:12:35 [INFO]   ✓ GMX/USDT       | K=25 | اختبار=  865 | tri_μ=1.28 | [computed]
23:12:35 [INFO]   ✓ PENDLE/USDT    | K=25 | اختبار=  890 | tri_μ=1.31 | [computed]
23:12:35 [INFO]   ✓ CYBER/USDT     | K=25 | اختبار=  873 | tri_μ=1.29 | [computed]
23:12:35 [INFO]   ✓ HIGH/USDT      | K=25 | اختبار=  613 | tri_μ=1.21 | [computed]
23:12:36 [INFO]   ✓ ARKM/USDT      | K=25 | اختبار=  869 | tri_μ=1.31 | [computed]
23:12:36 [INFO]   ✓ WLD/USDT       | K=25 | اختبار=  796 | tri_μ=1.30 | [computed]
23:12:36 [INFO]   ✓ ID/USDT        | K=25 | اختبار=  741 | tri_μ=1.25 | [computed]
23:12:37 [INFO]   ✓ EDU/USDT       | K=25 | اختبار=  756 | tri_μ=1.26 | [computed]
23:12:37 [INFO]   ✓ ORDI/USDT      | K=25 | اختبار=  885 | tri_μ=1.26 | [computed]
23:12:37 [INFO]   ✓ NEAR/USDT      | K=25 | اختبار=  830 | tri_μ=1.27 | [computed]
23:12:37 [INFO]   ✓ BLUR/USDT      | K=25 | اختبار=  867 | tri_μ=1.30 | [computed]
23:12:38 [INFO]   ✓ JUP/USDT       | K=25 | اختبار=  870 | tri_μ=1.30 | [computed]
23:12:38 [INFO]   ✓ STRK/USDT      | K=25 | اختبار=  806 | tri_μ=1.28 | [computed]
23:12:38 [INFO]   ✓ DYM/USDT       | K=25 | اختبار=  605 | tri_μ=1.21 | [computed]
23:12:39 [INFO]   ✓ JTO/USDT       | K=25 | اختبار=  811 | tri_μ=1.26 | [computed]
23:12:39 [INFO]   ✓ MANTA/USDT     | K=25 | اختبار=  843 | tri_μ=1.29 | [computed]
23:12:39 [INFO]   ✓ PYTH/USDT      | K=25 | اختبار=  875 | tri_μ=1.31 | [computed]
23:12:40 [INFO]   ✓ AEVO/USDT      | K=25 | اختبار=  897 | tri_μ=1.30 | [computed]
23:12:40 [INFO]   ✓ ALT/USDT       | K=25 | اختبار=  807 | tri_μ=1.30 | [computed]
23:12:40 [INFO]   ✓ SAGA/USDT      | K=25 | اختبار=  728 | tri_μ=1.23 | [computed]
23:12:40 [INFO]   ✓ W/USDT         | K=25 | اختبار=  786 | tri_μ=1.26 | [computed]
23:12:40 [INFO]   ✓ ETHFI/USDT     | K=25 | اختبار=  910 | tri_μ=1.30 | [computed]
23:12:41 [INFO]   ✓ BB/USDT        | K=25 | اختبار=  836 | tri_μ=1.30 | [computed]
23:12:41 [INFO]   ✓ ZK/USDT        | K=25 | اختبار=  864 | tri_μ=1.33 | [computed]
23:12:41 [INFO]   ✓ IO/USDT        | K=25 | اختبار=  869 | tri_μ=1.30 | [computed]
23:12:41 [INFO]   ✓ ZRO/USDT       | K=25 | اختبار=  856 | tri_μ=1.30 | [computed]
23:12:41 [INFO]   ✓ LISTA/USDT     | K=25 | اختبار=  921 | tri_μ=1.31 | [computed]
23:12:42 [INFO]   ✓ TAIKO/USDT     | K=25 | اختبار=  483 | tri_μ=1.25 | [computed]
23:12:42 [INFO]   ✓ G/USDT         | K=25 | اختبار=  710 | tri_μ=1.27 | [computed]
23:12:42 [WARNING] [process_asset] MEW/USDT: degenerate clustering (H_train=0.079, H_theo=4.644, ratio=0.017, K=25) — returning None
23:12:42 [WARNING]   ✗ MEW/USDT: process_asset returned None
23:12:42 [INFO]   ✓ SYN/USDT       | K=25 | اختبار=  799 | tri_μ=1.27 | [computed]
23:12:42 [INFO]   ✓ RARE/USDT      | K=25 | اختبار=  890 | tri_μ=1.30 | [computed]
23:12:42 [INFO]   ✓ MERL/USDT      | K=25 | اختبار=  523 | tri_μ=1.27 | [computed]
23:12:42 [INFO]   ✓ BANANA/USDT    | K=25 | اختبار=  542 | tri_μ=1.17 | [computed]
23:12:43 [INFO]   ✓ CHZ/USDT       | K=25 | اختبار=  856 | tri_μ=1.29 | [computed]
23:12:45 [INFO]   ✓ JOE/USDT       | K=25 | اختبار=  837 | tri_μ=1.29 | [computed]
23:12:48 [INFO]   [Parallel] done in 47.6s  (cache=0, computed=99, errors=1)
23:12:48 [INFO] §4  مصفوفة الارتباط...
23:12:49 [INFO]   أزواج مرتبطة (ρ>0.7): 28
23:12:49 [INFO] §5  بناء الإشارات (①②④⑤ مُفعَّلة)...
23:12:49 [INFO] [Gauge-Filter] thresholds: BUY>p60=0.14886, SELL>p85=0.18232 (pool=187546)
23:12:54 [INFO]   ✔ 3,681 إشارة
23:12:54 [INFO]   T_info: μ=4.432 | σ=2.119
23:12:54 [INFO]   risk_dynamic: μ=1.952% | max=2.65%
23:12:54 [INFO]   BUY=2,516 | SELL=1,165 (Λ=0)
23:12:54 [INFO] §6  محاكاة المحفظة متعددة المراكز...
23:12:54 [INFO]   [Backtest Realism] Entry fills: 2,875/3,681 (78.1%) [pen=1.0bps, wait=live=0s → 6 bars]
23:13:00 [INFO]   ✔ 2,318 صفقة
23:13:00 [INFO] §7  انحدار الإنتروبيا...
23:13:00 [INFO]   BTC/USDT      : b=-0.00019  R²=0.055  [decreasing]
23:13:00 [INFO]   SOL/USDT      : b=-0.00057  R²=0.194  [decreasing]
23:13:00 [INFO]   BNB/USDT      : b=-0.00001  R²=0.000  [neutral]
23:13:00 [INFO]   ETH/USDT      : b=-0.00043  R²=0.204  [decreasing]
23:13:04 [INFO] 📊 quantum_v6_results.png
23:13:04 [INFO] ✅ اكتمل.
23:13:04 [INFO]    E[ln(1+fR)] = +0.000386
23:13:04 [INFO]    MaxDrawdown  = 63.11%
23:13:04 [INFO]    Topo-Exits   = 0.0%
23:13:04 [INFO]    AvgRisk      = 0.788%
23:13:04 [INFO] [Diagnostic] Close-and-reverse within 3h: 0

════════════════════════════════════════════════════════════════════════
   📊  محرك التداول الثرموديناميكي الكمي v6.0  [BACKTEST]
   🌌  محرك التفرد – Singularity Engine
════════════════════════════════════════════════════════════════════════

▶ المقياس الأساسي (م٦): E[ln(1+fR)] لكل صفقة
   متوسط  : +0.000386
   وسيط   : -0.001096
   انحراف : 0.012546
   → ✅ حافة إيجابية

▶ إحصاءات الصفقات
   عدد الصفقات      : 2,318
   شراء / بيع        : 1,586 / 732
   نسبة النجاح      : 27.96%
   عامل الربح (PF)  : 1.064
   متوسط الربح      : $3.7125
   متوسط الخسارة   : $-1.3538
   شارب (سنوي)      : 0.489
   دخول مُحسَّن       : 0  (0.0%)

▶ التعديلات الجديدة (v6.0)
   ① متوسط T_info (حرارة معلوماتية) : 4.4287
   ① متوسط المخاطرة الديناميكية     : 0.788%
   ② خروج توبولوجي (Topo-Div)       : 0  (0.0%)
   خروج TRI مبكر                    : 0  (0.0%)
   انزلاق إجمالي                    : $343.48

▶ رأس المال (مقياس ثانوي)
   ابتدائي: $100.00  →  نهائي: $244.83
   العائد الكلي     : 144.8%
   أقصى انخفاض     : 63.11%  ($396.58)

▶ تحذير السيولة (م٦): 0 (0.0%)  ✅ معقول

▶ توزيع أسباب الخروج
   Emergency SL             :   1,670  (72.0%)
   Hard TP                  :     645  (27.8%)
   MaxHold                  :       2  (0.1%)
   EndOfData                :       1  (0.0%)

════════════════════════════════════════════════════════════════════════


▶ تحليل MFE (أقصى ربح غير مُحقَّق)
   Emergency SL   (n=1670) | μMFE= 1.58%  max= 6.06%  | >0.5%: 1075  >1.0%:  926  >2.0%:  677
   Hard TP        (n= 645) | μMFE= 5.07%  max=15.57%  | >0.5%:  645  >1.0%:  645  >2.0%:  643

▶ ميزانية المخاطرة الكلية
   μ risk/trade : 0.788%
   max risk/trade : 2.562%
   min risk/trade : 0.500%
