19:41:58 [INFO] [Level-2] Numba kernels warm (JIT ready in 0.5s)
19:41:58 [INFO] [Cache] LIVE_ASSET_CACHE_MAX adjusted to 150
19:42:01 [INFO] [TF] timeframe=4h TF_SCALE=0.2500 TF_SECONDS=14400 TF_HOURS=4.000
19:42:01 [INFO] [TF-Unified] N=24 W=20 L=10 ADV_BARS=6 (σ≈0.25× 1h)
19:42:01 [INFO] [Data] mode=backtest | tf=4h | history=180d (1080 bars/symbol) | quality=degraded | source=user(180d)
19:42:01 [WARNING] [Data] degraded quality: tail=1080 < strict_min/2=5012. Many assets may be skipped by degenerate detection. Recommended minimum for 4h: --history-days 2339.
19:42:01 [INFO] [Trail] Trailing Stop Loss DISABLED — SL is fixed
19:42:01 [INFO] [Backtest] --no-fixed-price: entry target will be derived from close[sig.close_idx] × (1 ± PO_PENETRATION_BPS)
19:42:01 [INFO] [Watch] Watch-then-trigger ENABLED (κ_prox=0.5, swing_lookback=60, phase1_timeout=16h)
19:42:01 [INFO] [OppTP] Opposite-Signal Adaptive TP DISABLED
19:42:01 [INFO] [TradeLog] Logging trades to results/trades_baseline_180d.jsonl
19:42:01 [INFO] §1  مسح أعلى 15 عملة...
19:42:01 [INFO] §2  جلب البيانات (متوازٍ)...
19:42:12 [INFO]   ✓ BNB/USDT      : 1,080 شمعة
19:42:12 [INFO]   ✓ ADA/USDT      : 1,080 شمعة
19:42:13 [INFO]   ✓ ETH/USDT      : 1,080 شمعة
19:42:13 [INFO]   ✓ BTC/USDT      : 1,080 شمعة
19:42:13 [INFO]   ✓ AVAX/USDT     : 1,080 شمعة
19:42:13 [INFO]   ✓ LINK/USDT     : 1,080 شمعة
19:42:13 [INFO]   ✓ SOL/USDT      : 1,080 شمعة
19:42:14 [INFO]   ✓ LTC/USDT      : 1,080 شمعة
19:42:14 [INFO]   ✓ UNI/USDT      : 1,080 شمعة
19:42:14 [INFO]   ✓ DOT/USDT      : 1,080 شمعة
19:42:14 [INFO]   ✓ ATOM/USDT     : 1,080 شمعة
19:42:14 [INFO]   ✓ ETC/USDT      : 1,080 شمعة
19:42:14 [INFO]   ✓ TON/USDT      : 1,080 شمعة
19:42:15 [INFO]   ✓ BCH/USDT      : 1,080 شمعة
19:42:15 [INFO]   ✓ TRX/USDT      : 1,080 شمعة
19:42:15 [INFO]   ✓ APT/USDT      : 1,080 شمعة
19:42:15 [INFO]   ✓ NEAR/USDT     : 1,080 شمعة
19:42:15 [INFO]   ✓ HBAR/USDT     : 1,080 شمعة
19:42:15 [INFO]   ✓ STX/USDT      : 1,080 شمعة
19:42:15 [INFO]   ✓ AAVE/USDT     : 1,080 شمعة
19:42:15 [INFO]   ✓ ARB/USDT      : 1,080 شمعة
19:42:15 [INFO]   ✓ SUI/USDT      : 1,080 شمعة
19:42:15 [INFO]   ✓ OP/USDT       : 1,080 شمعة
19:42:16 [INFO]   ✓ TIA/USDT      : 1,080 شمعة
19:42:16 [INFO]   ✓ SEI/USDT      : 1,080 شمعة
19:42:16 [INFO]   ✓ GRT/USDT      : 1,080 شمعة
19:42:16 [INFO]   ✓ RENDER/USDT   : 1,080 شمعة
19:42:16 [INFO]   ✓ FET/USDT      : 1,080 شمعة
19:42:16 [INFO]   ✓ ALGO/USDT     : 1,080 شمعة
19:42:16 [INFO]   ✓ LDO/USDT      : 1,080 شمعة
19:42:17 [INFO]   ✓ KAS/USDT      : 1,080 شمعة
19:42:17 [INFO]   ✓ THETA/USDT    : 1,080 شمعة
19:42:17 [INFO]   ✓ MANA/USDT     : 1,080 شمعة
19:42:17 [INFO]   ✓ WIF/USDT      : 1,080 شمعة
19:42:17 [INFO]   ✓ SAND/USDT     : 1,080 شمعة
19:42:17 [INFO]   ✓ AXS/USDT      : 1,080 شمعة
19:42:17 [INFO]   ✓ XLM/USDT      : 1,080 شمعة
19:42:18 [INFO]   ✓ CHZ/USDT      : 1,080 شمعة
19:42:18 [INFO]   ✓ FIL/USDT      : 1,080 شمعة
19:42:18 [INFO]   ✓ QNT/USDT      : 1,080 شمعة
19:42:18 [INFO]   ✓ POL/USDT      : 1,080 شمعة
19:42:18 [INFO]   ✓ DASH/USDT     : 1,080 شمعة
19:42:18 [INFO]   ✓ FLOW/USDT     : 1,080 شمعة
19:42:19 [INFO]   ✓ IOTA/USDT     : 1,080 شمعة
19:42:19 [INFO]   ✓ CAKE/USDT     : 1,080 شمعة
19:42:19 [INFO]   ✓ NEO/USDT      : 1,080 شمعة
19:42:19 [INFO]   ✓ ROSE/USDT     : 1,080 شمعة
19:42:19 [INFO]   ✓ KAVA/USDT     : 1,080 شمعة
19:42:19 [INFO]   ✓ CRV/USDT      : 1,080 شمعة
19:42:20 [INFO]   ✓ SUSHI/USDT    : 1,080 شمعة
19:42:20 [INFO]   ✓ COMP/USDT     : 1,080 شمعة
19:42:20 [INFO]   ✓ SNX/USDT      : 1,080 شمعة
19:42:20 [INFO]   ✓ YFI/USDT      : 1,080 شمعة
19:42:20 [INFO]   ✓ ZRX/USDT      : 1,080 شمعة
19:42:20 [INFO]   ✓ BAT/USDT      : 1,080 شمعة
19:42:20 [INFO]   ✓ NMR/USDT      : 1,080 شمعة
19:42:20 [INFO]   ✓ STORJ/USDT    : 1,080 شمعة
19:42:20 [INFO]   ✓ ANKR/USDT     : 1,080 شمعة
19:42:20 [INFO]   ✓ BAND/USDT     : 1,080 شمعة
19:42:21 [INFO]   ✓ KSM/USDT      : 1,080 شمعة
19:42:21 [INFO]   ✓ ZEN/USDT      : 1,080 شمعة
19:42:21 [INFO]   ✓ CELO/USDT     : 1,080 شمعة
19:42:21 [INFO]   ✓ MASK/USDT     : 1,080 شمعة
19:42:21 [INFO]   ✓ DYDX/USDT     : 1,080 شمعة
19:42:21 [INFO]   ✓ ENS/USDT      : 1,080 شمعة
19:42:21 [INFO]   ✓ GMX/USDT      : 1,080 شمعة
19:42:22 [INFO]   ✓ HIGH/USDT     : 1,080 شمعة
19:42:22 [INFO]   ✓ MAGIC/USDT    : 1,080 شمعة
19:42:22 [INFO]   ✓ PENDLE/USDT   : 1,080 شمعة
19:42:22 [INFO]   ✓ JOE/USDT      : 1,080 شمعة
19:42:22 [INFO]   ✓ CYBER/USDT    : 1,080 شمعة
19:42:22 [INFO]   ✓ ARKM/USDT     : 1,080 شمعة
19:42:22 [INFO]   ✓ BLUR/USDT     : 1,080 شمعة
19:42:22 [INFO]   ✓ EDU/USDT      : 1,080 شمعة
19:42:22 [INFO]   ✓ WLD/USDT      : 1,080 شمعة
19:42:22 [INFO]   ✓ ID/USDT       : 1,080 شمعة
19:42:23 [INFO]   ✓ ORDI/USDT     : 1,080 شمعة
19:42:23 [INFO]   ✓ JUP/USDT      : 1,080 شمعة
19:42:23 [INFO]   ✓ DYM/USDT      : 1,080 شمعة
19:42:23 [INFO]   ✓ STRK/USDT     : 1,080 شمعة
19:42:23 [INFO]   ✓ PYTH/USDT     : 1,080 شمعة
19:42:23 [INFO]   ✓ JTO/USDT      : 1,080 شمعة
19:42:23 [INFO]   ✓ MANTA/USDT    : 1,080 شمعة
19:42:24 [INFO]   ✓ ALT/USDT      : 1,080 شمعة
19:42:24 [INFO]   ✓ W/USDT        : 1,080 شمعة
19:42:24 [INFO]   ✓ SAGA/USDT     : 1,080 شمعة
19:42:24 [INFO]   ✓ AEVO/USDT     : 1,080 شمعة
19:42:24 [INFO]   ✓ ETHFI/USDT    : 1,080 شمعة
19:42:24 [INFO]   ✓ BB/USDT       : 1,080 شمعة
19:42:24 [INFO]   ✓ IO/USDT       : 1,080 شمعة
19:42:25 [INFO]   ✓ TAIKO/USDT    : 1,080 شمعة
19:42:25 [INFO]   ✓ LISTA/USDT    : 1,080 شمعة
19:42:25 [INFO]   ✓ ZRO/USDT      : 1,080 شمعة
19:42:25 [INFO]   ✓ ZK/USDT       : 1,080 شمعة
19:42:25 [INFO]   ✓ G/USDT        : 1,080 شمعة
19:42:25 [INFO]   ✓ RARE/USDT     : 1,080 شمعة
19:42:25 [INFO]   ✓ SYN/USDT      : 1,080 شمعة
19:42:26 [INFO]   ✓ MERL/USDT     : 1,080 شمعة
19:42:26 [INFO]   ✓ BANANA/USDT   : 1,080 شمعة
19:42:26 [INFO]   ✓ MEW/USDT      : 1,080 شمعة
19:42:26 [INFO]   ✓ ADA/USDT      : 17,280 شمعة 15m
19:42:26 [INFO]   ✓ AVAX/USDT     : 17,280 شمعة 15m
19:42:27 [INFO]   ✓ BNB/USDT      : 17,280 شمعة 15m
19:42:27 [INFO]   ✓ BTC/USDT      : 17,280 شمعة 15m
19:42:27 [INFO]   ✓ ETH/USDT      : 17,280 شمعة 15m
19:42:27 [INFO]   ✓ LINK/USDT     : 17,280 شمعة 15m
19:42:27 [INFO]   ✓ SOL/USDT      : 17,280 شمعة 15m
19:42:27 [INFO]   ✓ LTC/USDT      : 17,280 شمعة 15m
19:42:27 [INFO]   ✓ UNI/USDT      : 17,280 شمعة 15m
19:42:28 [INFO]   ✓ DOT/USDT      : 17,280 شمعة 15m
19:42:28 [INFO]   ✓ ATOM/USDT     : 17,280 شمعة 15m
19:42:28 [INFO]   ✓ ETC/USDT      : 17,280 شمعة 15m
19:42:29 [INFO]   ✓ TRX/USDT      : 17,280 شمعة 15m
19:42:29 [INFO]   ✓ APT/USDT      : 17,280 شمعة 15m
19:42:29 [INFO]   ✓ BCH/USDT      : 17,280 شمعة 15m
19:42:29 [INFO]   ✓ NEAR/USDT     : 17,280 شمعة 15m
19:42:29 [INFO]   ✓ HBAR/USDT     : 17,280 شمعة 15m
19:42:30 [INFO]   ✓ ARB/USDT      : 17,280 شمعة 15m
19:42:30 [INFO]   ✓ STX/USDT      : 17,280 شمعة 15m
19:42:30 [INFO]   ✓ AAVE/USDT     : 17,280 شمعة 15m
19:42:30 [INFO]   ✓ SUI/USDT      : 17,280 شمعة 15m
19:42:31 [INFO]   ✓ OP/USDT       : 17,280 شمعة 15m
19:42:31 [INFO]   ✓ SEI/USDT      : 17,280 شمعة 15m
19:42:31 [INFO]   ✓ TIA/USDT      : 17,280 شمعة 15m
19:42:31 [INFO]   ✓ GRT/USDT      : 17,280 شمعة 15m
19:42:31 [INFO]   ✓ RENDER/USDT   : 17,280 شمعة 15m
19:42:32 [INFO]   ✓ ALGO/USDT     : 17,280 شمعة 15m
19:42:32 [INFO]   ✓ LDO/USDT      : 17,280 شمعة 15m
19:42:32 [INFO]   ✓ FET/USDT      : 17,280 شمعة 15m
19:42:32 [INFO]   ✓ KAS/USDT      : 17,280 شمعة 15m
19:42:33 [INFO]   ✓ MANA/USDT     : 17,280 شمعة 15m
19:42:33 [INFO]   ✓ THETA/USDT    : 17,280 شمعة 15m
19:42:33 [INFO]   ✓ WIF/USDT      : 17,280 شمعة 15m
19:42:33 [INFO]   ✓ SAND/USDT     : 17,280 شمعة 15m
19:42:34 [INFO]   ✓ AXS/USDT      : 17,280 شمعة 15m
19:42:35 [INFO]   ✓ FIL/USDT      : 17,280 شمعة 15m
19:42:35 [INFO]   ✓ CHZ/USDT      : 17,280 شمعة 15m
19:42:35 [INFO]   ✓ XLM/USDT      : 17,280 شمعة 15m
19:42:35 [INFO]   ✓ TON/USDT      : 7,755 شمعة 15m
19:42:35 [INFO]   ✓ QNT/USDT      : 17,280 شمعة 15m
19:42:35 [INFO]   ✓ POL/USDT      : 17,280 شمعة 15m
19:42:36 [INFO]   ✓ CAKE/USDT     : 17,280 شمعة 15m
19:42:36 [INFO]   ✓ FLOW/USDT     : 17,280 شمعة 15m
19:42:36 [INFO]   ✓ IOTA/USDT     : 17,280 شمعة 15m
19:42:36 [INFO]   ✓ DASH/USDT     : 17,280 شمعة 15m
19:42:36 [INFO]   ✓ NEO/USDT      : 17,280 شمعة 15m
19:42:37 [INFO]   ✓ KAVA/USDT     : 17,280 شمعة 15m
19:42:37 [INFO]   ✓ SUSHI/USDT    : 17,280 شمعة 15m
19:42:37 [INFO]   ✓ ROSE/USDT     : 17,280 شمعة 15m
19:42:37 [INFO]   ✓ COMP/USDT     : 17,280 شمعة 15m
19:42:37 [INFO]   ✓ CRV/USDT      : 17,280 شمعة 15m
19:42:37 [INFO]   ✓ SNX/USDT      : 17,280 شمعة 15m
19:42:38 [INFO]   ✓ YFI/USDT      : 17,280 شمعة 15m
19:42:38 [INFO]   ✓ BAT/USDT      : 17,280 شمعة 15m
19:42:38 [INFO]   ✓ NMR/USDT      : 17,280 شمعة 15m
19:42:38 [INFO]   ✓ ZRX/USDT      : 17,280 شمعة 15m
19:42:38 [INFO]   ✓ ANKR/USDT     : 17,280 شمعة 15m
19:42:39 [INFO]   ✓ BAND/USDT     : 17,280 شمعة 15m
19:42:39 [INFO]   ✓ ZEN/USDT      : 17,280 شمعة 15m
19:42:39 [INFO]   ✓ CELO/USDT     : 17,280 شمعة 15m
19:42:39 [INFO]   ✓ KSM/USDT      : 17,280 شمعة 15m
19:42:40 [INFO]   ✓ MASK/USDT     : 17,280 شمعة 15m
19:42:40 [INFO]   ✓ DYDX/USDT     : 17,280 شمعة 15m
19:42:40 [INFO]   ✓ STORJ/USDT    : 13,856 شمعة 15m
19:42:41 [INFO]   ✓ GMX/USDT      : 17,280 شمعة 15m
19:42:41 [INFO]   ✓ ENS/USDT      : 17,280 شمعة 15m
19:42:41 [INFO]   ✓ MAGIC/USDT    : 17,280 شمعة 15m
19:42:41 [INFO]   ✓ PENDLE/USDT   : 17,280 شمعة 15m
19:42:42 [INFO]   ✓ CYBER/USDT    : 17,280 شمعة 15m
19:42:42 [INFO]   ✓ ARKM/USDT     : 17,280 شمعة 15m
19:42:42 [INFO]   ✓ JOE/USDT      : 17,280 شمعة 15m
19:42:42 [INFO]   ✓ BLUR/USDT     : 17,280 شمعة 15m
19:42:42 [INFO]   ✓ EDU/USDT      : 17,280 شمعة 15m
19:42:43 [INFO]   ✓ ID/USDT       : 17,280 شمعة 15m
19:42:43 [INFO]   ✓ WLD/USDT      : 17,280 شمعة 15m
19:42:43 [INFO]   ✓ ORDI/USDT     : 17,280 شمعة 15m
19:42:43 [INFO]   ✓ JUP/USDT      : 17,280 شمعة 15m
19:42:43 [INFO]   ✓ DYM/USDT      : 17,280 شمعة 15m
19:42:43 [INFO]   ✓ STRK/USDT     : 17,280 شمعة 15m
19:42:44 [INFO]   ✓ PYTH/USDT     : 17,280 شمعة 15m
19:42:44 [INFO]   ✓ JTO/USDT      : 17,280 شمعة 15m
19:42:44 [INFO]   ✓ MANTA/USDT    : 17,280 شمعة 15m
19:42:44 [INFO]   ✓ ALT/USDT      : 17,280 شمعة 15m
19:42:44 [INFO]   ✓ W/USDT        : 17,280 شمعة 15m
19:42:45 [INFO]   ✓ SAGA/USDT     : 17,280 شمعة 15m
19:42:45 [INFO]   ✓ AEVO/USDT     : 17,280 شمعة 15m
19:42:45 [INFO]   ✓ ETHFI/USDT    : 17,280 شمعة 15m
19:42:45 [INFO]   ✓ BB/USDT       : 17,280 شمعة 15m
19:42:45 [INFO]   ✓ IO/USDT       : 17,280 شمعة 15m
19:42:46 [INFO]   ✓ TAIKO/USDT    : 17,280 شمعة 15m
19:42:46 [INFO]   ✓ LISTA/USDT    : 17,280 شمعة 15m
19:42:46 [INFO]   ✓ ZRO/USDT      : 17,280 شمعة 15m
19:42:46 [INFO]   ✓ ZK/USDT       : 17,280 شمعة 15m
19:42:46 [INFO]   ✓ RARE/USDT     : 17,280 شمعة 15m
19:42:46 [INFO]   ✓ G/USDT        : 17,280 شمعة 15m
19:42:47 [INFO]   ✓ SYN/USDT      : 17,280 شمعة 15m
19:42:47 [INFO]   ✓ MERL/USDT     : 17,280 شمعة 15m
19:42:47 [INFO]   ✓ BANANA/USDT   : 17,280 شمعة 15m
19:42:47 [INFO]   ✓ MEW/USDT      : 17,280 شمعة 15m
19:42:47 [INFO]   ✓ HIGH/USDT     : 6,559 شمعة 15m
19:42:47 [INFO]   [SubBars] loaded for 100 symbols at 15m
19:42:47 [INFO] §3  معالجة فضاء الحالة (K ديناميكي)...
19:42:47 [INFO]   [Parallel] 8 workers × 100 symbols (cache=on)
╔══════════════════════════════════════════════════════════════════════╗
  [Level-1] Parallel: True  Cache: True
  [Level-2] Numba: True

║  محرك التداول الثرموديناميكي الكمي v6.0 – Singularity Engine     ║
║  الوضع: BACKTEST    |  رأس المال: $100.00              ║
╠══════════════════════════════════════════════════════════════════════╣
║  ① Boltzmann Kelly: BASE=2.0%  λ=0.05  [1.0%–5.0%]  ║
║  ② Topo-Divergence: ε=0.05  (حتمية هندسية)              ║
║  ③ Dynamic-K:       [25–50]  (SNR ∝ 1/m)                     ║
║  ④ Cosmological Λ:  0  (De Sitter drift)                  ║
║  ⑤ T_sync EMA-accel: فلتر التشابك عبر المقاييس                  ║
╚══════════════════════════════════════════════════════════════════════╝

19:43:02 [INFO]   ✓ BNB/USDT       | K=25 | اختبار=  223 | tri_μ=1.33 | [computed]
19:43:02 [INFO]   ✓ AVAX/USDT      | K=25 | اختبار=  214 | tri_μ=1.33 | [computed]
19:43:02 [INFO]   ✓ LINK/USDT      | K=25 | اختبار=  228 | tri_μ=1.33 | [computed]
19:43:02 [INFO]   ✓ SOL/USDT       | K=25 | اختبار=  230 | tri_μ=1.29 | [computed]
19:43:03 [INFO]   ✓ ADA/USDT       | K=25 | اختبار=  219 | tri_μ=1.24 | [computed]
19:43:03 [INFO]   ✓ LTC/USDT       | K=25 | اختبار=  238 | tri_μ=1.30 | [computed]
19:43:03 [INFO]   ✓ UNI/USDT       | K=25 | اختبار=  194 | tri_μ=1.30 | [computed]
19:43:03 [INFO]   ✓ DOT/USDT       | K=25 | اختبار=  226 | tri_μ=1.34 | [computed]
19:43:03 [INFO]   ✓ ATOM/USDT      | K=25 | اختبار=  220 | tri_μ=1.31 | [computed]
19:43:03 [INFO]   ✓ ETC/USDT       | K=25 | اختبار=  206 | tri_μ=1.32 | [computed]
19:43:03 [WARNING] [process_asset] TON/USDT: degenerate clustering (H_train=0.853, H_theo=4.644, ratio=0.184, K=25) — returning None
19:43:03 [WARNING]   ✗ TON/USDT: process_asset returned None
19:43:03 [INFO]   ✓ BCH/USDT       | K=25 | اختبار=  211 | tri_μ=1.22 | [computed]
19:43:03 [INFO]   ✓ TRX/USDT       | K=25 | اختبار=  222 | tri_μ=1.32 | [computed]
19:43:04 [INFO]   ✓ APT/USDT       | K=25 | اختبار=  234 | tri_μ=1.35 | [computed]
19:43:04 [INFO]   ✓ NEAR/USDT      | K=25 | اختبار=  210 | tri_μ=1.28 | [computed]
19:43:04 [INFO]   ✓ HBAR/USDT      | K=25 | اختبار=  206 | tri_μ=1.33 | [computed]
19:43:04 [INFO]   ✓ STX/USDT       | K=25 | اختبار=  205 | tri_μ=1.30 | [computed]
19:43:04 [INFO]   ✓ AAVE/USDT      | K=25 | اختبار=  233 | tri_μ=1.31 | [computed]
19:43:04 [INFO]   ✓ ARB/USDT       | K=25 | اختبار=  187 | tri_μ=1.29 | [computed]
19:43:04 [INFO]   ✓ SUI/USDT       | K=25 | اختبار=  205 | tri_μ=1.29 | [computed]
19:43:04 [INFO]   ✓ OP/USDT        | K=25 | اختبار=  192 | tri_μ=1.32 | [computed]
19:43:04 [INFO]   ✓ ETH/USDT       | K=25 | اختبار=  207 | tri_μ=1.35 | [computed]
19:43:04 [INFO]   ✓ TIA/USDT       | K=25 | اختبار=  206 | tri_μ=1.34 | [computed]
19:43:04 [INFO]   ✓ SEI/USDT       | K=25 | اختبار=  219 | tri_μ=1.31 | [computed]
19:43:05 [INFO]   ✓ GRT/USDT       | K=25 | اختبار=  196 | tri_μ=1.32 | [computed]
19:43:05 [INFO]   ✓ RENDER/USDT    | K=25 | اختبار=  210 | tri_μ=1.31 | [computed]
19:43:05 [INFO]   ✓ FET/USDT       | K=25 | اختبار=  210 | tri_μ=1.34 | [computed]
19:43:05 [INFO]   ✓ ALGO/USDT      | K=25 | اختبار=  192 | tri_μ=1.36 | [computed]
19:43:05 [INFO]   ✓ LDO/USDT       | K=25 | اختبار=  228 | tri_μ=1.36 | [computed]
19:43:05 [INFO]   ✓ KAS/USDT       | K=25 | اختبار=  233 | tri_μ=1.34 | [computed]
19:43:05 [INFO]   ✓ THETA/USDT     | K=25 | اختبار=  241 | tri_μ=1.33 | [computed]
19:43:05 [INFO]   ✓ MANA/USDT      | K=25 | اختبار=  204 | tri_μ=1.32 | [computed]
19:43:05 [INFO]   ✓ WIF/USDT       | K=25 | اختبار=  231 | tri_μ=1.31 | [computed]
19:43:05 [INFO]   ✓ SAND/USDT      | K=25 | اختبار=  205 | tri_μ=1.36 | [computed]
19:43:05 [INFO]   ✓ XLM/USDT       | K=25 | اختبار=  205 | tri_μ=1.30 | [computed]
19:43:05 [INFO]   ✓ CHZ/USDT       | K=25 | اختبار=  217 | tri_μ=1.28 | [computed]
19:43:06 [INFO]   ✓ FIL/USDT       | K=25 | اختبار=  223 | tri_μ=1.31 | [computed]
19:43:06 [INFO]   ✓ QNT/USDT       | K=25 | اختبار=  195 | tri_μ=1.32 | [computed]
19:43:06 [INFO]   ✓ POL/USDT       | K=25 | اختبار=  226 | tri_μ=1.33 | [computed]
19:43:06 [INFO]   ✓ DASH/USDT      | K=25 | اختبار=  216 | tri_μ=1.31 | [computed]
19:43:06 [INFO]   ✓ IOTA/USDT      | K=25 | اختبار=  210 | tri_μ=1.28 | [computed]
19:43:06 [INFO]   ✓ FLOW/USDT      | K=25 | اختبار=  250 | tri_μ=1.26 | [computed]
19:43:06 [INFO]   ✓ CAKE/USDT      | K=25 | اختبار=  204 | tri_μ=1.31 | [computed]
19:43:06 [INFO]   ✓ NEO/USDT       | K=25 | اختبار=  228 | tri_μ=1.35 | [computed]
19:43:06 [INFO]   ✓ ROSE/USDT      | K=25 | اختبار=  215 | tri_μ=1.31 | [computed]
19:43:07 [INFO]   ✓ SUSHI/USDT     | K=25 | اختبار=  232 | tri_μ=1.32 | [computed]
19:43:07 [INFO]   ✓ KAVA/USDT      | K=25 | اختبار=  230 | tri_μ=1.34 | [computed]
19:43:07 [INFO]   ✓ COMP/USDT      | K=25 | اختبار=  224 | tri_μ=1.30 | [computed]
19:43:07 [INFO]   ✓ CRV/USDT       | K=25 | اختبار=  217 | tri_μ=1.32 | [computed]
19:43:07 [INFO]   ✓ SNX/USDT       | K=25 | اختبار=  233 | tri_μ=1.32 | [computed]
19:43:07 [INFO]   ✓ YFI/USDT       | K=25 | اختبار=  171 | tri_μ=1.31 | [computed]
19:43:07 [INFO]   ✓ ZRX/USDT       | K=25 | اختبار=  224 | tri_μ=1.34 | [computed]
19:43:07 [INFO]   ✓ BAT/USDT       | K=25 | اختبار=  225 | tri_μ=1.34 | [computed]
19:43:07 [INFO]   ✓ NMR/USDT       | K=25 | اختبار=  265 | tri_μ=1.29 | [computed]
19:43:07 [INFO]   ✓ STORJ/USDT     | K=25 | اختبار=  139 | tri_μ=1.24 | [computed]
19:43:07 [INFO]   ✓ ANKR/USDT      | K=25 | اختبار=  209 | tri_μ=1.29 | [computed]
19:43:08 [INFO]   ✓ BAND/USDT      | K=25 | اختبار=  247 | tri_μ=1.31 | [computed]
19:43:08 [INFO]   ✓ KSM/USDT       | K=25 | اختبار=  215 | tri_μ=1.30 | [computed]
19:43:08 [INFO]   ✓ ZEN/USDT       | K=25 | اختبار=  208 | tri_μ=1.31 | [computed]
19:43:08 [INFO]   ✓ BTC/USDT       | K=25 | اختبار=  206 | tri_μ=1.41 | [computed]
19:43:08 [INFO]   ✓ CELO/USDT      | K=25 | اختبار=  224 | tri_μ=1.33 | [computed]
19:43:08 [INFO]   ✓ MASK/USDT      | K=25 | اختبار=  221 | tri_μ=1.30 | [computed]
19:43:08 [INFO]   ✓ DYDX/USDT      | K=25 | اختبار=  194 | tri_μ=1.29 | [computed]
19:43:08 [WARNING] [process_asset] HIGH/USDT: degenerate clustering (H_train=1.132, H_theo=4.644, ratio=0.244, K=25) — returning None
19:43:08 [WARNING]   ✗ HIGH/USDT: process_asset returned None
19:43:08 [INFO]   ✓ ENS/USDT       | K=25 | اختبار=  215 | tri_μ=1.31 | [computed]
19:43:08 [INFO]   ✓ GMX/USDT       | K=25 | اختبار=  217 | tri_μ=1.31 | [computed]
19:43:09 [INFO]   ✓ MAGIC/USDT     | K=25 | اختبار=  211 | tri_μ=1.28 | [computed]
19:43:09 [INFO]   ✓ PENDLE/USDT    | K=25 | اختبار=  211 | tri_μ=1.30 | [computed]
19:43:09 [INFO]   ✓ JOE/USDT       | K=25 | اختبار=  214 | tri_μ=1.33 | [computed]
19:43:09 [INFO]   ✓ CYBER/USDT     | K=25 | اختبار=  222 | tri_μ=1.34 | [computed]
19:43:09 [INFO]   ✓ ARKM/USDT      | K=25 | اختبار=  233 | tri_μ=1.32 | [computed]
19:43:09 [INFO]   ✓ EDU/USDT       | K=25 | اختبار=  195 | tri_μ=1.33 | [computed]
19:43:09 [INFO]   ✓ BLUR/USDT      | K=25 | اختبار=  218 | tri_μ=1.28 | [computed]
19:43:09 [INFO]   ✓ WLD/USDT       | K=25 | اختبار=  207 | tri_μ=1.32 | [computed]
19:43:09 [INFO]   ✓ ID/USDT        | K=25 | اختبار=  199 | tri_μ=1.25 | [computed]
19:43:09 [INFO]   ✓ ORDI/USDT      | K=25 | اختبار=  223 | tri_μ=1.29 | [computed]
19:43:09 [INFO]   ✓ JUP/USDT       | K=25 | اختبار=  225 | tri_μ=1.32 | [computed]
19:43:09 [INFO]   ✓ STRK/USDT      | K=25 | اختبار=  202 | tri_μ=1.34 | [computed]
19:43:09 [INFO]   ✓ PYTH/USDT      | K=25 | اختبار=  215 | tri_μ=1.36 | [computed]
19:43:09 [WARNING] [process_asset] ALT/USDT: degenerate clustering (H_train=1.057, H_theo=4.644, ratio=0.228, K=25) — returning None
19:43:09 [WARNING]   ✗ ALT/USDT: process_asset returned None
19:43:09 [INFO]   ✓ MANTA/USDT     | K=25 | اختبار=  218 | tri_μ=1.28 | [computed]
19:43:09 [INFO]   ✓ JTO/USDT       | K=25 | اختبار=  214 | tri_μ=1.26 | [computed]
19:43:10 [INFO]   ✓ SAGA/USDT      | K=25 | اختبار=  209 | tri_μ=1.28 | [computed]
19:43:10 [INFO]   ✓ AEVO/USDT      | K=25 | اختبار=  210 | tri_μ=1.31 | [computed]
19:43:10 [INFO]   ✓ ETHFI/USDT     | K=25 | اختبار=  211 | tri_μ=1.31 | [computed]
19:43:10 [INFO]   ✓ W/USDT         | K=25 | اختبار=  195 | tri_μ=1.24 | [computed]
19:43:10 [INFO]   ✓ BB/USDT        | K=25 | اختبار=  176 | tri_μ=1.31 | [computed]
19:43:10 [INFO]   ✓ IO/USDT        | K=25 | اختبار=  211 | tri_μ=1.32 | [computed]
19:43:10 [INFO]   ✓ TAIKO/USDT     | K=25 | اختبار=  188 | tri_μ=1.28 | [computed]
19:43:10 [INFO]   ✓ ZRO/USDT       | K=25 | اختبار=  214 | tri_μ=1.31 | [computed]
19:43:10 [INFO]   ✓ LISTA/USDT     | K=25 | اختبار=  231 | tri_μ=1.29 | [computed]
19:43:10 [INFO]   ✓ ZK/USDT        | K=25 | اختبار=  203 | tri_μ=1.31 | [computed]
19:43:10 [INFO]   ✓ SYN/USDT       | K=25 | اختبار=  184 | tri_μ=1.24 | [computed]
19:43:10 [INFO]   ✓ G/USDT         | K=25 | اختبار=  190 | tri_μ=1.25 | [computed]
19:43:10 [INFO]   ✓ RARE/USDT      | K=25 | اختبار=  209 | tri_μ=1.30 | [computed]
19:43:10 [WARNING] [process_asset] MEW/USDT: degenerate clustering (H_train=0.341, H_theo=4.644, ratio=0.073, K=25) — returning None
19:43:10 [WARNING]   ✗ MEW/USDT: process_asset returned None
19:43:11 [INFO]   ✓ MERL/USDT      | K=25 | اختبار=  235 | tri_μ=1.29 | [computed]
19:43:11 [INFO]   ✓ BANANA/USDT    | K=25 | اختبار=  222 | tri_μ=1.29 | [computed]
19:43:12 [INFO]   ✓ AXS/USDT       | K=25 | اختبار=  211 | tri_μ=1.36 | [computed]
19:43:14 [INFO]   ✓ DYM/USDT       | K=25 | اختبار=  207 | tri_μ=1.30 | [computed]
19:43:17 [INFO]   [Parallel] done in 29.4s  (cache=0, computed=96, errors=4)
19:43:17 [INFO] §4  مصفوفة الارتباط...
19:43:17 [INFO]   أزواج مرتبطة (ρ>0.7): 27
19:43:17 [INFO] §5  بناء الإشارات (①②④⑤ مُفعَّلة)...
19:43:17 [INFO] [Gauge-Filter] thresholds: BUY>p60=0.16644, SELL>p85=0.19693 (pool=47176)
19:43:19 [INFO]   ✔ 5,227 إشارة
19:43:19 [INFO]   T_info: μ=4.267 | σ=2.160
19:43:19 [INFO]   risk_dynamic: μ=1.975% | max=2.59%
19:43:19 [INFO]   BUY=3,548 | SELL=1,679 (Λ=0)
19:43:19 [INFO] §6  محاكاة المحفظة متعددة المراكز...
19:43:19 [INFO]   [Backtest Realism] Entry fills: 3,529/5,227 (67.5%) [pen=1.0bps, wait=live=0s → 6 bars]
19:43:24 [INFO]   ✔ 1,753 صفقة
19:43:24 [INFO] §7  انحدار الإنتروبيا...
19:43:24 [INFO]   BNB/USDT      : b=-0.00023  R²=0.004  [neutral]
19:43:24 [INFO]   AVAX/USDT     : b=-0.00062  R²=0.035  [neutral]
19:43:24 [INFO]   LINK/USDT     : b=-0.00144  R²=0.134  [decreasing]
19:43:24 [INFO]   SOL/USDT      : b=-0.00049  R²=0.015  [neutral]
19:43:27 [INFO] 📊 quantum_v6_results.png
19:43:27 [INFO] ✅ اكتمل.
19:43:27 [INFO]    E[ln(1+fR)] = +0.001189
19:43:27 [INFO]    MaxDrawdown  = 62.79%
19:43:27 [INFO]    Topo-Exits   = 0.0%
19:43:27 [INFO]    AvgRisk      = 0.918%
19:43:27 [INFO] [Diagnostic] Close-and-reverse within 3h: 0

════════════════════════════════════════════════════════════════════════
   📊  محرك التداول الثرموديناميكي الكمي v6.0  [BACKTEST]
   🌌  محرك التفرد – Singularity Engine
════════════════════════════════════════════════════════════════════════

▶ المقياس الأساسي (م٦): E[ln(1+fR)] لكل صفقة
   متوسط  : +0.001189
   وسيط   : -0.005400
   انحراف : 0.018075
   → ✅ حافة إيجابية

▶ إحصاءات الصفقات
   عدد الصفقات      : 1,753
   شراء / بيع        : 1,275 / 478
   نسبة النجاح      : 18.82%
   عامل الربح (PF)  : 1.100
   متوسط الربح      : $332.2928
   متوسط الخسارة   : $-70.0553
   شارب (سنوي)      : 1.044
   دخول مُحسَّن       : 0  (0.0%)

▶ التعديلات الجديدة (v6.0)
   ① متوسط T_info (حرارة معلوماتية) : 4.3471
   ① متوسط المخاطرة الديناميكية     : 0.918%
   ② خروج توبولوجي (Topo-Div)       : 0  (0.0%)
   خروج TRI مبكر                    : 0  (0.0%)
   انزلاق إجمالي                    : $10,768.48

▶ رأس المال (مقياس ثانوي)
   ابتدائي: $100.00  →  نهائي: $59,810.80
   العائد الكلي     : 59,710.8%
   أقصى انخفاض     : 62.79%  ($23,360.59)

▶ تحذير السيولة (م٦): 0 (0.0%)  ✅ معقول

▶ توزيع أسباب الخروج
   Emergency SL             :   1,505  (85.9%)
   Hard TP                  :     209  (11.9%)
   MaxHold                  :      34  (1.9%)
   EndOfData                :       5  (0.3%)

════════════════════════════════════════════════════════════════════════


▶ تحليل MFE (أقصى ربح غير مُحقَّق)
   Emergency SL   (n=1505) | μMFE= 2.00%  max=11.09%  | >0.5%:  942  >1.0%:  814  >2.0%:  618
   Hard TP        (n= 209) | μMFE=11.91%  max=29.32%  | >0.5%:  209  >1.0%:  209  >2.0%:  209

▶ ميزانية المخاطرة الكلية
   μ risk/trade : 0.918%
   max risk/trade : 2.608%
   min risk/trade : 0.500%
