19:35:43 [INFO] [Level-2] Numba kernels warm (JIT ready in 0.5s)
19:35:43 [INFO] [Cache] LIVE_ASSET_CACHE_MAX adjusted to 150
19:35:45 [INFO] [TF] timeframe=4h TF_SCALE=0.2500 TF_SECONDS=14400 TF_HOURS=4.000
19:35:45 [INFO] [TF-Unified] N=24 W=20 L=10 ADV_BARS=6 (σ≈0.25× 1h)
19:35:45 [INFO] [Data] mode=backtest | tf=4h | history=90d (540 bars/symbol) | quality=degraded | source=user(90d)
19:35:45 [WARNING] [Data] degraded quality: tail=540 < strict_min/2=5012. Many assets may be skipped by degenerate detection. Recommended minimum for 4h: --history-days 2339.
19:35:45 [INFO] [Trail] Trailing Stop Loss DISABLED — SL is fixed
19:35:45 [INFO] [Backtest] --no-fixed-price: entry target will be derived from close[sig.close_idx] × (1 ± PO_PENETRATION_BPS)
19:35:45 [INFO] [Watch] Watch-then-trigger ENABLED (κ_prox=0.5, swing_lookback=60, phase1_timeout=16h)
19:35:45 [INFO] [Gauge] Filter ENABLED
19:35:45 [INFO] [Gauge] SELL DISABLED — BUY-only mode
19:35:45 [INFO] [OppTP] Opposite-Signal Adaptive TP DISABLED
19:35:45 [INFO] [TradeLog] Logging trades to results/trades_buy_p50_90d.jsonl
19:35:45 [INFO] §1  مسح أعلى 15 عملة...
19:35:45 [INFO] §2  جلب البيانات (متوازٍ)...
19:35:59 [INFO]   ✓ SOL/USDT      : 540 شمعة
19:35:59 [INFO]   ✓ ADA/USDT      : 540 شمعة
19:35:59 [INFO]   ✓ BNB/USDT      : 540 شمعة
19:35:59 [INFO]   ✓ ETH/USDT      : 540 شمعة
19:36:00 [INFO]   ✓ BTC/USDT      : 540 شمعة
19:36:00 [INFO]   ✓ LTC/USDT      : 540 شمعة
19:36:00 [INFO]   ✓ LINK/USDT     : 540 شمعة
19:36:00 [INFO]   ✓ DOT/USDT      : 540 شمعة
19:36:00 [INFO]   ✓ AVAX/USDT     : 540 شمعة
19:36:00 [INFO]   ✓ UNI/USDT      : 540 شمعة
19:36:00 [INFO]   ✓ ATOM/USDT     : 540 شمعة
19:36:01 [INFO]   ✓ ETC/USDT      : 540 شمعة
19:36:01 [INFO]   ✓ BCH/USDT      : 540 شمعة
19:36:01 [INFO]   ✓ TRX/USDT      : 540 شمعة
19:36:01 [INFO]   ✓ TON/USDT      : 540 شمعة
19:36:01 [INFO]   ✓ NEAR/USDT     : 540 شمعة
19:36:02 [INFO]   ✓ HBAR/USDT     : 540 شمعة
19:36:02 [INFO]   ✓ STX/USDT      : 540 شمعة
19:36:02 [INFO]   ✓ APT/USDT      : 540 شمعة
19:36:02 [INFO]   ✓ AAVE/USDT     : 540 شمعة
19:36:02 [INFO]   ✓ ARB/USDT      : 540 شمعة
19:36:02 [INFO]   ✓ OP/USDT       : 540 شمعة
19:36:02 [INFO]   ✓ SUI/USDT      : 540 شمعة
19:36:03 [INFO]   ✓ TIA/USDT      : 540 شمعة
19:36:03 [INFO]   ✓ SEI/USDT      : 540 شمعة
19:36:03 [INFO]   ✓ ALGO/USDT     : 540 شمعة
19:36:03 [INFO]   ✓ GRT/USDT      : 540 شمعة
19:36:03 [INFO]   ✓ FET/USDT      : 540 شمعة
19:36:03 [INFO]   ✓ RENDER/USDT   : 540 شمعة
19:36:04 [INFO]   ✓ LDO/USDT      : 540 شمعة
19:36:04 [INFO]   ✓ KAS/USDT      : 540 شمعة
19:36:04 [INFO]   ✓ WIF/USDT      : 540 شمعة
19:36:04 [INFO]   ✓ THETA/USDT    : 540 شمعة
19:36:04 [INFO]   ✓ SAND/USDT     : 540 شمعة
19:36:04 [INFO]   ✓ MANA/USDT     : 540 شمعة
19:36:05 [INFO]   ✓ XLM/USDT      : 540 شمعة
19:36:05 [INFO]   ✓ POL/USDT      : 540 شمعة
19:36:05 [INFO]   ✓ AXS/USDT      : 540 شمعة
19:36:05 [INFO]   ✓ CHZ/USDT      : 540 شمعة
19:36:05 [INFO]   ✓ FIL/USDT      : 540 شمعة
19:36:05 [INFO]   ✓ FLOW/USDT     : 540 شمعة
19:36:06 [INFO]   ✓ CAKE/USDT     : 540 شمعة
19:36:06 [INFO]   ✓ DASH/USDT     : 540 شمعة
19:36:06 [INFO]   ✓ ROSE/USDT     : 540 شمعة
19:36:06 [INFO]   ✓ QNT/USDT      : 540 شمعة
19:36:06 [INFO]   ✓ IOTA/USDT     : 540 شمعة
19:36:06 [INFO]   ✓ NEO/USDT      : 540 شمعة
19:36:07 [INFO]   ✓ COMP/USDT     : 540 شمعة
19:36:07 [INFO]   ✓ CRV/USDT      : 540 شمعة
19:36:07 [INFO]   ✓ KAVA/USDT     : 540 شمعة
19:36:07 [INFO]   ✓ SNX/USDT      : 540 شمعة
19:36:07 [INFO]   ✓ SUSHI/USDT    : 540 شمعة
19:36:07 [INFO]   ✓ YFI/USDT      : 540 شمعة
19:36:08 [INFO]   ✓ ZRX/USDT      : 540 شمعة
19:36:08 [INFO]   ✓ BAND/USDT     : 540 شمعة
19:36:08 [INFO]   ✓ BAT/USDT      : 540 شمعة
19:36:08 [INFO]   ✓ ANKR/USDT     : 540 شمعة
19:36:08 [INFO]   ✓ NMR/USDT      : 540 شمعة
19:36:08 [INFO]   ✓ STORJ/USDT    : 540 شمعة
19:36:08 [INFO]   ✓ MASK/USDT     : 540 شمعة
19:36:09 [INFO]   ✓ CELO/USDT     : 540 شمعة
19:36:09 [INFO]   ✓ KSM/USDT      : 540 شمعة
19:36:09 [INFO]   ✓ ZEN/USDT      : 540 شمعة
19:36:09 [INFO]   ✓ DYDX/USDT     : 540 شمعة
19:36:09 [INFO]   ✓ ENS/USDT      : 540 شمعة
19:36:09 [INFO]   ✓ GMX/USDT      : 540 شمعة
19:36:09 [INFO]   ✓ PENDLE/USDT   : 540 شمعة
19:36:09 [INFO]   ✓ HIGH/USDT     : 540 شمعة
19:36:09 [INFO]   ✓ MAGIC/USDT    : 540 شمعة
19:36:09 [INFO]   ✓ JOE/USDT      : 540 شمعة
19:36:10 [INFO]   ✓ CYBER/USDT    : 540 شمعة
19:36:10 [INFO]   ✓ ARKM/USDT     : 540 شمعة
19:36:10 [INFO]   ✓ ID/USDT       : 540 شمعة
19:36:10 [INFO]   ✓ BLUR/USDT     : 540 شمعة
19:36:10 [INFO]   ✓ WLD/USDT      : 540 شمعة
19:36:10 [INFO]   ✓ EDU/USDT      : 540 شمعة
19:36:11 [INFO]   ✓ ORDI/USDT     : 540 شمعة
19:36:11 [INFO]   ✓ JUP/USDT      : 540 شمعة
19:36:11 [INFO]   ✓ JTO/USDT      : 540 شمعة
19:36:11 [INFO]   ✓ PYTH/USDT     : 540 شمعة
19:36:11 [INFO]   ✓ STRK/USDT     : 540 شمعة
19:36:11 [INFO]   ✓ DYM/USDT      : 540 شمعة
19:36:11 [INFO]   ✓ MANTA/USDT    : 540 شمعة
19:36:12 [INFO]   ✓ ALT/USDT      : 540 شمعة
19:36:12 [INFO]   ✓ ETHFI/USDT    : 540 شمعة
19:36:12 [INFO]   ✓ SAGA/USDT     : 540 شمعة
19:36:12 [INFO]   ✓ W/USDT        : 540 شمعة
19:36:12 [INFO]   ✓ AEVO/USDT     : 540 شمعة
19:36:12 [INFO]   ✓ BB/USDT       : 540 شمعة
19:36:13 [INFO]   ✓ IO/USDT       : 540 شمعة
19:36:13 [INFO]   ✓ ZRO/USDT      : 540 شمعة
19:36:13 [INFO]   ✓ LISTA/USDT    : 540 شمعة
19:36:13 [INFO]   ✓ ZK/USDT       : 540 شمعة
19:36:13 [INFO]   ✓ TAIKO/USDT    : 540 شمعة
19:36:13 [INFO]   ✓ G/USDT        : 540 شمعة
19:36:14 [INFO]   ✓ RARE/USDT     : 540 شمعة
19:36:14 [INFO]   ✓ SYN/USDT      : 540 شمعة
19:36:14 [INFO]   ✓ BANANA/USDT   : 540 شمعة
19:36:14 [INFO]   ✓ MERL/USDT     : 540 شمعة
19:36:14 [INFO]   ✓ MEW/USDT      : 540 شمعة
19:36:15 [INFO]   ✓ SOL/USDT      : 8,640 شمعة 15m
19:36:15 [INFO]   ✓ ADA/USDT      : 8,640 شمعة 15m
19:36:15 [INFO]   ✓ BNB/USDT      : 8,640 شمعة 15m
19:36:16 [INFO]   ✓ ETH/USDT      : 8,640 شمعة 15m
19:36:16 [INFO]   ✓ BTC/USDT      : 8,640 شمعة 15m
19:36:16 [INFO]   ✓ LTC/USDT      : 8,640 شمعة 15m
19:36:16 [INFO]   ✓ LINK/USDT     : 8,640 شمعة 15m
19:36:16 [INFO]   ✓ UNI/USDT      : 8,640 شمعة 15m
19:36:16 [INFO]   ✓ DOT/USDT      : 8,640 شمعة 15m
19:36:16 [INFO]   ✓ AVAX/USDT     : 8,640 شمعة 15m
19:36:17 [INFO]   ✓ ATOM/USDT     : 8,640 شمعة 15m
19:36:17 [INFO]   ✓ ETC/USDT      : 8,640 شمعة 15m
19:36:17 [INFO]   ✓ BCH/USDT      : 8,640 شمعة 15m
19:36:17 [INFO]   ✓ TRX/USDT      : 8,640 شمعة 15m
19:36:17 [INFO]   ✓ HBAR/USDT     : 8,640 شمعة 15m
19:36:17 [INFO]   ✓ NEAR/USDT     : 8,640 شمعة 15m
19:36:18 [INFO]   ✓ STX/USDT      : 8,640 شمعة 15m
19:36:18 [INFO]   ✓ AAVE/USDT     : 8,640 شمعة 15m
19:36:18 [INFO]   ✓ ARB/USDT      : 8,640 شمعة 15m
19:36:18 [INFO]   ✓ APT/USDT      : 8,640 شمعة 15m
19:36:18 [INFO]   ✓ OP/USDT       : 8,640 شمعة 15m
19:36:19 [INFO]   ✓ ALGO/USDT     : 8,640 شمعة 15m
19:36:19 [INFO]   ✓ SEI/USDT      : 8,640 شمعة 15m
19:36:19 [INFO]   ✓ SUI/USDT      : 8,640 شمعة 15m
19:36:19 [INFO]   ✓ TIA/USDT      : 8,640 شمعة 15m
19:36:20 [INFO]   ✓ GRT/USDT      : 8,640 شمعة 15m
19:36:20 [INFO]   ✓ FET/USDT      : 8,640 شمعة 15m
19:36:20 [INFO]   ✓ RENDER/USDT   : 8,640 شمعة 15m
19:36:20 [INFO]   ✓ LDO/USDT      : 8,640 شمعة 15m
19:36:20 [INFO]   ✓ KAS/USDT      : 8,640 شمعة 15m
19:36:21 [INFO]   ✓ THETA/USDT    : 8,640 شمعة 15m
19:36:21 [INFO]   ✓ SAND/USDT     : 8,640 شمعة 15m
19:36:21 [INFO]   ✓ WIF/USDT      : 8,640 شمعة 15m
19:36:21 [INFO]   ✓ MANA/USDT     : 8,640 شمعة 15m
19:36:21 [INFO]   ✓ XLM/USDT      : 8,640 شمعة 15m
19:36:22 [INFO]   ✓ AXS/USDT      : 8,640 شمعة 15m
19:36:22 [INFO]   ✓ POL/USDT      : 8,640 شمعة 15m
19:36:22 [INFO]   ✓ CHZ/USDT      : 8,640 شمعة 15m
19:36:22 [INFO]   ✓ FIL/USDT      : 8,640 شمعة 15m
19:36:22 [INFO]   ✓ FLOW/USDT     : 8,640 شمعة 15m
19:36:22 [INFO]   ✓ CAKE/USDT     : 8,640 شمعة 15m
19:36:23 [INFO]   ✓ DASH/USDT     : 8,640 شمعة 15m
19:36:23 [INFO]   ✓ ROSE/USDT     : 8,640 شمعة 15m
19:36:23 [INFO]   ✓ QNT/USDT      : 8,640 شمعة 15m
19:36:23 [INFO]   ✓ NEO/USDT      : 8,640 شمعة 15m
19:36:23 [INFO]   ✓ IOTA/USDT     : 8,640 شمعة 15m
19:36:24 [INFO]   ✓ COMP/USDT     : 8,640 شمعة 15m
19:36:24 [INFO]   ✓ SNX/USDT      : 8,640 شمعة 15m
19:36:24 [INFO]   ✓ KAVA/USDT     : 8,640 شمعة 15m
19:36:24 [INFO]   ✓ CRV/USDT      : 8,640 شمعة 15m
19:36:24 [INFO]   ✓ SUSHI/USDT    : 8,640 شمعة 15m
19:36:24 [INFO]   ✓ YFI/USDT      : 8,640 شمعة 15m
19:36:25 [INFO]   ✓ BAND/USDT     : 8,640 شمعة 15m
19:36:25 [INFO]   ✓ BAT/USDT      : 8,640 شمعة 15m
19:36:25 [INFO]   ✓ ANKR/USDT     : 8,640 شمعة 15m
19:36:26 [INFO]   ✓ ZRX/USDT      : 8,640 شمعة 15m
19:36:26 [INFO]   ✓ NMR/USDT      : 8,640 شمعة 15m
19:36:26 [INFO]   ✓ MASK/USDT     : 8,640 شمعة 15m
19:36:26 [INFO]   ✓ CELO/USDT     : 8,640 شمعة 15m
19:36:26 [INFO]   ✓ KSM/USDT      : 8,640 شمعة 15m
19:36:26 [INFO]   ✓ ZEN/USDT      : 8,640 شمعة 15m
19:36:26 [INFO]   ✓ DYDX/USDT     : 8,640 شمعة 15m
19:36:27 [INFO]   ✓ GMX/USDT      : 8,640 شمعة 15m
19:36:27 [INFO]   ✓ PENDLE/USDT   : 8,640 شمعة 15m
19:36:27 [INFO]   ✓ ENS/USDT      : 8,640 شمعة 15m
19:36:28 [INFO]   ✓ MAGIC/USDT    : 8,640 شمعة 15m
19:36:28 [INFO]   ✓ STORJ/USDT    : 5,212 شمعة 15m
19:36:28 [INFO]   ✓ CYBER/USDT    : 8,640 شمعة 15m
19:36:28 [INFO]   ✓ JOE/USDT      : 8,640 شمعة 15m
19:36:28 [INFO]   ✓ ARKM/USDT     : 8,640 شمعة 15m
19:36:29 [INFO]   ✓ BLUR/USDT     : 8,640 شمعة 15m
19:36:29 [INFO]   ✓ WLD/USDT      : 8,640 شمعة 15m
19:36:29 [INFO]   ✓ ID/USDT       : 8,640 شمعة 15m
19:36:29 [INFO]   ✓ EDU/USDT      : 8,640 شمعة 15m
19:36:29 [INFO]   ✓ ORDI/USDT     : 8,640 شمعة 15m
19:36:30 [INFO]   ✓ JTO/USDT      : 8,640 شمعة 15m
19:36:30 [INFO]   ✓ PYTH/USDT     : 8,640 شمعة 15m
19:36:30 [INFO]   ✓ JUP/USDT      : 8,640 شمعة 15m
19:36:30 [INFO]   ✓ STRK/USDT     : 8,640 شمعة 15m
19:36:31 [INFO]   ✓ DYM/USDT      : 8,640 شمعة 15m
19:36:31 [INFO]   ✓ MANTA/USDT    : 8,640 شمعة 15m
19:36:31 [INFO]   ✓ ALT/USDT      : 8,640 شمعة 15m
19:36:31 [INFO]   ✓ ETHFI/USDT    : 8,640 شمعة 15m
19:36:31 [INFO]   ✓ SAGA/USDT     : 8,640 شمعة 15m
19:36:31 [INFO]   ✓ AEVO/USDT     : 8,640 شمعة 15m
19:36:31 [INFO]   ✓ W/USDT        : 8,640 شمعة 15m
19:36:32 [INFO]   ✓ BB/USDT       : 8,640 شمعة 15m
19:36:32 [INFO]   ✓ LISTA/USDT    : 8,640 شمعة 15m
19:36:32 [INFO]   ✓ ZRO/USDT      : 8,640 شمعة 15m
19:36:32 [INFO]   ✓ IO/USDT       : 8,640 شمعة 15m
19:36:32 [INFO]   ✓ ZK/USDT       : 8,640 شمعة 15m
19:36:33 [INFO]   ✓ TAIKO/USDT    : 8,640 شمعة 15m
19:36:33 [INFO]   ✓ SYN/USDT      : 8,640 شمعة 15m
19:36:33 [INFO]   ✓ RARE/USDT     : 8,640 شمعة 15m
19:36:33 [INFO]   ✓ G/USDT        : 8,640 شمعة 15m
19:36:33 [INFO]   ✓ BANANA/USDT   : 8,640 شمعة 15m
19:36:34 [INFO]   ✓ MERL/USDT     : 8,640 شمعة 15m
19:36:34 [INFO]   ✓ MEW/USDT      : 8,640 شمعة 15m
19:36:34 [INFO]   [SubBars] loaded for 98 symbols at 15m
19:36:34 [INFO] §3  معالجة فضاء الحالة (K ديناميكي)...
19:36:34 [INFO]   [Parallel] 8 workers × 100 symbols (cache=on)
╔══════════════════════════════════════════════════════════════════════╗
  [Level-1] Parallel: True  Cache: True
  [Level-2] Numba: True

║  محرك التداول الثرموديناميكي الكمي v6.0 – Singularity Engine     ║
║  الوضع: BACKTEST    |  رأس المال: $100.00              ║
╠══════════════════════════════════════════════════════════════════════╣
║  ① Boltzmann Kelly: BASE=2.0%  λ=0.05  [1.0%–5.0%]  ║
║  ② Topo-Divergence: ε=0.05  (حتمية هندسية)              ║
║  ③ Dynamic-K:       [25–50]  (SNR ∝ 1/m)                     ║
║  ④ Cosmological Λ:  0  (De Sitter drift)                  ║
║  ⑤ T_sync EMA-accel: فلتر التشابك عبر المقاييس                  ║
╚══════════════════════════════════════════════════════════════════════╝

19:36:45 [INFO]   ✓ SOL/USDT       | K=25 | اختبار=  109 | tri_μ=1.30 | [cache]
19:36:45 [INFO]   ✓ ADA/USDT       | K=25 | اختبار=   93 | tri_μ=1.30 | [cache]
19:36:45 [INFO]   ✓ BNB/USDT       | K=25 | اختبار=  119 | tri_μ=1.27 | [cache]
19:36:45 [INFO]   ✓ ETH/USDT       | K=25 | اختبار=  112 | tri_μ=1.28 | [cache]
19:36:45 [INFO]   ✓ BTC/USDT       | K=25 | اختبار=   96 | tri_μ=1.39 | [cache]
19:36:45 [INFO]   ✓ LTC/USDT       | K=25 | اختبار=  133 | tri_μ=1.32 | [cache]
19:36:45 [INFO]   ✓ LINK/USDT      | K=25 | اختبار=  108 | tri_μ=1.34 | [cache]
19:36:45 [INFO]   ✓ DOT/USDT       | K=25 | اختبار=  104 | tri_μ=1.35 | [cache]
19:36:45 [INFO]   ✓ AVAX/USDT      | K=25 | اختبار=  115 | tri_μ=1.28 | [cache]
19:36:45 [INFO]   ✓ UNI/USDT       | K=25 | اختبار=  103 | tri_μ=1.29 | [cache]
19:36:45 [INFO]   ✓ ATOM/USDT      | K=25 | اختبار=  104 | tri_μ=1.28 | [cache]
19:36:45 [INFO]   ✓ ETC/USDT       | K=25 | اختبار=  105 | tri_μ=1.30 | [cache]
19:36:45 [INFO]   ✓ BCH/USDT       | K=25 | اختبار=  116 | tri_μ=1.30 | [cache]
19:36:45 [INFO]   ✓ TRX/USDT       | K=25 | اختبار=  120 | tri_μ=1.31 | [cache]
19:36:45 [INFO]   ✓ NEAR/USDT      | K=25 | اختبار=   93 | tri_μ=1.29 | [cache]
19:36:45 [INFO]   ✓ HBAR/USDT      | K=25 | اختبار=  100 | tri_μ=1.35 | [cache]
19:36:45 [INFO]   ✓ STX/USDT       | K=25 | اختبار=   93 | tri_μ=1.29 | [cache]
19:36:45 [INFO]   ✓ APT/USDT       | K=25 | اختبار=  109 | tri_μ=1.28 | [cache]
19:36:45 [INFO]   ✓ AAVE/USDT      | K=25 | اختبار=  106 | tri_μ=1.34 | [cache]
19:36:45 [INFO]   ✓ ARB/USDT       | K=25 | اختبار=   84 | tri_μ=1.29 | [cache]
19:36:45 [INFO]   ✓ OP/USDT        | K=25 | اختبار=   97 | tri_μ=1.34 | [cache]
19:36:45 [INFO]   ✓ SUI/USDT       | K=25 | اختبار=   89 | tri_μ=1.24 | [cache]
19:36:45 [INFO]   ✓ TIA/USDT       | K=25 | اختبار=  117 | tri_μ=1.27 | [cache]
19:36:45 [INFO]   ✓ SEI/USDT       | K=25 | اختبار=   97 | tri_μ=1.32 | [cache]
19:36:45 [INFO]   ✓ ALGO/USDT      | K=25 | اختبار=  100 | tri_μ=1.27 | [cache]
19:36:45 [INFO]   ✓ GRT/USDT       | K=25 | اختبار=  109 | tri_μ=1.34 | [cache]
19:36:45 [INFO]   ✓ FET/USDT       | K=25 | اختبار=   95 | tri_μ=1.31 | [cache]
19:36:45 [INFO]   ✓ RENDER/USDT    | K=25 | اختبار=  102 | tri_μ=1.34 | [cache]
19:36:45 [INFO]   ✓ LDO/USDT       | K=25 | اختبار=  100 | tri_μ=1.31 | [cache]
19:36:45 [INFO]   ✓ KAS/USDT       | K=25 | اختبار=  111 | tri_μ=1.25 | [cache]
19:36:45 [INFO]   ✓ WIF/USDT       | K=25 | اختبار=  111 | tri_μ=1.34 | [cache]
19:36:45 [INFO]   ✓ THETA/USDT     | K=25 | اختبار=  106 | tri_μ=1.32 | [cache]
19:36:45 [INFO]   ✓ SAND/USDT      | K=25 | اختبار=  108 | tri_μ=1.33 | [cache]
19:36:45 [INFO]   ✓ MANA/USDT      | K=25 | اختبار=  124 | tri_μ=1.34 | [cache]
19:36:45 [INFO]   ✓ XLM/USDT       | K=25 | اختبار=  104 | tri_μ=1.28 | [cache]
19:36:45 [INFO]   ✓ POL/USDT       | K=25 | اختبار=   95 | tri_μ=1.30 | [cache]
19:36:45 [INFO]   ✓ AXS/USDT       | K=25 | اختبار=  100 | tri_μ=1.33 | [cache]
19:36:45 [INFO]   ✓ CHZ/USDT       | K=25 | اختبار=  107 | tri_μ=1.23 | [cache]
19:36:45 [INFO]   ✓ FIL/USDT       | K=25 | اختبار=  121 | tri_μ=1.35 | [cache]
19:36:45 [INFO]   ✓ FLOW/USDT      | K=25 | اختبار=   96 | tri_μ=1.24 | [cache]
19:36:45 [INFO]   ✓ CAKE/USDT      | K=25 | اختبار=  103 | tri_μ=1.26 | [cache]
19:36:45 [INFO]   ✓ DASH/USDT      | K=25 | اختبار=   95 | tri_μ=1.27 | [cache]
19:36:45 [INFO]   ✓ ROSE/USDT      | K=25 | اختبار=  105 | tri_μ=1.30 | [cache]
19:36:45 [INFO]   ✓ QNT/USDT       | K=25 | اختبار=  109 | tri_μ=1.29 | [cache]
19:36:45 [INFO]   ✓ IOTA/USDT      | K=25 | اختبار=  107 | tri_μ=1.34 | [cache]
19:36:45 [INFO]   ✓ NEO/USDT       | K=25 | اختبار=  118 | tri_μ=1.34 | [cache]
19:36:45 [INFO]   ✓ COMP/USDT      | K=25 | اختبار=  100 | tri_μ=1.23 | [cache]
19:36:45 [INFO]   ✓ CRV/USDT       | K=25 | اختبار=  104 | tri_μ=1.30 | [cache]
19:36:45 [INFO]   ✓ KAVA/USDT      | K=25 | اختبار=   98 | tri_μ=1.28 | [cache]
19:36:45 [INFO]   ✓ SNX/USDT       | K=25 | اختبار=  100 | tri_μ=1.28 | [cache]
19:36:45 [INFO]   ✓ SUSHI/USDT     | K=25 | اختبار=  107 | tri_μ=1.28 | [cache]
19:36:45 [INFO]   ✓ YFI/USDT       | K=25 | اختبار=  113 | tri_μ=1.30 | [cache]
19:36:45 [INFO]   ✓ ZRX/USDT       | K=25 | اختبار=  116 | tri_μ=1.29 | [cache]
19:36:45 [INFO]   ✓ BAND/USDT      | K=25 | اختبار=  119 | tri_μ=1.29 | [cache]
19:36:45 [INFO]   ✓ BAT/USDT       | K=25 | اختبار=  106 | tri_μ=1.36 | [cache]
19:36:45 [INFO]   ✓ ANKR/USDT      | K=25 | اختبار=  110 | tri_μ=1.31 | [cache]
19:36:45 [INFO]   ✓ NMR/USDT       | K=25 | اختبار=  119 | tri_μ=1.32 | [cache]
19:36:45 [INFO]   ✓ STORJ/USDT     | K=25 | اختبار=   33 | tri_μ=1.18 | [cache]
19:36:45 [INFO]   ✓ MASK/USDT      | K=25 | اختبار=  105 | tri_μ=1.28 | [cache]
19:36:45 [INFO]   ✓ CELO/USDT      | K=25 | اختبار=  112 | tri_μ=1.32 | [cache]
19:36:45 [INFO]   ✓ KSM/USDT       | K=25 | اختبار=  103 | tri_μ=1.35 | [cache]
19:36:45 [INFO]   ✓ ZEN/USDT       | K=25 | اختبار=   88 | tri_μ=1.28 | [cache]
19:36:45 [INFO]   ✓ DYDX/USDT      | K=25 | اختبار=  111 | tri_μ=1.23 | [cache]
19:36:45 [INFO]   ✓ ENS/USDT       | K=25 | اختبار=  102 | tri_μ=1.25 | [cache]
19:36:45 [INFO]   ✓ GMX/USDT       | K=25 | اختبار=  105 | tri_μ=1.30 | [cache]
19:36:45 [INFO]   ✓ PENDLE/USDT    | K=25 | اختبار=  125 | tri_μ=1.30 | [cache]
19:36:46 [INFO]   ✓ MAGIC/USDT     | K=25 | اختبار=  118 | tri_μ=1.30 | [cache]
19:36:46 [INFO]   ✓ JOE/USDT       | K=25 | اختبار=  104 | tri_μ=1.30 | [cache]
19:36:46 [INFO]   ✓ CYBER/USDT     | K=25 | اختبار=  102 | tri_μ=1.33 | [cache]
19:36:46 [INFO]   ✓ ARKM/USDT      | K=25 | اختبار=  103 | tri_μ=1.37 | [cache]
19:36:46 [INFO]   ✓ ID/USDT        | K=25 | اختبار=  122 | tri_μ=1.28 | [cache]
19:36:46 [INFO]   ✓ BLUR/USDT      | K=25 | اختبار=  112 | tri_μ=1.33 | [cache]
19:36:46 [INFO]   ✓ WLD/USDT       | K=25 | اختبار=  111 | tri_μ=1.32 | [cache]
19:36:46 [INFO]   ✓ EDU/USDT       | K=25 | اختبار=  101 | tri_μ=1.36 | [cache]
19:36:46 [INFO]   ✓ ORDI/USDT      | K=25 | اختبار=  120 | tri_μ=1.27 | [cache]
19:36:46 [INFO]   ✓ JUP/USDT       | K=25 | اختبار=  111 | tri_μ=1.29 | [cache]
19:36:46 [INFO]   ✓ JTO/USDT       | K=25 | اختبار=  106 | tri_μ=1.34 | [cache]
19:36:46 [INFO]   ✓ PYTH/USDT      | K=25 | اختبار=  101 | tri_μ=1.31 | [cache]
19:36:46 [INFO]   ✓ STRK/USDT      | K=25 | اختبار=   87 | tri_μ=1.26 | [cache]
19:36:46 [INFO]   ✓ DYM/USDT       | K=25 | اختبار=   97 | tri_μ=1.35 | [cache]
19:36:46 [INFO]   ✓ MANTA/USDT     | K=25 | اختبار=  104 | tri_μ=1.29 | [cache]
19:36:46 [INFO]   ✓ ALT/USDT       | K=25 | اختبار=  107 | tri_μ=1.34 | [cache]
19:36:46 [INFO]   ✓ ETHFI/USDT     | K=25 | اختبار=  108 | tri_μ=1.29 | [cache]
19:36:46 [INFO]   ✓ SAGA/USDT      | K=25 | اختبار=  100 | tri_μ=1.26 | [cache]
19:36:46 [INFO]   ✓ W/USDT         | K=25 | اختبار=  110 | tri_μ=1.26 | [cache]
19:36:46 [INFO]   ✓ AEVO/USDT      | K=25 | اختبار=  102 | tri_μ=1.28 | [cache]
19:36:46 [INFO]   ✓ BB/USDT        | K=25 | اختبار=   79 | tri_μ=1.22 | [cache]
19:36:46 [INFO]   ✓ IO/USDT        | K=25 | اختبار=   98 | tri_μ=1.30 | [cache]
19:36:46 [INFO]   ✓ ZRO/USDT       | K=25 | اختبار=  100 | tri_μ=1.27 | [cache]
19:36:46 [INFO]   ✓ LISTA/USDT     | K=25 | اختبار=  109 | tri_μ=1.25 | [cache]
19:36:46 [INFO]   ✓ ZK/USDT        | K=25 | اختبار=  111 | tri_μ=1.28 | [cache]
19:36:46 [INFO]   ✓ TAIKO/USDT     | K=25 | اختبار=  111 | tri_μ=1.32 | [cache]
19:36:46 [INFO]   ✓ G/USDT         | K=25 | اختبار=   84 | tri_μ=1.26 | [cache]
19:36:46 [INFO]   ✓ RARE/USDT      | K=25 | اختبار=  100 | tri_μ=1.28 | [cache]
19:36:46 [INFO]   ✓ SYN/USDT       | K=25 | اختبار=  112 | tri_μ=1.31 | [cache]
19:36:46 [INFO]   ✓ BANANA/USDT    | K=25 | اختبار=  118 | tri_μ=1.26 | [cache]
19:36:46 [INFO]   ✓ MERL/USDT      | K=25 | اختبار=  104 | tri_μ=1.25 | [cache]
19:36:47 [WARNING] [process_asset] TON/USDT: degenerate clustering (H_train=0.523, H_theo=4.644, ratio=0.113, K=25) — returning None
19:36:47 [WARNING]   ✗ TON/USDT: process_asset returned None
19:36:47 [WARNING] [process_asset] HIGH/USDT: degenerate clustering (H_train=0.743, H_theo=4.644, ratio=0.160, K=25) — returning None
19:36:47 [WARNING]   ✗ HIGH/USDT: process_asset returned None
19:36:48 [WARNING] [process_asset] MEW/USDT: degenerate clustering (H_train=0.464, H_theo=4.644, ratio=0.100, K=25) — returning None
19:36:48 [WARNING]   ✗ MEW/USDT: process_asset returned None
19:36:56 [INFO]   [Parallel] done in 22.0s  (cache=97, computed=0, errors=3)
19:36:56 [INFO] §4  مصفوفة الارتباط...
19:36:57 [INFO]   أزواج مرتبطة (ρ>0.7): 27
19:36:57 [INFO] §5  بناء الإشارات (①②④⑤ مُفعَّلة)...
19:36:57 [INFO] [Gauge-Filter] thresholds: BUY>p50=0.12892, SELL>p85=0.18232 (pool=22260)
19:36:57 [INFO]   ✔ 2,830 إشارة
19:36:57 [INFO]   T_info: μ=5.043 | σ=2.376
19:36:57 [INFO]   risk_dynamic: μ=1.927% | max=2.49%
19:36:57 [INFO]   BUY=2,830 | SELL=0 (Λ=0)
19:36:57 [INFO] §6  محاكاة المحفظة متعددة المراكز...
19:36:57 [INFO]   [Backtest Realism] Entry fills: 2,147/2,830 (75.9%) [pen=1.0bps, wait=live=0s → 6 bars]
19:37:00 [INFO]   ✔ 1,240 صفقة
19:37:00 [INFO] §7  انحدار الإنتروبيا...
19:37:00 [INFO]   SOL/USDT      : b=-0.00063  R²=0.009  [neutral]
19:37:00 [INFO]   ADA/USDT      : b=+0.00427  R²=0.135  [increasing]
19:37:00 [INFO]   BNB/USDT      : b=+0.00066  R²=0.003  [neutral]
19:37:00 [INFO]   ETH/USDT      : b=-0.00141  R²=0.027  [neutral]
19:37:03 [INFO] 📊 quantum_v6_results.png
19:37:03 [INFO] ✅ اكتمل.
19:37:03 [INFO]    E[ln(1+fR)] = +0.001834
19:37:03 [INFO]    MaxDrawdown  = 71.80%
19:37:03 [INFO]    Topo-Exits   = 0.0%
19:37:03 [INFO]    AvgRisk      = 0.946%
19:37:03 [INFO] [Diagnostic] Close-and-reverse within 3h: 0

════════════════════════════════════════════════════════════════════════
   📊  محرك التداول الثرموديناميكي الكمي v6.0  [BACKTEST]
   🌌  محرك التفرد – Singularity Engine
════════════════════════════════════════════════════════════════════════

▶ المقياس الأساسي (م٦): E[ln(1+fR)] لكل صفقة
   متوسط  : +0.001834
   وسيط   : -0.005385
   انحراف : 0.019524
   → ✅ حافة إيجابية

▶ إحصاءات الصفقات
   عدد الصفقات      : 1,240
   شراء / بيع        : 1,240 / 0
   نسبة النجاح      : 20.16%
   عامل الربح (PF)  : 0.925
   متوسط الربح      : $344.3108
   متوسط الخسارة   : $-93.9623
   شارب (سنوي)      : 1.491
   دخول مُحسَّن       : 0  (0.0%)

▶ التعديلات الجديدة (v6.0)
   ① متوسط T_info (حرارة معلوماتية) : 5.1302
   ① متوسط المخاطرة الديناميكية     : 0.946%
   ② خروج توبولوجي (Topo-Div)       : 0  (0.0%)
   خروج TRI مبكر                    : 0  (0.0%)
   انزلاق إجمالي                    : $9,822.27

▶ رأس المال (مقياس ثانوي)
   ابتدائي: $100.00  →  نهائي: $37,181.45
   العائد الكلي     : 37,081.4%
   أقصى انخفاض     : 71.80%  ($24,968.94)

▶ تحذير السيولة (م٦): 1 (0.1%)  ✅ معقول

▶ توزيع أسباب الخروج
   Emergency SL             :   1,067  (86.0%)
   Hard TP                  :     162  (13.1%)
   MaxHold                  :       6  (0.5%)
   EndOfData                :       5  (0.4%)

════════════════════════════════════════════════════════════════════════


▶ تحليل MFE (أقصى ربح غير مُحقَّق)
   Emergency SL   (n=1067) | μMFE= 1.98%  max=11.25%  | >0.5%:  598  >1.0%:  515  >2.0%:  399
   Hard TP        (n= 162) | μMFE=12.08%  max=26.06%  | >0.5%:  162  >1.0%:  162  >2.0%:  162

▶ ميزانية المخاطرة الكلية
   μ risk/trade : 0.946%
   max risk/trade : 2.662%
   min risk/trade : 0.500%
