19:56:24 [INFO] [Level-2] Numba kernels warm (JIT ready in 0.7s)
19:56:24 [INFO] [Cache] LIVE_ASSET_CACHE_MAX adjusted to 150
19:56:26 [INFO] [TF] timeframe=4h TF_SCALE=0.2500 TF_SECONDS=14400 TF_HOURS=4.000
19:56:26 [INFO] [TF-Unified] N=24 W=20 L=10 ADV_BARS=6 (σ≈0.25× 1h)
19:56:26 [INFO] [Data] mode=backtest | tf=4h | history=365d (2190 bars/symbol) | quality=degraded | source=user(365d)
19:56:26 [WARNING] [Data] degraded quality: tail=2190 < strict_min/2=5012. Many assets may be skipped by degenerate detection. Recommended minimum for 4h: --history-days 2339.
19:56:26 [INFO] [Trail] Trailing Stop Loss DISABLED — SL is fixed
19:56:26 [INFO] [Backtest] --no-fixed-price: entry target will be derived from close[sig.close_idx] × (1 ± PO_PENETRATION_BPS)
19:56:26 [INFO] [Watch] Watch-then-trigger ENABLED (κ_prox=0.5, swing_lookback=60, phase1_timeout=16h)
19:56:26 [INFO] [Gauge] Filter ENABLED
19:56:26 [INFO] [Gauge] SELL DISABLED — BUY-only mode
19:56:26 [INFO] [OppTP] Opposite-Signal Adaptive TP DISABLED
19:56:26 [INFO] [TradeLog] Logging trades to results/trades_buy_p70_365d.jsonl
19:56:26 [INFO] §1  مسح أعلى 15 عملة...
19:56:26 [INFO] §2  جلب البيانات (متوازٍ)...
19:56:41 [INFO]   ✓ ETH/USDT      : 2,190 شمعة
19:56:42 [INFO]   ✓ BTC/USDT      : 2,190 شمعة
19:56:42 [INFO]   ✓ ADA/USDT      : 2,190 شمعة
19:56:42 [INFO]   ✓ BNB/USDT      : 2,190 شمعة
19:56:42 [INFO]   ✓ SOL/USDT      : 2,190 شمعة
19:56:42 [INFO]   ✓ AVAX/USDT     : 2,190 شمعة
19:56:42 [INFO]   ✓ LINK/USDT     : 2,190 شمعة
19:56:42 [INFO]   ✓ UNI/USDT      : 2,190 شمعة
19:56:42 [INFO]   ✓ DOT/USDT      : 2,190 شمعة
19:56:42 [INFO]   ✓ ATOM/USDT     : 2,190 شمعة
19:56:42 [INFO]   ✓ LTC/USDT      : 2,190 شمعة
19:56:43 [INFO]   ✓ ETC/USDT      : 2,190 شمعة
19:56:43 [INFO]   ✓ TON/USDT      : 2,190 شمعة
19:56:43 [INFO]   ✓ APT/USDT      : 2,190 شمعة
19:56:43 [INFO]   ✓ BCH/USDT      : 2,190 شمعة
19:56:43 [INFO]   ✓ NEAR/USDT     : 2,190 شمعة
19:56:43 [INFO]   ✓ TRX/USDT      : 2,190 شمعة
19:56:43 [INFO]   ✓ HBAR/USDT     : 2,190 شمعة
19:56:44 [INFO]   ✓ AAVE/USDT     : 2,190 شمعة
19:56:44 [INFO]   ✓ OP/USDT       : 2,190 شمعة
19:56:44 [INFO]   ✓ SUI/USDT      : 2,190 شمعة
19:56:44 [INFO]   ✓ ARB/USDT      : 2,190 شمعة
19:56:44 [INFO]   ✓ STX/USDT      : 2,190 شمعة
19:56:44 [INFO]   ✓ TIA/USDT      : 2,190 شمعة
19:56:45 [INFO]   ✓ ALGO/USDT     : 2,190 شمعة
19:56:45 [INFO]   ✓ FET/USDT      : 2,190 شمعة
19:56:45 [INFO]   ✓ SEI/USDT      : 2,190 شمعة
19:56:45 [INFO]   ✓ GRT/USDT      : 2,190 شمعة
19:56:45 [INFO]   ✓ RENDER/USDT   : 2,190 شمعة
19:56:45 [INFO]   ✓ LDO/USDT      : 2,190 شمعة
19:56:45 [INFO]   ✓ KAS/USDT      : 2,190 شمعة
19:56:45 [INFO]   ✓ WIF/USDT      : 2,190 شمعة
19:56:46 [INFO]   ✓ THETA/USDT    : 2,190 شمعة
19:56:46 [INFO]   ✓ SAND/USDT     : 2,190 شمعة
19:56:46 [INFO]   ✓ MANA/USDT     : 2,190 شمعة
19:56:46 [INFO]   ✓ XLM/USDT      : 2,190 شمعة
19:56:46 [INFO]   ✓ AXS/USDT      : 2,190 شمعة
19:56:46 [INFO]   ✓ CHZ/USDT      : 2,190 شمعة
19:56:47 [INFO]   ✓ POL/USDT      : 2,190 شمعة
19:56:47 [INFO]   ✓ FIL/USDT      : 2,190 شمعة
19:56:47 [INFO]   ✓ DASH/USDT     : 2,190 شمعة
19:56:47 [INFO]   ✓ QNT/USDT      : 2,190 شمعة
19:56:47 [INFO]   ✓ FLOW/USDT     : 2,190 شمعة
19:56:47 [INFO]   ✓ ROSE/USDT     : 2,190 شمعة
19:56:47 [INFO]   ✓ CAKE/USDT     : 2,190 شمعة
19:56:47 [INFO]   ✓ IOTA/USDT     : 2,190 شمعة
19:56:47 [INFO]   ✓ NEO/USDT      : 2,190 شمعة
19:56:48 [INFO]   ✓ KAVA/USDT     : 2,190 شمعة
19:56:48 [INFO]   ✓ CRV/USDT      : 2,190 شمعة
19:56:48 [INFO]   ✓ SNX/USDT      : 2,190 شمعة
19:56:48 [INFO]   ✓ COMP/USDT     : 2,190 شمعة
19:56:48 [INFO]   ✓ YFI/USDT      : 2,190 شمعة
19:56:48 [INFO]   ✓ SUSHI/USDT    : 2,190 شمعة
19:56:48 [INFO]   ✓ ZRX/USDT      : 2,190 شمعة
19:56:48 [INFO]   ✓ BAT/USDT      : 2,190 شمعة
19:56:48 [INFO]   ✓ ANKR/USDT     : 2,190 شمعة
19:56:49 [INFO]   ✓ BAND/USDT     : 2,190 شمعة
19:56:49 [INFO]   ✓ NMR/USDT      : 2,190 شمعة
19:56:49 [INFO]   ✓ STORJ/USDT    : 2,190 شمعة
19:56:49 [INFO]   ✓ KSM/USDT      : 2,190 شمعة
19:56:49 [INFO]   ✓ ZEN/USDT      : 2,190 شمعة
19:56:49 [INFO]   ✓ CELO/USDT     : 2,190 شمعة
19:56:50 [INFO]   ✓ DYDX/USDT     : 2,190 شمعة
19:56:50 [INFO]   ✓ ENS/USDT      : 2,190 شمعة
19:56:50 [INFO]   ✓ MASK/USDT     : 2,190 شمعة
19:56:50 [INFO]   ✓ MAGIC/USDT    : 2,190 شمعة
19:56:50 [INFO]   ✓ GMX/USDT      : 2,190 شمعة
19:56:50 [INFO]   ✓ HIGH/USDT     : 2,190 شمعة
19:56:50 [INFO]   ✓ PENDLE/USDT   : 2,190 شمعة
19:56:51 [INFO]   ✓ WLD/USDT      : 2,190 شمعة
19:56:51 [INFO]   ✓ ARKM/USDT     : 2,190 شمعة
19:56:51 [INFO]   ✓ JOE/USDT      : 2,190 شمعة
19:56:51 [INFO]   ✓ CYBER/USDT    : 2,190 شمعة
19:56:51 [INFO]   ✓ BLUR/USDT     : 2,190 شمعة
19:56:51 [INFO]   ✓ ID/USDT       : 2,190 شمعة
19:56:51 [INFO]   ✓ ORDI/USDT     : 2,190 شمعة
19:56:51 [INFO]   ✓ EDU/USDT      : 2,190 شمعة
19:56:51 [INFO]   ✓ PYTH/USDT     : 2,190 شمعة
19:56:52 [INFO]   ✓ JUP/USDT      : 2,190 شمعة
19:56:52 [INFO]   ✓ JTO/USDT      : 2,190 شمعة
19:56:52 [INFO]   ✓ DYM/USDT      : 2,190 شمعة
19:56:52 [INFO]   ✓ AEVO/USDT     : 2,190 شمعة
19:56:52 [INFO]   ✓ STRK/USDT     : 2,190 شمعة
19:56:52 [INFO]   ✓ MANTA/USDT    : 2,190 شمعة
19:56:52 [INFO]   ✓ ALT/USDT      : 2,190 شمعة
19:56:52 [INFO]   ✓ ETHFI/USDT    : 2,190 شمعة
19:56:53 [INFO]   ✓ W/USDT        : 2,190 شمعة
19:56:53 [INFO]   ✓ ZK/USDT       : 2,190 شمعة
19:56:53 [INFO]   ✓ BB/USDT       : 2,190 شمعة
19:56:53 [INFO]   ✓ SAGA/USDT     : 2,190 شمعة
19:56:53 [INFO]   ✓ IO/USDT       : 2,190 شمعة
19:56:53 [INFO]   ✓ LISTA/USDT    : 2,190 شمعة
19:56:54 [INFO]   ✓ TAIKO/USDT    : 2,190 شمعة
19:56:54 [INFO]   ✓ G/USDT        : 2,190 شمعة
19:56:54 [INFO]   ✓ ZRO/USDT      : 2,190 شمعة
19:56:54 [INFO]   ✓ SYN/USDT      : 2,190 شمعة
19:56:54 [INFO]   ✓ RARE/USDT     : 2,190 شمعة
19:56:55 [INFO]   ✓ MEW/USDT      : 2,190 شمعة
19:56:55 [INFO]   ✓ MERL/USDT     : 2,190 شمعة
19:56:55 [INFO]   ✓ BANANA/USDT   : 2,190 شمعة
19:56:56 [INFO]   ✓ ETH/USDT      : 35,040 شمعة 15m
19:56:56 [INFO]   ✓ SOL/USDT      : 35,040 شمعة 15m
19:56:57 [INFO]   ✓ ADA/USDT      : 35,040 شمعة 15m
19:56:57 [INFO]   ✓ BTC/USDT      : 35,040 شمعة 15m
19:56:57 [INFO]   ✓ BNB/USDT      : 35,040 شمعة 15m
19:56:57 [INFO]   ✓ AVAX/USDT     : 35,040 شمعة 15m
19:56:57 [INFO]   ✓ LINK/USDT     : 35,040 شمعة 15m
19:56:57 [INFO]   ✓ UNI/USDT      : 35,040 شمعة 15m
19:56:58 [INFO]   ✓ LTC/USDT      : 35,040 شمعة 15m
19:56:58 [INFO]   ✓ DOT/USDT      : 35,040 شمعة 15m
19:56:58 [INFO]   ✓ ATOM/USDT     : 35,040 شمعة 15m
19:56:58 [INFO]   ✓ ETC/USDT      : 35,040 شمعة 15m
19:56:58 [INFO]   ✓ NEAR/USDT     : 35,040 شمعة 15m
19:56:58 [INFO]   ✓ BCH/USDT      : 35,040 شمعة 15m
19:56:58 [INFO]   ✓ APT/USDT      : 35,040 شمعة 15m
19:56:59 [INFO]   ✓ TRX/USDT      : 35,040 شمعة 15m
19:56:59 [INFO]   ✓ HBAR/USDT     : 35,040 شمعة 15m
19:56:59 [INFO]   ✓ AAVE/USDT     : 35,040 شمعة 15m
19:56:59 [INFO]   ✓ OP/USDT       : 35,040 شمعة 15m
19:56:59 [INFO]   ✓ SUI/USDT      : 35,040 شمعة 15m
19:57:00 [INFO]   ✓ ARB/USDT      : 35,040 شمعة 15m
19:57:00 [INFO]   ✓ TIA/USDT      : 35,040 شمعة 15m
19:57:00 [INFO]   ✓ ALGO/USDT     : 35,040 شمعة 15m
19:57:00 [INFO]   ✓ STX/USDT      : 35,040 شمعة 15m
19:57:00 [INFO]   ✓ FET/USDT      : 35,040 شمعة 15m
19:57:01 [INFO]   ✓ RENDER/USDT   : 35,040 شمعة 15m
19:57:01 [INFO]   ✓ SEI/USDT      : 35,040 شمعة 15m
19:57:01 [INFO]   ✓ GRT/USDT      : 35,040 شمعة 15m
19:57:01 [INFO]   ✓ LDO/USDT      : 35,040 شمعة 15m
19:57:02 [INFO]   ✓ WIF/USDT      : 35,040 شمعة 15m
19:57:02 [INFO]   ✓ THETA/USDT    : 35,040 شمعة 15m
19:57:02 [INFO]   ✓ KAS/USDT      : 35,040 شمعة 15m
19:57:02 [INFO]   ✓ SAND/USDT     : 35,040 شمعة 15m
19:57:03 [INFO]   ✓ MANA/USDT     : 35,040 شمعة 15m
19:57:03 [INFO]   ✓ AXS/USDT      : 35,040 شمعة 15m
19:57:03 [INFO]   ✓ XLM/USDT      : 35,040 شمعة 15m
19:57:03 [INFO]   ✓ CHZ/USDT      : 35,040 شمعة 15m
19:57:04 [INFO]   ✓ FIL/USDT      : 35,040 شمعة 15m
19:57:04 [INFO]   ✓ QNT/USDT      : 35,040 شمعة 15m
19:57:04 [INFO]   ✓ POL/USDT      : 35,040 شمعة 15m
19:57:04 [INFO]   ✓ DASH/USDT     : 35,040 شمعة 15m
19:57:04 [INFO]   ✓ FLOW/USDT     : 35,040 شمعة 15m
19:57:05 [INFO]   ✓ IOTA/USDT     : 35,040 شمعة 15m
19:57:05 [INFO]   ✓ CAKE/USDT     : 35,040 شمعة 15m
19:57:05 [INFO]   ✓ ROSE/USDT     : 35,040 شمعة 15m
19:57:05 [INFO]   ✓ NEO/USDT      : 35,040 شمعة 15m
19:57:06 [INFO]   ✓ KAVA/USDT     : 35,040 شمعة 15m
19:57:06 [INFO]   ✓ CRV/USDT      : 35,040 شمعة 15m
19:57:06 [INFO]   ✓ TON/USDT      : 25,522 شمعة 15m
19:57:06 [INFO]   ✓ SNX/USDT      : 35,040 شمعة 15m
19:57:06 [INFO]   ✓ COMP/USDT     : 35,040 شمعة 15m
19:57:06 [INFO]   ✓ YFI/USDT      : 35,040 شمعة 15m
19:57:07 [INFO]   ✓ ANKR/USDT     : 35,040 شمعة 15m
19:57:07 [INFO]   ✓ BAT/USDT      : 35,040 شمعة 15m
19:57:07 [INFO]   ✓ SUSHI/USDT    : 35,040 شمعة 15m
19:57:07 [INFO]   ✓ ZRX/USDT      : 35,040 شمعة 15m
19:57:07 [INFO]   ✓ BAND/USDT     : 35,040 شمعة 15m
19:57:08 [INFO]   ✓ KSM/USDT      : 35,040 شمعة 15m
19:57:08 [INFO]   ✓ CELO/USDT     : 35,040 شمعة 15m
19:57:08 [INFO]   ✓ NMR/USDT      : 35,040 شمعة 15m
19:57:08 [INFO]   ✓ ZEN/USDT      : 35,040 شمعة 15m
19:57:08 [INFO]   ✓ DYDX/USDT     : 35,040 شمعة 15m
19:57:09 [INFO]   ✓ MASK/USDT     : 35,040 شمعة 15m
19:57:09 [INFO]   ✓ ENS/USDT      : 35,040 شمعة 15m
19:57:09 [INFO]   ✓ MAGIC/USDT    : 35,040 شمعة 15m
19:57:09 [INFO]   ✓ GMX/USDT      : 35,040 شمعة 15m
19:57:10 [INFO]   ✓ ARKM/USDT     : 35,040 شمعة 15m
19:57:10 [INFO]   ✓ PENDLE/USDT   : 35,040 شمعة 15m
19:57:10 [INFO]   ✓ WLD/USDT      : 35,040 شمعة 15m
19:57:10 [INFO]   ✓ STORJ/USDT    : 31,623 شمعة 15m
19:57:10 [INFO]   ✓ JOE/USDT      : 35,040 شمعة 15m
19:57:11 [INFO]   ✓ ID/USDT       : 35,040 شمعة 15m
19:57:11 [INFO]   ✓ CYBER/USDT    : 35,040 شمعة 15m
19:57:11 [INFO]   ✓ BLUR/USDT     : 35,040 شمعة 15m
19:57:11 [INFO]   ✓ ORDI/USDT     : 35,040 شمعة 15m
19:57:12 [INFO]   ✓ EDU/USDT      : 35,040 شمعة 15m
19:57:12 [INFO]   ✓ JUP/USDT      : 35,040 شمعة 15m
19:57:12 [INFO]   ✓ PYTH/USDT     : 35,040 شمعة 15m
19:57:12 [INFO]   ✓ JTO/USDT      : 35,040 شمعة 15m
19:57:12 [INFO]   ✓ DYM/USDT      : 35,040 شمعة 15m
19:57:13 [INFO]   ✓ AEVO/USDT     : 35,040 شمعة 15m
19:57:13 [INFO]   ✓ STRK/USDT     : 35,040 شمعة 15m
19:57:13 [INFO]   ✓ MANTA/USDT    : 35,040 شمعة 15m
19:57:13 [INFO]   ✓ ALT/USDT      : 35,040 شمعة 15m
19:57:14 [INFO]   ✓ ETHFI/USDT    : 35,040 شمعة 15m
19:57:14 [INFO]   ✓ W/USDT        : 35,040 شمعة 15m
19:57:14 [INFO]   ✓ BB/USDT       : 35,040 شمعة 15m
19:57:14 [INFO]   ✓ ZK/USDT       : 35,040 شمعة 15m
19:57:14 [INFO]   ✓ SAGA/USDT     : 35,040 شمعة 15m
19:57:15 [INFO]   ✓ IO/USDT       : 35,040 شمعة 15m
19:57:15 [INFO]   ✓ G/USDT        : 35,040 شمعة 15m
19:57:15 [INFO]   ✓ TAIKO/USDT    : 35,040 شمعة 15m
19:57:15 [INFO]   ✓ LISTA/USDT    : 35,040 شمعة 15m
19:57:15 [INFO]   ✓ ZRO/USDT      : 35,040 شمعة 15m
19:57:16 [INFO]   ✓ SYN/USDT      : 35,040 شمعة 15m
19:57:16 [INFO]   ✓ MERL/USDT     : 35,040 شمعة 15m
19:57:16 [INFO]   ✓ MEW/USDT      : 35,040 شمعة 15m
19:57:16 [INFO]   ✓ RARE/USDT     : 35,040 شمعة 15m
19:57:16 [INFO]   ✓ HIGH/USDT     : 24,326 شمعة 15m
19:57:17 [INFO]   ✓ BANANA/USDT   : 35,040 شمعة 15m
19:57:17 [INFO]   [SubBars] loaded for 100 symbols at 15m
19:57:17 [INFO] §3  معالجة فضاء الحالة (K ديناميكي)...
19:57:17 [INFO]   [Parallel] 7 workers × 100 symbols (cache=on)
╔══════════════════════════════════════════════════════════════════════╗
  [Level-1] Parallel: True  Cache: True
  [Level-2] Numba: True

║  محرك التداول الثرموديناميكي الكمي v6.0 – Singularity Engine     ║
║  الوضع: BACKTEST    |  رأس المال: $100.00              ║
╠══════════════════════════════════════════════════════════════════════╣
║  ① Boltzmann Kelly: BASE=2.0%  λ=0.05  [1.0%–5.0%]  ║
║  ② Topo-Divergence: ε=0.05  (حتمية هندسية)              ║
║  ③ Dynamic-K:       [25–50]  (SNR ∝ 1/m)                     ║
║  ④ Cosmological Λ:  0  (De Sitter drift)                  ║
║  ⑤ T_sync EMA-accel: فلتر التشابك عبر المقاييس                  ║
╚══════════════════════════════════════════════════════════════════════╝

19:57:27 [INFO]   ✓ ETH/USDT       | K=25 | اختبار=  425 | tri_μ=1.33 | [cache]
19:57:27 [INFO]   ✓ BTC/USDT       | K=25 | اختبار=  403 | tri_μ=1.37 | [cache]
19:57:27 [INFO]   ✓ ADA/USDT       | K=25 | اختبار=  289 | tri_μ=1.21 | [cache]
19:57:27 [INFO]   ✓ BNB/USDT       | K=25 | اختبار=  431 | tri_μ=1.35 | [cache]
19:57:27 [INFO]   ✓ SOL/USDT       | K=25 | اختبار=  391 | tri_μ=1.23 | [cache]
19:57:27 [INFO]   ✓ AVAX/USDT      | K=25 | اختبار=  416 | tri_μ=1.27 | [cache]
19:57:27 [INFO]   ✓ LINK/USDT      | K=25 | اختبار=  453 | tri_μ=1.31 | [cache]
19:57:27 [INFO]   ✓ UNI/USDT       | K=25 | اختبار=  407 | tri_μ=1.31 | [cache]
19:57:27 [INFO]   ✓ DOT/USDT       | K=25 | اختبار=  393 | tri_μ=1.26 | [cache]
19:57:27 [INFO]   ✓ ATOM/USDT      | K=25 | اختبار=  463 | tri_μ=1.29 | [cache]
19:57:27 [INFO]   ✓ LTC/USDT       | K=25 | اختبار=  431 | tri_μ=1.27 | [cache]
19:57:27 [INFO]   ✓ ETC/USDT       | K=25 | اختبار=  449 | tri_μ=1.29 | [cache]
19:57:27 [INFO]   ✓ TON/USDT       | K=25 | اختبار=  267 | tri_μ=1.08 | [cache]
19:57:27 [INFO]   ✓ APT/USDT       | K=25 | اختبار=  463 | tri_μ=1.31 | [cache]
19:57:27 [INFO]   ✓ BCH/USDT       | K=25 | اختبار=  385 | tri_μ=1.27 | [cache]
19:57:27 [INFO]   ✓ NEAR/USDT      | K=25 | اختبار=  420 | tri_μ=1.27 | [cache]
19:57:27 [INFO]   ✓ TRX/USDT       | K=25 | اختبار=  446 | tri_μ=1.33 | [cache]
19:57:27 [INFO]   ✓ HBAR/USDT      | K=25 | اختبار=  389 | tri_μ=1.32 | [cache]
19:57:27 [INFO]   ✓ AAVE/USDT      | K=25 | اختبار=  309 | tri_μ=1.23 | [cache]
19:57:27 [INFO]   ✓ OP/USDT        | K=25 | اختبار=  434 | tri_μ=1.26 | [cache]
19:57:27 [INFO]   ✓ SUI/USDT       | K=25 | اختبار=  421 | tri_μ=1.30 | [cache]
19:57:27 [INFO]   ✓ ARB/USDT       | K=25 | اختبار=  407 | tri_μ=1.28 | [cache]
19:57:27 [INFO]   ✓ STX/USDT       | K=25 | اختبار=  410 | tri_μ=1.27 | [cache]
19:57:27 [INFO]   ✓ TIA/USDT       | K=25 | اختبار=  414 | tri_μ=1.32 | [cache]
19:57:27 [INFO]   ✓ ALGO/USDT      | K=25 | اختبار=  387 | tri_μ=1.30 | [cache]
19:57:27 [INFO]   ✓ FET/USDT       | K=25 | اختبار=  418 | tri_μ=1.32 | [cache]
19:57:27 [INFO]   ✓ SEI/USDT       | K=25 | اختبار=  386 | tri_μ=1.29 | [cache]
19:57:27 [INFO]   ✓ GRT/USDT       | K=25 | اختبار=  405 | tri_μ=1.31 | [cache]
19:57:27 [INFO]   ✓ RENDER/USDT    | K=25 | اختبار=  427 | tri_μ=1.29 | [cache]
19:57:28 [INFO]   ✓ LDO/USDT       | K=25 | اختبار=  429 | tri_μ=1.32 | [cache]
19:57:28 [INFO]   ✓ KAS/USDT       | K=25 | اختبار=  441 | tri_μ=1.33 | [cache]
19:57:28 [INFO]   ✓ WIF/USDT       | K=25 | اختبار=  448 | tri_μ=1.33 | [cache]
19:57:28 [INFO]   ✓ THETA/USDT     | K=25 | اختبار=  456 | tri_μ=1.29 | [cache]
19:57:28 [INFO]   ✓ SAND/USDT      | K=25 | اختبار=  428 | tri_μ=1.26 | [cache]
19:57:28 [INFO]   ✓ MANA/USDT      | K=25 | اختبار=  445 | tri_μ=1.28 | [cache]
19:57:28 [INFO]   ✓ XLM/USDT       | K=25 | اختبار=  392 | tri_μ=1.31 | [cache]
19:57:28 [INFO]   ✓ AXS/USDT       | K=25 | اختبار=  424 | tri_μ=1.27 | [cache]
19:57:28 [INFO]   ✓ CHZ/USDT       | K=25 | اختبار=  361 | tri_μ=1.22 | [cache]
19:57:28 [INFO]   ✓ POL/USDT       | K=25 | اختبار=  416 | tri_μ=1.27 | [cache]
19:57:28 [INFO]   ✓ FIL/USDT       | K=25 | اختبار=  418 | tri_μ=1.31 | [cache]
19:57:28 [INFO]   ✓ DASH/USDT      | K=25 | اختبار=  431 | tri_μ=1.32 | [cache]
19:57:28 [INFO]   ✓ QNT/USDT       | K=25 | اختبار=  452 | tri_μ=1.32 | [cache]
19:57:28 [INFO]   ✓ FLOW/USDT      | K=25 | اختبار=  436 | tri_μ=1.23 | [cache]
19:57:28 [INFO]   ✓ ROSE/USDT      | K=25 | اختبار=  416 | tri_μ=1.26 | [cache]
19:57:28 [INFO]   ✓ CAKE/USDT      | K=25 | اختبار=  441 | tri_μ=1.31 | [cache]
19:57:28 [INFO]   ✓ IOTA/USDT      | K=25 | اختبار=  406 | tri_μ=1.26 | [cache]
19:57:28 [INFO]   ✓ NEO/USDT       | K=25 | اختبار=  455 | tri_μ=1.30 | [cache]
19:57:28 [INFO]   ✓ KAVA/USDT      | K=25 | اختبار=  450 | tri_μ=1.30 | [cache]
19:57:28 [INFO]   ✓ CRV/USDT       | K=25 | اختبار=  443 | tri_μ=1.31 | [cache]
19:57:28 [INFO]   ✓ SNX/USDT       | K=25 | اختبار=  426 | tri_μ=1.31 | [cache]
19:57:28 [INFO]   ✓ COMP/USDT      | K=25 | اختبار=  445 | tri_μ=1.28 | [cache]
19:57:28 [INFO]   ✓ YFI/USDT       | K=25 | اختبار=  382 | tri_μ=1.34 | [cache]
19:57:28 [INFO]   ✓ SUSHI/USDT     | K=25 | اختبار=  461 | tri_μ=1.31 | [cache]
19:57:28 [INFO]   ✓ ZRX/USDT       | K=25 | اختبار=  461 | tri_μ=1.28 | [cache]
19:57:28 [INFO]   ✓ BAT/USDT       | K=25 | اختبار=  430 | tri_μ=1.33 | [cache]
19:57:28 [INFO]   ✓ ANKR/USDT      | K=25 | اختبار=  386 | tri_μ=1.26 | [cache]
19:57:28 [INFO]   ✓ BAND/USDT      | K=25 | اختبار=  447 | tri_μ=1.30 | [cache]
19:57:28 [INFO]   ✓ NMR/USDT       | K=25 | اختبار=  457 | tri_μ=1.27 | [cache]
19:57:28 [INFO]   ✓ STORJ/USDT     | K=25 | اختبار=  334 | tri_μ=1.23 | [cache]
19:57:28 [INFO]   ✓ KSM/USDT       | K=25 | اختبار=  443 | tri_μ=1.26 | [cache]
19:57:28 [INFO]   ✓ ZEN/USDT       | K=25 | اختبار=  424 | tri_μ=1.30 | [cache]
19:57:28 [INFO]   ✓ CELO/USDT      | K=25 | اختبار=  458 | tri_μ=1.30 | [cache]
19:57:28 [INFO]   ✓ DYDX/USDT      | K=25 | اختبار=  412 | tri_μ=1.27 | [cache]
19:57:28 [INFO]   ✓ ENS/USDT       | K=25 | اختبار=  424 | tri_μ=1.28 | [cache]
19:57:28 [INFO]   ✓ MASK/USDT      | K=25 | اختبار=  437 | tri_μ=1.30 | [cache]
19:57:28 [INFO]   ✓ MAGIC/USDT     | K=25 | اختبار=  445 | tri_μ=1.28 | [cache]
19:57:28 [INFO]   ✓ GMX/USDT       | K=25 | اختبار=  440 | tri_μ=1.29 | [cache]
19:57:28 [INFO]   ✓ HIGH/USDT      | K=25 | اختبار=  150 | tri_μ=1.08 | [cache]
19:57:28 [INFO]   ✓ PENDLE/USDT    | K=25 | اختبار=  420 | tri_μ=1.29 | [cache]
19:57:28 [INFO]   ✓ WLD/USDT       | K=25 | اختبار=  329 | tri_μ=1.25 | [cache]
19:57:28 [INFO]   ✓ ARKM/USDT      | K=25 | اختبار=  441 | tri_μ=1.32 | [cache]
19:57:28 [INFO]   ✓ JOE/USDT       | K=25 | اختبار=  448 | tri_μ=1.28 | [cache]
19:57:28 [INFO]   ✓ CYBER/USDT     | K=25 | اختبار=  456 | tri_μ=1.33 | [cache]
19:57:28 [INFO]   ✓ BLUR/USDT      | K=25 | اختبار=  413 | tri_μ=1.26 | [cache]
19:57:28 [INFO]   ✓ ID/USDT        | K=25 | اختبار=  294 | tri_μ=1.22 | [cache]
19:57:28 [INFO]   ✓ ORDI/USDT      | K=25 | اختبار=  452 | tri_μ=1.30 | [cache]
19:57:28 [INFO]   ✓ EDU/USDT       | K=25 | اختبار=  327 | tri_μ=1.23 | [cache]
19:57:28 [INFO]   ✓ PYTH/USDT      | K=25 | اختبار=  421 | tri_μ=1.32 | [cache]
19:57:28 [INFO]   ✓ JUP/USDT       | K=25 | اختبار=  454 | tri_μ=1.32 | [cache]
19:57:28 [INFO]   ✓ JTO/USDT       | K=25 | اختبار=  399 | tri_μ=1.26 | [cache]
19:57:28 [INFO]   ✓ DYM/USDT       | K=25 | اختبار=  361 | tri_μ=1.19 | [cache]
19:57:28 [INFO]   ✓ AEVO/USDT      | K=25 | اختبار=  416 | tri_μ=1.29 | [cache]
19:57:29 [INFO]   ✓ STRK/USDT      | K=25 | اختبار=  427 | tri_μ=1.32 | [cache]
19:57:29 [INFO]   ✓ MANTA/USDT     | K=25 | اختبار=  414 | tri_μ=1.28 | [cache]
19:57:29 [INFO]   ✓ ALT/USDT       | K=25 | اختبار=  450 | tri_μ=1.33 | [cache]
19:57:29 [INFO]   ✓ ETHFI/USDT     | K=25 | اختبار=  482 | tri_μ=1.31 | [cache]
19:57:29 [INFO]   ✓ W/USDT         | K=25 | اختبار=  362 | tri_μ=1.25 | [cache]
19:57:29 [INFO]   ✓ ZK/USDT        | K=25 | اختبار=  433 | tri_μ=1.33 | [cache]
19:57:29 [INFO]   ✓ BB/USDT        | K=25 | اختبار=  426 | tri_μ=1.30 | [cache]
19:57:29 [INFO]   ✓ SAGA/USDT      | K=25 | اختبار=  236 | tri_μ=1.19 | [cache]
19:57:29 [INFO]   ✓ IO/USDT        | K=25 | اختبار=  416 | tri_μ=1.31 | [cache]
19:57:29 [INFO]   ✓ LISTA/USDT     | K=25 | اختبار=  417 | tri_μ=1.26 | [cache]
19:57:29 [INFO]   ✓ TAIKO/USDT     | K=25 | اختبار=  376 | tri_μ=1.24 | [cache]
19:57:29 [INFO]   ✓ G/USDT         | K=25 | اختبار=  383 | tri_μ=1.25 | [cache]
19:57:29 [INFO]   ✓ ZRO/USDT       | K=25 | اختبار=  412 | tri_μ=1.26 | [cache]
19:57:29 [INFO]   ✓ SYN/USDT       | K=25 | اختبار=  360 | tri_μ=1.26 | [cache]
19:57:29 [INFO]   ✓ RARE/USDT      | K=25 | اختبار=  439 | tri_μ=1.28 | [cache]
19:57:29 [INFO]   ✓ MERL/USDT      | K=25 | اختبار=  406 | tri_μ=1.30 | [cache]
19:57:29 [INFO]   ✓ BANANA/USDT    | K=25 | اختبار=  442 | tri_μ=1.24 | [cache]
19:57:32 [WARNING] [process_asset] MEW/USDT: degenerate clustering (H_train=0.444, H_theo=4.644, ratio=0.096, K=25) — returning None
19:57:32 [WARNING]   ✗ MEW/USDT: process_asset returned None
19:57:37 [INFO]   [Parallel] done in 20.8s  (cache=99, computed=0, errors=1)
19:57:37 [INFO] §4  مصفوفة الارتباط...
19:57:38 [INFO]   أزواج مرتبطة (ρ>0.7): 28
19:57:38 [INFO] §5  بناء الإشارات (①②④⑤ مُفعَّلة)...
19:57:38 [INFO] [Gauge-Filter] thresholds: BUY>p70=0.16644, SELL>p85=0.18232 (pool=93628)
19:57:40 [INFO]   ✔ 5,065 إشارة
19:57:40 [INFO]   T_info: μ=4.458 | σ=2.222
19:57:40 [INFO]   risk_dynamic: μ=1.950% | max=2.55%
19:57:40 [INFO]   BUY=5,065 | SELL=0 (Λ=0)
19:57:40 [INFO] §6  محاكاة المحفظة متعددة المراكز...
19:57:40 [INFO]   [Backtest Realism] Entry fills: 4,130/5,065 (81.5%) [pen=1.0bps, wait=live=0s → 6 bars]
19:57:44 [INFO]   ✔ 2,482 صفقة
19:57:44 [INFO] §7  انحدار الإنتروبيا...
19:57:44 [INFO]   ETH/USDT      : b=-0.00026  R²=0.019  [neutral]
19:57:44 [INFO]   BTC/USDT      : b=-0.00041  R²=0.046  [neutral]
19:57:44 [INFO]   ADA/USDT      : b=+0.00025  R²=0.010  [neutral]
19:57:44 [INFO]   BNB/USDT      : b=-0.00016  R²=0.008  [neutral]
19:57:48 [INFO] 📊 quantum_v6_results.png
19:57:48 [INFO] ✅ اكتمل.
19:57:48 [INFO]    E[ln(1+fR)] = +0.000385
19:57:48 [INFO]    MaxDrawdown  = 87.45%
19:57:48 [INFO]    Topo-Exits   = 0.0%
19:57:48 [INFO]    AvgRisk      = 0.819%
19:57:48 [INFO] [Diagnostic] Close-and-reverse within 3h: 0

════════════════════════════════════════════════════════════════════════
   📊  محرك التداول الثرموديناميكي الكمي v6.0  [BACKTEST]
   🌌  محرك التفرد – Singularity Engine
════════════════════════════════════════════════════════════════════════

▶ المقياس الأساسي (م٦): E[ln(1+fR)] لكل صفقة
   متوسط  : +0.000385
   وسيط   : -0.005603
   انحراف : 0.016301
   → ✅ حافة إيجابية

▶ إحصاءات الصفقات
   عدد الصفقات      : 2,482
   شراء / بيع        : 2,482 / 0
   نسبة النجاح      : 17.73%
   عامل الربح (PF)  : 0.859
   متوسط الربح      : $377.7228
   متوسط الخسارة   : $-94.7365
   شارب (سنوي)      : 0.375
   دخول مُحسَّن       : 0  (0.0%)

▶ التعديلات الجديدة (v6.0)
   ① متوسط T_info (حرارة معلوماتية) : 4.5173
   ① متوسط المخاطرة الديناميكية     : 0.819%
   ② خروج توبولوجي (Topo-Div)       : 0  (0.0%)
   خروج TRI مبكر                    : 0  (0.0%)
   انزلاق إجمالي                    : $21,353.20

▶ رأس المال (مقياس ثانوي)
   ابتدائي: $100.00  →  نهائي: $51,659.57
   العائد الكلي     : 51,559.6%
   أقصى انخفاض     : 87.45%  ($39,812.56)

▶ تحذير السيولة (م٦): 0 (0.0%)  ✅ معقول

▶ توزيع أسباب الخروج
   Emergency SL             :   2,153  (86.7%)
   Hard TP                  :     287  (11.6%)
   MaxHold                  :      38  (1.5%)
   EndOfData                :       4  (0.2%)

════════════════════════════════════════════════════════════════════════


▶ تحليل MFE (أقصى ربح غير مُحقَّق)
   Emergency SL   (n=2153) | μMFE= 1.83%  max=11.22%  | >0.5%: 1235  >1.0%: 1047  >2.0%:  790
   Hard TP        (n= 287) | μMFE=12.16%  max=72.29%  | >0.5%:  287  >1.0%:  287  >2.0%:  287

▶ ميزانية المخاطرة الكلية
   μ risk/trade : 0.819%
   max risk/trade : 2.588%
   min risk/trade : 0.500%
