19:43:43 [INFO] [Level-2] Numba kernels warm (JIT ready in 0.7s)
19:43:43 [INFO] [Cache] LIVE_ASSET_CACHE_MAX adjusted to 150
19:43:45 [INFO] [TF] timeframe=4h TF_SCALE=0.2500 TF_SECONDS=14400 TF_HOURS=4.000
19:43:45 [INFO] [TF-Unified] N=24 W=20 L=10 ADV_BARS=6 (σ≈0.25× 1h)
19:43:45 [INFO] [Data] mode=backtest | tf=4h | history=180d (1080 bars/symbol) | quality=degraded | source=user(180d)
19:43:45 [WARNING] [Data] degraded quality: tail=1080 < strict_min/2=5012. Many assets may be skipped by degenerate detection. Recommended minimum for 4h: --history-days 2339.
19:43:45 [INFO] [Trail] Trailing Stop Loss DISABLED — SL is fixed
19:43:45 [INFO] [Backtest] --no-fixed-price: entry target will be derived from close[sig.close_idx] × (1 ± PO_PENETRATION_BPS)
19:43:45 [INFO] [Watch] Watch-then-trigger ENABLED (κ_prox=0.5, swing_lookback=60, phase1_timeout=16h)
19:43:45 [INFO] [Gauge] Filter ENABLED
19:43:45 [INFO] [Gauge] SELL DISABLED — BUY-only mode
19:43:45 [INFO] [OppTP] Opposite-Signal Adaptive TP DISABLED
19:43:45 [INFO] [TradeLog] Logging trades to results/trades_buy_p50_180d.jsonl
19:43:45 [INFO] §1  مسح أعلى 15 عملة...
19:43:45 [INFO] §2  جلب البيانات (متوازٍ)...
19:43:56 [INFO]   ✓ BNB/USDT      : 1,080 شمعة
19:43:57 [INFO]   ✓ ADA/USDT      : 1,080 شمعة
19:43:57 [INFO]   ✓ ETH/USDT      : 1,080 شمعة
19:43:57 [INFO]   ✓ SOL/USDT      : 1,080 شمعة
19:43:57 [INFO]   ✓ DOT/USDT      : 1,080 شمعة
19:43:57 [INFO]   ✓ AVAX/USDT     : 1,080 شمعة
19:43:57 [INFO]   ✓ LINK/USDT     : 1,080 شمعة
19:43:57 [INFO]   ✓ BTC/USDT      : 1,080 شمعة
19:43:58 [INFO]   ✓ LTC/USDT      : 1,080 شمعة
19:43:58 [INFO]   ✓ ATOM/USDT     : 1,080 شمعة
19:43:58 [INFO]   ✓ UNI/USDT      : 1,080 شمعة
19:43:58 [INFO]   ✓ TON/USDT      : 1,080 شمعة
19:43:58 [INFO]   ✓ ETC/USDT      : 1,080 شمعة
19:43:58 [INFO]   ✓ TRX/USDT      : 1,080 شمعة
19:43:58 [INFO]   ✓ BCH/USDT      : 1,080 شمعة
19:43:59 [INFO]   ✓ NEAR/USDT     : 1,080 شمعة
19:43:59 [INFO]   ✓ STX/USDT      : 1,080 شمعة
19:43:59 [INFO]   ✓ APT/USDT      : 1,080 شمعة
19:43:59 [INFO]   ✓ AAVE/USDT     : 1,080 شمعة
19:43:59 [INFO]   ✓ HBAR/USDT     : 1,080 شمعة
19:43:59 [INFO]   ✓ ARB/USDT      : 1,080 شمعة
19:43:59 [INFO]   ✓ OP/USDT       : 1,080 شمعة
19:44:00 [INFO]   ✓ ALGO/USDT     : 1,080 شمعة
19:44:00 [INFO]   ✓ SUI/USDT      : 1,080 شمعة
19:44:00 [INFO]   ✓ SEI/USDT      : 1,080 شمعة
19:44:00 [INFO]   ✓ TIA/USDT      : 1,080 شمعة
19:44:00 [INFO]   ✓ GRT/USDT      : 1,080 شمعة
19:44:00 [INFO]   ✓ FET/USDT      : 1,080 شمعة
19:44:01 [INFO]   ✓ KAS/USDT      : 1,080 شمعة
19:44:01 [INFO]   ✓ LDO/USDT      : 1,080 شمعة
19:44:01 [INFO]   ✓ WIF/USDT      : 1,080 شمعة
19:44:01 [INFO]   ✓ RENDER/USDT   : 1,080 شمعة
19:44:01 [INFO]   ✓ THETA/USDT    : 1,080 شمعة
19:44:01 [INFO]   ✓ SAND/USDT     : 1,080 شمعة
19:44:01 [INFO]   ✓ MANA/USDT     : 1,080 شمعة
19:44:01 [INFO]   ✓ XLM/USDT      : 1,080 شمعة
19:44:01 [INFO]   ✓ CHZ/USDT      : 1,080 شمعة
19:44:01 [INFO]   ✓ AXS/USDT      : 1,080 شمعة
19:44:02 [INFO]   ✓ POL/USDT      : 1,080 شمعة
19:44:02 [INFO]   ✓ QNT/USDT      : 1,080 شمعة
19:44:02 [INFO]   ✓ DASH/USDT     : 1,080 شمعة
19:44:02 [INFO]   ✓ FLOW/USDT     : 1,080 شمعة
19:44:02 [INFO]   ✓ FIL/USDT      : 1,080 شمعة
19:44:02 [INFO]   ✓ CAKE/USDT     : 1,080 شمعة
19:44:03 [INFO]   ✓ ROSE/USDT     : 1,080 شمعة
19:44:03 [INFO]   ✓ IOTA/USDT     : 1,080 شمعة
19:44:03 [INFO]   ✓ KAVA/USDT     : 1,080 شمعة
19:44:03 [INFO]   ✓ CRV/USDT      : 1,080 شمعة
19:44:03 [INFO]   ✓ NEO/USDT      : 1,080 شمعة
19:44:03 [INFO]   ✓ SNX/USDT      : 1,080 شمعة
19:44:03 [INFO]   ✓ COMP/USDT     : 1,080 شمعة
19:44:04 [INFO]   ✓ YFI/USDT      : 1,080 شمعة
19:44:04 [INFO]   ✓ SUSHI/USDT    : 1,080 شمعة
19:44:04 [INFO]   ✓ ZRX/USDT      : 1,080 شمعة
19:44:04 [INFO]   ✓ BAT/USDT      : 1,080 شمعة
19:44:04 [INFO]   ✓ BAND/USDT     : 1,080 شمعة
19:44:04 [INFO]   ✓ ANKR/USDT     : 1,080 شمعة
19:44:05 [INFO]   ✓ NMR/USDT      : 1,080 شمعة
19:44:05 [INFO]   ✓ CELO/USDT     : 1,080 شمعة
19:44:05 [INFO]   ✓ STORJ/USDT    : 1,080 شمعة
19:44:05 [INFO]   ✓ KSM/USDT      : 1,080 شمعة
19:44:05 [INFO]   ✓ ZEN/USDT      : 1,080 شمعة
19:44:05 [INFO]   ✓ MASK/USDT     : 1,080 شمعة
19:44:06 [INFO]   ✓ DYDX/USDT     : 1,080 شمعة
19:44:06 [INFO]   ✓ HIGH/USDT     : 1,080 شمعة
19:44:06 [INFO]   ✓ ENS/USDT      : 1,080 شمعة
19:44:06 [INFO]   ✓ GMX/USDT      : 1,080 شمعة
19:44:06 [INFO]   ✓ MAGIC/USDT    : 1,080 شمعة
19:44:06 [INFO]   ✓ PENDLE/USDT   : 1,080 شمعة
19:44:07 [INFO]   ✓ CYBER/USDT    : 1,080 شمعة
19:44:07 [INFO]   ✓ WLD/USDT      : 1,080 شمعة
19:44:07 [INFO]   ✓ ARKM/USDT     : 1,080 شمعة
19:44:07 [INFO]   ✓ JOE/USDT      : 1,080 شمعة
19:44:07 [INFO]   ✓ BLUR/USDT     : 1,080 شمعة
19:44:07 [INFO]   ✓ ID/USDT       : 1,080 شمعة
19:44:07 [INFO]   ✓ EDU/USDT      : 1,080 شمعة
19:44:08 [INFO]   ✓ JTO/USDT      : 1,080 شمعة
19:44:08 [INFO]   ✓ JUP/USDT      : 1,080 شمعة
19:44:08 [INFO]   ✓ ORDI/USDT     : 1,080 شمعة
19:44:08 [INFO]   ✓ PYTH/USDT     : 1,080 شمعة
19:44:08 [INFO]   ✓ DYM/USDT      : 1,080 شمعة
19:44:08 [INFO]   ✓ STRK/USDT     : 1,080 شمعة
19:44:09 [INFO]   ✓ ETHFI/USDT    : 1,080 شمعة
19:44:09 [INFO]   ✓ MANTA/USDT    : 1,080 شمعة
19:44:09 [INFO]   ✓ ALT/USDT      : 1,080 شمعة
19:44:09 [INFO]   ✓ AEVO/USDT     : 1,080 شمعة
19:44:09 [INFO]   ✓ W/USDT        : 1,080 شمعة
19:44:09 [INFO]   ✓ SAGA/USDT     : 1,080 شمعة
19:44:10 [INFO]   ✓ ZK/USDT       : 1,080 شمعة
19:44:10 [INFO]   ✓ BB/USDT       : 1,080 شمعة
19:44:10 [INFO]   ✓ LISTA/USDT    : 1,080 شمعة
19:44:10 [INFO]   ✓ IO/USDT       : 1,080 شمعة
19:44:10 [INFO]   ✓ TAIKO/USDT    : 1,080 شمعة
19:44:10 [INFO]   ✓ G/USDT        : 1,080 شمعة
19:44:10 [INFO]   ✓ SYN/USDT      : 1,080 شمعة
19:44:10 [INFO]   ✓ RARE/USDT     : 1,080 شمعة
19:44:10 [INFO]   ✓ ZRO/USDT      : 1,080 شمعة
19:44:11 [INFO]   ✓ MEW/USDT      : 1,080 شمعة
19:44:11 [INFO]   ✓ MERL/USDT     : 1,080 شمعة
19:44:11 [INFO]   ✓ BANANA/USDT   : 1,080 شمعة
19:44:11 [INFO]   ✓ BNB/USDT      : 17,280 شمعة 15m
19:44:12 [INFO]   ✓ DOT/USDT      : 17,280 شمعة 15m
19:44:12 [INFO]   ✓ SOL/USDT      : 17,280 شمعة 15m
19:44:12 [INFO]   ✓ ADA/USDT      : 17,280 شمعة 15m
19:44:12 [INFO]   ✓ ETH/USDT      : 17,280 شمعة 15m
19:44:12 [INFO]   ✓ AVAX/USDT     : 17,280 شمعة 15m
19:44:12 [INFO]   ✓ LINK/USDT     : 17,280 شمعة 15m
19:44:13 [INFO]   ✓ LTC/USDT      : 17,280 شمعة 15m
19:44:13 [INFO]   ✓ ATOM/USDT     : 17,280 شمعة 15m
19:44:13 [INFO]   ✓ UNI/USDT      : 17,280 شمعة 15m
19:44:13 [INFO]   ✓ BTC/USDT      : 17,280 شمعة 15m
19:44:13 [INFO]   ✓ ETC/USDT      : 17,280 شمعة 15m
19:44:14 [INFO]   ✓ NEAR/USDT     : 17,280 شمعة 15m
19:44:14 [INFO]   ✓ TRX/USDT      : 17,280 شمعة 15m
19:44:14 [INFO]   ✓ BCH/USDT      : 17,280 شمعة 15m
19:44:14 [INFO]   ✓ STX/USDT      : 17,280 شمعة 15m
19:44:15 [INFO]   ✓ AAVE/USDT     : 17,280 شمعة 15m
19:44:15 [INFO]   ✓ HBAR/USDT     : 17,280 شمعة 15m
19:44:15 [INFO]   ✓ APT/USDT      : 17,280 شمعة 15m
19:44:15 [INFO]   ✓ ARB/USDT      : 17,280 شمعة 15m
19:44:16 [INFO]   ✓ ALGO/USDT     : 17,280 شمعة 15m
19:44:16 [INFO]   ✓ OP/USDT       : 17,280 شمعة 15m
19:44:16 [INFO]   ✓ SUI/USDT      : 17,280 شمعة 15m
19:44:16 [INFO]   ✓ SEI/USDT      : 17,280 شمعة 15m
19:44:16 [INFO]   ✓ GRT/USDT      : 17,280 شمعة 15m
19:44:16 [INFO]   ✓ TIA/USDT      : 17,280 شمعة 15m
19:44:17 [INFO]   ✓ KAS/USDT      : 17,280 شمعة 15m
19:44:17 [INFO]   ✓ FET/USDT      : 17,280 شمعة 15m
19:44:17 [INFO]   ✓ LDO/USDT      : 17,280 شمعة 15m
19:44:17 [INFO]   ✓ WIF/USDT      : 17,280 شمعة 15m
19:44:17 [INFO]   ✓ RENDER/USDT   : 17,280 شمعة 15m
19:44:17 [INFO]   ✓ THETA/USDT    : 17,280 شمعة 15m
19:44:18 [INFO]   ✓ SAND/USDT     : 17,280 شمعة 15m
19:44:18 [INFO]   ✓ MANA/USDT     : 17,280 شمعة 15m
19:44:18 [INFO]   ✓ CHZ/USDT      : 17,280 شمعة 15m
19:44:18 [INFO]   ✓ XLM/USDT      : 17,280 شمعة 15m
19:44:18 [INFO]   ✓ AXS/USDT      : 17,280 شمعة 15m
19:44:19 [INFO]   ✓ POL/USDT      : 17,280 شمعة 15m
19:44:19 [INFO]   ✓ DASH/USDT     : 17,280 شمعة 15m
19:44:19 [INFO]   ✓ QNT/USDT      : 17,280 شمعة 15m
19:44:19 [INFO]   ✓ FLOW/USDT     : 17,280 شمعة 15m
19:44:19 [INFO]   ✓ FIL/USDT      : 17,280 شمعة 15m
19:44:20 [INFO]   ✓ CAKE/USDT     : 17,280 شمعة 15m
19:44:20 [INFO]   ✓ ROSE/USDT     : 17,280 شمعة 15m
19:44:20 [INFO]   ✓ TON/USDT      : 7,756 شمعة 15m
19:44:20 [INFO]   ✓ IOTA/USDT     : 17,280 شمعة 15m
19:44:20 [INFO]   ✓ KAVA/USDT     : 17,280 شمعة 15m
19:44:20 [INFO]   ✓ CRV/USDT      : 17,280 شمعة 15m
19:44:20 [INFO]   ✓ NEO/USDT      : 17,280 شمعة 15m
19:44:21 [INFO]   ✓ SNX/USDT      : 17,280 شمعة 15m
19:44:21 [INFO]   ✓ COMP/USDT     : 17,280 شمعة 15m
19:44:21 [INFO]   ✓ YFI/USDT      : 17,280 شمعة 15m
19:44:21 [INFO]   ✓ SUSHI/USDT    : 17,280 شمعة 15m
19:44:21 [INFO]   ✓ ZRX/USDT      : 17,280 شمعة 15m
19:44:21 [INFO]   ✓ BAT/USDT      : 17,280 شمعة 15m
19:44:21 [INFO]   ✓ BAND/USDT     : 17,280 شمعة 15m
19:44:22 [INFO]   ✓ ANKR/USDT     : 17,280 شمعة 15m
19:44:22 [INFO]   ✓ CELO/USDT     : 17,280 شمعة 15m
19:44:22 [INFO]   ✓ NMR/USDT      : 17,280 شمعة 15m
19:44:22 [INFO]   ✓ KSM/USDT      : 17,280 شمعة 15m
19:44:22 [INFO]   ✓ ZEN/USDT      : 17,280 شمعة 15m
19:44:23 [INFO]   ✓ DYDX/USDT     : 17,280 شمعة 15m
19:44:23 [INFO]   ✓ MASK/USDT     : 17,280 شمعة 15m
19:44:23 [INFO]   ✓ ENS/USDT      : 17,280 شمعة 15m
19:44:24 [INFO]   ✓ MAGIC/USDT    : 17,280 شمعة 15m
19:44:24 [INFO]   ✓ GMX/USDT      : 17,280 شمعة 15m
19:44:24 [INFO]   ✓ PENDLE/USDT   : 17,280 شمعة 15m
19:44:24 [INFO]   ✓ CYBER/USDT    : 17,280 شمعة 15m
19:44:24 [INFO]   ✓ WLD/USDT      : 17,280 شمعة 15m
19:44:25 [INFO]   ✓ ARKM/USDT     : 17,280 شمعة 15m
19:44:25 [INFO]   ✓ JOE/USDT      : 17,280 شمعة 15m
19:44:25 [INFO]   ✓ BLUR/USDT     : 17,280 شمعة 15m
19:44:25 [INFO]   ✓ STORJ/USDT    : 13,857 شمعة 15m
19:44:25 [INFO]   ✓ ID/USDT       : 17,280 شمعة 15m
19:44:26 [INFO]   ✓ EDU/USDT      : 17,280 شمعة 15m
19:44:26 [INFO]   ✓ JUP/USDT      : 17,280 شمعة 15m
19:44:26 [INFO]   ✓ JTO/USDT      : 17,280 شمعة 15m
19:44:26 [INFO]   ✓ ORDI/USDT     : 17,280 شمعة 15m
19:44:27 [INFO]   ✓ PYTH/USDT     : 17,280 شمعة 15m
19:44:27 [INFO]   ✓ STRK/USDT     : 17,280 شمعة 15m
19:44:27 [INFO]   ✓ DYM/USDT      : 17,280 شمعة 15m
19:44:27 [INFO]   ✓ ETHFI/USDT    : 17,280 شمعة 15m
19:44:27 [INFO]   ✓ MANTA/USDT    : 17,280 شمعة 15m
19:44:28 [INFO]   ✓ AEVO/USDT     : 17,280 شمعة 15m
19:44:28 [INFO]   ✓ ALT/USDT      : 17,280 شمعة 15m
19:44:28 [INFO]   ✓ W/USDT        : 17,280 شمعة 15m
19:44:28 [INFO]   ✓ SAGA/USDT     : 17,280 شمعة 15m
19:44:29 [INFO]   ✓ ZK/USDT       : 17,280 شمعة 15m
19:44:29 [INFO]   ✓ LISTA/USDT    : 17,280 شمعة 15m
19:44:29 [INFO]   ✓ BB/USDT       : 17,280 شمعة 15m
19:44:29 [INFO]   ✓ IO/USDT       : 17,280 شمعة 15m
19:44:29 [INFO]   ✓ TAIKO/USDT    : 17,280 شمعة 15m
19:44:30 [INFO]   ✓ RARE/USDT     : 17,280 شمعة 15m
19:44:30 [INFO]   ✓ G/USDT        : 17,280 شمعة 15m
19:44:30 [INFO]   ✓ SYN/USDT      : 17,280 شمعة 15m
19:44:30 [INFO]   ✓ ZRO/USDT      : 17,280 شمعة 15m
19:44:30 [INFO]   ✓ MEW/USDT      : 17,280 شمعة 15m
19:44:31 [INFO]   ✓ MERL/USDT     : 17,280 شمعة 15m
19:44:31 [INFO]   ✓ BANANA/USDT   : 17,280 شمعة 15m
19:44:31 [INFO]   ✓ HIGH/USDT     : 6,560 شمعة 15m
19:44:31 [INFO]   [SubBars] loaded for 100 symbols at 15m
19:44:31 [INFO] §3  معالجة فضاء الحالة (K ديناميكي)...
19:44:31 [INFO]   [Parallel] 7 workers × 100 symbols (cache=on)
╔══════════════════════════════════════════════════════════════════════╗
  [Level-1] Parallel: True  Cache: True
  [Level-2] Numba: True

║  محرك التداول الثرموديناميكي الكمي v6.0 – Singularity Engine     ║
║  الوضع: BACKTEST    |  رأس المال: $100.00              ║
╠══════════════════════════════════════════════════════════════════════╣
║  ① Boltzmann Kelly: BASE=2.0%  λ=0.05  [1.0%–5.0%]  ║
║  ② Topo-Divergence: ε=0.05  (حتمية هندسية)              ║
║  ③ Dynamic-K:       [25–50]  (SNR ∝ 1/m)                     ║
║  ④ Cosmological Λ:  0  (De Sitter drift)                  ║
║  ⑤ T_sync EMA-accel: فلتر التشابك عبر المقاييس                  ║
╚══════════════════════════════════════════════════════════════════════╝

19:44:39 [INFO]   ✓ BNB/USDT       | K=25 | اختبار=  223 | tri_μ=1.33 | [cache]
19:44:39 [INFO]   ✓ ADA/USDT       | K=25 | اختبار=  219 | tri_μ=1.24 | [cache]
19:44:39 [INFO]   ✓ ETH/USDT       | K=25 | اختبار=  207 | tri_μ=1.35 | [cache]
19:44:39 [INFO]   ✓ SOL/USDT       | K=25 | اختبار=  230 | tri_μ=1.29 | [cache]
19:44:39 [INFO]   ✓ DOT/USDT       | K=25 | اختبار=  226 | tri_μ=1.34 | [cache]
19:44:39 [INFO]   ✓ AVAX/USDT      | K=25 | اختبار=  214 | tri_μ=1.33 | [cache]
19:44:39 [INFO]   ✓ LINK/USDT      | K=25 | اختبار=  228 | tri_μ=1.33 | [cache]
19:44:39 [INFO]   ✓ BTC/USDT       | K=25 | اختبار=  206 | tri_μ=1.41 | [cache]
19:44:39 [INFO]   ✓ LTC/USDT       | K=25 | اختبار=  238 | tri_μ=1.30 | [cache]
19:44:39 [INFO]   ✓ ATOM/USDT      | K=25 | اختبار=  220 | tri_μ=1.31 | [cache]
19:44:39 [INFO]   ✓ UNI/USDT       | K=25 | اختبار=  194 | tri_μ=1.30 | [cache]
19:44:41 [INFO]   ✓ ETC/USDT       | K=25 | اختبار=  206 | tri_μ=1.32 | [cache]
19:44:41 [INFO]   ✓ TRX/USDT       | K=25 | اختبار=  222 | tri_μ=1.32 | [cache]
19:44:41 [INFO]   ✓ BCH/USDT       | K=25 | اختبار=  211 | tri_μ=1.22 | [cache]
19:44:41 [INFO]   ✓ NEAR/USDT      | K=25 | اختبار=  210 | tri_μ=1.28 | [cache]
19:44:41 [INFO]   ✓ STX/USDT       | K=25 | اختبار=  205 | tri_μ=1.30 | [cache]
19:44:41 [INFO]   ✓ APT/USDT       | K=25 | اختبار=  234 | tri_μ=1.35 | [cache]
19:44:41 [INFO]   ✓ AAVE/USDT      | K=25 | اختبار=  233 | tri_μ=1.31 | [cache]
19:44:41 [INFO]   ✓ HBAR/USDT      | K=25 | اختبار=  206 | tri_μ=1.33 | [cache]
19:44:41 [INFO]   ✓ ARB/USDT       | K=25 | اختبار=  187 | tri_μ=1.29 | [cache]
19:44:41 [INFO]   ✓ OP/USDT        | K=25 | اختبار=  192 | tri_μ=1.32 | [cache]
19:44:42 [INFO]   ✓ ALGO/USDT      | K=25 | اختبار=  192 | tri_μ=1.36 | [cache]
19:44:42 [INFO]   ✓ SUI/USDT       | K=25 | اختبار=  205 | tri_μ=1.29 | [cache]
19:44:42 [INFO]   ✓ SEI/USDT       | K=25 | اختبار=  219 | tri_μ=1.31 | [cache]
19:44:42 [INFO]   ✓ TIA/USDT       | K=25 | اختبار=  206 | tri_μ=1.34 | [cache]
19:44:42 [INFO]   ✓ GRT/USDT       | K=25 | اختبار=  196 | tri_μ=1.32 | [cache]
19:44:42 [INFO]   ✓ FET/USDT       | K=25 | اختبار=  210 | tri_μ=1.34 | [cache]
19:44:42 [INFO]   ✓ KAS/USDT       | K=25 | اختبار=  233 | tri_μ=1.34 | [cache]
19:44:42 [INFO]   ✓ LDO/USDT       | K=25 | اختبار=  228 | tri_μ=1.36 | [cache]
19:44:42 [INFO]   ✓ WIF/USDT       | K=25 | اختبار=  231 | tri_μ=1.31 | [cache]
19:44:42 [INFO]   ✓ RENDER/USDT    | K=25 | اختبار=  210 | tri_μ=1.31 | [cache]
19:44:42 [INFO]   ✓ THETA/USDT     | K=25 | اختبار=  241 | tri_μ=1.33 | [cache]
19:44:42 [INFO]   ✓ SAND/USDT      | K=25 | اختبار=  205 | tri_μ=1.36 | [cache]
19:44:42 [INFO]   ✓ MANA/USDT      | K=25 | اختبار=  204 | tri_μ=1.32 | [cache]
19:44:42 [INFO]   ✓ XLM/USDT       | K=25 | اختبار=  205 | tri_μ=1.30 | [cache]
19:44:42 [INFO]   ✓ CHZ/USDT       | K=25 | اختبار=  217 | tri_μ=1.28 | [cache]
19:44:42 [INFO]   ✓ AXS/USDT       | K=25 | اختبار=  211 | tri_μ=1.36 | [cache]
19:44:42 [INFO]   ✓ POL/USDT       | K=25 | اختبار=  226 | tri_μ=1.33 | [cache]
19:44:42 [INFO]   ✓ QNT/USDT       | K=25 | اختبار=  195 | tri_μ=1.32 | [cache]
19:44:42 [INFO]   ✓ DASH/USDT      | K=25 | اختبار=  216 | tri_μ=1.31 | [cache]
19:44:42 [INFO]   ✓ FLOW/USDT      | K=25 | اختبار=  250 | tri_μ=1.26 | [cache]
19:44:42 [INFO]   ✓ FIL/USDT       | K=25 | اختبار=  223 | tri_μ=1.31 | [cache]
19:44:42 [INFO]   ✓ CAKE/USDT      | K=25 | اختبار=  204 | tri_μ=1.31 | [cache]
19:44:42 [INFO]   ✓ ROSE/USDT      | K=25 | اختبار=  215 | tri_μ=1.31 | [cache]
19:44:42 [INFO]   ✓ IOTA/USDT      | K=25 | اختبار=  210 | tri_μ=1.28 | [cache]
19:44:42 [INFO]   ✓ KAVA/USDT      | K=25 | اختبار=  230 | tri_μ=1.34 | [cache]
19:44:42 [INFO]   ✓ CRV/USDT       | K=25 | اختبار=  217 | tri_μ=1.32 | [cache]
19:44:42 [INFO]   ✓ NEO/USDT       | K=25 | اختبار=  228 | tri_μ=1.35 | [cache]
19:44:42 [INFO]   ✓ SNX/USDT       | K=25 | اختبار=  233 | tri_μ=1.32 | [cache]
19:44:42 [INFO]   ✓ COMP/USDT      | K=25 | اختبار=  224 | tri_μ=1.30 | [cache]
19:44:42 [INFO]   ✓ YFI/USDT       | K=25 | اختبار=  171 | tri_μ=1.31 | [cache]
19:44:42 [INFO]   ✓ SUSHI/USDT     | K=25 | اختبار=  232 | tri_μ=1.32 | [cache]
19:44:42 [INFO]   ✓ ZRX/USDT       | K=25 | اختبار=  224 | tri_μ=1.34 | [cache]
19:44:42 [INFO]   ✓ BAT/USDT       | K=25 | اختبار=  225 | tri_μ=1.34 | [cache]
19:44:42 [INFO]   ✓ BAND/USDT      | K=25 | اختبار=  247 | tri_μ=1.31 | [cache]
19:44:42 [INFO]   ✓ ANKR/USDT      | K=25 | اختبار=  209 | tri_μ=1.29 | [cache]
19:44:42 [INFO]   ✓ NMR/USDT       | K=25 | اختبار=  265 | tri_μ=1.29 | [cache]
19:44:42 [INFO]   ✓ CELO/USDT      | K=25 | اختبار=  224 | tri_μ=1.33 | [cache]
19:44:42 [INFO]   ✓ STORJ/USDT     | K=25 | اختبار=  139 | tri_μ=1.24 | [cache]
19:44:42 [INFO]   ✓ KSM/USDT       | K=25 | اختبار=  215 | tri_μ=1.30 | [cache]
19:44:42 [INFO]   ✓ ZEN/USDT       | K=25 | اختبار=  208 | tri_μ=1.31 | [cache]
19:44:42 [INFO]   ✓ MASK/USDT      | K=25 | اختبار=  221 | tri_μ=1.30 | [cache]
19:44:42 [INFO]   ✓ DYDX/USDT      | K=25 | اختبار=  194 | tri_μ=1.29 | [cache]
19:44:42 [WARNING] [process_asset] TON/USDT: degenerate clustering (H_train=0.853, H_theo=4.644, ratio=0.184, K=25) — returning None
19:44:42 [WARNING]   ✗ TON/USDT: process_asset returned None
19:44:43 [INFO]   ✓ ENS/USDT       | K=25 | اختبار=  215 | tri_μ=1.31 | [cache]
19:44:43 [INFO]   ✓ GMX/USDT       | K=25 | اختبار=  217 | tri_μ=1.31 | [cache]
19:44:43 [INFO]   ✓ MAGIC/USDT     | K=25 | اختبار=  211 | tri_μ=1.28 | [cache]
19:44:43 [INFO]   ✓ PENDLE/USDT    | K=25 | اختبار=  211 | tri_μ=1.30 | [cache]
19:44:43 [INFO]   ✓ CYBER/USDT     | K=25 | اختبار=  222 | tri_μ=1.34 | [cache]
19:44:43 [INFO]   ✓ WLD/USDT       | K=25 | اختبار=  207 | tri_μ=1.32 | [cache]
19:44:43 [INFO]   ✓ ARKM/USDT      | K=25 | اختبار=  233 | tri_μ=1.32 | [cache]
19:44:43 [INFO]   ✓ JOE/USDT       | K=25 | اختبار=  214 | tri_μ=1.33 | [cache]
19:44:43 [INFO]   ✓ ID/USDT        | K=25 | اختبار=  199 | tri_μ=1.25 | [cache]
19:44:43 [INFO]   ✓ BLUR/USDT      | K=25 | اختبار=  218 | tri_μ=1.28 | [cache]
19:44:43 [INFO]   ✓ JTO/USDT       | K=25 | اختبار=  214 | tri_μ=1.26 | [cache]
19:44:43 [INFO]   ✓ EDU/USDT       | K=25 | اختبار=  195 | tri_μ=1.33 | [cache]
19:44:43 [INFO]   ✓ JUP/USDT       | K=25 | اختبار=  225 | tri_μ=1.32 | [cache]
19:44:43 [INFO]   ✓ ORDI/USDT      | K=25 | اختبار=  223 | tri_μ=1.29 | [cache]
19:44:43 [INFO]   ✓ PYTH/USDT      | K=25 | اختبار=  215 | tri_μ=1.36 | [cache]
19:44:43 [INFO]   ✓ DYM/USDT       | K=25 | اختبار=  207 | tri_μ=1.30 | [cache]
19:44:43 [INFO]   ✓ STRK/USDT      | K=25 | اختبار=  202 | tri_μ=1.34 | [cache]
19:44:43 [INFO]   ✓ ETHFI/USDT     | K=25 | اختبار=  211 | tri_μ=1.31 | [cache]
19:44:43 [INFO]   ✓ MANTA/USDT     | K=25 | اختبار=  218 | tri_μ=1.28 | [cache]
19:44:43 [INFO]   ✓ AEVO/USDT      | K=25 | اختبار=  210 | tri_μ=1.31 | [cache]
19:44:43 [INFO]   ✓ W/USDT         | K=25 | اختبار=  195 | tri_μ=1.24 | [cache]
19:44:43 [INFO]   ✓ SAGA/USDT      | K=25 | اختبار=  209 | tri_μ=1.28 | [cache]
19:44:43 [INFO]   ✓ ZK/USDT        | K=25 | اختبار=  203 | tri_μ=1.31 | [cache]
19:44:43 [INFO]   ✓ BB/USDT        | K=25 | اختبار=  176 | tri_μ=1.31 | [cache]
19:44:43 [INFO]   ✓ LISTA/USDT     | K=25 | اختبار=  231 | tri_μ=1.29 | [cache]
19:44:43 [INFO]   ✓ IO/USDT        | K=25 | اختبار=  211 | tri_μ=1.32 | [cache]
19:44:43 [INFO]   ✓ TAIKO/USDT     | K=25 | اختبار=  188 | tri_μ=1.28 | [cache]
19:44:43 [INFO]   ✓ G/USDT         | K=25 | اختبار=  190 | tri_μ=1.25 | [cache]
19:44:43 [INFO]   ✓ SYN/USDT       | K=25 | اختبار=  184 | tri_μ=1.24 | [cache]
19:44:43 [INFO]   ✓ RARE/USDT      | K=25 | اختبار=  209 | tri_μ=1.30 | [cache]
19:44:43 [INFO]   ✓ ZRO/USDT       | K=25 | اختبار=  214 | tri_μ=1.31 | [cache]
19:44:43 [WARNING] [process_asset] MEW/USDT: degenerate clustering (H_train=0.341, H_theo=4.644, ratio=0.073, K=25) — returning None
19:44:43 [WARNING]   ✗ MEW/USDT: process_asset returned None
19:44:43 [INFO]   ✓ MERL/USDT      | K=25 | اختبار=  235 | tri_μ=1.29 | [cache]
19:44:44 [INFO]   ✓ BANANA/USDT    | K=25 | اختبار=  222 | tri_μ=1.29 | [cache]
19:44:46 [WARNING] [process_asset] HIGH/USDT: degenerate clustering (H_train=1.132, H_theo=4.644, ratio=0.244, K=25) — returning None
19:44:46 [WARNING]   ✗ HIGH/USDT: process_asset returned None
19:44:46 [WARNING] [process_asset] ALT/USDT: degenerate clustering (H_train=1.057, H_theo=4.644, ratio=0.228, K=25) — returning None
19:44:46 [WARNING]   ✗ ALT/USDT: process_asset returned None
19:44:53 [INFO]   [Parallel] done in 21.5s  (cache=96, computed=0, errors=4)
19:44:53 [INFO] §4  مصفوفة الارتباط...
19:44:53 [INFO]   أزواج مرتبطة (ρ>0.7): 27
19:44:53 [INFO] §5  بناء الإشارات (①②④⑤ مُفعَّلة)...
19:44:53 [INFO] [Gauge-Filter] thresholds: BUY>p50=0.14886, SELL>p85=0.19693 (pool=47176)
19:44:54 [INFO]   ✔ 4,805 إشارة
19:44:54 [INFO]   T_info: μ=4.248 | σ=2.004
19:44:54 [INFO]   risk_dynamic: μ=1.960% | max=2.59%
19:44:54 [INFO]   BUY=4,805 | SELL=0 (Λ=0)
19:44:54 [INFO] §6  محاكاة المحفظة متعددة المراكز...
19:44:54 [INFO]   [Backtest Realism] Entry fills: 3,855/4,805 (80.2%) [pen=1.0bps, wait=live=0s → 6 bars]
19:44:58 [INFO]   ✔ 2,086 صفقة
19:44:58 [INFO] §7  انحدار الإنتروبيا...
19:44:58 [INFO]   BNB/USDT      : b=-0.00023  R²=0.004  [neutral]
19:44:58 [INFO]   ADA/USDT      : b=+0.00007  R²=0.000  [neutral]
19:44:58 [INFO]   ETH/USDT      : b=-0.00112  R²=0.068  [decreasing]
19:44:58 [INFO]   SOL/USDT      : b=-0.00049  R²=0.015  [neutral]
19:45:02 [INFO] 📊 quantum_v6_results.png
19:45:02 [INFO] ✅ اكتمل.
19:45:02 [INFO]    E[ln(1+fR)] = +0.000458
19:45:02 [INFO]    MaxDrawdown  = 76.95%
19:45:02 [INFO]    Topo-Exits   = 0.0%
19:45:02 [INFO]    AvgRisk      = 0.763%
19:45:02 [INFO] [Diagnostic] Close-and-reverse within 3h: 0

════════════════════════════════════════════════════════════════════════
   📊  محرك التداول الثرموديناميكي الكمي v6.0  [BACKTEST]
   🌌  محرك التفرد – Singularity Engine
════════════════════════════════════════════════════════════════════════

▶ المقياس الأساسي (م٦): E[ln(1+fR)] لكل صفقة
   متوسط  : +0.000458
   وسيط   : -0.005570
   انحراف : 0.016823
   → ✅ حافة إيجابية

▶ إحصاءات الصفقات
   عدد الصفقات      : 2,086
   شراء / بيع        : 2,086 / 0
   نسبة النجاح      : 18.17%
   عامل الربح (PF)  : 1.005
   متوسط الربح      : $142.8627
   متوسط الخسارة   : $-31.5634
   شارب (سنوي)      : 0.433
   دخول مُحسَّن       : 0  (0.0%)

▶ التعديلات الجديدة (v6.0)
   ① متوسط T_info (حرارة معلوماتية) : 4.4149
   ① متوسط المخاطرة الديناميكية     : 0.763%
   ② خروج توبولوجي (Topo-Div)       : 0  (0.0%)
   خروج TRI مبكر                    : 0  (0.0%)
   انزلاق إجمالي                    : $5,779.64

▶ رأس المال (مقياس ثانوي)
   ابتدائي: $100.00  →  نهائي: $25,851.12
   العائد الكلي     : 25,751.1%
   أقصى انخفاض     : 76.95%  ($17,940.94)

▶ تحذير السيولة (م٦): 0 (0.0%)  ✅ معقول

▶ توزيع أسباب الخروج
   Emergency SL             :   1,804  (86.5%)
   Hard TP                  :     249  (11.9%)
   MaxHold                  :      28  (1.3%)
   EndOfData                :       5  (0.2%)

════════════════════════════════════════════════════════════════════════


▶ تحليل MFE (أقصى ربح غير مُحقَّق)
   Emergency SL   (n=1804) | μMFE= 1.82%  max=11.74%  | >0.5%: 1045  >1.0%:  893  >2.0%:  651
   Hard TP        (n= 249) | μMFE=12.16%  max=55.61%  | >0.5%:  249  >1.0%:  249  >2.0%:  249

▶ ميزانية المخاطرة الكلية
   μ risk/trade : 0.763%
   max risk/trade : 2.568%
   min risk/trade : 0.500%
