19:54:32 [INFO] [Level-2] Numba kernels warm (JIT ready in 0.8s)
19:54:32 [INFO] [Cache] LIVE_ASSET_CACHE_MAX adjusted to 150
19:54:34 [INFO] [TF] timeframe=4h TF_SCALE=0.2500 TF_SECONDS=14400 TF_HOURS=4.000
19:54:34 [INFO] [TF-Unified] N=24 W=20 L=10 ADV_BARS=6 (σ≈0.25× 1h)
19:54:34 [INFO] [Data] mode=backtest | tf=4h | history=365d (2190 bars/symbol) | quality=degraded | source=user(365d)
19:54:34 [WARNING] [Data] degraded quality: tail=2190 < strict_min/2=5012. Many assets may be skipped by degenerate detection. Recommended minimum for 4h: --history-days 2339.
19:54:34 [INFO] [Trail] Trailing Stop Loss DISABLED — SL is fixed
19:54:34 [INFO] [Backtest] --no-fixed-price: entry target will be derived from close[sig.close_idx] × (1 ± PO_PENETRATION_BPS)
19:54:34 [INFO] [Watch] Watch-then-trigger ENABLED (κ_prox=0.5, swing_lookback=60, phase1_timeout=16h)
19:54:34 [INFO] [Gauge] Filter ENABLED
19:54:34 [INFO] [Gauge] SELL DISABLED — BUY-only mode
19:54:34 [INFO] [OppTP] Opposite-Signal Adaptive TP DISABLED
19:54:34 [INFO] [TradeLog] Logging trades to results/trades_buy_p60_365d.jsonl
19:54:34 [INFO] §1  مسح أعلى 15 عملة...
19:54:34 [INFO] §2  جلب البيانات (متوازٍ)...
19:54:47 [INFO]   ✓ SOL/USDT      : 2,190 شمعة
19:54:49 [INFO]   ✓ ADA/USDT      : 2,190 شمعة
19:54:49 [INFO]   ✓ AVAX/USDT     : 2,190 شمعة
19:54:49 [INFO]   ✓ BTC/USDT      : 2,190 شمعة
19:54:49 [INFO]   ✓ BNB/USDT      : 2,190 شمعة
19:54:49 [INFO]   ✓ ETH/USDT      : 2,190 شمعة
19:54:49 [INFO]   ✓ LINK/USDT     : 2,190 شمعة
19:54:49 [INFO]   ✓ DOT/USDT      : 2,190 شمعة
19:54:50 [INFO]   ✓ LTC/USDT      : 2,190 شمعة
19:54:50 [INFO]   ✓ ETC/USDT      : 2,190 شمعة
19:54:50 [INFO]   ✓ UNI/USDT      : 2,190 شمعة
19:54:50 [INFO]   ✓ ATOM/USDT     : 2,190 شمعة
19:54:50 [INFO]   ✓ TRX/USDT      : 2,190 شمعة
19:54:50 [INFO]   ✓ TON/USDT      : 2,190 شمعة
19:54:51 [INFO]   ✓ APT/USDT      : 2,190 شمعة
19:54:51 [INFO]   ✓ NEAR/USDT     : 2,190 شمعة
19:54:51 [INFO]   ✓ BCH/USDT      : 2,190 شمعة
19:54:51 [INFO]   ✓ STX/USDT      : 2,190 شمعة
19:54:51 [INFO]   ✓ HBAR/USDT     : 2,190 شمعة
19:54:51 [INFO]   ✓ AAVE/USDT     : 2,190 شمعة
19:54:52 [INFO]   ✓ TIA/USDT      : 2,190 شمعة
19:54:52 [INFO]   ✓ ARB/USDT      : 2,190 شمعة
19:54:52 [INFO]   ✓ SUI/USDT      : 2,190 شمعة
19:54:52 [INFO]   ✓ OP/USDT       : 2,190 شمعة
19:54:52 [INFO]   ✓ SEI/USDT      : 2,190 شمعة
19:54:52 [INFO]   ✓ ALGO/USDT     : 2,190 شمعة
19:54:52 [INFO]   ✓ GRT/USDT      : 2,190 شمعة
19:54:52 [INFO]   ✓ RENDER/USDT   : 2,190 شمعة
19:54:52 [INFO]   ✓ FET/USDT      : 2,190 شمعة
19:54:52 [INFO]   ✓ LDO/USDT      : 2,190 شمعة
19:54:53 [INFO]   ✓ KAS/USDT      : 2,190 شمعة
19:54:53 [INFO]   ✓ WIF/USDT      : 2,190 شمعة
19:54:53 [INFO]   ✓ AXS/USDT      : 2,190 شمعة
19:54:53 [INFO]   ✓ MANA/USDT     : 2,190 شمعة
19:54:53 [INFO]   ✓ THETA/USDT    : 2,190 شمعة
19:54:53 [INFO]   ✓ SAND/USDT     : 2,190 شمعة
19:54:53 [INFO]   ✓ XLM/USDT      : 2,190 شمعة
19:54:54 [INFO]   ✓ CHZ/USDT      : 2,190 شمعة
19:54:54 [INFO]   ✓ QNT/USDT      : 2,190 شمعة
19:54:54 [INFO]   ✓ POL/USDT      : 2,190 شمعة
19:54:54 [INFO]   ✓ DASH/USDT     : 2,190 شمعة
19:54:54 [INFO]   ✓ FIL/USDT      : 2,190 شمعة
19:54:54 [INFO]   ✓ FLOW/USDT     : 2,190 شمعة
19:54:54 [INFO]   ✓ CAKE/USDT     : 2,190 شمعة
19:54:55 [INFO]   ✓ ROSE/USDT     : 2,190 شمعة
19:54:55 [INFO]   ✓ KAVA/USDT     : 2,190 شمعة
19:54:55 [INFO]   ✓ IOTA/USDT     : 2,190 شمعة
19:54:55 [INFO]   ✓ NEO/USDT      : 2,190 شمعة
19:54:55 [INFO]   ✓ CRV/USDT      : 2,190 شمعة
19:54:55 [INFO]   ✓ SNX/USDT      : 2,190 شمعة
19:54:56 [INFO]   ✓ SUSHI/USDT    : 2,190 شمعة
19:54:56 [INFO]   ✓ YFI/USDT      : 2,190 شمعة
19:54:56 [INFO]   ✓ ZRX/USDT      : 2,190 شمعة
19:54:56 [INFO]   ✓ COMP/USDT     : 2,190 شمعة
19:54:56 [INFO]   ✓ BAT/USDT      : 2,190 شمعة
19:54:56 [INFO]   ✓ ANKR/USDT     : 2,190 شمعة
19:54:56 [INFO]   ✓ STORJ/USDT    : 2,190 شمعة
19:54:56 [INFO]   ✓ NMR/USDT      : 2,190 شمعة
19:54:56 [INFO]   ✓ KSM/USDT      : 2,190 شمعة
19:54:56 [INFO]   ✓ BAND/USDT     : 2,190 شمعة
19:54:57 [INFO]   ✓ ZEN/USDT      : 2,190 شمعة
19:54:57 [INFO]   ✓ MASK/USDT     : 2,190 شمعة
19:54:57 [INFO]   ✓ CELO/USDT     : 2,190 شمعة
19:54:57 [INFO]   ✓ DYDX/USDT     : 2,190 شمعة
19:54:57 [INFO]   ✓ GMX/USDT      : 2,190 شمعة
19:54:57 [INFO]   ✓ ENS/USDT      : 2,190 شمعة
19:54:57 [INFO]   ✓ MAGIC/USDT    : 2,190 شمعة
19:54:58 [INFO]   ✓ HIGH/USDT     : 2,190 شمعة
19:54:58 [INFO]   ✓ PENDLE/USDT   : 2,190 شمعة
19:54:58 [INFO]   ✓ JOE/USDT      : 2,190 شمعة
19:54:58 [INFO]   ✓ CYBER/USDT    : 2,190 شمعة
19:54:58 [INFO]   ✓ ARKM/USDT     : 2,190 شمعة
19:54:59 [INFO]   ✓ WLD/USDT      : 2,190 شمعة
19:54:59 [INFO]   ✓ ORDI/USDT     : 2,190 شمعة
19:54:59 [INFO]   ✓ ID/USDT       : 2,190 شمعة
19:54:59 [INFO]   ✓ BLUR/USDT     : 2,190 شمعة
19:54:59 [INFO]   ✓ EDU/USDT      : 2,190 شمعة
19:54:59 [INFO]   ✓ JUP/USDT      : 2,190 شمعة
19:54:59 [INFO]   ✓ PYTH/USDT     : 2,190 شمعة
19:55:00 [INFO]   ✓ MANTA/USDT    : 2,190 شمعة
19:55:00 [INFO]   ✓ JTO/USDT      : 2,190 شمعة
19:55:00 [INFO]   ✓ DYM/USDT      : 2,190 شمعة
19:55:00 [INFO]   ✓ STRK/USDT     : 2,190 شمعة
19:55:01 [INFO]   ✓ ALT/USDT      : 2,190 شمعة
19:55:01 [INFO]   ✓ AEVO/USDT     : 2,190 شمعة
19:55:01 [INFO]   ✓ W/USDT        : 2,190 شمعة
19:55:01 [INFO]   ✓ ETHFI/USDT    : 2,190 شمعة
19:55:01 [INFO]   ✓ SAGA/USDT     : 2,190 شمعة
19:55:01 [INFO]   ✓ BB/USDT       : 2,190 شمعة
19:55:02 [INFO]   ✓ IO/USDT       : 2,190 شمعة
19:55:02 [INFO]   ✓ ZK/USDT       : 2,190 شمعة
19:55:02 [INFO]   ✓ LISTA/USDT    : 2,190 شمعة
19:55:02 [INFO]   ✓ TAIKO/USDT    : 2,190 شمعة
19:55:02 [INFO]   ✓ ZRO/USDT      : 2,190 شمعة
19:55:02 [INFO]   ✓ G/USDT        : 2,190 شمعة
19:55:02 [INFO]   ✓ RARE/USDT     : 2,190 شمعة
19:55:03 [INFO]   ✓ MEW/USDT      : 2,190 شمعة
19:55:03 [INFO]   ✓ MERL/USDT     : 2,190 شمعة
19:55:03 [INFO]   ✓ BANANA/USDT   : 2,190 شمعة
19:55:03 [INFO]   ✓ SYN/USDT      : 2,190 شمعة
19:55:03 [INFO]   ✓ AVAX/USDT     : 35,040 شمعة 15m
19:55:04 [INFO]   ✓ ADA/USDT      : 35,040 شمعة 15m
19:55:04 [INFO]   ✓ BNB/USDT      : 35,040 شمعة 15m
19:55:04 [INFO]   ✓ BTC/USDT      : 35,040 شمعة 15m
19:55:04 [INFO]   ✓ SOL/USDT      : 35,040 شمعة 15m
19:55:04 [INFO]   ✓ ETH/USDT      : 35,040 شمعة 15m
19:55:04 [INFO]   ✓ LINK/USDT     : 35,040 شمعة 15m
19:55:05 [INFO]   ✓ ETC/USDT      : 35,040 شمعة 15m
19:55:05 [INFO]   ✓ DOT/USDT      : 35,040 شمعة 15m
19:55:05 [INFO]   ✓ LTC/USDT      : 35,040 شمعة 15m
19:55:05 [INFO]   ✓ UNI/USDT      : 35,040 شمعة 15m
19:55:05 [INFO]   ✓ ATOM/USDT     : 35,040 شمعة 15m
19:55:05 [INFO]   ✓ TRX/USDT      : 35,040 شمعة 15m
19:55:06 [INFO]   ✓ NEAR/USDT     : 35,040 شمعة 15m
19:55:06 [INFO]   ✓ APT/USDT      : 35,040 شمعة 15m
19:55:06 [INFO]   ✓ BCH/USDT      : 35,040 شمعة 15m
19:55:06 [INFO]   ✓ STX/USDT      : 35,040 شمعة 15m
19:55:06 [INFO]   ✓ AAVE/USDT     : 35,040 شمعة 15m
19:55:06 [INFO]   ✓ HBAR/USDT     : 35,040 شمعة 15m
19:55:06 [INFO]   ✓ TIA/USDT      : 35,040 شمعة 15m
19:55:07 [INFO]   ✓ ARB/USDT      : 35,040 شمعة 15m
19:55:07 [INFO]   ✓ OP/USDT       : 35,040 شمعة 15m
19:55:07 [INFO]   ✓ SUI/USDT      : 35,040 شمعة 15m
19:55:07 [INFO]   ✓ SEI/USDT      : 35,040 شمعة 15m
19:55:07 [INFO]   ✓ ALGO/USDT     : 35,040 شمعة 15m
19:55:08 [INFO]   ✓ RENDER/USDT   : 35,040 شمعة 15m
19:55:08 [INFO]   ✓ GRT/USDT      : 35,040 شمعة 15m
19:55:08 [INFO]   ✓ FET/USDT      : 35,040 شمعة 15m
19:55:08 [INFO]   ✓ LDO/USDT      : 35,040 شمعة 15m
19:55:09 [INFO]   ✓ KAS/USDT      : 35,040 شمعة 15m
19:55:09 [INFO]   ✓ WIF/USDT      : 35,040 شمعة 15m
19:55:09 [INFO]   ✓ AXS/USDT      : 35,040 شمعة 15m
19:55:09 [INFO]   ✓ MANA/USDT     : 35,040 شمعة 15m
19:55:09 [INFO]   ✓ THETA/USDT    : 35,040 شمعة 15m
19:55:09 [INFO]   ✓ SAND/USDT     : 35,040 شمعة 15m
19:55:10 [INFO]   ✓ XLM/USDT      : 35,040 شمعة 15m
19:55:10 [INFO]   ✓ CHZ/USDT      : 35,040 شمعة 15m
19:55:10 [INFO]   ✓ QNT/USDT      : 35,040 شمعة 15m
19:55:10 [INFO]   ✓ POL/USDT      : 35,040 شمعة 15m
19:55:10 [INFO]   ✓ DASH/USDT     : 35,040 شمعة 15m
19:55:11 [INFO]   ✓ FIL/USDT      : 35,040 شمعة 15m
19:55:12 [INFO]   ✓ FLOW/USDT     : 35,040 شمعة 15m
19:55:12 [INFO]   ✓ ROSE/USDT     : 35,040 شمعة 15m
19:55:12 [INFO]   ✓ KAVA/USDT     : 35,040 شمعة 15m
19:55:12 [INFO]   ✓ CAKE/USDT     : 35,040 شمعة 15m
19:55:13 [INFO]   ✓ IOTA/USDT     : 35,040 شمعة 15m
19:55:13 [INFO]   ✓ NEO/USDT      : 35,040 شمعة 15m
19:55:13 [INFO]   ✓ CRV/USDT      : 35,040 شمعة 15m
19:55:13 [INFO]   ✓ SNX/USDT      : 35,040 شمعة 15m
19:55:13 [INFO]   ✓ TON/USDT      : 25,521 شمعة 15m
19:55:13 [INFO]   ✓ SUSHI/USDT    : 35,040 شمعة 15m
19:55:14 [INFO]   ✓ BAT/USDT      : 35,040 شمعة 15m
19:55:14 [INFO]   ✓ YFI/USDT      : 35,040 شمعة 15m
19:55:14 [INFO]   ✓ COMP/USDT     : 35,040 شمعة 15m
19:55:14 [INFO]   ✓ ZRX/USDT      : 35,040 شمعة 15m
19:55:14 [INFO]   ✓ ANKR/USDT     : 35,040 شمعة 15m
19:55:15 [INFO]   ✓ KSM/USDT      : 35,040 شمعة 15m
19:55:15 [INFO]   ✓ NMR/USDT      : 35,040 شمعة 15m
19:55:15 [INFO]   ✓ ZEN/USDT      : 35,040 شمعة 15m
19:55:15 [INFO]   ✓ BAND/USDT     : 35,040 شمعة 15m
19:55:15 [INFO]   ✓ MASK/USDT     : 35,040 شمعة 15m
19:55:16 [INFO]   ✓ CELO/USDT     : 35,040 شمعة 15m
19:55:16 [INFO]   ✓ GMX/USDT      : 35,040 شمعة 15m
19:55:16 [INFO]   ✓ DYDX/USDT     : 35,040 شمعة 15m
19:55:16 [INFO]   ✓ ENS/USDT      : 35,040 شمعة 15m
19:55:17 [INFO]   ✓ MAGIC/USDT    : 35,040 شمعة 15m
19:55:17 [INFO]   ✓ PENDLE/USDT   : 35,040 شمعة 15m
19:55:17 [INFO]   ✓ STORJ/USDT    : 31,622 شمعة 15m
19:55:17 [INFO]   ✓ JOE/USDT      : 35,040 شمعة 15m
19:55:17 [INFO]   ✓ CYBER/USDT    : 35,040 شمعة 15m
19:55:17 [INFO]   ✓ ARKM/USDT     : 35,040 شمعة 15m
19:55:18 [INFO]   ✓ WLD/USDT      : 35,040 شمعة 15m
19:55:18 [INFO]   ✓ ORDI/USDT     : 35,040 شمعة 15m
19:55:18 [INFO]   ✓ ID/USDT       : 35,040 شمعة 15m
19:55:18 [INFO]   ✓ BLUR/USDT     : 35,040 شمعة 15m
19:55:18 [INFO]   ✓ EDU/USDT      : 35,040 شمعة 15m
19:55:18 [INFO]   ✓ JUP/USDT      : 35,040 شمعة 15m
19:55:18 [INFO]   ✓ PYTH/USDT     : 35,040 شمعة 15m
19:55:19 [INFO]   ✓ MANTA/USDT    : 35,040 شمعة 15m
19:55:19 [INFO]   ✓ JTO/USDT      : 35,040 شمعة 15m
19:55:19 [INFO]   ✓ STRK/USDT     : 35,040 شمعة 15m
19:55:19 [INFO]   ✓ DYM/USDT      : 35,040 شمعة 15m
19:55:20 [INFO]   ✓ ALT/USDT      : 35,040 شمعة 15m
19:55:20 [INFO]   ✓ AEVO/USDT     : 35,040 شمعة 15m
19:55:20 [INFO]   ✓ ETHFI/USDT    : 35,040 شمعة 15m
19:55:20 [INFO]   ✓ W/USDT        : 35,040 شمعة 15m
19:55:21 [INFO]   ✓ SAGA/USDT     : 35,040 شمعة 15m
19:55:21 [INFO]   ✓ IO/USDT       : 35,040 شمعة 15m
19:55:21 [INFO]   ✓ BB/USDT       : 35,040 شمعة 15m
19:55:22 [INFO]   ✓ ZK/USDT       : 35,040 شمعة 15m
19:55:22 [INFO]   ✓ LISTA/USDT    : 35,040 شمعة 15m
19:55:22 [INFO]   ✓ TAIKO/USDT    : 35,040 شمعة 15m
19:55:22 [INFO]   ✓ G/USDT        : 35,040 شمعة 15m
19:55:22 [INFO]   ✓ ZRO/USDT      : 35,040 شمعة 15m
19:55:24 [INFO]   ✓ RARE/USDT     : 35,040 شمعة 15m
19:55:24 [INFO]   ✓ HIGH/USDT     : 24,325 شمعة 15m
19:55:24 [INFO]   ✓ MERL/USDT     : 35,040 شمعة 15m
19:55:24 [INFO]   ✓ BANANA/USDT   : 35,040 شمعة 15m
19:55:24 [INFO]   ✓ MEW/USDT      : 35,040 شمعة 15m
19:55:24 [INFO]   ✓ SYN/USDT      : 35,040 شمعة 15m
19:55:24 [INFO]   [SubBars] loaded for 100 symbols at 15m
19:55:24 [INFO] §3  معالجة فضاء الحالة (K ديناميكي)...
19:55:24 [INFO]   [Parallel] 8 workers × 100 symbols (cache=on)
╔══════════════════════════════════════════════════════════════════════╗
  [Level-1] Parallel: True  Cache: True
  [Level-2] Numba: True

║  محرك التداول الثرموديناميكي الكمي v6.0 – Singularity Engine     ║
║  الوضع: BACKTEST    |  رأس المال: $100.00              ║
╠══════════════════════════════════════════════════════════════════════╣
║  ① Boltzmann Kelly: BASE=2.0%  λ=0.05  [1.0%–5.0%]  ║
║  ② Topo-Divergence: ε=0.05  (حتمية هندسية)              ║
║  ③ Dynamic-K:       [25–50]  (SNR ∝ 1/m)                     ║
║  ④ Cosmological Λ:  0  (De Sitter drift)                  ║
║  ⑤ T_sync EMA-accel: فلتر التشابك عبر المقاييس                  ║
╚══════════════════════════════════════════════════════════════════════╝

19:55:37 [INFO]   ✓ SOL/USDT       | K=25 | اختبار=  391 | tri_μ=1.23 | [cache]
19:55:37 [INFO]   ✓ ADA/USDT       | K=25 | اختبار=  289 | tri_μ=1.21 | [cache]
19:55:37 [INFO]   ✓ AVAX/USDT      | K=25 | اختبار=  416 | tri_μ=1.27 | [cache]
19:55:37 [INFO]   ✓ BTC/USDT       | K=25 | اختبار=  403 | tri_μ=1.37 | [cache]
19:55:37 [INFO]   ✓ BNB/USDT       | K=25 | اختبار=  431 | tri_μ=1.35 | [cache]
19:55:37 [INFO]   ✓ ETH/USDT       | K=25 | اختبار=  425 | tri_μ=1.33 | [cache]
19:55:37 [INFO]   ✓ LINK/USDT      | K=25 | اختبار=  453 | tri_μ=1.31 | [cache]
19:55:38 [INFO]   ✓ DOT/USDT       | K=25 | اختبار=  393 | tri_μ=1.26 | [cache]
19:55:38 [INFO]   ✓ LTC/USDT       | K=25 | اختبار=  431 | tri_μ=1.27 | [cache]
19:55:38 [INFO]   ✓ ETC/USDT       | K=25 | اختبار=  449 | tri_μ=1.29 | [cache]
19:55:38 [INFO]   ✓ UNI/USDT       | K=25 | اختبار=  407 | tri_μ=1.31 | [cache]
19:55:38 [INFO]   ✓ ATOM/USDT      | K=25 | اختبار=  463 | tri_μ=1.29 | [cache]
19:55:38 [INFO]   ✓ TRX/USDT       | K=25 | اختبار=  446 | tri_μ=1.33 | [cache]
19:55:38 [INFO]   ✓ TON/USDT       | K=25 | اختبار=  267 | tri_μ=1.08 | [cache]
19:55:38 [INFO]   ✓ APT/USDT       | K=25 | اختبار=  463 | tri_μ=1.31 | [cache]
19:55:38 [INFO]   ✓ NEAR/USDT      | K=25 | اختبار=  420 | tri_μ=1.27 | [cache]
19:55:38 [INFO]   ✓ BCH/USDT       | K=25 | اختبار=  385 | tri_μ=1.27 | [cache]
19:55:38 [INFO]   ✓ STX/USDT       | K=25 | اختبار=  410 | tri_μ=1.27 | [cache]
19:55:38 [INFO]   ✓ HBAR/USDT      | K=25 | اختبار=  389 | tri_μ=1.32 | [cache]
19:55:38 [INFO]   ✓ AAVE/USDT      | K=25 | اختبار=  309 | tri_μ=1.23 | [cache]
19:55:38 [INFO]   ✓ TIA/USDT       | K=25 | اختبار=  414 | tri_μ=1.32 | [cache]
19:55:38 [INFO]   ✓ ARB/USDT       | K=25 | اختبار=  407 | tri_μ=1.28 | [cache]
19:55:38 [INFO]   ✓ SUI/USDT       | K=25 | اختبار=  421 | tri_μ=1.30 | [cache]
19:55:38 [INFO]   ✓ OP/USDT        | K=25 | اختبار=  434 | tri_μ=1.26 | [cache]
19:55:38 [INFO]   ✓ SEI/USDT       | K=25 | اختبار=  386 | tri_μ=1.29 | [cache]
19:55:38 [INFO]   ✓ ALGO/USDT      | K=25 | اختبار=  387 | tri_μ=1.30 | [cache]
19:55:38 [INFO]   ✓ GRT/USDT       | K=25 | اختبار=  405 | tri_μ=1.31 | [cache]
19:55:38 [INFO]   ✓ RENDER/USDT    | K=25 | اختبار=  427 | tri_μ=1.29 | [cache]
19:55:38 [INFO]   ✓ FET/USDT       | K=25 | اختبار=  418 | tri_μ=1.32 | [cache]
19:55:38 [INFO]   ✓ LDO/USDT       | K=25 | اختبار=  429 | tri_μ=1.32 | [cache]
19:55:38 [INFO]   ✓ KAS/USDT       | K=25 | اختبار=  441 | tri_μ=1.33 | [cache]
19:55:38 [INFO]   ✓ WIF/USDT       | K=25 | اختبار=  448 | tri_μ=1.33 | [cache]
19:55:38 [INFO]   ✓ AXS/USDT       | K=25 | اختبار=  424 | tri_μ=1.27 | [cache]
19:55:38 [INFO]   ✓ MANA/USDT      | K=25 | اختبار=  445 | tri_μ=1.28 | [cache]
19:55:38 [INFO]   ✓ THETA/USDT     | K=25 | اختبار=  456 | tri_μ=1.29 | [cache]
19:55:38 [INFO]   ✓ SAND/USDT      | K=25 | اختبار=  428 | tri_μ=1.26 | [cache]
19:55:38 [INFO]   ✓ XLM/USDT       | K=25 | اختبار=  392 | tri_μ=1.31 | [cache]
19:55:38 [INFO]   ✓ CHZ/USDT       | K=25 | اختبار=  361 | tri_μ=1.22 | [cache]
19:55:38 [INFO]   ✓ QNT/USDT       | K=25 | اختبار=  452 | tri_μ=1.32 | [cache]
19:55:38 [INFO]   ✓ POL/USDT       | K=25 | اختبار=  416 | tri_μ=1.27 | [cache]
19:55:38 [INFO]   ✓ DASH/USDT      | K=25 | اختبار=  431 | tri_μ=1.32 | [cache]
19:55:38 [INFO]   ✓ FIL/USDT       | K=25 | اختبار=  418 | tri_μ=1.31 | [cache]
19:55:38 [INFO]   ✓ FLOW/USDT      | K=25 | اختبار=  436 | tri_μ=1.23 | [cache]
19:55:38 [INFO]   ✓ CAKE/USDT      | K=25 | اختبار=  441 | tri_μ=1.31 | [cache]
19:55:38 [INFO]   ✓ ROSE/USDT      | K=25 | اختبار=  416 | tri_μ=1.26 | [cache]
19:55:38 [INFO]   ✓ KAVA/USDT      | K=25 | اختبار=  450 | tri_μ=1.30 | [cache]
19:55:38 [INFO]   ✓ IOTA/USDT      | K=25 | اختبار=  406 | tri_μ=1.26 | [cache]
19:55:38 [INFO]   ✓ NEO/USDT       | K=25 | اختبار=  455 | tri_μ=1.30 | [cache]
19:55:39 [INFO]   ✓ CRV/USDT       | K=25 | اختبار=  443 | tri_μ=1.31 | [cache]
19:55:39 [INFO]   ✓ SNX/USDT       | K=25 | اختبار=  426 | tri_μ=1.31 | [cache]
19:55:39 [INFO]   ✓ SUSHI/USDT     | K=25 | اختبار=  461 | tri_μ=1.31 | [cache]
19:55:39 [INFO]   ✓ YFI/USDT       | K=25 | اختبار=  382 | tri_μ=1.34 | [cache]
19:55:39 [INFO]   ✓ ZRX/USDT       | K=25 | اختبار=  461 | tri_μ=1.28 | [cache]
19:55:39 [INFO]   ✓ COMP/USDT      | K=25 | اختبار=  445 | tri_μ=1.28 | [cache]
19:55:39 [INFO]   ✓ BAT/USDT       | K=25 | اختبار=  430 | tri_μ=1.33 | [cache]
19:55:39 [INFO]   ✓ ANKR/USDT      | K=25 | اختبار=  386 | tri_μ=1.26 | [cache]
19:55:39 [INFO]   ✓ STORJ/USDT     | K=25 | اختبار=  334 | tri_μ=1.23 | [cache]
19:55:39 [INFO]   ✓ NMR/USDT       | K=25 | اختبار=  457 | tri_μ=1.27 | [cache]
19:55:39 [INFO]   ✓ KSM/USDT       | K=25 | اختبار=  443 | tri_μ=1.26 | [cache]
19:55:39 [INFO]   ✓ BAND/USDT      | K=25 | اختبار=  447 | tri_μ=1.30 | [cache]
19:55:39 [INFO]   ✓ ZEN/USDT       | K=25 | اختبار=  424 | tri_μ=1.30 | [cache]
19:55:39 [INFO]   ✓ MASK/USDT      | K=25 | اختبار=  437 | tri_μ=1.30 | [cache]
19:55:39 [INFO]   ✓ CELO/USDT      | K=25 | اختبار=  458 | tri_μ=1.30 | [cache]
19:55:39 [INFO]   ✓ DYDX/USDT      | K=25 | اختبار=  412 | tri_μ=1.27 | [cache]
19:55:39 [INFO]   ✓ GMX/USDT       | K=25 | اختبار=  440 | tri_μ=1.29 | [cache]
19:55:39 [INFO]   ✓ ENS/USDT       | K=25 | اختبار=  424 | tri_μ=1.28 | [cache]
19:55:39 [INFO]   ✓ MAGIC/USDT     | K=25 | اختبار=  445 | tri_μ=1.28 | [cache]
19:55:39 [INFO]   ✓ HIGH/USDT      | K=25 | اختبار=  150 | tri_μ=1.08 | [cache]
19:55:39 [INFO]   ✓ PENDLE/USDT    | K=25 | اختبار=  420 | tri_μ=1.29 | [cache]
19:55:39 [INFO]   ✓ JOE/USDT       | K=25 | اختبار=  448 | tri_μ=1.28 | [cache]
19:55:39 [INFO]   ✓ CYBER/USDT     | K=25 | اختبار=  456 | tri_μ=1.33 | [cache]
19:55:39 [INFO]   ✓ ARKM/USDT      | K=25 | اختبار=  441 | tri_μ=1.32 | [cache]
19:55:39 [INFO]   ✓ WLD/USDT       | K=25 | اختبار=  329 | tri_μ=1.25 | [cache]
19:55:39 [INFO]   ✓ ORDI/USDT      | K=25 | اختبار=  452 | tri_μ=1.30 | [cache]
19:55:39 [INFO]   ✓ ID/USDT        | K=25 | اختبار=  294 | tri_μ=1.22 | [cache]
19:55:39 [INFO]   ✓ BLUR/USDT      | K=25 | اختبار=  413 | tri_μ=1.26 | [cache]
19:55:39 [INFO]   ✓ EDU/USDT       | K=25 | اختبار=  327 | tri_μ=1.23 | [cache]
19:55:39 [INFO]   ✓ JUP/USDT       | K=25 | اختبار=  454 | tri_μ=1.32 | [cache]
19:55:39 [INFO]   ✓ PYTH/USDT      | K=25 | اختبار=  421 | tri_μ=1.32 | [cache]
19:55:39 [INFO]   ✓ JTO/USDT       | K=25 | اختبار=  399 | tri_μ=1.26 | [cache]
19:55:39 [INFO]   ✓ MANTA/USDT     | K=25 | اختبار=  414 | tri_μ=1.28 | [cache]
19:55:39 [INFO]   ✓ DYM/USDT       | K=25 | اختبار=  361 | tri_μ=1.19 | [cache]
19:55:39 [INFO]   ✓ STRK/USDT      | K=25 | اختبار=  427 | tri_μ=1.32 | [cache]
19:55:39 [INFO]   ✓ ALT/USDT       | K=25 | اختبار=  450 | tri_μ=1.33 | [cache]
19:55:39 [INFO]   ✓ AEVO/USDT      | K=25 | اختبار=  416 | tri_μ=1.29 | [cache]
19:55:39 [INFO]   ✓ W/USDT         | K=25 | اختبار=  362 | tri_μ=1.25 | [cache]
19:55:39 [INFO]   ✓ ETHFI/USDT     | K=25 | اختبار=  482 | tri_μ=1.31 | [cache]
19:55:39 [INFO]   ✓ SAGA/USDT      | K=25 | اختبار=  236 | tri_μ=1.19 | [cache]
19:55:39 [INFO]   ✓ BB/USDT        | K=25 | اختبار=  426 | tri_μ=1.30 | [cache]
19:55:39 [INFO]   ✓ IO/USDT        | K=25 | اختبار=  416 | tri_μ=1.31 | [cache]
19:55:39 [INFO]   ✓ ZK/USDT        | K=25 | اختبار=  433 | tri_μ=1.33 | [cache]
19:55:39 [INFO]   ✓ LISTA/USDT     | K=25 | اختبار=  417 | tri_μ=1.26 | [cache]
19:55:39 [INFO]   ✓ TAIKO/USDT     | K=25 | اختبار=  376 | tri_μ=1.24 | [cache]
19:55:39 [INFO]   ✓ ZRO/USDT       | K=25 | اختبار=  412 | tri_μ=1.26 | [cache]
19:55:39 [INFO]   ✓ G/USDT         | K=25 | اختبار=  383 | tri_μ=1.25 | [cache]
19:55:39 [INFO]   ✓ RARE/USDT      | K=25 | اختبار=  439 | tri_μ=1.28 | [cache]
19:55:39 [INFO]   ✓ MERL/USDT      | K=25 | اختبار=  406 | tri_μ=1.30 | [cache]
19:55:39 [INFO]   ✓ BANANA/USDT    | K=25 | اختبار=  442 | tri_μ=1.24 | [cache]
19:55:39 [INFO]   ✓ SYN/USDT       | K=25 | اختبار=  360 | tri_μ=1.26 | [cache]
19:55:44 [WARNING] [process_asset] MEW/USDT: degenerate clustering (H_train=0.444, H_theo=4.644, ratio=0.096, K=25) — returning None
19:55:44 [WARNING]   ✗ MEW/USDT: process_asset returned None
19:55:52 [INFO]   [Parallel] done in 27.6s  (cache=99, computed=0, errors=1)
19:55:52 [INFO] §4  مصفوفة الارتباط...
19:55:53 [INFO]   أزواج مرتبطة (ρ>0.7): 28
19:55:53 [INFO] §5  بناء الإشارات (①②④⑤ مُفعَّلة)...
19:55:53 [INFO] [Gauge-Filter] thresholds: BUY>p60=0.14886, SELL>p85=0.18232 (pool=93628)
19:55:55 [INFO]   ✔ 7,353 إشارة
19:55:55 [INFO]   T_info: μ=4.421 | σ=2.111
19:55:55 [INFO]   risk_dynamic: μ=1.942% | max=2.55%
19:55:55 [INFO]   BUY=7,353 | SELL=0 (Λ=0)
19:55:55 [INFO] §6  محاكاة المحفظة متعددة المراكز...
19:55:55 [INFO]   [Backtest Realism] Entry fills: 5,925/7,353 (80.6%) [pen=1.0bps, wait=live=0s → 6 bars]
19:56:03 [INFO]   ✔ 3,403 صفقة
19:56:03 [INFO] §7  انحدار الإنتروبيا...
19:56:03 [INFO]   SOL/USDT      : b=+0.00082  R²=0.153  [increasing]
19:56:03 [INFO]   ADA/USDT      : b=+0.00025  R²=0.010  [neutral]
19:56:03 [INFO]   AVAX/USDT     : b=+0.00041  R²=0.038  [neutral]
19:56:03 [INFO]   BTC/USDT      : b=-0.00041  R²=0.046  [neutral]
19:56:08 [INFO] 📊 quantum_v6_results.png
19:56:08 [INFO] ✅ اكتمل.
19:56:08 [INFO]    E[ln(1+fR)] = +0.000067
19:56:08 [INFO]    MaxDrawdown  = 93.96%
19:56:08 [INFO]    Topo-Exits   = 0.0%
19:56:08 [INFO]    AvgRisk      = 0.813%
19:56:08 [INFO] [Diagnostic] Close-and-reverse within 3h: 0

════════════════════════════════════════════════════════════════════════
   📊  محرك التداول الثرموديناميكي الكمي v6.0  [BACKTEST]
   🌌  محرك التفرد – Singularity Engine
════════════════════════════════════════════════════════════════════════

▶ المقياس الأساسي (م٦): E[ln(1+fR)] لكل صفقة
   متوسط  : +0.000067
   وسيط   : -0.005603
   انحراف : 0.014295
   → ✅ حافة إيجابية

▶ إحصاءات الصفقات
   عدد الصفقات      : 3,403
   شراء / بيع        : 3,403 / 0
   نسبة النجاح      : 17.48%
   عامل الربح (PF)  : 0.849
   متوسط الربح      : $439.6123
   متوسط الخسارة   : $-109.7494
   شارب (سنوي)      : 0.075
   دخول مُحسَّن       : 0  (0.0%)

▶ التعديلات الجديدة (v6.0)
   ① متوسط T_info (حرارة معلوماتية) : 4.4899
   ① متوسط المخاطرة الديناميكية     : 0.813%
   ② خروج توبولوجي (Topo-Div)       : 0  (0.0%)
   خروج TRI مبكر                    : 0  (0.0%)
   انزلاق إجمالي                    : $34,790.09

▶ رأس المال (مقياس ثانوي)
   ابتدائي: $100.00  →  نهائي: $78,268.95
   العائد الكلي     : 78,169.0%
   أقصى انخفاض     : 93.96%  ($73,886.46)

▶ تحذير السيولة (م٦): 1 (0.0%)  ✅ معقول

▶ توزيع أسباب الخروج
   Emergency SL             :   2,966  (87.2%)
   Hard TP                  :     377  (11.1%)
   MaxHold                  :      55  (1.6%)
   EndOfData                :       5  (0.1%)

════════════════════════════════════════════════════════════════════════


▶ تحليل MFE (أقصى ربح غير مُحقَّق)
   Emergency SL   (n=2966) | μMFE= 1.89%  max=12.30%  | >0.5%: 1717  >1.0%: 1473  >2.0%: 1102
   Hard TP        (n= 377) | μMFE=12.36%  max=72.29%  | >0.5%:  377  >1.0%:  377  >2.0%:  377

▶ ميزانية المخاطرة الكلية
   μ risk/trade : 0.813%
   max risk/trade : 2.587%
   min risk/trade : 0.500%
