19:52:44 [INFO] [Level-2] Numba kernels warm (JIT ready in 0.8s)
19:52:44 [INFO] [Cache] LIVE_ASSET_CACHE_MAX adjusted to 150
19:52:46 [INFO] [TF] timeframe=4h TF_SCALE=0.2500 TF_SECONDS=14400 TF_HOURS=4.000
19:52:46 [INFO] [TF-Unified] N=24 W=20 L=10 ADV_BARS=6 (σ≈0.25× 1h)
19:52:46 [INFO] [Data] mode=backtest | tf=4h | history=365d (2190 bars/symbol) | quality=degraded | source=user(365d)
19:52:46 [WARNING] [Data] degraded quality: tail=2190 < strict_min/2=5012. Many assets may be skipped by degenerate detection. Recommended minimum for 4h: --history-days 2339.
19:52:46 [INFO] [Trail] Trailing Stop Loss DISABLED — SL is fixed
19:52:46 [INFO] [Backtest] --no-fixed-price: entry target will be derived from close[sig.close_idx] × (1 ± PO_PENETRATION_BPS)
19:52:46 [INFO] [Watch] Watch-then-trigger ENABLED (κ_prox=0.5, swing_lookback=60, phase1_timeout=16h)
19:52:46 [INFO] [Gauge] Filter ENABLED
19:52:46 [INFO] [Gauge] SELL DISABLED — BUY-only mode
19:52:46 [INFO] [OppTP] Opposite-Signal Adaptive TP DISABLED
19:52:46 [INFO] [TradeLog] Logging trades to results/trades_buy_p50_365d.jsonl
19:52:46 [INFO] §1  مسح أعلى 15 عملة...
19:52:46 [INFO] §2  جلب البيانات (متوازٍ)...
19:52:58 [INFO]   ✓ ETH/USDT      : 2,190 شمعة
19:52:59 [INFO]   ✓ BNB/USDT      : 2,190 شمعة
19:52:59 [INFO]   ✓ SOL/USDT      : 2,190 شمعة
19:52:59 [INFO]   ✓ AVAX/USDT     : 2,190 شمعة
19:52:59 [INFO]   ✓ ADA/USDT      : 2,190 شمعة
19:52:59 [INFO]   ✓ BTC/USDT      : 2,190 شمعة
19:52:59 [INFO]   ✓ LINK/USDT     : 2,190 شمعة
19:52:59 [INFO]   ✓ DOT/USDT      : 2,190 شمعة
19:53:00 [INFO]   ✓ ETC/USDT      : 2,190 شمعة
19:53:00 [INFO]   ✓ LTC/USDT      : 2,190 شمعة
19:53:00 [INFO]   ✓ UNI/USDT      : 2,190 شمعة
19:53:00 [INFO]   ✓ ATOM/USDT     : 2,190 شمعة
19:53:00 [INFO]   ✓ TRX/USDT      : 2,190 شمعة
19:53:00 [INFO]   ✓ TON/USDT      : 2,190 شمعة
19:53:00 [INFO]   ✓ BCH/USDT      : 2,190 شمعة
19:53:01 [INFO]   ✓ APT/USDT      : 2,190 شمعة
19:53:01 [INFO]   ✓ NEAR/USDT     : 2,190 شمعة
19:53:01 [INFO]   ✓ HBAR/USDT     : 2,190 شمعة
19:53:01 [INFO]   ✓ STX/USDT      : 2,190 شمعة
19:53:01 [INFO]   ✓ AAVE/USDT     : 2,190 شمعة
19:53:01 [INFO]   ✓ SUI/USDT      : 2,190 شمعة
19:53:01 [INFO]   ✓ OP/USDT       : 2,190 شمعة
19:53:01 [INFO]   ✓ ARB/USDT      : 2,190 شمعة
19:53:01 [INFO]   ✓ TIA/USDT      : 2,190 شمعة
19:53:01 [INFO]   ✓ SEI/USDT      : 2,190 شمعة
19:53:02 [INFO]   ✓ ALGO/USDT     : 2,190 شمعة
19:53:02 [INFO]   ✓ GRT/USDT      : 2,190 شمعة
19:53:02 [INFO]   ✓ FET/USDT      : 2,190 شمعة
19:53:02 [INFO]   ✓ LDO/USDT      : 2,190 شمعة
19:53:02 [INFO]   ✓ RENDER/USDT   : 2,190 شمعة
19:53:02 [INFO]   ✓ KAS/USDT      : 2,190 شمعة
19:53:02 [INFO]   ✓ WIF/USDT      : 2,190 شمعة
19:53:02 [INFO]   ✓ THETA/USDT    : 2,190 شمعة
19:53:03 [INFO]   ✓ MANA/USDT     : 2,190 شمعة
19:53:03 [INFO]   ✓ SAND/USDT     : 2,190 شمعة
19:53:03 [INFO]   ✓ XLM/USDT      : 2,190 شمعة
19:53:03 [INFO]   ✓ AXS/USDT      : 2,190 شمعة
19:53:03 [INFO]   ✓ CHZ/USDT      : 2,190 شمعة
19:53:03 [INFO]   ✓ POL/USDT      : 2,190 شمعة
19:53:03 [INFO]   ✓ FIL/USDT      : 2,190 شمعة
19:53:03 [INFO]   ✓ DASH/USDT     : 2,190 شمعة
19:53:03 [INFO]   ✓ FLOW/USDT     : 2,190 شمعة
19:53:04 [INFO]   ✓ QNT/USDT      : 2,190 شمعة
19:53:04 [INFO]   ✓ ROSE/USDT     : 2,190 شمعة
19:53:04 [INFO]   ✓ CAKE/USDT     : 2,190 شمعة
19:53:04 [INFO]   ✓ IOTA/USDT     : 2,190 شمعة
19:53:04 [INFO]   ✓ NEO/USDT      : 2,190 شمعة
19:53:04 [INFO]   ✓ KAVA/USDT     : 2,190 شمعة
19:53:04 [INFO]   ✓ CRV/USDT      : 2,190 شمعة
19:53:05 [INFO]   ✓ SNX/USDT      : 2,190 شمعة
19:53:05 [INFO]   ✓ SUSHI/USDT    : 2,190 شمعة
19:53:05 [INFO]   ✓ COMP/USDT     : 2,190 شمعة
19:53:05 [INFO]   ✓ YFI/USDT      : 2,190 شمعة
19:53:05 [INFO]   ✓ ZRX/USDT      : 2,190 شمعة
19:53:05 [INFO]   ✓ BAND/USDT     : 2,190 شمعة
19:53:05 [INFO]   ✓ ANKR/USDT     : 2,190 شمعة
19:53:05 [INFO]   ✓ BAT/USDT      : 2,190 شمعة
19:53:05 [INFO]   ✓ NMR/USDT      : 2,190 شمعة
19:53:06 [INFO]   ✓ STORJ/USDT    : 2,190 شمعة
19:53:06 [INFO]   ✓ KSM/USDT      : 2,190 شمعة
19:53:06 [INFO]   ✓ CELO/USDT     : 2,190 شمعة
19:53:06 [INFO]   ✓ DYDX/USDT     : 2,190 شمعة
19:53:06 [INFO]   ✓ MASK/USDT     : 2,190 شمعة
19:53:06 [INFO]   ✓ ZEN/USDT      : 2,190 شمعة
19:53:06 [INFO]   ✓ ENS/USDT      : 2,190 شمعة
19:53:07 [INFO]   ✓ GMX/USDT      : 2,190 شمعة
19:53:07 [INFO]   ✓ PENDLE/USDT   : 2,190 شمعة
19:53:07 [INFO]   ✓ MAGIC/USDT    : 2,190 شمعة
19:53:07 [INFO]   ✓ HIGH/USDT     : 2,190 شمعة
19:53:07 [INFO]   ✓ JOE/USDT      : 2,190 شمعة
19:53:07 [INFO]   ✓ CYBER/USDT    : 2,190 شمعة
19:53:07 [INFO]   ✓ ARKM/USDT     : 2,190 شمعة
19:53:08 [INFO]   ✓ WLD/USDT      : 2,190 شمعة
19:53:08 [INFO]   ✓ EDU/USDT      : 2,190 شمعة
19:53:08 [INFO]   ✓ ID/USDT       : 2,190 شمعة
19:53:08 [INFO]   ✓ BLUR/USDT     : 2,190 شمعة
19:53:08 [INFO]   ✓ ORDI/USDT     : 2,190 شمعة
19:53:08 [INFO]   ✓ JUP/USDT      : 2,190 شمعة
19:53:08 [INFO]   ✓ PYTH/USDT     : 2,190 شمعة
19:53:08 [INFO]   ✓ STRK/USDT     : 2,190 شمعة
19:53:08 [INFO]   ✓ JTO/USDT      : 2,190 شمعة
19:53:08 [INFO]   ✓ DYM/USDT      : 2,190 شمعة
19:53:09 [INFO]   ✓ MANTA/USDT    : 2,190 شمعة
19:53:09 [INFO]   ✓ ALT/USDT      : 2,190 شمعة
19:53:09 [INFO]   ✓ SAGA/USDT     : 2,190 شمعة
19:53:09 [INFO]   ✓ AEVO/USDT     : 2,190 شمعة
19:53:09 [INFO]   ✓ W/USDT        : 2,190 شمعة
19:53:09 [INFO]   ✓ ETHFI/USDT    : 2,190 شمعة
19:53:09 [INFO]   ✓ BB/USDT       : 2,190 شمعة
19:53:10 [INFO]   ✓ IO/USDT       : 2,190 شمعة
19:53:10 [INFO]   ✓ ZK/USDT       : 2,190 شمعة
19:53:10 [INFO]   ✓ ZRO/USDT      : 2,190 شمعة
19:53:10 [INFO]   ✓ TAIKO/USDT    : 2,190 شمعة
19:53:10 [INFO]   ✓ LISTA/USDT    : 2,190 شمعة
19:53:10 [INFO]   ✓ G/USDT        : 2,190 شمعة
19:53:10 [INFO]   ✓ RARE/USDT     : 2,190 شمعة
19:53:11 [INFO]   ✓ MERL/USDT     : 2,190 شمعة
19:53:11 [INFO]   ✓ SYN/USDT      : 2,190 شمعة
19:53:11 [INFO]   ✓ MEW/USDT      : 2,190 شمعة
19:53:11 [INFO]   ✓ BANANA/USDT   : 2,190 شمعة
19:53:11 [INFO]   ✓ BNB/USDT      : 35,040 شمعة 15m
19:53:12 [INFO]   ✓ ADA/USDT      : 35,040 شمعة 15m
19:53:12 [INFO]   ✓ SOL/USDT      : 35,040 شمعة 15m
19:53:12 [INFO]   ✓ ETH/USDT      : 35,040 شمعة 15m
19:53:12 [INFO]   ✓ AVAX/USDT     : 35,040 شمعة 15m
19:53:12 [INFO]   ✓ BTC/USDT      : 35,040 شمعة 15m
19:53:12 [INFO]   ✓ LINK/USDT     : 35,040 شمعة 15m
19:53:12 [INFO]   ✓ LTC/USDT      : 35,040 شمعة 15m
19:53:13 [INFO]   ✓ ETC/USDT      : 35,040 شمعة 15m
19:53:13 [INFO]   ✓ DOT/USDT      : 35,040 شمعة 15m
19:53:13 [INFO]   ✓ UNI/USDT      : 35,040 شمعة 15m
19:53:13 [INFO]   ✓ ATOM/USDT     : 35,040 شمعة 15m
19:53:13 [INFO]   ✓ TRX/USDT      : 35,040 شمعة 15m
19:53:13 [INFO]   ✓ BCH/USDT      : 35,040 شمعة 15m
19:53:14 [INFO]   ✓ APT/USDT      : 35,040 شمعة 15m
19:53:14 [INFO]   ✓ NEAR/USDT     : 35,040 شمعة 15m
19:53:14 [INFO]   ✓ STX/USDT      : 35,040 شمعة 15m
19:53:14 [INFO]   ✓ HBAR/USDT     : 35,040 شمعة 15m
19:53:14 [INFO]   ✓ AAVE/USDT     : 35,040 شمعة 15m
19:53:15 [INFO]   ✓ SUI/USDT      : 35,040 شمعة 15m
19:53:15 [INFO]   ✓ ARB/USDT      : 35,040 شمعة 15m
19:53:15 [INFO]   ✓ OP/USDT       : 35,040 شمعة 15m
19:53:15 [INFO]   ✓ TIA/USDT      : 35,040 شمعة 15m
19:53:15 [INFO]   ✓ SEI/USDT      : 35,040 شمعة 15m
19:53:15 [INFO]   ✓ ALGO/USDT     : 35,040 شمعة 15m
19:53:16 [INFO]   ✓ GRT/USDT      : 35,040 شمعة 15m
19:53:16 [INFO]   ✓ FET/USDT      : 35,040 شمعة 15m
19:53:16 [INFO]   ✓ LDO/USDT      : 35,040 شمعة 15m
19:53:17 [INFO]   ✓ RENDER/USDT   : 35,040 شمعة 15m
19:53:17 [INFO]   ✓ KAS/USDT      : 35,040 شمعة 15m
19:53:17 [INFO]   ✓ WIF/USDT      : 35,040 شمعة 15m
19:53:17 [INFO]   ✓ THETA/USDT    : 35,040 شمعة 15m
19:53:18 [INFO]   ✓ MANA/USDT     : 35,040 شمعة 15m
19:53:18 [INFO]   ✓ XLM/USDT      : 35,040 شمعة 15m
19:53:18 [INFO]   ✓ SAND/USDT     : 35,040 شمعة 15m
19:53:18 [INFO]   ✓ AXS/USDT      : 35,040 شمعة 15m
19:53:18 [INFO]   ✓ CHZ/USDT      : 35,040 شمعة 15m
19:53:19 [INFO]   ✓ POL/USDT      : 35,040 شمعة 15m
19:53:19 [INFO]   ✓ FIL/USDT      : 35,040 شمعة 15m
19:53:19 [INFO]   ✓ DASH/USDT     : 35,040 شمعة 15m
19:53:19 [INFO]   ✓ ROSE/USDT     : 35,040 شمعة 15m
19:53:20 [INFO]   ✓ QNT/USDT      : 35,040 شمعة 15m
19:53:20 [INFO]   ✓ FLOW/USDT     : 35,040 شمعة 15m
19:53:20 [INFO]   ✓ CAKE/USDT     : 35,040 شمعة 15m
19:53:20 [INFO]   ✓ IOTA/USDT     : 35,040 شمعة 15m
19:53:20 [INFO]   ✓ CRV/USDT      : 35,040 شمعة 15m
19:53:20 [INFO]   ✓ NEO/USDT      : 35,040 شمعة 15m
19:53:20 [INFO]   ✓ KAVA/USDT     : 35,040 شمعة 15m
19:53:21 [INFO]   ✓ SNX/USDT      : 35,040 شمعة 15m
19:53:21 [INFO]   ✓ SUSHI/USDT    : 35,040 شمعة 15m
19:53:21 [INFO]   ✓ TON/USDT      : 25,520 شمعة 15m
19:53:21 [INFO]   ✓ COMP/USDT     : 35,040 شمعة 15m
19:53:21 [INFO]   ✓ YFI/USDT      : 35,040 شمعة 15m
19:53:21 [INFO]   ✓ ZRX/USDT      : 35,040 شمعة 15m
19:53:22 [INFO]   ✓ ANKR/USDT     : 35,040 شمعة 15m
19:53:22 [INFO]   ✓ BAND/USDT     : 35,040 شمعة 15m
19:53:22 [INFO]   ✓ NMR/USDT      : 35,040 شمعة 15m
19:53:22 [INFO]   ✓ BAT/USDT      : 35,040 شمعة 15m
19:53:23 [INFO]   ✓ CELO/USDT     : 35,040 شمعة 15m
19:53:23 [INFO]   ✓ KSM/USDT      : 35,040 شمعة 15m
19:53:23 [INFO]   ✓ DYDX/USDT     : 35,040 شمعة 15m
19:53:23 [INFO]   ✓ MASK/USDT     : 35,040 شمعة 15m
19:53:23 [INFO]   ✓ ENS/USDT      : 35,040 شمعة 15m
19:53:23 [INFO]   ✓ ZEN/USDT      : 35,040 شمعة 15m
19:53:23 [INFO]   ✓ GMX/USDT      : 35,040 شمعة 15m
19:53:24 [INFO]   ✓ PENDLE/USDT   : 35,040 شمعة 15m
19:53:24 [INFO]   ✓ MAGIC/USDT    : 35,040 شمعة 15m
19:53:24 [INFO]   ✓ CYBER/USDT    : 35,040 شمعة 15m
19:53:24 [INFO]   ✓ JOE/USDT      : 35,040 شمعة 15m
19:53:25 [INFO]   ✓ ARKM/USDT     : 35,040 شمعة 15m
19:53:25 [INFO]   ✓ STORJ/USDT    : 31,621 شمعة 15m
19:53:25 [INFO]   ✓ EDU/USDT      : 35,040 شمعة 15m
19:53:25 [INFO]   ✓ WLD/USDT      : 35,040 شمعة 15m
19:53:26 [INFO]   ✓ BLUR/USDT     : 35,040 شمعة 15m
19:53:26 [INFO]   ✓ ID/USDT       : 35,040 شمعة 15m
19:53:26 [INFO]   ✓ JUP/USDT      : 35,040 شمعة 15m
19:53:26 [INFO]   ✓ ORDI/USDT     : 35,040 شمعة 15m
19:53:26 [INFO]   ✓ PYTH/USDT     : 35,040 شمعة 15m
19:53:26 [INFO]   ✓ STRK/USDT     : 35,040 شمعة 15m
19:53:27 [INFO]   ✓ DYM/USDT      : 35,040 شمعة 15m
19:53:27 [INFO]   ✓ JTO/USDT      : 35,040 شمعة 15m
19:53:27 [INFO]   ✓ MANTA/USDT    : 35,040 شمعة 15m
19:53:27 [INFO]   ✓ AEVO/USDT     : 35,040 شمعة 15m
19:53:27 [INFO]   ✓ ALT/USDT      : 35,040 شمعة 15m
19:53:27 [INFO]   ✓ SAGA/USDT     : 35,040 شمعة 15m
19:53:28 [INFO]   ✓ W/USDT        : 35,040 شمعة 15m
19:53:28 [INFO]   ✓ BB/USDT       : 35,040 شمعة 15m
19:53:28 [INFO]   ✓ IO/USDT       : 35,040 شمعة 15m
19:53:28 [INFO]   ✓ ETHFI/USDT    : 35,040 شمعة 15m
19:53:28 [INFO]   ✓ ZK/USDT       : 35,040 شمعة 15m
19:53:29 [INFO]   ✓ LISTA/USDT    : 35,040 شمعة 15m
19:53:29 [INFO]   ✓ ZRO/USDT      : 35,040 شمعة 15m
19:53:29 [INFO]   ✓ TAIKO/USDT    : 35,040 شمعة 15m
19:53:29 [INFO]   ✓ G/USDT        : 35,040 شمعة 15m
19:53:30 [INFO]   ✓ MERL/USDT     : 35,040 شمعة 15m
19:53:30 [INFO]   ✓ SYN/USDT      : 35,040 شمعة 15m
19:53:30 [INFO]   ✓ RARE/USDT     : 35,040 شمعة 15m
19:53:30 [INFO]   ✓ MEW/USDT      : 35,040 شمعة 15m
19:53:30 [INFO]   ✓ BANANA/USDT   : 35,040 شمعة 15m
19:53:31 [INFO]   ✓ HIGH/USDT     : 24,324 شمعة 15m
19:53:31 [INFO]   [SubBars] loaded for 100 symbols at 15m
19:53:31 [INFO] §3  معالجة فضاء الحالة (K ديناميكي)...
19:53:31 [INFO]   [Parallel] 7 workers × 100 symbols (cache=on)
╔══════════════════════════════════════════════════════════════════════╗
  [Level-1] Parallel: True  Cache: True
  [Level-2] Numba: True

║  محرك التداول الثرموديناميكي الكمي v6.0 – Singularity Engine     ║
║  الوضع: BACKTEST    |  رأس المال: $100.00              ║
╠══════════════════════════════════════════════════════════════════════╣
║  ① Boltzmann Kelly: BASE=2.0%  λ=0.05  [1.0%–5.0%]  ║
║  ② Topo-Divergence: ε=0.05  (حتمية هندسية)              ║
║  ③ Dynamic-K:       [25–50]  (SNR ∝ 1/m)                     ║
║  ④ Cosmological Λ:  0  (De Sitter drift)                  ║
║  ⑤ T_sync EMA-accel: فلتر التشابك عبر المقاييس                  ║
╚══════════════════════════════════════════════════════════════════════╝

19:53:42 [INFO]   ✓ ETH/USDT       | K=25 | اختبار=  425 | tri_μ=1.33 | [cache]
19:53:42 [INFO]   ✓ BNB/USDT       | K=25 | اختبار=  431 | tri_μ=1.35 | [cache]
19:53:42 [INFO]   ✓ SOL/USDT       | K=25 | اختبار=  391 | tri_μ=1.23 | [cache]
19:53:42 [INFO]   ✓ AVAX/USDT      | K=25 | اختبار=  416 | tri_μ=1.27 | [cache]
19:53:42 [INFO]   ✓ ADA/USDT       | K=25 | اختبار=  289 | tri_μ=1.21 | [cache]
19:53:42 [INFO]   ✓ BTC/USDT       | K=25 | اختبار=  403 | tri_μ=1.37 | [cache]
19:53:42 [INFO]   ✓ LINK/USDT      | K=25 | اختبار=  453 | tri_μ=1.31 | [cache]
19:53:42 [INFO]   ✓ DOT/USDT       | K=25 | اختبار=  393 | tri_μ=1.26 | [cache]
19:53:42 [INFO]   ✓ ETC/USDT       | K=25 | اختبار=  449 | tri_μ=1.29 | [cache]
19:53:42 [INFO]   ✓ LTC/USDT       | K=25 | اختبار=  431 | tri_μ=1.27 | [cache]
19:53:42 [INFO]   ✓ UNI/USDT       | K=25 | اختبار=  407 | tri_μ=1.31 | [cache]
19:53:42 [INFO]   ✓ ATOM/USDT      | K=25 | اختبار=  463 | tri_μ=1.29 | [cache]
19:53:42 [INFO]   ✓ TRX/USDT       | K=25 | اختبار=  446 | tri_μ=1.33 | [cache]
19:53:42 [INFO]   ✓ TON/USDT       | K=25 | اختبار=  267 | tri_μ=1.08 | [cache]
19:53:42 [INFO]   ✓ BCH/USDT       | K=25 | اختبار=  385 | tri_μ=1.27 | [cache]
19:53:43 [INFO]   ✓ APT/USDT       | K=25 | اختبار=  463 | tri_μ=1.31 | [cache]
19:53:43 [INFO]   ✓ NEAR/USDT      | K=25 | اختبار=  420 | tri_μ=1.27 | [cache]
19:53:43 [INFO]   ✓ HBAR/USDT      | K=25 | اختبار=  389 | tri_μ=1.32 | [cache]
19:53:43 [INFO]   ✓ STX/USDT       | K=25 | اختبار=  410 | tri_μ=1.27 | [cache]
19:53:43 [INFO]   ✓ AAVE/USDT      | K=25 | اختبار=  309 | tri_μ=1.23 | [cache]
19:53:43 [INFO]   ✓ SUI/USDT       | K=25 | اختبار=  421 | tri_μ=1.30 | [cache]
19:53:43 [INFO]   ✓ OP/USDT        | K=25 | اختبار=  434 | tri_μ=1.26 | [cache]
19:53:43 [INFO]   ✓ ARB/USDT       | K=25 | اختبار=  407 | tri_μ=1.28 | [cache]
19:53:43 [INFO]   ✓ TIA/USDT       | K=25 | اختبار=  414 | tri_μ=1.32 | [cache]
19:53:43 [INFO]   ✓ SEI/USDT       | K=25 | اختبار=  386 | tri_μ=1.29 | [cache]
19:53:43 [INFO]   ✓ ALGO/USDT      | K=25 | اختبار=  387 | tri_μ=1.30 | [cache]
19:53:43 [INFO]   ✓ GRT/USDT       | K=25 | اختبار=  405 | tri_μ=1.31 | [cache]
19:53:43 [INFO]   ✓ FET/USDT       | K=25 | اختبار=  418 | tri_μ=1.32 | [cache]
19:53:43 [INFO]   ✓ LDO/USDT       | K=25 | اختبار=  429 | tri_μ=1.32 | [cache]
19:53:43 [INFO]   ✓ RENDER/USDT    | K=25 | اختبار=  427 | tri_μ=1.29 | [cache]
19:53:43 [INFO]   ✓ KAS/USDT       | K=25 | اختبار=  441 | tri_μ=1.33 | [cache]
19:53:43 [INFO]   ✓ WIF/USDT       | K=25 | اختبار=  448 | tri_μ=1.33 | [cache]
19:53:43 [INFO]   ✓ THETA/USDT     | K=25 | اختبار=  456 | tri_μ=1.29 | [cache]
19:53:43 [INFO]   ✓ MANA/USDT      | K=25 | اختبار=  445 | tri_μ=1.28 | [cache]
19:53:43 [INFO]   ✓ SAND/USDT      | K=25 | اختبار=  428 | tri_μ=1.26 | [cache]
19:53:43 [INFO]   ✓ XLM/USDT       | K=25 | اختبار=  392 | tri_μ=1.31 | [cache]
19:53:43 [INFO]   ✓ AXS/USDT       | K=25 | اختبار=  424 | tri_μ=1.27 | [cache]
19:53:43 [INFO]   ✓ CHZ/USDT       | K=25 | اختبار=  361 | tri_μ=1.22 | [cache]
19:53:43 [INFO]   ✓ POL/USDT       | K=25 | اختبار=  416 | tri_μ=1.27 | [cache]
19:53:43 [INFO]   ✓ FIL/USDT       | K=25 | اختبار=  418 | tri_μ=1.31 | [cache]
19:53:43 [INFO]   ✓ DASH/USDT      | K=25 | اختبار=  431 | tri_μ=1.32 | [cache]
19:53:43 [INFO]   ✓ FLOW/USDT      | K=25 | اختبار=  436 | tri_μ=1.23 | [cache]
19:53:43 [INFO]   ✓ QNT/USDT       | K=25 | اختبار=  452 | tri_μ=1.32 | [cache]
19:53:43 [INFO]   ✓ ROSE/USDT      | K=25 | اختبار=  416 | tri_μ=1.26 | [cache]
19:53:43 [INFO]   ✓ CAKE/USDT      | K=25 | اختبار=  441 | tri_μ=1.31 | [cache]
19:53:43 [INFO]   ✓ IOTA/USDT      | K=25 | اختبار=  406 | tri_μ=1.26 | [cache]
19:53:43 [INFO]   ✓ NEO/USDT       | K=25 | اختبار=  455 | tri_μ=1.30 | [cache]
19:53:43 [INFO]   ✓ KAVA/USDT      | K=25 | اختبار=  450 | tri_μ=1.30 | [cache]
19:53:43 [INFO]   ✓ CRV/USDT       | K=25 | اختبار=  443 | tri_μ=1.31 | [cache]
19:53:43 [INFO]   ✓ SNX/USDT       | K=25 | اختبار=  426 | tri_μ=1.31 | [cache]
19:53:43 [INFO]   ✓ SUSHI/USDT     | K=25 | اختبار=  461 | tri_μ=1.31 | [cache]
19:53:43 [INFO]   ✓ COMP/USDT      | K=25 | اختبار=  445 | tri_μ=1.28 | [cache]
19:53:43 [INFO]   ✓ YFI/USDT       | K=25 | اختبار=  382 | tri_μ=1.34 | [cache]
19:53:43 [INFO]   ✓ ZRX/USDT       | K=25 | اختبار=  461 | tri_μ=1.28 | [cache]
19:53:43 [INFO]   ✓ BAND/USDT      | K=25 | اختبار=  447 | tri_μ=1.30 | [cache]
19:53:43 [INFO]   ✓ ANKR/USDT      | K=25 | اختبار=  386 | tri_μ=1.26 | [cache]
19:53:43 [INFO]   ✓ BAT/USDT       | K=25 | اختبار=  430 | tri_μ=1.33 | [cache]
19:53:43 [INFO]   ✓ NMR/USDT       | K=25 | اختبار=  457 | tri_μ=1.27 | [cache]
19:53:43 [INFO]   ✓ STORJ/USDT     | K=25 | اختبار=  334 | tri_μ=1.23 | [cache]
19:53:43 [INFO]   ✓ KSM/USDT       | K=25 | اختبار=  443 | tri_μ=1.26 | [cache]
19:53:43 [INFO]   ✓ CELO/USDT      | K=25 | اختبار=  458 | tri_μ=1.30 | [cache]
19:53:43 [INFO]   ✓ DYDX/USDT      | K=25 | اختبار=  412 | tri_μ=1.27 | [cache]
19:53:43 [INFO]   ✓ MASK/USDT      | K=25 | اختبار=  437 | tri_μ=1.30 | [cache]
19:53:43 [INFO]   ✓ ZEN/USDT       | K=25 | اختبار=  424 | tri_μ=1.30 | [cache]
19:53:43 [INFO]   ✓ ENS/USDT       | K=25 | اختبار=  424 | tri_μ=1.28 | [cache]
19:53:43 [INFO]   ✓ GMX/USDT       | K=25 | اختبار=  440 | tri_μ=1.29 | [cache]
19:53:43 [INFO]   ✓ PENDLE/USDT    | K=25 | اختبار=  420 | tri_μ=1.29 | [cache]
19:53:43 [INFO]   ✓ MAGIC/USDT     | K=25 | اختبار=  445 | tri_μ=1.28 | [cache]
19:53:44 [INFO]   ✓ HIGH/USDT      | K=25 | اختبار=  150 | tri_μ=1.08 | [cache]
19:53:44 [INFO]   ✓ JOE/USDT       | K=25 | اختبار=  448 | tri_μ=1.28 | [cache]
19:53:44 [INFO]   ✓ CYBER/USDT     | K=25 | اختبار=  456 | tri_μ=1.33 | [cache]
19:53:44 [INFO]   ✓ ARKM/USDT      | K=25 | اختبار=  441 | tri_μ=1.32 | [cache]
19:53:44 [INFO]   ✓ WLD/USDT       | K=25 | اختبار=  329 | tri_μ=1.25 | [cache]
19:53:44 [INFO]   ✓ EDU/USDT       | K=25 | اختبار=  327 | tri_μ=1.23 | [cache]
19:53:44 [INFO]   ✓ ID/USDT        | K=25 | اختبار=  294 | tri_μ=1.22 | [cache]
19:53:44 [INFO]   ✓ BLUR/USDT      | K=25 | اختبار=  413 | tri_μ=1.26 | [cache]
19:53:44 [INFO]   ✓ ORDI/USDT      | K=25 | اختبار=  452 | tri_μ=1.30 | [cache]
19:53:44 [INFO]   ✓ JUP/USDT       | K=25 | اختبار=  454 | tri_μ=1.32 | [cache]
19:53:44 [INFO]   ✓ PYTH/USDT      | K=25 | اختبار=  421 | tri_μ=1.32 | [cache]
19:53:44 [INFO]   ✓ STRK/USDT      | K=25 | اختبار=  427 | tri_μ=1.32 | [cache]
19:53:44 [INFO]   ✓ JTO/USDT       | K=25 | اختبار=  399 | tri_μ=1.26 | [cache]
19:53:44 [INFO]   ✓ DYM/USDT       | K=25 | اختبار=  361 | tri_μ=1.19 | [cache]
19:53:44 [INFO]   ✓ MANTA/USDT     | K=25 | اختبار=  414 | tri_μ=1.28 | [cache]
19:53:44 [INFO]   ✓ ALT/USDT       | K=25 | اختبار=  450 | tri_μ=1.33 | [cache]
19:53:44 [INFO]   ✓ SAGA/USDT      | K=25 | اختبار=  236 | tri_μ=1.19 | [cache]
19:53:44 [INFO]   ✓ AEVO/USDT      | K=25 | اختبار=  416 | tri_μ=1.29 | [cache]
19:53:44 [INFO]   ✓ W/USDT         | K=25 | اختبار=  362 | tri_μ=1.25 | [cache]
19:53:44 [INFO]   ✓ ETHFI/USDT     | K=25 | اختبار=  482 | tri_μ=1.31 | [cache]
19:53:44 [INFO]   ✓ BB/USDT        | K=25 | اختبار=  426 | tri_μ=1.30 | [cache]
19:53:44 [INFO]   ✓ IO/USDT        | K=25 | اختبار=  416 | tri_μ=1.31 | [cache]
19:53:44 [INFO]   ✓ ZK/USDT        | K=25 | اختبار=  433 | tri_μ=1.33 | [cache]
19:53:44 [INFO]   ✓ ZRO/USDT       | K=25 | اختبار=  412 | tri_μ=1.26 | [cache]
19:53:44 [INFO]   ✓ TAIKO/USDT     | K=25 | اختبار=  376 | tri_μ=1.24 | [cache]
19:53:44 [INFO]   ✓ LISTA/USDT     | K=25 | اختبار=  417 | tri_μ=1.26 | [cache]
19:53:44 [INFO]   ✓ G/USDT         | K=25 | اختبار=  383 | tri_μ=1.25 | [cache]
19:53:44 [INFO]   ✓ RARE/USDT      | K=25 | اختبار=  439 | tri_μ=1.28 | [cache]
19:53:44 [INFO]   ✓ MERL/USDT      | K=25 | اختبار=  406 | tri_μ=1.30 | [cache]
19:53:44 [INFO]   ✓ SYN/USDT       | K=25 | اختبار=  360 | tri_μ=1.26 | [cache]
19:53:44 [INFO]   ✓ BANANA/USDT    | K=25 | اختبار=  442 | tri_μ=1.24 | [cache]
19:53:47 [WARNING] [process_asset] MEW/USDT: degenerate clustering (H_train=0.444, H_theo=4.644, ratio=0.096, K=25) — returning None
19:53:47 [WARNING]   ✗ MEW/USDT: process_asset returned None
19:53:54 [INFO]   [Parallel] done in 23.1s  (cache=99, computed=0, errors=1)
19:53:54 [INFO] §4  مصفوفة الارتباط...
19:53:55 [INFO]   أزواج مرتبطة (ρ>0.7): 28
19:53:55 [INFO] §5  بناء الإشارات (①②④⑤ مُفعَّلة)...
19:53:55 [INFO] [Gauge-Filter] thresholds: BUY>p50=0.12892, SELL>p85=0.18232 (pool=93628)
19:53:58 [INFO]   ✔ 9,915 إشارة
19:53:58 [INFO]   T_info: μ=4.413 | σ=2.034
19:53:58 [INFO]   risk_dynamic: μ=1.930% | max=2.55%
19:53:58 [INFO]   BUY=9,915 | SELL=0 (Λ=0)
19:53:58 [INFO] §6  محاكاة المحفظة متعددة المراكز...
19:53:58 [INFO]   [Backtest Realism] Entry fills: 7,905/9,915 (79.7%) [pen=1.0bps, wait=live=0s → 6 bars]
19:54:12 [INFO]   ✔ 4,379 صفقة
19:54:12 [INFO] §7  انحدار الإنتروبيا...
19:54:12 [INFO]   ETH/USDT      : b=-0.00026  R²=0.019  [neutral]
19:54:12 [INFO]   BNB/USDT      : b=-0.00016  R²=0.008  [neutral]
19:54:12 [INFO]   SOL/USDT      : b=+0.00082  R²=0.153  [increasing]
19:54:12 [INFO]   AVAX/USDT     : b=+0.00041  R²=0.038  [neutral]
19:54:17 [INFO] 📊 quantum_v6_results.png
19:54:17 [INFO] ✅ اكتمل.
19:54:17 [INFO]    E[ln(1+fR)] = -0.000308
19:54:17 [INFO]    MaxDrawdown  = 97.55%
19:54:17 [INFO]    Topo-Exits   = 0.0%
19:54:17 [INFO]    AvgRisk      = 0.676%
19:54:17 [INFO] [Diagnostic] Close-and-reverse within 3h: 0

════════════════════════════════════════════════════════════════════════
   📊  محرك التداول الثرموديناميكي الكمي v6.0  [BACKTEST]
   🌌  محرك التفرد – Singularity Engine
════════════════════════════════════════════════════════════════════════

▶ المقياس الأساسي (م٦): E[ln(1+fR)] لكل صفقة
   متوسط  : -0.000308
   وسيط   : -0.005595
   انحراف : 0.013033
   → ❌ حافة سلبية

▶ إحصاءات الصفقات
   عدد الصفقات      : 4,379
   شراء / بيع        : 4,379 / 0
   نسبة النجاح      : 16.37%
   عامل الربح (PF)  : 0.767
   متوسط الربح      : $301.1010
   متوسط الخسارة   : $-76.8744
   شارب (سنوي)      : -0.375
   دخول مُحسَّن       : 0  (0.0%)

▶ التعديلات الجديدة (v6.0)
   ① متوسط T_info (حرارة معلوماتية) : 4.5290
   ① متوسط المخاطرة الديناميكية     : 0.676%
   ② خروج توبولوجي (Topo-Div)       : 0  (0.0%)
   خروج TRI مبكر                    : 0  (0.0%)
   انزلاق إجمالي                    : $31,390.44

▶ رأس المال (مقياس ثانوي)
   ابتدائي: $100.00  →  نهائي: $35,908.15
   العائد الكلي     : 35,808.2%
   أقصى انخفاض     : 97.55%  ($81,779.52)

▶ تحذير السيولة (م٦): 1 (0.0%)  ✅ معقول

▶ توزيع أسباب الخروج
   Emergency SL             :   3,853  (88.0%)
   Hard TP                  :     459  (10.5%)
   MaxHold                  :      62  (1.4%)
   EndOfData                :       5  (0.1%)

════════════════════════════════════════════════════════════════════════


▶ تحليل MFE (أقصى ربح غير مُحقَّق)
   Emergency SL   (n=3853) | μMFE= 1.84%  max=12.30%  | >0.5%: 2207  >1.0%: 1891  >2.0%: 1409
   Hard TP        (n= 459) | μMFE=12.25%  max=72.29%  | >0.5%:  459  >1.0%:  459  >2.0%:  459

▶ ميزانية المخاطرة الكلية
   μ risk/trade : 0.676%
   max risk/trade : 2.587%
   min risk/trade : 0.500%
