19:45:16 [INFO] [Level-2] Numba kernels warm (JIT ready in 0.7s)
19:45:16 [INFO] [Cache] LIVE_ASSET_CACHE_MAX adjusted to 150
19:45:18 [INFO] [TF] timeframe=4h TF_SCALE=0.2500 TF_SECONDS=14400 TF_HOURS=4.000
19:45:18 [INFO] [TF-Unified] N=24 W=20 L=10 ADV_BARS=6 (σ≈0.25× 1h)
19:45:18 [INFO] [Data] mode=backtest | tf=4h | history=180d (1080 bars/symbol) | quality=degraded | source=user(180d)
19:45:18 [WARNING] [Data] degraded quality: tail=1080 < strict_min/2=5012. Many assets may be skipped by degenerate detection. Recommended minimum for 4h: --history-days 2339.
19:45:18 [INFO] [Trail] Trailing Stop Loss DISABLED — SL is fixed
19:45:18 [INFO] [Backtest] --no-fixed-price: entry target will be derived from close[sig.close_idx] × (1 ± PO_PENETRATION_BPS)
19:45:18 [INFO] [Watch] Watch-then-trigger ENABLED (κ_prox=0.5, swing_lookback=60, phase1_timeout=16h)
19:45:18 [INFO] [Gauge] Filter ENABLED
19:45:18 [INFO] [Gauge] SELL DISABLED — BUY-only mode
19:45:18 [INFO] [OppTP] Opposite-Signal Adaptive TP DISABLED
19:45:18 [INFO] [TradeLog] Logging trades to results/trades_buy_p60_180d.jsonl
19:45:18 [INFO] §1  مسح أعلى 15 عملة...
19:45:18 [INFO] §2  جلب البيانات (متوازٍ)...
19:45:38 [INFO]   ✓ SOL/USDT      : 1,080 شمعة
19:45:44 [INFO]   ✓ AVAX/USDT     : 1,080 شمعة
19:45:45 [INFO]   ✓ ADA/USDT      : 1,080 شمعة
19:45:45 [INFO]   ✓ LINK/USDT     : 1,080 شمعة
19:45:45 [INFO]   ✓ ETH/USDT      : 1,080 شمعة
19:45:45 [INFO]   ✓ BTC/USDT      : 1,080 شمعة
19:45:46 [INFO]   ✓ BNB/USDT      : 1,080 شمعة
19:45:46 [INFO]   ✓ DOT/USDT      : 1,080 شمعة
19:45:46 [INFO]   ✓ LTC/USDT      : 1,080 شمعة
19:45:46 [INFO]   ✓ UNI/USDT      : 1,080 شمعة
19:45:46 [INFO]   ✓ ATOM/USDT     : 1,080 شمعة
19:45:46 [INFO]   ✓ ETC/USDT      : 1,080 شمعة
19:45:46 [INFO]   ✓ TRX/USDT      : 1,080 شمعة
19:45:47 [INFO]   ✓ TON/USDT      : 1,080 شمعة
19:45:47 [INFO]   ✓ NEAR/USDT     : 1,080 شمعة
19:45:47 [INFO]   ✓ BCH/USDT      : 1,080 شمعة
19:45:47 [INFO]   ✓ HBAR/USDT     : 1,080 شمعة
19:45:47 [INFO]   ✓ APT/USDT      : 1,080 شمعة
19:45:47 [INFO]   ✓ STX/USDT      : 1,080 شمعة
19:45:48 [INFO]   ✓ AAVE/USDT     : 1,080 شمعة
19:45:48 [INFO]   ✓ ARB/USDT      : 1,080 شمعة
19:45:48 [INFO]   ✓ SUI/USDT      : 1,080 شمعة
19:45:48 [INFO]   ✓ OP/USDT       : 1,080 شمعة
19:45:48 [INFO]   ✓ TIA/USDT      : 1,080 شمعة
19:45:48 [INFO]   ✓ ALGO/USDT     : 1,080 شمعة
19:45:48 [INFO]   ✓ SEI/USDT      : 1,080 شمعة
19:45:48 [INFO]   ✓ GRT/USDT      : 1,080 شمعة
19:45:48 [INFO]   ✓ RENDER/USDT   : 1,080 شمعة
19:45:49 [INFO]   ✓ FET/USDT      : 1,080 شمعة
19:45:49 [INFO]   ✓ KAS/USDT      : 1,080 شمعة
19:45:49 [INFO]   ✓ LDO/USDT      : 1,080 شمعة
19:45:49 [INFO]   ✓ WIF/USDT      : 1,080 شمعة
19:45:49 [INFO]   ✓ SAND/USDT     : 1,080 شمعة
19:45:49 [INFO]   ✓ THETA/USDT    : 1,080 شمعة
19:45:50 [INFO]   ✓ AXS/USDT      : 1,080 شمعة
19:45:50 [INFO]   ✓ XLM/USDT      : 1,080 شمعة
19:45:50 [INFO]   ✓ MANA/USDT     : 1,080 شمعة
19:45:50 [INFO]   ✓ POL/USDT      : 1,080 شمعة
19:45:50 [INFO]   ✓ CHZ/USDT      : 1,080 شمعة
19:45:50 [INFO]   ✓ FIL/USDT      : 1,080 شمعة
19:45:51 [INFO]   ✓ FLOW/USDT     : 1,080 شمعة
19:45:51 [INFO]   ✓ DASH/USDT     : 1,080 شمعة
19:45:51 [INFO]   ✓ CAKE/USDT     : 1,080 شمعة
19:45:51 [INFO]   ✓ QNT/USDT      : 1,080 شمعة
19:45:51 [INFO]   ✓ ROSE/USDT     : 1,080 شمعة
19:45:51 [INFO]   ✓ IOTA/USDT     : 1,080 شمعة
19:45:52 [INFO]   ✓ NEO/USDT      : 1,080 شمعة
19:45:52 [INFO]   ✓ KAVA/USDT     : 1,080 شمعة
19:45:52 [INFO]   ✓ SNX/USDT      : 1,080 شمعة
19:45:52 [INFO]   ✓ CRV/USDT      : 1,080 شمعة
19:45:52 [INFO]   ✓ COMP/USDT     : 1,080 شمعة
19:45:52 [INFO]   ✓ SUSHI/USDT    : 1,080 شمعة
19:45:52 [INFO]   ✓ ZRX/USDT      : 1,080 شمعة
19:45:52 [INFO]   ✓ YFI/USDT      : 1,080 شمعة
19:45:52 [INFO]   ✓ BAT/USDT      : 1,080 شمعة
19:45:52 [INFO]   ✓ ANKR/USDT     : 1,080 شمعة
19:45:53 [INFO]   ✓ BAND/USDT     : 1,080 شمعة
19:45:53 [INFO]   ✓ NMR/USDT      : 1,080 شمعة
19:45:53 [INFO]   ✓ CELO/USDT     : 1,080 شمعة
19:45:53 [INFO]   ✓ STORJ/USDT    : 1,080 شمعة
19:45:53 [INFO]   ✓ ZEN/USDT      : 1,080 شمعة
19:45:53 [INFO]   ✓ KSM/USDT      : 1,080 شمعة
19:45:53 [INFO]   ✓ MASK/USDT     : 1,080 شمعة
19:45:54 [INFO]   ✓ DYDX/USDT     : 1,080 شمعة
19:45:54 [INFO]   ✓ ENS/USDT      : 1,080 شمعة
19:45:54 [INFO]   ✓ HIGH/USDT     : 1,080 شمعة
19:45:54 [INFO]   ✓ GMX/USDT      : 1,080 شمعة
19:45:54 [INFO]   ✓ MAGIC/USDT    : 1,080 شمعة
19:45:54 [INFO]   ✓ PENDLE/USDT   : 1,080 شمعة
19:45:54 [INFO]   ✓ JOE/USDT      : 1,080 شمعة
19:45:55 [INFO]   ✓ WLD/USDT      : 1,080 شمعة
19:45:55 [INFO]   ✓ ARKM/USDT     : 1,080 شمعة
19:45:55 [INFO]   ✓ CYBER/USDT    : 1,080 شمعة
19:45:55 [INFO]   ✓ BLUR/USDT     : 1,080 شمعة
19:45:55 [INFO]   ✓ ID/USDT       : 1,080 شمعة
19:45:55 [INFO]   ✓ EDU/USDT      : 1,080 شمعة
19:45:55 [INFO]   ✓ JTO/USDT      : 1,080 شمعة
19:45:55 [INFO]   ✓ ORDI/USDT     : 1,080 شمعة
19:45:55 [INFO]   ✓ JUP/USDT      : 1,080 شمعة
19:45:55 [INFO]   ✓ PYTH/USDT     : 1,080 شمعة
19:45:56 [INFO]   ✓ DYM/USDT      : 1,080 شمعة
19:45:56 [INFO]   ✓ STRK/USDT     : 1,080 شمعة
19:45:56 [INFO]   ✓ ETHFI/USDT    : 1,080 شمعة
19:45:56 [INFO]   ✓ ALT/USDT      : 1,080 شمعة
19:45:56 [INFO]   ✓ MANTA/USDT    : 1,080 شمعة
19:45:56 [INFO]   ✓ AEVO/USDT     : 1,080 شمعة
19:45:56 [INFO]   ✓ W/USDT        : 1,080 شمعة
19:45:57 [INFO]   ✓ SAGA/USDT     : 1,080 شمعة
19:45:57 [INFO]   ✓ BB/USDT       : 1,080 شمعة
19:45:57 [INFO]   ✓ LISTA/USDT    : 1,080 شمعة
19:45:57 [INFO]   ✓ IO/USDT       : 1,080 شمعة
19:45:57 [INFO]   ✓ ZK/USDT       : 1,080 شمعة
19:45:57 [INFO]   ✓ TAIKO/USDT    : 1,080 شمعة
19:45:58 [INFO]   ✓ G/USDT        : 1,080 شمعة
19:45:58 [INFO]   ✓ ZRO/USDT      : 1,080 شمعة
19:45:58 [INFO]   ✓ SYN/USDT      : 1,080 شمعة
19:45:58 [INFO]   ✓ MEW/USDT      : 1,080 شمعة
19:45:58 [INFO]   ✓ RARE/USDT     : 1,080 شمعة
19:45:58 [INFO]   ✓ MERL/USDT     : 1,080 شمعة
19:45:58 [INFO]   ✓ BANANA/USDT   : 1,080 شمعة
19:45:59 [INFO]   ✓ AVAX/USDT     : 17,280 شمعة 15m
19:46:00 [INFO]   ✓ LINK/USDT     : 17,280 شمعة 15m
19:46:00 [INFO]   ✓ ETH/USDT      : 17,280 شمعة 15m
19:46:00 [INFO]   ✓ ADA/USDT      : 17,280 شمعة 15m
19:46:00 [INFO]   ✓ SOL/USDT      : 17,280 شمعة 15m
19:46:01 [INFO]   ✓ BTC/USDT      : 17,280 شمعة 15m
19:46:01 [INFO]   ✓ BNB/USDT      : 17,280 شمعة 15m
19:46:02 [INFO]   ✓ DOT/USDT      : 17,280 شمعة 15m
19:46:02 [INFO]   ✓ UNI/USDT      : 17,280 شمعة 15m
19:46:02 [INFO]   ✓ LTC/USDT      : 17,280 شمعة 15m
19:46:02 [INFO]   ✓ ATOM/USDT     : 17,280 شمعة 15m
19:46:03 [INFO]   ✓ ETC/USDT      : 17,280 شمعة 15m
19:46:03 [INFO]   ✓ TRX/USDT      : 17,280 شمعة 15m
19:46:03 [INFO]   ✓ NEAR/USDT     : 17,280 شمعة 15m
19:46:03 [INFO]   ✓ BCH/USDT      : 17,280 شمعة 15m
19:46:04 [INFO]   ✓ HBAR/USDT     : 17,280 شمعة 15m
19:46:04 [INFO]   ✓ APT/USDT      : 17,280 شمعة 15m
19:46:04 [INFO]   ✓ STX/USDT      : 17,280 شمعة 15m
19:46:05 [INFO]   ✓ AAVE/USDT     : 17,280 شمعة 15m
19:46:06 [INFO]   ✓ ARB/USDT      : 17,280 شمعة 15m
19:46:06 [INFO]   ✓ SUI/USDT      : 17,280 شمعة 15m
19:46:06 [INFO]   ✓ OP/USDT       : 17,280 شمعة 15m
19:46:06 [INFO]   ✓ TIA/USDT      : 17,280 شمعة 15m
19:46:08 [INFO]   ✓ ALGO/USDT     : 17,280 شمعة 15m
19:46:08 [INFO]   ✓ RENDER/USDT   : 17,280 شمعة 15m
19:46:08 [INFO]   ✓ SEI/USDT      : 17,280 شمعة 15m
19:46:08 [INFO]   ✓ GRT/USDT      : 17,280 شمعة 15m
19:46:09 [INFO]   ✓ FET/USDT      : 17,280 شمعة 15m
19:46:09 [INFO]   ✓ LDO/USDT      : 17,280 شمعة 15m
19:46:09 [INFO]   ✓ WIF/USDT      : 17,280 شمعة 15m
19:46:09 [INFO]   ✓ KAS/USDT      : 17,280 شمعة 15m
19:46:10 [INFO]   ✓ TON/USDT      : 7,756 شمعة 15m
19:46:10 [INFO]   ✓ SAND/USDT     : 17,280 شمعة 15m
19:46:10 [INFO]   ✓ THETA/USDT    : 17,280 شمعة 15m
19:46:11 [INFO]   ✓ AXS/USDT      : 17,280 شمعة 15m
19:46:11 [INFO]   ✓ XLM/USDT      : 17,280 شمعة 15m
19:46:12 [INFO]   ✓ CHZ/USDT      : 17,280 شمعة 15m
19:46:12 [INFO]   ✓ POL/USDT      : 17,280 شمعة 15m
19:46:12 [INFO]   ✓ MANA/USDT     : 17,280 شمعة 15m
19:46:12 [INFO]   ✓ FIL/USDT      : 17,280 شمعة 15m
19:46:12 [INFO]   ✓ FLOW/USDT     : 17,280 شمعة 15m
19:46:13 [INFO]   ✓ QNT/USDT      : 17,280 شمعة 15m
19:46:13 [INFO]   ✓ DASH/USDT     : 17,280 شمعة 15m
19:46:13 [INFO]   ✓ CAKE/USDT     : 17,280 شمعة 15m
19:46:13 [INFO]   ✓ ROSE/USDT     : 17,280 شمعة 15m
19:46:13 [INFO]   ✓ IOTA/USDT     : 17,280 شمعة 15m
19:46:14 [INFO]   ✓ SNX/USDT      : 17,280 شمعة 15m
19:46:14 [INFO]   ✓ KAVA/USDT     : 17,280 شمعة 15m
19:46:14 [INFO]   ✓ NEO/USDT      : 17,280 شمعة 15m
19:46:15 [INFO]   ✓ CRV/USDT      : 17,280 شمعة 15m
19:46:15 [INFO]   ✓ COMP/USDT     : 17,280 شمعة 15m
19:46:16 [INFO]   ✓ SUSHI/USDT    : 17,280 شمعة 15m
19:46:16 [INFO]   ✓ YFI/USDT      : 17,280 شمعة 15m
19:46:16 [INFO]   ✓ BAT/USDT      : 17,280 شمعة 15m
19:46:16 [INFO]   ✓ ZRX/USDT      : 17,280 شمعة 15m
19:46:16 [INFO]   ✓ ANKR/USDT     : 17,280 شمعة 15m
19:46:17 [INFO]   ✓ BAND/USDT     : 17,280 شمعة 15m
19:46:17 [INFO]   ✓ NMR/USDT      : 17,280 شمعة 15m
19:46:17 [INFO]   ✓ ZEN/USDT      : 17,280 شمعة 15m
19:46:18 [INFO]   ✓ CELO/USDT     : 17,280 شمعة 15m
19:46:18 [INFO]   ✓ KSM/USDT      : 17,280 شمعة 15m
19:46:19 [INFO]   ✓ DYDX/USDT     : 17,280 شمعة 15m
19:46:19 [INFO]   ✓ MASK/USDT     : 17,280 شمعة 15m
19:46:19 [INFO]   ✓ ENS/USDT      : 17,280 شمعة 15m
19:46:20 [INFO]   ✓ MAGIC/USDT    : 17,280 شمعة 15m
19:46:20 [INFO]   ✓ GMX/USDT      : 17,280 شمعة 15m
19:46:20 [INFO]   ✓ STORJ/USDT    : 13,857 شمعة 15m
19:46:20 [INFO]   ✓ PENDLE/USDT   : 17,280 شمعة 15m
19:46:21 [INFO]   ✓ JOE/USDT      : 17,280 شمعة 15m
19:46:21 [INFO]   ✓ WLD/USDT      : 17,280 شمعة 15m
19:46:21 [INFO]   ✓ ARKM/USDT     : 17,280 شمعة 15m
19:46:22 [INFO]   ✓ CYBER/USDT    : 17,280 شمعة 15m
19:46:23 [INFO]   ✓ EDU/USDT      : 17,280 شمعة 15m
19:46:23 [INFO]   ✓ BLUR/USDT     : 17,280 شمعة 15m
19:46:23 [INFO]   ✓ ID/USDT       : 17,280 شمعة 15m
19:46:23 [INFO]   ✓ JTO/USDT      : 17,280 شمعة 15m
19:46:24 [INFO]   ✓ JUP/USDT      : 17,280 شمعة 15m
19:46:24 [INFO]   ✓ ORDI/USDT     : 17,280 شمعة 15m
19:46:24 [INFO]   ✓ PYTH/USDT     : 17,280 شمعة 15m
19:46:24 [INFO]   ✓ DYM/USDT      : 17,280 شمعة 15m
19:46:25 [INFO]   ✓ ETHFI/USDT    : 17,280 شمعة 15m
19:46:25 [INFO]   ✓ STRK/USDT     : 17,280 شمعة 15m
19:46:25 [INFO]   ✓ ALT/USDT      : 17,280 شمعة 15m
19:46:26 [INFO]   ✓ MANTA/USDT    : 17,280 شمعة 15m
19:46:27 [INFO]   ✓ W/USDT        : 17,280 شمعة 15m
19:46:27 [INFO]   ✓ HIGH/USDT     : 6,560 شمعة 15m
19:46:27 [INFO]   ✓ AEVO/USDT     : 17,280 شمعة 15m
19:46:27 [INFO]   ✓ SAGA/USDT     : 17,280 شمعة 15m
19:46:27 [INFO]   ✓ BB/USDT       : 17,280 شمعة 15m
19:46:28 [INFO]   ✓ LISTA/USDT    : 17,280 شمعة 15m
19:46:28 [INFO]   ✓ TAIKO/USDT    : 17,280 شمعة 15m
19:46:28 [INFO]   ✓ ZK/USDT       : 17,280 شمعة 15m
19:46:28 [INFO]   ✓ G/USDT        : 17,280 شمعة 15m
19:46:28 [INFO]   ✓ IO/USDT       : 17,280 شمعة 15m
19:46:29 [INFO]   ✓ ZRO/USDT      : 17,280 شمعة 15m
19:46:29 [INFO]   ✓ SYN/USDT      : 17,280 شمعة 15m
19:46:30 [INFO]   ✓ MERL/USDT     : 17,280 شمعة 15m
19:46:30 [INFO]   ✓ MEW/USDT      : 17,280 شمعة 15m
19:46:30 [INFO]   ✓ RARE/USDT     : 17,280 شمعة 15m
19:46:30 [INFO]   ✓ BANANA/USDT   : 17,280 شمعة 15m
19:46:30 [INFO]   [SubBars] loaded for 100 symbols at 15m
19:46:30 [INFO] §3  معالجة فضاء الحالة (K ديناميكي)...
19:46:30 [INFO]   [Parallel] 8 workers × 100 symbols (cache=on)
╔══════════════════════════════════════════════════════════════════════╗
  [Level-1] Parallel: True  Cache: True
  [Level-2] Numba: True

║  محرك التداول الثرموديناميكي الكمي v6.0 – Singularity Engine     ║
║  الوضع: BACKTEST    |  رأس المال: $100.00              ║
╠══════════════════════════════════════════════════════════════════════╣
║  ① Boltzmann Kelly: BASE=2.0%  λ=0.05  [1.0%–5.0%]  ║
║  ② Topo-Divergence: ε=0.05  (حتمية هندسية)              ║
║  ③ Dynamic-K:       [25–50]  (SNR ∝ 1/m)                     ║
║  ④ Cosmological Λ:  0  (De Sitter drift)                  ║
║  ⑤ T_sync EMA-accel: فلتر التشابك عبر المقاييس                  ║
╚══════════════════════════════════════════════════════════════════════╝

19:46:42 [INFO]   ✓ SOL/USDT       | K=25 | اختبار=  230 | tri_μ=1.29 | [cache]
19:46:42 [INFO]   ✓ AVAX/USDT      | K=25 | اختبار=  214 | tri_μ=1.33 | [cache]
19:46:42 [INFO]   ✓ ADA/USDT       | K=25 | اختبار=  219 | tri_μ=1.24 | [cache]
19:46:43 [INFO]   ✓ LINK/USDT      | K=25 | اختبار=  228 | tri_μ=1.33 | [cache]
19:46:43 [INFO]   ✓ ETH/USDT       | K=25 | اختبار=  207 | tri_μ=1.35 | [cache]
19:46:43 [INFO]   ✓ BTC/USDT       | K=25 | اختبار=  206 | tri_μ=1.41 | [cache]
19:46:43 [INFO]   ✓ BNB/USDT       | K=25 | اختبار=  223 | tri_μ=1.33 | [cache]
19:46:43 [INFO]   ✓ DOT/USDT       | K=25 | اختبار=  226 | tri_μ=1.34 | [cache]
19:46:43 [INFO]   ✓ LTC/USDT       | K=25 | اختبار=  238 | tri_μ=1.30 | [cache]
19:46:43 [INFO]   ✓ UNI/USDT       | K=25 | اختبار=  194 | tri_μ=1.30 | [cache]
19:46:43 [INFO]   ✓ ATOM/USDT      | K=25 | اختبار=  220 | tri_μ=1.31 | [cache]
19:46:43 [INFO]   ✓ ETC/USDT       | K=25 | اختبار=  206 | tri_μ=1.32 | [cache]
19:46:43 [INFO]   ✓ TRX/USDT       | K=25 | اختبار=  222 | tri_μ=1.32 | [cache]
19:46:43 [INFO]   ✓ NEAR/USDT      | K=25 | اختبار=  210 | tri_μ=1.28 | [cache]
19:46:43 [INFO]   ✓ BCH/USDT       | K=25 | اختبار=  211 | tri_μ=1.22 | [cache]
19:46:43 [INFO]   ✓ HBAR/USDT      | K=25 | اختبار=  206 | tri_μ=1.33 | [cache]
19:46:43 [INFO]   ✓ APT/USDT       | K=25 | اختبار=  234 | tri_μ=1.35 | [cache]
19:46:43 [INFO]   ✓ STX/USDT       | K=25 | اختبار=  205 | tri_μ=1.30 | [cache]
19:46:43 [INFO]   ✓ AAVE/USDT      | K=25 | اختبار=  233 | tri_μ=1.31 | [cache]
19:46:43 [INFO]   ✓ ARB/USDT       | K=25 | اختبار=  187 | tri_μ=1.29 | [cache]
19:46:43 [INFO]   ✓ SUI/USDT       | K=25 | اختبار=  205 | tri_μ=1.29 | [cache]
19:46:43 [INFO]   ✓ OP/USDT        | K=25 | اختبار=  192 | tri_μ=1.32 | [cache]
19:46:43 [INFO]   ✓ TIA/USDT       | K=25 | اختبار=  206 | tri_μ=1.34 | [cache]
19:46:43 [INFO]   ✓ ALGO/USDT      | K=25 | اختبار=  192 | tri_μ=1.36 | [cache]
19:46:43 [INFO]   ✓ SEI/USDT       | K=25 | اختبار=  219 | tri_μ=1.31 | [cache]
19:46:43 [INFO]   ✓ GRT/USDT       | K=25 | اختبار=  196 | tri_μ=1.32 | [cache]
19:46:43 [INFO]   ✓ RENDER/USDT    | K=25 | اختبار=  210 | tri_μ=1.31 | [cache]
19:46:43 [INFO]   ✓ FET/USDT       | K=25 | اختبار=  210 | tri_μ=1.34 | [cache]
19:46:43 [INFO]   ✓ KAS/USDT       | K=25 | اختبار=  233 | tri_μ=1.34 | [cache]
19:46:43 [INFO]   ✓ LDO/USDT       | K=25 | اختبار=  228 | tri_μ=1.36 | [cache]
19:46:43 [INFO]   ✓ WIF/USDT       | K=25 | اختبار=  231 | tri_μ=1.31 | [cache]
19:46:43 [INFO]   ✓ SAND/USDT      | K=25 | اختبار=  205 | tri_μ=1.36 | [cache]
19:46:43 [INFO]   ✓ THETA/USDT     | K=25 | اختبار=  241 | tri_μ=1.33 | [cache]
19:46:43 [INFO]   ✓ AXS/USDT       | K=25 | اختبار=  211 | tri_μ=1.36 | [cache]
19:46:43 [INFO]   ✓ XLM/USDT       | K=25 | اختبار=  205 | tri_μ=1.30 | [cache]
19:46:43 [INFO]   ✓ MANA/USDT      | K=25 | اختبار=  204 | tri_μ=1.32 | [cache]
19:46:43 [INFO]   ✓ POL/USDT       | K=25 | اختبار=  226 | tri_μ=1.33 | [cache]
19:46:43 [INFO]   ✓ CHZ/USDT       | K=25 | اختبار=  217 | tri_μ=1.28 | [cache]
19:46:44 [INFO]   ✓ FIL/USDT       | K=25 | اختبار=  223 | tri_μ=1.31 | [cache]
19:46:44 [INFO]   ✓ FLOW/USDT      | K=25 | اختبار=  250 | tri_μ=1.26 | [cache]
19:46:44 [INFO]   ✓ DASH/USDT      | K=25 | اختبار=  216 | tri_μ=1.31 | [cache]
19:46:44 [INFO]   ✓ CAKE/USDT      | K=25 | اختبار=  204 | tri_μ=1.31 | [cache]
19:46:44 [INFO]   ✓ QNT/USDT       | K=25 | اختبار=  195 | tri_μ=1.32 | [cache]
19:46:44 [INFO]   ✓ ROSE/USDT      | K=25 | اختبار=  215 | tri_μ=1.31 | [cache]
19:46:44 [INFO]   ✓ IOTA/USDT      | K=25 | اختبار=  210 | tri_μ=1.28 | [cache]
19:46:44 [INFO]   ✓ NEO/USDT       | K=25 | اختبار=  228 | tri_μ=1.35 | [cache]
19:46:44 [INFO]   ✓ KAVA/USDT      | K=25 | اختبار=  230 | tri_μ=1.34 | [cache]
19:46:44 [INFO]   ✓ SNX/USDT       | K=25 | اختبار=  233 | tri_μ=1.32 | [cache]
19:46:44 [INFO]   ✓ CRV/USDT       | K=25 | اختبار=  217 | tri_μ=1.32 | [cache]
19:46:44 [INFO]   ✓ COMP/USDT      | K=25 | اختبار=  224 | tri_μ=1.30 | [cache]
19:46:44 [INFO]   ✓ SUSHI/USDT     | K=25 | اختبار=  232 | tri_μ=1.32 | [cache]
19:46:44 [INFO]   ✓ ZRX/USDT       | K=25 | اختبار=  224 | tri_μ=1.34 | [cache]
19:46:44 [INFO]   ✓ YFI/USDT       | K=25 | اختبار=  171 | tri_μ=1.31 | [cache]
19:46:44 [INFO]   ✓ BAT/USDT       | K=25 | اختبار=  225 | tri_μ=1.34 | [cache]
19:46:44 [INFO]   ✓ ANKR/USDT      | K=25 | اختبار=  209 | tri_μ=1.29 | [cache]
19:46:44 [INFO]   ✓ BAND/USDT      | K=25 | اختبار=  247 | tri_μ=1.31 | [cache]
19:46:44 [INFO]   ✓ NMR/USDT       | K=25 | اختبار=  265 | tri_μ=1.29 | [cache]
19:46:44 [INFO]   ✓ CELO/USDT      | K=25 | اختبار=  224 | tri_μ=1.33 | [cache]
19:46:44 [INFO]   ✓ STORJ/USDT     | K=25 | اختبار=  139 | tri_μ=1.24 | [cache]
19:46:44 [INFO]   ✓ ZEN/USDT       | K=25 | اختبار=  208 | tri_μ=1.31 | [cache]
19:46:44 [INFO]   ✓ KSM/USDT       | K=25 | اختبار=  215 | tri_μ=1.30 | [cache]
19:46:44 [INFO]   ✓ MASK/USDT      | K=25 | اختبار=  221 | tri_μ=1.30 | [cache]
19:46:44 [INFO]   ✓ DYDX/USDT      | K=25 | اختبار=  194 | tri_μ=1.29 | [cache]
19:46:44 [INFO]   ✓ ENS/USDT       | K=25 | اختبار=  215 | tri_μ=1.31 | [cache]
19:46:44 [INFO]   ✓ GMX/USDT       | K=25 | اختبار=  217 | tri_μ=1.31 | [cache]
19:46:44 [INFO]   ✓ MAGIC/USDT     | K=25 | اختبار=  211 | tri_μ=1.28 | [cache]
19:46:44 [INFO]   ✓ PENDLE/USDT    | K=25 | اختبار=  211 | tri_μ=1.30 | [cache]
19:46:44 [INFO]   ✓ JOE/USDT       | K=25 | اختبار=  214 | tri_μ=1.33 | [cache]
19:46:44 [INFO]   ✓ WLD/USDT       | K=25 | اختبار=  207 | tri_μ=1.32 | [cache]
19:46:44 [INFO]   ✓ ARKM/USDT      | K=25 | اختبار=  233 | tri_μ=1.32 | [cache]
19:46:44 [INFO]   ✓ CYBER/USDT     | K=25 | اختبار=  222 | tri_μ=1.34 | [cache]
19:46:44 [INFO]   ✓ BLUR/USDT      | K=25 | اختبار=  218 | tri_μ=1.28 | [cache]
19:46:44 [INFO]   ✓ ID/USDT        | K=25 | اختبار=  199 | tri_μ=1.25 | [cache]
19:46:44 [INFO]   ✓ EDU/USDT       | K=25 | اختبار=  195 | tri_μ=1.33 | [cache]
19:46:44 [INFO]   ✓ JTO/USDT       | K=25 | اختبار=  214 | tri_μ=1.26 | [cache]
19:46:44 [INFO]   ✓ ORDI/USDT      | K=25 | اختبار=  223 | tri_μ=1.29 | [cache]
19:46:44 [INFO]   ✓ JUP/USDT       | K=25 | اختبار=  225 | tri_μ=1.32 | [cache]
19:46:44 [INFO]   ✓ PYTH/USDT      | K=25 | اختبار=  215 | tri_μ=1.36 | [cache]
19:46:44 [INFO]   ✓ DYM/USDT       | K=25 | اختبار=  207 | tri_μ=1.30 | [cache]
19:46:44 [INFO]   ✓ STRK/USDT      | K=25 | اختبار=  202 | tri_μ=1.34 | [cache]
19:46:44 [INFO]   ✓ ETHFI/USDT     | K=25 | اختبار=  211 | tri_μ=1.31 | [cache]
19:46:45 [WARNING] [process_asset] TON/USDT: degenerate clustering (H_train=0.853, H_theo=4.644, ratio=0.184, K=25) — returning None
19:46:45 [WARNING]   ✗ TON/USDT: process_asset returned None
19:46:45 [INFO]   ✓ MANTA/USDT     | K=25 | اختبار=  218 | tri_μ=1.28 | [cache]
19:46:45 [INFO]   ✓ AEVO/USDT      | K=25 | اختبار=  210 | tri_μ=1.31 | [cache]
19:46:45 [INFO]   ✓ W/USDT         | K=25 | اختبار=  195 | tri_μ=1.24 | [cache]
19:46:45 [INFO]   ✓ SAGA/USDT      | K=25 | اختبار=  209 | tri_μ=1.28 | [cache]
19:46:45 [INFO]   ✓ BB/USDT        | K=25 | اختبار=  176 | tri_μ=1.31 | [cache]
19:46:45 [INFO]   ✓ LISTA/USDT     | K=25 | اختبار=  231 | tri_μ=1.29 | [cache]
19:46:45 [INFO]   ✓ IO/USDT        | K=25 | اختبار=  211 | tri_μ=1.32 | [cache]
19:46:45 [INFO]   ✓ ZK/USDT        | K=25 | اختبار=  203 | tri_μ=1.31 | [cache]
19:46:45 [INFO]   ✓ TAIKO/USDT     | K=25 | اختبار=  188 | tri_μ=1.28 | [cache]
19:46:45 [INFO]   ✓ G/USDT         | K=25 | اختبار=  190 | tri_μ=1.25 | [cache]
19:46:45 [INFO]   ✓ ZRO/USDT       | K=25 | اختبار=  214 | tri_μ=1.31 | [cache]
19:46:45 [INFO]   ✓ SYN/USDT       | K=25 | اختبار=  184 | tri_μ=1.24 | [cache]
19:46:45 [WARNING] [process_asset] MEW/USDT: degenerate clustering (H_train=0.341, H_theo=4.644, ratio=0.073, K=25) — returning None
19:46:45 [WARNING]   ✗ MEW/USDT: process_asset returned None
19:46:45 [INFO]   ✓ RARE/USDT      | K=25 | اختبار=  209 | tri_μ=1.30 | [cache]
19:46:45 [INFO]   ✓ MERL/USDT      | K=25 | اختبار=  235 | tri_μ=1.29 | [cache]
19:46:45 [INFO]   ✓ BANANA/USDT    | K=25 | اختبار=  222 | tri_μ=1.29 | [cache]
19:46:46 [WARNING] [process_asset] HIGH/USDT: degenerate clustering (H_train=1.132, H_theo=4.644, ratio=0.244, K=25) — returning None
19:46:46 [WARNING]   ✗ HIGH/USDT: process_asset returned None
19:46:46 [WARNING] [process_asset] ALT/USDT: degenerate clustering (H_train=1.057, H_theo=4.644, ratio=0.228, K=25) — returning None
19:46:46 [WARNING]   ✗ ALT/USDT: process_asset returned None
19:46:55 [INFO]   [Parallel] done in 24.6s  (cache=96, computed=0, errors=4)
19:46:55 [INFO] §4  مصفوفة الارتباط...
19:46:56 [INFO]   أزواج مرتبطة (ρ>0.7): 27
19:46:56 [INFO] §5  بناء الإشارات (①②④⑤ مُفعَّلة)...
19:46:56 [INFO] [Gauge-Filter] thresholds: BUY>p60=0.16644, SELL>p85=0.19693 (pool=47176)
19:46:57 [INFO]   ✔ 3,548 إشارة
19:46:57 [INFO]   T_info: μ=4.218 | σ=2.053
19:46:57 [INFO]   risk_dynamic: μ=1.967% | max=2.59%
19:46:57 [INFO]   BUY=3,548 | SELL=0 (Λ=0)
19:46:57 [INFO] §6  محاكاة المحفظة متعددة المراكز...
19:46:57 [INFO]   [Backtest Realism] Entry fills: 2,890/3,548 (81.5%) [pen=1.0bps, wait=live=0s → 6 bars]
19:47:00 [INFO]   ✔ 1,652 صفقة
19:47:00 [INFO] §7  انحدار الإنتروبيا...
19:47:00 [INFO]   SOL/USDT      : b=-0.00049  R²=0.015  [neutral]
19:47:00 [INFO]   AVAX/USDT     : b=-0.00062  R²=0.035  [neutral]
19:47:00 [INFO]   ADA/USDT      : b=+0.00007  R²=0.000  [neutral]
19:47:00 [INFO]   LINK/USDT     : b=-0.00144  R²=0.134  [decreasing]
19:47:05 [INFO] 📊 quantum_v6_results.png
19:47:05 [INFO] ✅ اكتمل.
19:47:05 [INFO]    E[ln(1+fR)] = +0.000798
19:47:05 [INFO]    MaxDrawdown  = 68.04%
19:47:05 [INFO]    Topo-Exits   = 0.0%
19:47:05 [INFO]    AvgRisk      = 0.839%
19:47:05 [INFO] [Diagnostic] Close-and-reverse within 3h: 0

════════════════════════════════════════════════════════════════════════
   📊  محرك التداول الثرموديناميكي الكمي v6.0  [BACKTEST]
   🌌  محرك التفرد – Singularity Engine
════════════════════════════════════════════════════════════════════════

▶ المقياس الأساسي (م٦): E[ln(1+fR)] لكل صفقة
   متوسط  : +0.000798
   وسيط   : -0.005585
   انحراف : 0.018793
   → ✅ حافة إيجابية

▶ إحصاءات الصفقات
   عدد الصفقات      : 1,652
   شراء / بيع        : 1,652 / 0
   نسبة النجاح      : 18.46%
   عامل الربح (PF)  : 1.022
   متوسط الربح      : $161.5189
   متوسط الخسارة   : $-35.7949
   شارب (سنوي)      : 0.674
   دخول مُحسَّن       : 0  (0.0%)

▶ التعديلات الجديدة (v6.0)
   ① متوسط T_info (حرارة معلوماتية) : 4.3583
   ① متوسط المخاطرة الديناميكية     : 0.839%
   ② خروج توبولوجي (Topo-Div)       : 0  (0.0%)
   خروج TRI مبكر                    : 0  (0.0%)
   انزلاق إجمالي                    : $5,279.60

▶ رأس المال (مقياس ثانوي)
   ابتدائي: $100.00  →  نهائي: $23,522.86
   العائد الكلي     : 23,422.9%
   أقصى انخفاض     : 68.04%  ($13,389.04)

▶ تحذير السيولة (م٦): 0 (0.0%)  ✅ معقول

▶ توزيع أسباب الخروج
   Emergency SL             :   1,419  (85.9%)
   Hard TP                  :     207  (12.5%)
   MaxHold                  :      21  (1.3%)
   EndOfData                :       5  (0.3%)

════════════════════════════════════════════════════════════════════════


▶ تحليل MFE (أقصى ربح غير مُحقَّق)
   Emergency SL   (n=1419) | μMFE= 1.83%  max=11.74%  | >0.5%:  850  >1.0%:  717  >2.0%:  520
   Hard TP        (n= 207) | μMFE=11.91%  max=29.32%  | >0.5%:  207  >1.0%:  207  >2.0%:  207

▶ ميزانية المخاطرة الكلية
   μ risk/trade : 0.839%
   max risk/trade : 2.608%
   min risk/trade : 0.500%
