19:58:03 [INFO] [Level-2] Numba kernels warm (JIT ready in 0.7s)
19:58:03 [INFO] [Cache] LIVE_ASSET_CACHE_MAX adjusted to 150
19:58:05 [INFO] [TF] timeframe=4h TF_SCALE=0.2500 TF_SECONDS=14400 TF_HOURS=4.000
19:58:05 [INFO] [TF-Unified] N=24 W=20 L=10 ADV_BARS=6 (σ≈0.25× 1h)
19:58:05 [INFO] [Data] mode=backtest | tf=4h | history=365d (2190 bars/symbol) | quality=degraded | source=user(365d)
19:58:05 [WARNING] [Data] degraded quality: tail=2190 < strict_min/2=5012. Many assets may be skipped by degenerate detection. Recommended minimum for 4h: --history-days 2339.
19:58:05 [INFO] [Trail] Trailing Stop Loss DISABLED — SL is fixed
19:58:05 [INFO] [Backtest] --no-fixed-price: entry target will be derived from close[sig.close_idx] × (1 ± PO_PENETRATION_BPS)
19:58:05 [INFO] [Watch] Watch-then-trigger ENABLED (κ_prox=0.5, swing_lookback=60, phase1_timeout=16h)
19:58:05 [INFO] [Gauge] Filter ENABLED
19:58:05 [INFO] [OppTP] Opposite-Signal Adaptive TP DISABLED
19:58:05 [INFO] [TradeLog] Logging trades to results/trades_hybrid_365d.jsonl
19:58:05 [INFO] §1  مسح أعلى 15 عملة...
19:58:05 [INFO] §2  جلب البيانات (متوازٍ)...
19:58:22 [INFO]   ✓ BTC/USDT      : 2,190 شمعة
19:58:26 [INFO]   ✓ AVAX/USDT     : 2,190 شمعة
19:58:29 [INFO]   ✓ LINK/USDT     : 2,190 شمعة
19:58:31 [INFO]   ✓ BNB/USDT      : 2,190 شمعة
19:58:31 [INFO]   ✓ DOT/USDT      : 2,190 شمعة
19:58:31 [INFO]   ✓ SOL/USDT      : 2,190 شمعة
19:58:31 [INFO]   ✓ ADA/USDT      : 2,190 شمعة
19:58:32 [INFO]   ✓ ETH/USDT      : 2,190 شمعة
19:58:32 [INFO]   ✓ UNI/USDT      : 2,190 شمعة
19:58:32 [INFO]   ✓ LTC/USDT      : 2,190 شمعة
19:58:32 [INFO]   ✓ ATOM/USDT     : 2,190 شمعة
19:58:32 [INFO]   ✓ ETC/USDT      : 2,190 شمعة
19:58:32 [INFO]   ✓ TON/USDT      : 2,190 شمعة
19:58:32 [INFO]   ✓ TRX/USDT      : 2,190 شمعة
19:58:32 [INFO]   ✓ BCH/USDT      : 2,190 شمعة
19:58:32 [INFO]   ✓ APT/USDT      : 2,190 شمعة
19:58:32 [INFO]   ✓ NEAR/USDT     : 2,190 شمعة
19:58:33 [INFO]   ✓ HBAR/USDT     : 2,190 شمعة
19:58:33 [INFO]   ✓ ARB/USDT      : 2,190 شمعة
19:58:33 [INFO]   ✓ OP/USDT       : 2,190 شمعة
19:58:33 [INFO]   ✓ AAVE/USDT     : 2,190 شمعة
19:58:33 [INFO]   ✓ STX/USDT      : 2,190 شمعة
19:58:33 [INFO]   ✓ SUI/USDT      : 2,190 شمعة
19:58:34 [INFO]   ✓ SEI/USDT      : 2,190 شمعة
19:58:34 [INFO]   ✓ TIA/USDT      : 2,190 شمعة
19:58:34 [INFO]   ✓ GRT/USDT      : 2,190 شمعة
19:58:34 [INFO]   ✓ ALGO/USDT     : 2,190 شمعة
19:58:34 [INFO]   ✓ FET/USDT      : 2,190 شمعة
19:58:34 [INFO]   ✓ RENDER/USDT   : 2,190 شمعة
19:58:35 [INFO]   ✓ LDO/USDT      : 2,190 شمعة
19:58:35 [INFO]   ✓ KAS/USDT      : 2,190 شمعة
19:58:35 [INFO]   ✓ THETA/USDT    : 2,190 شمعة
19:58:35 [INFO]   ✓ SAND/USDT     : 2,190 شمعة
19:58:35 [INFO]   ✓ WIF/USDT      : 2,190 شمعة
19:58:35 [INFO]   ✓ MANA/USDT     : 2,190 شمعة
19:58:36 [INFO]   ✓ AXS/USDT      : 2,190 شمعة
19:58:36 [INFO]   ✓ FIL/USDT      : 2,190 شمعة
19:58:36 [INFO]   ✓ XLM/USDT      : 2,190 شمعة
19:58:36 [INFO]   ✓ CHZ/USDT      : 2,190 شمعة
19:58:36 [INFO]   ✓ POL/USDT      : 2,190 شمعة
19:58:36 [INFO]   ✓ QNT/USDT      : 2,190 شمعة
19:58:37 [INFO]   ✓ DASH/USDT     : 2,190 شمعة
19:58:37 [INFO]   ✓ CAKE/USDT     : 2,190 شمعة
19:58:37 [INFO]   ✓ IOTA/USDT     : 2,190 شمعة
19:58:37 [INFO]   ✓ ROSE/USDT     : 2,190 شمعة
19:58:37 [INFO]   ✓ FLOW/USDT     : 2,190 شمعة
19:58:37 [INFO]   ✓ NEO/USDT      : 2,190 شمعة
19:58:37 [INFO]   ✓ KAVA/USDT     : 2,190 شمعة
19:58:38 [INFO]   ✓ SNX/USDT      : 2,190 شمعة
19:58:38 [INFO]   ✓ CRV/USDT      : 2,190 شمعة
19:58:38 [INFO]   ✓ SUSHI/USDT    : 2,190 شمعة
19:58:38 [INFO]   ✓ COMP/USDT     : 2,190 شمعة
19:58:38 [INFO]   ✓ YFI/USDT      : 2,190 شمعة
19:58:38 [INFO]   ✓ ZRX/USDT      : 2,190 شمعة
19:58:38 [INFO]   ✓ BAND/USDT     : 2,190 شمعة
19:58:38 [INFO]   ✓ NMR/USDT      : 2,190 شمعة
19:58:39 [INFO]   ✓ BAT/USDT      : 2,190 شمعة
19:58:39 [INFO]   ✓ ANKR/USDT     : 2,190 شمعة
19:58:39 [INFO]   ✓ STORJ/USDT    : 2,190 شمعة
19:58:39 [INFO]   ✓ KSM/USDT      : 2,190 شمعة
19:58:39 [INFO]   ✓ ZEN/USDT      : 2,190 شمعة
19:58:39 [INFO]   ✓ DYDX/USDT     : 2,190 شمعة
19:58:39 [INFO]   ✓ MASK/USDT     : 2,190 شمعة
19:58:39 [INFO]   ✓ CELO/USDT     : 2,190 شمعة
19:58:39 [INFO]   ✓ ENS/USDT      : 2,190 شمعة
19:58:40 [INFO]   ✓ GMX/USDT      : 2,190 شمعة
19:58:40 [INFO]   ✓ HIGH/USDT     : 2,190 شمعة
19:58:40 [INFO]   ✓ MAGIC/USDT    : 2,190 شمعة
19:58:40 [INFO]   ✓ PENDLE/USDT   : 2,190 شمعة
19:58:40 [INFO]   ✓ JOE/USDT      : 2,190 شمعة
19:58:40 [INFO]   ✓ CYBER/USDT    : 2,190 شمعة
19:58:41 [INFO]   ✓ WLD/USDT      : 2,190 شمعة
19:58:41 [INFO]   ✓ EDU/USDT      : 2,190 شمعة
19:58:41 [INFO]   ✓ ID/USDT       : 2,190 شمعة
19:58:41 [INFO]   ✓ ARKM/USDT     : 2,190 شمعة
19:58:41 [INFO]   ✓ BLUR/USDT     : 2,190 شمعة
19:58:41 [INFO]   ✓ ORDI/USDT     : 2,190 شمعة
19:58:41 [INFO]   ✓ JUP/USDT      : 2,190 شمعة
19:58:42 [INFO]   ✓ STRK/USDT     : 2,190 شمعة
19:58:42 [INFO]   ✓ PYTH/USDT     : 2,190 شمعة
19:58:42 [INFO]   ✓ JTO/USDT      : 2,190 شمعة
19:58:42 [INFO]   ✓ DYM/USDT      : 2,190 شمعة
19:58:42 [INFO]   ✓ MANTA/USDT    : 2,190 شمعة
19:58:43 [INFO]   ✓ ALT/USDT      : 2,190 شمعة
19:58:43 [INFO]   ✓ AEVO/USDT     : 2,190 شمعة
19:58:43 [INFO]   ✓ ETHFI/USDT    : 2,190 شمعة
19:58:43 [INFO]   ✓ W/USDT        : 2,190 شمعة
19:58:43 [INFO]   ✓ SAGA/USDT     : 2,190 شمعة
19:58:43 [INFO]   ✓ BB/USDT       : 2,190 شمعة
19:58:43 [INFO]   ✓ IO/USDT       : 2,190 شمعة
19:58:44 [INFO]   ✓ ZK/USDT       : 2,190 شمعة
19:58:44 [INFO]   ✓ TAIKO/USDT    : 2,190 شمعة
19:58:44 [INFO]   ✓ LISTA/USDT    : 2,190 شمعة
19:58:44 [INFO]   ✓ ZRO/USDT      : 2,190 شمعة
19:58:44 [INFO]   ✓ G/USDT        : 2,190 شمعة
19:58:44 [INFO]   ✓ RARE/USDT     : 2,190 شمعة
19:58:44 [INFO]   ✓ BANANA/USDT   : 2,190 شمعة
19:58:44 [INFO]   ✓ SYN/USDT      : 2,190 شمعة
19:58:44 [INFO]   ✓ MEW/USDT      : 2,190 شمعة
19:58:44 [INFO]   ✓ MERL/USDT     : 2,190 شمعة
19:58:45 [INFO]   ✓ BTC/USDT      : 35,040 شمعة 15m
19:58:45 [INFO]   ✓ AVAX/USDT     : 35,040 شمعة 15m
19:58:46 [INFO]   ✓ LINK/USDT     : 35,040 شمعة 15m
19:58:46 [INFO]   ✓ DOT/USDT      : 35,040 شمعة 15m
19:58:46 [INFO]   ✓ BNB/USDT      : 35,040 شمعة 15m
19:58:46 [INFO]   ✓ SOL/USDT      : 35,040 شمعة 15m
19:58:46 [INFO]   ✓ ADA/USDT      : 35,040 شمعة 15m
19:58:46 [INFO]   ✓ UNI/USDT      : 35,040 شمعة 15m
19:58:46 [INFO]   ✓ LTC/USDT      : 35,040 شمعة 15m
19:58:46 [INFO]   ✓ ATOM/USDT     : 35,040 شمعة 15m
19:58:46 [INFO]   ✓ ETH/USDT      : 35,040 شمعة 15m
19:58:47 [INFO]   ✓ ETC/USDT      : 35,040 شمعة 15m
19:58:47 [INFO]   ✓ NEAR/USDT     : 35,040 شمعة 15m
19:58:47 [INFO]   ✓ TRX/USDT      : 35,040 شمعة 15m
19:58:47 [INFO]   ✓ APT/USDT      : 35,040 شمعة 15m
19:58:47 [INFO]   ✓ BCH/USDT      : 35,040 شمعة 15m
19:58:48 [INFO]   ✓ HBAR/USDT     : 35,040 شمعة 15m
19:58:48 [INFO]   ✓ OP/USDT       : 35,040 شمعة 15m
19:58:48 [INFO]   ✓ ARB/USDT      : 35,040 شمعة 15m
19:58:48 [INFO]   ✓ AAVE/USDT     : 35,040 شمعة 15m
19:58:48 [INFO]   ✓ STX/USDT      : 35,040 شمعة 15m
19:58:49 [INFO]   ✓ SUI/USDT      : 35,040 شمعة 15m
19:58:49 [INFO]   ✓ GRT/USDT      : 35,040 شمعة 15m
19:58:49 [INFO]   ✓ SEI/USDT      : 35,040 شمعة 15m
19:58:49 [INFO]   ✓ TIA/USDT      : 35,040 شمعة 15m
19:58:50 [INFO]   ✓ ALGO/USDT     : 35,040 شمعة 15m
19:58:50 [INFO]   ✓ FET/USDT      : 35,040 شمعة 15m
19:58:51 [INFO]   ✓ LDO/USDT      : 35,040 شمعة 15m
19:58:51 [INFO]   ✓ KAS/USDT      : 35,040 شمعة 15m
19:58:51 [INFO]   ✓ RENDER/USDT   : 35,040 شمعة 15m
19:58:51 [INFO]   ✓ THETA/USDT    : 35,040 شمعة 15m
19:58:52 [INFO]   ✓ MANA/USDT     : 35,040 شمعة 15m
19:58:52 [INFO]   ✓ WIF/USDT      : 35,040 شمعة 15m
19:58:52 [INFO]   ✓ SAND/USDT     : 35,040 شمعة 15m
19:58:52 [INFO]   ✓ AXS/USDT      : 35,040 شمعة 15m
19:58:52 [INFO]   ✓ FIL/USDT      : 35,040 شمعة 15m
19:58:53 [INFO]   ✓ POL/USDT      : 35,040 شمعة 15m
19:58:53 [INFO]   ✓ CHZ/USDT      : 35,040 شمعة 15m
19:58:53 [INFO]   ✓ XLM/USDT      : 35,040 شمعة 15m
19:58:53 [INFO]   ✓ QNT/USDT      : 35,040 شمعة 15m
19:58:53 [INFO]   ✓ IOTA/USDT     : 35,040 شمعة 15m
19:58:53 [INFO]   ✓ CAKE/USDT     : 35,040 شمعة 15m
19:58:53 [INFO]   ✓ DASH/USDT     : 35,040 شمعة 15m
19:58:54 [INFO]   ✓ ROSE/USDT     : 35,040 شمعة 15m
19:58:54 [INFO]   ✓ TON/USDT      : 25,523 شمعة 15m
19:58:54 [INFO]   ✓ FLOW/USDT     : 35,040 شمعة 15m
19:58:54 [INFO]   ✓ KAVA/USDT     : 35,040 شمعة 15m
19:58:54 [INFO]   ✓ NEO/USDT      : 35,040 شمعة 15m
19:58:55 [INFO]   ✓ CRV/USDT      : 35,040 شمعة 15m
19:58:55 [INFO]   ✓ SNX/USDT      : 35,040 شمعة 15m
19:58:55 [INFO]   ✓ SUSHI/USDT    : 35,040 شمعة 15m
19:58:55 [INFO]   ✓ COMP/USDT     : 35,040 شمعة 15m
19:58:55 [INFO]   ✓ YFI/USDT      : 35,040 شمعة 15m
19:58:55 [INFO]   ✓ BAND/USDT     : 35,040 شمعة 15m
19:58:55 [INFO]   ✓ ZRX/USDT      : 35,040 شمعة 15m
19:58:56 [INFO]   ✓ NMR/USDT      : 35,040 شمعة 15m
19:58:56 [INFO]   ✓ BAT/USDT      : 35,040 شمعة 15m
19:58:56 [INFO]   ✓ ANKR/USDT     : 35,040 شمعة 15m
19:58:56 [INFO]   ✓ KSM/USDT      : 35,040 شمعة 15m
19:58:56 [INFO]   ✓ ZEN/USDT      : 35,040 شمعة 15m
19:58:57 [INFO]   ✓ DYDX/USDT     : 35,040 شمعة 15m
19:58:57 [INFO]   ✓ MASK/USDT     : 35,040 شمعة 15m
19:58:57 [INFO]   ✓ CELO/USDT     : 35,040 شمعة 15m
19:58:57 [INFO]   ✓ ENS/USDT      : 35,040 شمعة 15m
19:58:57 [INFO]   ✓ GMX/USDT      : 35,040 شمعة 15m
19:58:58 [INFO]   ✓ MAGIC/USDT    : 35,040 شمعة 15m
19:58:58 [INFO]   ✓ PENDLE/USDT   : 35,040 شمعة 15m
19:58:58 [INFO]   ✓ JOE/USDT      : 35,040 شمعة 15m
19:58:58 [INFO]   ✓ CYBER/USDT    : 35,040 شمعة 15m
19:58:59 [INFO]   ✓ WLD/USDT      : 35,040 شمعة 15m
19:58:59 [INFO]   ✓ STORJ/USDT    : 31,624 شمعة 15m
19:58:59 [INFO]   ✓ EDU/USDT      : 35,040 شمعة 15m
19:58:59 [INFO]   ✓ ID/USDT       : 35,040 شمعة 15m
19:58:59 [INFO]   ✓ ARKM/USDT     : 35,040 شمعة 15m
19:59:00 [INFO]   ✓ ORDI/USDT     : 35,040 شمعة 15m
19:59:00 [INFO]   ✓ BLUR/USDT     : 35,040 شمعة 15m
19:59:00 [INFO]   ✓ JUP/USDT      : 35,040 شمعة 15m
19:59:00 [INFO]   ✓ STRK/USDT     : 35,040 شمعة 15m
19:59:00 [INFO]   ✓ PYTH/USDT     : 35,040 شمعة 15m
19:59:00 [INFO]   ✓ JTO/USDT      : 35,040 شمعة 15m
19:59:01 [INFO]   ✓ DYM/USDT      : 35,040 شمعة 15m
19:59:01 [INFO]   ✓ AEVO/USDT     : 35,040 شمعة 15m
19:59:01 [INFO]   ✓ MANTA/USDT    : 35,040 شمعة 15m
19:59:01 [INFO]   ✓ ALT/USDT      : 35,040 شمعة 15m
19:59:01 [INFO]   ✓ ETHFI/USDT    : 35,040 شمعة 15m
19:59:02 [INFO]   ✓ W/USDT        : 35,040 شمعة 15m
19:59:02 [INFO]   ✓ SAGA/USDT     : 35,040 شمعة 15m
19:59:02 [INFO]   ✓ BB/USDT       : 35,040 شمعة 15m
19:59:02 [INFO]   ✓ IO/USDT       : 35,040 شمعة 15m
19:59:03 [INFO]   ✓ ZK/USDT       : 35,040 شمعة 15m
19:59:03 [INFO]   ✓ TAIKO/USDT    : 35,040 شمعة 15m
19:59:03 [INFO]   ✓ LISTA/USDT    : 35,040 شمعة 15m
19:59:03 [INFO]   ✓ ZRO/USDT      : 35,040 شمعة 15m
19:59:03 [INFO]   ✓ G/USDT        : 35,040 شمعة 15m
19:59:04 [INFO]   ✓ SYN/USDT      : 35,040 شمعة 15m
19:59:04 [INFO]   ✓ BANANA/USDT   : 35,040 شمعة 15m
19:59:04 [INFO]   ✓ RARE/USDT     : 35,040 شمعة 15m
19:59:04 [INFO]   ✓ MEW/USDT      : 35,040 شمعة 15m
19:59:04 [INFO]   ✓ MERL/USDT     : 35,040 شمعة 15m
19:59:05 [INFO]   ✓ HIGH/USDT     : 24,327 شمعة 15m
19:59:05 [INFO]   [SubBars] loaded for 100 symbols at 15m
19:59:05 [INFO] §3  معالجة فضاء الحالة (K ديناميكي)...
19:59:05 [INFO]   [Parallel] 8 workers × 100 symbols (cache=on)
╔══════════════════════════════════════════════════════════════════════╗
  [Level-1] Parallel: True  Cache: True
  [Level-2] Numba: True

║  محرك التداول الثرموديناميكي الكمي v6.0 – Singularity Engine     ║
║  الوضع: BACKTEST    |  رأس المال: $100.00              ║
╠══════════════════════════════════════════════════════════════════════╣
║  ① Boltzmann Kelly: BASE=2.0%  λ=0.05  [1.0%–5.0%]  ║
║  ② Topo-Divergence: ε=0.05  (حتمية هندسية)              ║
║  ③ Dynamic-K:       [25–50]  (SNR ∝ 1/m)                     ║
║  ④ Cosmological Λ:  0  (De Sitter drift)                  ║
║  ⑤ T_sync EMA-accel: فلتر التشابك عبر المقاييس                  ║
╚══════════════════════════════════════════════════════════════════════╝

19:59:15 [INFO]   ✓ BTC/USDT       | K=25 | اختبار=  403 | tri_μ=1.37 | [cache]
19:59:15 [INFO]   ✓ AVAX/USDT      | K=25 | اختبار=  416 | tri_μ=1.27 | [cache]
19:59:15 [INFO]   ✓ LINK/USDT      | K=25 | اختبار=  453 | tri_μ=1.31 | [cache]
19:59:15 [INFO]   ✓ BNB/USDT       | K=25 | اختبار=  431 | tri_μ=1.35 | [cache]
19:59:15 [INFO]   ✓ DOT/USDT       | K=25 | اختبار=  393 | tri_μ=1.26 | [cache]
19:59:15 [INFO]   ✓ SOL/USDT       | K=25 | اختبار=  391 | tri_μ=1.23 | [cache]
19:59:15 [INFO]   ✓ ADA/USDT       | K=25 | اختبار=  289 | tri_μ=1.21 | [cache]
19:59:15 [INFO]   ✓ ETH/USDT       | K=25 | اختبار=  425 | tri_μ=1.33 | [cache]
19:59:15 [INFO]   ✓ UNI/USDT       | K=25 | اختبار=  407 | tri_μ=1.31 | [cache]
19:59:15 [INFO]   ✓ LTC/USDT       | K=25 | اختبار=  431 | tri_μ=1.27 | [cache]
19:59:15 [INFO]   ✓ ATOM/USDT      | K=25 | اختبار=  463 | tri_μ=1.29 | [cache]
19:59:15 [INFO]   ✓ ETC/USDT       | K=25 | اختبار=  449 | tri_μ=1.29 | [cache]
19:59:15 [INFO]   ✓ TON/USDT       | K=25 | اختبار=  267 | tri_μ=1.08 | [cache]
19:59:15 [INFO]   ✓ TRX/USDT       | K=25 | اختبار=  446 | tri_μ=1.33 | [cache]
19:59:15 [INFO]   ✓ BCH/USDT       | K=25 | اختبار=  385 | tri_μ=1.27 | [cache]
19:59:15 [INFO]   ✓ APT/USDT       | K=25 | اختبار=  463 | tri_μ=1.31 | [cache]
19:59:15 [INFO]   ✓ NEAR/USDT      | K=25 | اختبار=  420 | tri_μ=1.27 | [cache]
19:59:15 [INFO]   ✓ HBAR/USDT      | K=25 | اختبار=  389 | tri_μ=1.32 | [cache]
19:59:15 [INFO]   ✓ ARB/USDT       | K=25 | اختبار=  407 | tri_μ=1.28 | [cache]
19:59:15 [INFO]   ✓ OP/USDT        | K=25 | اختبار=  434 | tri_μ=1.26 | [cache]
19:59:15 [INFO]   ✓ AAVE/USDT      | K=25 | اختبار=  309 | tri_μ=1.23 | [cache]
19:59:15 [INFO]   ✓ STX/USDT       | K=25 | اختبار=  410 | tri_μ=1.27 | [cache]
19:59:15 [INFO]   ✓ SUI/USDT       | K=25 | اختبار=  421 | tri_μ=1.30 | [cache]
19:59:15 [INFO]   ✓ SEI/USDT       | K=25 | اختبار=  386 | tri_μ=1.29 | [cache]
19:59:15 [INFO]   ✓ TIA/USDT       | K=25 | اختبار=  414 | tri_μ=1.32 | [cache]
19:59:15 [INFO]   ✓ GRT/USDT       | K=25 | اختبار=  405 | tri_μ=1.31 | [cache]
19:59:15 [INFO]   ✓ ALGO/USDT      | K=25 | اختبار=  387 | tri_μ=1.30 | [cache]
19:59:15 [INFO]   ✓ FET/USDT       | K=25 | اختبار=  418 | tri_μ=1.32 | [cache]
19:59:15 [INFO]   ✓ RENDER/USDT    | K=25 | اختبار=  427 | tri_μ=1.29 | [cache]
19:59:15 [INFO]   ✓ LDO/USDT       | K=25 | اختبار=  429 | tri_μ=1.32 | [cache]
19:59:15 [INFO]   ✓ KAS/USDT       | K=25 | اختبار=  441 | tri_μ=1.33 | [cache]
19:59:15 [INFO]   ✓ THETA/USDT     | K=25 | اختبار=  456 | tri_μ=1.29 | [cache]
19:59:16 [INFO]   ✓ SAND/USDT      | K=25 | اختبار=  428 | tri_μ=1.26 | [cache]
19:59:16 [INFO]   ✓ WIF/USDT       | K=25 | اختبار=  448 | tri_μ=1.33 | [cache]
19:59:16 [INFO]   ✓ MANA/USDT      | K=25 | اختبار=  445 | tri_μ=1.28 | [cache]
19:59:16 [INFO]   ✓ AXS/USDT       | K=25 | اختبار=  424 | tri_μ=1.27 | [cache]
19:59:16 [INFO]   ✓ FIL/USDT       | K=25 | اختبار=  418 | tri_μ=1.31 | [cache]
19:59:16 [INFO]   ✓ XLM/USDT       | K=25 | اختبار=  392 | tri_μ=1.31 | [cache]
19:59:16 [INFO]   ✓ CHZ/USDT       | K=25 | اختبار=  361 | tri_μ=1.22 | [cache]
19:59:16 [INFO]   ✓ POL/USDT       | K=25 | اختبار=  416 | tri_μ=1.27 | [cache]
19:59:16 [INFO]   ✓ QNT/USDT       | K=25 | اختبار=  452 | tri_μ=1.32 | [cache]
19:59:16 [INFO]   ✓ DASH/USDT      | K=25 | اختبار=  431 | tri_μ=1.32 | [cache]
19:59:16 [INFO]   ✓ CAKE/USDT      | K=25 | اختبار=  441 | tri_μ=1.31 | [cache]
19:59:16 [INFO]   ✓ IOTA/USDT      | K=25 | اختبار=  406 | tri_μ=1.26 | [cache]
19:59:16 [INFO]   ✓ ROSE/USDT      | K=25 | اختبار=  416 | tri_μ=1.26 | [cache]
19:59:16 [INFO]   ✓ FLOW/USDT      | K=25 | اختبار=  436 | tri_μ=1.23 | [cache]
19:59:16 [INFO]   ✓ NEO/USDT       | K=25 | اختبار=  455 | tri_μ=1.30 | [cache]
19:59:16 [INFO]   ✓ KAVA/USDT      | K=25 | اختبار=  450 | tri_μ=1.30 | [cache]
19:59:16 [INFO]   ✓ SNX/USDT       | K=25 | اختبار=  426 | tri_μ=1.31 | [cache]
19:59:16 [INFO]   ✓ CRV/USDT       | K=25 | اختبار=  443 | tri_μ=1.31 | [cache]
19:59:16 [INFO]   ✓ SUSHI/USDT     | K=25 | اختبار=  461 | tri_μ=1.31 | [cache]
19:59:16 [INFO]   ✓ COMP/USDT      | K=25 | اختبار=  445 | tri_μ=1.28 | [cache]
19:59:16 [INFO]   ✓ YFI/USDT       | K=25 | اختبار=  382 | tri_μ=1.34 | [cache]
19:59:16 [INFO]   ✓ ZRX/USDT       | K=25 | اختبار=  461 | tri_μ=1.28 | [cache]
19:59:16 [INFO]   ✓ BAND/USDT      | K=25 | اختبار=  447 | tri_μ=1.30 | [cache]
19:59:16 [INFO]   ✓ NMR/USDT       | K=25 | اختبار=  457 | tri_μ=1.27 | [cache]
19:59:16 [INFO]   ✓ BAT/USDT       | K=25 | اختبار=  430 | tri_μ=1.33 | [cache]
19:59:16 [INFO]   ✓ ANKR/USDT      | K=25 | اختبار=  386 | tri_μ=1.26 | [cache]
19:59:16 [INFO]   ✓ STORJ/USDT     | K=25 | اختبار=  334 | tri_μ=1.23 | [cache]
19:59:16 [INFO]   ✓ KSM/USDT       | K=25 | اختبار=  443 | tri_μ=1.26 | [cache]
19:59:16 [INFO]   ✓ ZEN/USDT       | K=25 | اختبار=  424 | tri_μ=1.30 | [cache]
19:59:16 [INFO]   ✓ DYDX/USDT      | K=25 | اختبار=  412 | tri_μ=1.27 | [cache]
19:59:16 [INFO]   ✓ MASK/USDT      | K=25 | اختبار=  437 | tri_μ=1.30 | [cache]
19:59:16 [INFO]   ✓ CELO/USDT      | K=25 | اختبار=  458 | tri_μ=1.30 | [cache]
19:59:16 [INFO]   ✓ ENS/USDT       | K=25 | اختبار=  424 | tri_μ=1.28 | [cache]
19:59:16 [INFO]   ✓ GMX/USDT       | K=25 | اختبار=  440 | tri_μ=1.29 | [cache]
19:59:16 [INFO]   ✓ HIGH/USDT      | K=25 | اختبار=  150 | tri_μ=1.08 | [cache]
19:59:16 [INFO]   ✓ MAGIC/USDT     | K=25 | اختبار=  445 | tri_μ=1.28 | [cache]
19:59:16 [INFO]   ✓ PENDLE/USDT    | K=25 | اختبار=  420 | tri_μ=1.29 | [cache]
19:59:16 [INFO]   ✓ JOE/USDT       | K=25 | اختبار=  448 | tri_μ=1.28 | [cache]
19:59:16 [INFO]   ✓ CYBER/USDT     | K=25 | اختبار=  456 | tri_μ=1.33 | [cache]
19:59:16 [INFO]   ✓ WLD/USDT       | K=25 | اختبار=  329 | tri_μ=1.25 | [cache]
19:59:16 [INFO]   ✓ EDU/USDT       | K=25 | اختبار=  327 | tri_μ=1.23 | [cache]
19:59:16 [INFO]   ✓ ID/USDT        | K=25 | اختبار=  294 | tri_μ=1.22 | [cache]
19:59:16 [INFO]   ✓ BLUR/USDT      | K=25 | اختبار=  413 | tri_μ=1.26 | [cache]
19:59:16 [INFO]   ✓ ARKM/USDT      | K=25 | اختبار=  441 | tri_μ=1.32 | [cache]
19:59:16 [INFO]   ✓ ORDI/USDT      | K=25 | اختبار=  452 | tri_μ=1.30 | [cache]
19:59:16 [INFO]   ✓ JUP/USDT       | K=25 | اختبار=  454 | tri_μ=1.32 | [cache]
19:59:16 [INFO]   ✓ STRK/USDT      | K=25 | اختبار=  427 | tri_μ=1.32 | [cache]
19:59:16 [INFO]   ✓ PYTH/USDT      | K=25 | اختبار=  421 | tri_μ=1.32 | [cache]
19:59:16 [INFO]   ✓ JTO/USDT       | K=25 | اختبار=  399 | tri_μ=1.26 | [cache]
19:59:16 [INFO]   ✓ DYM/USDT       | K=25 | اختبار=  361 | tri_μ=1.19 | [cache]
19:59:16 [INFO]   ✓ MANTA/USDT     | K=25 | اختبار=  414 | tri_μ=1.28 | [cache]
19:59:16 [INFO]   ✓ ALT/USDT       | K=25 | اختبار=  450 | tri_μ=1.33 | [cache]
19:59:16 [INFO]   ✓ AEVO/USDT      | K=25 | اختبار=  416 | tri_μ=1.29 | [cache]
19:59:16 [INFO]   ✓ ETHFI/USDT     | K=25 | اختبار=  482 | tri_μ=1.31 | [cache]
19:59:16 [INFO]   ✓ W/USDT         | K=25 | اختبار=  362 | tri_μ=1.25 | [cache]
19:59:16 [INFO]   ✓ SAGA/USDT      | K=25 | اختبار=  236 | tri_μ=1.19 | [cache]
19:59:16 [INFO]   ✓ BB/USDT        | K=25 | اختبار=  426 | tri_μ=1.30 | [cache]
19:59:16 [INFO]   ✓ ZK/USDT        | K=25 | اختبار=  433 | tri_μ=1.33 | [cache]
19:59:16 [INFO]   ✓ IO/USDT        | K=25 | اختبار=  416 | tri_μ=1.31 | [cache]
19:59:17 [INFO]   ✓ TAIKO/USDT     | K=25 | اختبار=  376 | tri_μ=1.24 | [cache]
19:59:17 [INFO]   ✓ LISTA/USDT     | K=25 | اختبار=  417 | tri_μ=1.26 | [cache]
19:59:17 [INFO]   ✓ ZRO/USDT       | K=25 | اختبار=  412 | tri_μ=1.26 | [cache]
19:59:17 [INFO]   ✓ G/USDT         | K=25 | اختبار=  383 | tri_μ=1.25 | [cache]
19:59:17 [INFO]   ✓ RARE/USDT      | K=25 | اختبار=  439 | tri_μ=1.28 | [cache]
19:59:17 [INFO]   ✓ BANANA/USDT    | K=25 | اختبار=  442 | tri_μ=1.24 | [cache]
19:59:17 [INFO]   ✓ SYN/USDT       | K=25 | اختبار=  360 | tri_μ=1.26 | [cache]
19:59:17 [INFO]   ✓ MERL/USDT      | K=25 | اختبار=  406 | tri_μ=1.30 | [cache]
19:59:19 [WARNING] [process_asset] MEW/USDT: degenerate clustering (H_train=0.444, H_theo=4.644, ratio=0.096, K=25) — returning None
19:59:19 [WARNING]   ✗ MEW/USDT: process_asset returned None
19:59:27 [INFO]   [Parallel] done in 22.4s  (cache=99, computed=0, errors=1)
19:59:27 [INFO] §4  مصفوفة الارتباط...
19:59:28 [INFO]   أزواج مرتبطة (ρ>0.7): 28
19:59:28 [INFO] §5  بناء الإشارات (①②④⑤ مُفعَّلة)...
19:59:28 [INFO] [Gauge-Filter] thresholds: BUY>p60=0.14886, SELL>p85=0.18232 (pool=93628)
19:59:31 [INFO]   ✔ 10,902 إشارة
19:59:31 [INFO]   T_info: μ=4.496 | σ=2.250
19:59:31 [INFO]   risk_dynamic: μ=1.946% | max=2.55%
19:59:31 [INFO]   BUY=7,353 | SELL=3,549 (Λ=0)
19:59:31 [INFO] §6  محاكاة المحفظة متعددة المراكز...
19:59:31 [INFO]   [Backtest Realism] Entry fills: 7,240/10,902 (66.4%) [pen=1.0bps, wait=live=0s → 6 bars]
19:59:40 [INFO]   ✔ 3,646 صفقة
19:59:40 [INFO] §7  انحدار الإنتروبيا...
19:59:40 [INFO]   BTC/USDT      : b=-0.00041  R²=0.046  [neutral]
19:59:40 [INFO]   AVAX/USDT     : b=+0.00041  R²=0.038  [neutral]
19:59:40 [INFO]   LINK/USDT     : b=-0.00026  R²=0.016  [neutral]
19:59:40 [INFO]   BNB/USDT      : b=-0.00016  R²=0.008  [neutral]
19:59:44 [INFO] 📊 quantum_v6_results.png
19:59:44 [INFO] ✅ اكتمل.
19:59:44 [INFO]    E[ln(1+fR)] = -0.000154
19:59:44 [INFO]    MaxDrawdown  = 80.67%
19:59:44 [INFO]    Topo-Exits   = 0.0%
19:59:44 [INFO]    AvgRisk      = 0.990%
19:59:44 [INFO] [Diagnostic] Close-and-reverse within 3h: 0

════════════════════════════════════════════════════════════════════════
   📊  محرك التداول الثرموديناميكي الكمي v6.0  [BACKTEST]
   🌌  محرك التفرد – Singularity Engine
════════════════════════════════════════════════════════════════════════

▶ المقياس الأساسي (م٦): E[ln(1+fR)] لكل صفقة
   متوسط  : -0.000154
   وسيط   : -0.004118
   انحراف : 0.015932
   → ❌ حافة سلبية

▶ إحصاءات الصفقات
   عدد الصفقات      : 3,646
   شراء / بيع        : 2,699 / 947
   نسبة النجاح      : 18.21%
   عامل الربح (PF)  : 0.941
   متوسط الربح      : $463.9778
   متوسط الخسارة   : $-109.7771
   شارب (سنوي)      : -0.154
   دخول مُحسَّن       : 0  (0.0%)

▶ التعديلات الجديدة (v6.0)
   ① متوسط T_info (حرارة معلوماتية) : 4.4944
   ① متوسط المخاطرة الديناميكية     : 0.990%
   ② خروج توبولوجي (Topo-Div)       : 0  (0.0%)
   خروج TRI مبكر                    : 0  (0.0%)
   انزلاق إجمالي                    : $38,196.13

▶ رأس المال (مقياس ثانوي)
   ابتدائي: $100.00  →  نهائي: $136,351.30
   العائد الكلي     : 136,251.3%
   أقصى انخفاض     : 80.67%  ($31,262.75)

▶ تحذير السيولة (م٦): 1 (0.0%)  ✅ معقول

▶ توزيع أسباب الخروج
   Emergency SL             :   3,187  (87.4%)
   Hard TP                  :     383  (10.5%)
   MaxHold                  :      71  (1.9%)
   EndOfData                :       5  (0.1%)

════════════════════════════════════════════════════════════════════════


▶ تحليل MFE (أقصى ربح غير مُحقَّق)
   Emergency SL   (n=3187) | μMFE= 2.10%  max=12.30%  | >0.5%: 1975  >1.0%: 1736  >2.0%: 1318
   Hard TP        (n= 383) | μMFE=12.29%  max=72.29%  | >0.5%:  383  >1.0%:  383  >2.0%:  383

▶ ميزانية المخاطرة الكلية
   μ risk/trade : 0.990%
   max risk/trade : 2.596%
   min risk/trade : 0.500%
