22:55:53 [INFO] [Level-2] Numba kernels warm (JIT ready in 1.0s)
22:55:53 [INFO] [Cache] LIVE_ASSET_CACHE_MAX adjusted to 150
22:55:55 [INFO] [TF] timeframe=4h TF_SCALE=0.2500 TF_SECONDS=14400 TF_HOURS=4.000
22:55:55 [INFO] [TF-Unified] N=24 W=20 L=10 ADV_BARS=6 (σ≈0.25× 1h)
22:55:55 [INFO] [Data] mode=backtest | tf=4h | history=730d (4380 bars/symbol) | quality=degraded | source=user(730d)
22:55:55 [WARNING] [Data] degraded quality: tail=4380 < strict_min/2=5012. Many assets may be skipped by degenerate detection. Recommended minimum for 4h: --history-days 2339.
22:55:55 [INFO] [Trail] Trailing Stop Loss DISABLED — SL is fixed
22:55:55 [INFO] [Backtest] --no-fixed-price: entry target will be derived from close[sig.close_idx] × (1 ± PO_PENETRATION_BPS)
22:55:55 [INFO] [Watch] Watch-then-trigger ENABLED (κ_prox=0.5, swing_lookback=60, phase1_timeout=16h)
22:55:55 [INFO] [OppTP] Opposite-Signal Adaptive TP DISABLED
22:55:55 [INFO] [TradeLog] Logging trades to results/trades_p1base.jsonl
22:55:55 [INFO] §1  مسح أعلى 15 عملة...
22:55:55 [INFO] §2  جلب البيانات (متوازٍ)...
22:56:10 [INFO]   ✓ BNB/USDT      : 4,380 شمعة
22:56:10 [INFO]   ✓ ETH/USDT      : 4,380 شمعة
22:56:10 [INFO]   ✓ BTC/USDT      : 4,380 شمعة
22:56:10 [INFO]   ✓ SOL/USDT      : 4,380 شمعة
22:56:10 [INFO]   ✓ AVAX/USDT     : 4,380 شمعة
22:56:10 [INFO]   ✓ ADA/USDT      : 4,380 شمعة
22:56:10 [INFO]   ✓ LINK/USDT     : 4,380 شمعة
22:56:11 [INFO]   ✓ DOT/USDT      : 4,380 شمعة
22:56:11 [INFO]   ✓ LTC/USDT      : 4,380 شمعة
22:56:11 [INFO]   ✓ UNI/USDT      : 4,380 شمعة
22:56:11 [INFO]   ✓ ETC/USDT      : 4,380 شمعة
22:56:11 [INFO]   ✓ ATOM/USDT     : 4,380 شمعة
22:56:11 [INFO]   ✓ TRX/USDT      : 4,380 شمعة
22:56:11 [INFO]   ✓ TON/USDT      : 4,380 شمعة
22:56:11 [INFO]   ✓ NEAR/USDT     : 4,380 شمعة
22:56:11 [INFO]   ✓ BCH/USDT      : 4,380 شمعة
22:56:12 [INFO]   ✓ APT/USDT      : 4,380 شمعة
22:56:12 [INFO]   ✓ HBAR/USDT     : 4,380 شمعة
22:56:12 [INFO]   ✓ STX/USDT      : 4,380 شمعة
22:56:12 [INFO]   ✓ SUI/USDT      : 4,380 شمعة
22:56:12 [INFO]   ✓ AAVE/USDT     : 4,380 شمعة
22:56:12 [INFO]   ✓ OP/USDT       : 4,380 شمعة
22:56:12 [INFO]   ✓ ARB/USDT      : 4,380 شمعة
22:56:12 [INFO]   ✓ TIA/USDT      : 4,380 شمعة
22:56:13 [INFO]   ✓ SEI/USDT      : 4,380 شمعة
22:56:13 [INFO]   ✓ ALGO/USDT     : 4,380 شمعة
22:56:13 [INFO]   ✓ RENDER/USDT   : 4,380 شمعة
22:56:13 [INFO]   ✓ FET/USDT      : 4,380 شمعة
22:56:13 [INFO]   ✓ GRT/USDT      : 4,380 شمعة
22:56:13 [INFO]   ✓ LDO/USDT      : 4,380 شمعة
22:56:14 [INFO]   ✓ KAS/USDT      : 4,380 شمعة
22:56:14 [INFO]   ✓ MANA/USDT     : 4,380 شمعة
22:56:14 [INFO]   ✓ SAND/USDT     : 4,380 شمعة
22:56:14 [INFO]   ✓ WIF/USDT      : 4,380 شمعة
22:56:14 [INFO]   ✓ THETA/USDT    : 4,380 شمعة
22:56:14 [INFO]   ✓ AXS/USDT      : 4,380 شمعة
22:56:14 [INFO]   ✓ XLM/USDT      : 4,380 شمعة
22:56:15 [INFO]   ✓ QNT/USDT      : 4,380 شمعة
22:56:15 [INFO]   ✓ CHZ/USDT      : 4,380 شمعة
22:56:15 [INFO]   ✓ POL/USDT      : 4,380 شمعة
22:56:15 [INFO]   ✓ FIL/USDT      : 4,380 شمعة
22:56:15 [INFO]   ✓ DASH/USDT     : 4,380 شمعة
22:56:15 [INFO]   ✓ FLOW/USDT     : 4,380 شمعة
22:56:15 [INFO]   ✓ IOTA/USDT     : 4,380 شمعة
22:56:15 [INFO]   ✓ ROSE/USDT     : 4,380 شمعة
22:56:15 [INFO]   ✓ CAKE/USDT     : 4,380 شمعة
22:56:15 [INFO]   ✓ NEO/USDT      : 4,380 شمعة
22:56:16 [INFO]   ✓ KAVA/USDT     : 4,380 شمعة
22:56:16 [INFO]   ✓ CRV/USDT      : 4,380 شمعة
22:56:16 [INFO]   ✓ SUSHI/USDT    : 4,380 شمعة
22:56:16 [INFO]   ✓ COMP/USDT     : 4,380 شمعة
22:56:16 [INFO]   ✓ SNX/USDT      : 4,380 شمعة
22:56:16 [INFO]   ✓ YFI/USDT      : 4,380 شمعة
22:56:16 [INFO]   ✓ ZRX/USDT      : 4,380 شمعة
22:56:17 [INFO]   ✓ BAT/USDT      : 4,380 شمعة
22:56:17 [INFO]   ✓ BAND/USDT     : 4,380 شمعة
22:56:17 [INFO]   ✓ STORJ/USDT    : 4,380 شمعة
22:56:17 [INFO]   ✓ ANKR/USDT     : 4,380 شمعة
22:56:17 [INFO]   ✓ NMR/USDT      : 4,380 شمعة
22:56:17 [INFO]   ✓ KSM/USDT      : 4,380 شمعة
22:56:18 [INFO]   ✓ ZEN/USDT      : 4,380 شمعة
22:56:18 [INFO]   ✓ DYDX/USDT     : 4,380 شمعة
22:56:18 [INFO]   ✓ ENS/USDT      : 4,380 شمعة
22:56:18 [INFO]   ✓ CELO/USDT     : 4,380 شمعة
22:56:18 [INFO]   ✓ MASK/USDT     : 4,380 شمعة
22:56:18 [INFO]   ✓ GMX/USDT      : 4,380 شمعة
22:56:18 [INFO]   ✓ MAGIC/USDT    : 4,380 شمعة
22:56:19 [INFO]   ✓ HIGH/USDT     : 4,380 شمعة
22:56:19 [INFO]   ✓ PENDLE/USDT   : 4,380 شمعة
22:56:19 [INFO]   ✓ JOE/USDT      : 4,380 شمعة
22:56:19 [INFO]   ✓ CYBER/USDT    : 4,380 شمعة
22:56:19 [INFO]   ✓ ARKM/USDT     : 4,380 شمعة
22:56:19 [INFO]   ✓ BLUR/USDT     : 4,380 شمعة
22:56:20 [INFO]   ✓ ID/USDT       : 4,380 شمعة
22:56:20 [INFO]   ✓ EDU/USDT      : 4,380 شمعة
22:56:20 [INFO]   ✓ WLD/USDT      : 4,380 شمعة
22:56:20 [INFO]   ✓ ORDI/USDT     : 4,380 شمعة
22:56:20 [INFO]   ✓ JUP/USDT      : 4,380 شمعة
22:56:20 [INFO]   ✓ JTO/USDT      : 4,380 شمعة
22:56:21 [INFO]   ✓ DYM/USDT      : 4,380 شمعة
22:56:21 [INFO]   ✓ MANTA/USDT    : 4,380 شمعة
22:56:21 [INFO]   ✓ STRK/USDT     : 4,380 شمعة
22:56:21 [INFO]   ✓ PYTH/USDT     : 4,380 شمعة
22:56:21 [INFO]   ✓ ALT/USDT      : 4,380 شمعة
22:56:21 [INFO]   ✓ AEVO/USDT     : 4,380 شمعة
22:56:22 [INFO]   ✓ ETHFI/USDT    : 4,380 شمعة
22:56:22 [INFO]   ✓ W/USDT        : 4,380 شمعة
22:56:22 [INFO]   ✓ BB/USDT       : 4,380 شمعة
22:56:22 [INFO]   ✓ SAGA/USDT     : 4,380 شمعة
22:56:22 [INFO]   ✓ IO/USDT       : 4,380 شمعة
22:56:22 [INFO]   ✓ ZK/USDT       : 4,380 شمعة
22:56:23 [INFO]   ✓ G/USDT        : 4,380 شمعة
22:56:23 [INFO]   ✓ LISTA/USDT    : 4,380 شمعة
22:56:23 [INFO]   ✓ ZRO/USDT      : 4,380 شمعة
22:56:23 [INFO]   ✓ RARE/USDT     : 4,380 شمعة
22:56:23 [INFO]   ✓ TAIKO/USDT    : 2,872 شمعة
22:56:23 [INFO]   ✓ BANANA/USDT   : 4,380 شمعة
22:56:23 [INFO]   ✓ MEW/USDT      : 4,380 شمعة
22:56:23 [INFO]   ✓ SYN/USDT      : 4,380 شمعة
22:56:24 [INFO]   ✓ MERL/USDT     : 2,951 شمعة
22:56:25 [INFO]   ✓ BNB/USDT      : 70,080 شمعة 15m
22:56:26 [INFO]   ✓ AVAX/USDT     : 70,080 شمعة 15m
22:56:26 [INFO]   ✓ ETH/USDT      : 70,080 شمعة 15m
22:56:26 [INFO]   ✓ BTC/USDT      : 70,080 شمعة 15m
22:56:26 [INFO]   ✓ SOL/USDT      : 70,080 شمعة 15m
22:56:26 [INFO]   ✓ ADA/USDT      : 70,080 شمعة 15m
22:56:28 [INFO]   ✓ UNI/USDT      : 70,080 شمعة 15m
22:56:28 [INFO]   ✓ DOT/USDT      : 70,080 شمعة 15m
22:56:28 [INFO]   ✓ LTC/USDT      : 70,080 شمعة 15m
22:56:28 [INFO]   ✓ LINK/USDT     : 70,080 شمعة 15m
22:56:28 [INFO]   ✓ ETC/USDT      : 70,080 شمعة 15m
22:56:29 [INFO]   ✓ ATOM/USDT     : 70,080 شمعة 15m
22:56:29 [INFO]   ✓ NEAR/USDT     : 70,080 شمعة 15m
22:56:29 [INFO]   ✓ BCH/USDT      : 70,080 شمعة 15m
22:56:30 [INFO]   ✓ TRX/USDT      : 70,080 شمعة 15m
22:56:30 [INFO]   ✓ APT/USDT      : 70,080 شمعة 15m
22:56:31 [INFO]   ✓ HBAR/USDT     : 70,080 شمعة 15m
22:56:31 [INFO]   ✓ STX/USDT      : 70,080 شمعة 15m
22:56:31 [INFO]   ✓ SUI/USDT      : 70,080 شمعة 15m
22:56:32 [INFO]   ✓ AAVE/USDT     : 70,080 شمعة 15m
22:56:32 [INFO]   ✓ ARB/USDT      : 70,080 شمعة 15m
22:56:32 [INFO]   ✓ OP/USDT       : 70,080 شمعة 15m
22:56:32 [INFO]   ✓ TIA/USDT      : 70,080 شمعة 15m
22:56:33 [INFO]   ✓ SEI/USDT      : 70,080 شمعة 15m
22:56:33 [INFO]   ✓ FET/USDT      : 70,080 شمعة 15m
22:56:34 [INFO]   ✓ RENDER/USDT   : 70,080 شمعة 15m
22:56:34 [INFO]   ✓ ALGO/USDT     : 70,080 شمعة 15m
22:56:34 [INFO]   ✓ GRT/USDT      : 70,080 شمعة 15m
22:56:35 [INFO]   ✓ MANA/USDT     : 70,080 شمعة 15m
22:56:35 [INFO]   ✓ LDO/USDT      : 70,080 شمعة 15m
22:56:35 [INFO]   ✓ KAS/USDT      : 70,080 شمعة 15m
22:56:35 [INFO]   ✓ SAND/USDT     : 70,080 شمعة 15m
22:56:35 [INFO]   ✓ TON/USDT      : 60,561 شمعة 15m
22:56:36 [INFO]   ✓ AXS/USDT      : 70,080 شمعة 15m
22:56:36 [INFO]   ✓ WIF/USDT      : 70,080 شمعة 15m
22:56:37 [INFO]   ✓ XLM/USDT      : 70,080 شمعة 15m
22:56:37 [INFO]   ✓ THETA/USDT    : 70,080 شمعة 15m
22:56:37 [INFO]   ✓ QNT/USDT      : 70,080 شمعة 15m
22:56:38 [INFO]   ✓ POL/USDT      : 70,080 شمعة 15m
22:56:38 [INFO]   ✓ CHZ/USDT      : 70,080 شمعة 15m
22:56:38 [INFO]   ✓ DASH/USDT     : 70,080 شمعة 15m
22:56:38 [INFO]   ✓ FIL/USDT      : 70,080 شمعة 15m
22:56:38 [INFO]   ✓ FLOW/USDT     : 70,080 شمعة 15m
22:56:39 [INFO]   ✓ IOTA/USDT     : 70,080 شمعة 15m
22:56:39 [INFO]   ✓ NEO/USDT      : 70,080 شمعة 15m
22:56:39 [INFO]   ✓ CAKE/USDT     : 70,080 شمعة 15m
22:56:39 [INFO]   ✓ ROSE/USDT     : 70,080 شمعة 15m
22:56:40 [INFO]   ✓ KAVA/USDT     : 70,080 شمعة 15m
22:56:40 [INFO]   ✓ CRV/USDT      : 70,080 شمعة 15m
22:56:40 [INFO]   ✓ SUSHI/USDT    : 70,080 شمعة 15m
22:56:41 [INFO]   ✓ SNX/USDT      : 70,080 شمعة 15m
22:56:41 [INFO]   ✓ COMP/USDT     : 70,080 شمعة 15m
22:56:41 [INFO]   ✓ YFI/USDT      : 70,080 شمعة 15m
22:56:41 [INFO]   ✓ ZRX/USDT      : 70,080 شمعة 15m
22:56:42 [INFO]   ✓ BAT/USDT      : 70,080 شمعة 15m
22:56:42 [INFO]   ✓ ANKR/USDT     : 70,080 شمعة 15m
22:56:42 [INFO]   ✓ BAND/USDT     : 70,080 شمعة 15m
22:56:43 [INFO]   ✓ NMR/USDT      : 70,080 شمعة 15m
22:56:43 [INFO]   ✓ KSM/USDT      : 70,080 شمعة 15m
22:56:43 [INFO]   ✓ DYDX/USDT     : 70,080 شمعة 15m
22:56:43 [INFO]   ✓ ZEN/USDT      : 70,080 شمعة 15m
22:56:44 [INFO]   ✓ ENS/USDT      : 70,080 شمعة 15m
22:56:44 [INFO]   ✓ CELO/USDT     : 70,080 شمعة 15m
22:56:44 [INFO]   ✓ STORJ/USDT    : 66,662 شمعة 15m
22:56:44 [INFO]   ✓ GMX/USDT      : 70,080 شمعة 15m
22:56:45 [INFO]   ✓ MASK/USDT     : 70,080 شمعة 15m
22:56:45 [INFO]   ✓ MAGIC/USDT    : 70,080 شمعة 15m
22:56:46 [INFO]   ✓ PENDLE/USDT   : 70,080 شمعة 15m
22:56:46 [INFO]   ✓ CYBER/USDT    : 70,080 شمعة 15m
22:56:46 [INFO]   ✓ JOE/USDT      : 70,080 شمعة 15m
22:56:47 [INFO]   ✓ ARKM/USDT     : 70,080 شمعة 15m
22:56:47 [INFO]   ✓ BLUR/USDT     : 70,080 شمعة 15m
22:56:48 [INFO]   ✓ WLD/USDT      : 70,080 شمعة 15m
22:56:48 [INFO]   ✓ ID/USDT       : 70,080 شمعة 15m
22:56:48 [INFO]   ✓ EDU/USDT      : 70,080 شمعة 15m
22:56:49 [INFO]   ✓ ORDI/USDT     : 70,080 شمعة 15m
22:56:49 [INFO]   ✓ JUP/USDT      : 70,080 شمعة 15m
22:56:49 [INFO]   ✓ DYM/USDT      : 70,080 شمعة 15m
22:56:49 [INFO]   ✓ JTO/USDT      : 70,080 شمعة 15m
22:56:50 [INFO]   ✓ MANTA/USDT    : 70,080 شمعة 15m
22:56:50 [INFO]   ✓ STRK/USDT     : 70,080 شمعة 15m
22:56:50 [INFO]   ✓ ALT/USDT      : 70,080 شمعة 15m
22:56:51 [INFO]   ✓ PYTH/USDT     : 70,080 شمعة 15m
22:56:51 [INFO]   ✓ AEVO/USDT     : 70,080 شمعة 15m
22:56:52 [INFO]   ✓ ETHFI/USDT    : 70,080 شمعة 15m
22:56:52 [INFO]   ✓ HIGH/USDT     : 59,365 شمعة 15m
22:56:52 [INFO]   ✓ BB/USDT       : 70,080 شمعة 15m
22:56:52 [INFO]   ✓ W/USDT        : 70,080 شمعة 15m
22:56:53 [INFO]   ✓ SAGA/USDT     : 70,080 شمعة 15m
22:56:53 [INFO]   ✓ IO/USDT       : 70,080 شمعة 15m
22:56:53 [INFO]   ✓ G/USDT        : 70,080 شمعة 15m
22:56:53 [INFO]   ✓ ZK/USDT       : 70,080 شمعة 15m
22:56:53 [INFO]   ✓ LISTA/USDT    : 70,080 شمعة 15m
22:56:54 [INFO]   ✓ ZRO/USDT      : 70,080 شمعة 15m
22:56:54 [INFO]   ✓ RARE/USDT     : 70,080 شمعة 15m
22:56:55 [INFO]   ✓ MEW/USDT      : 70,080 شمعة 15m
22:56:55 [INFO]   ✓ BANANA/USDT   : 70,080 شمعة 15m
22:56:55 [INFO]   ✓ SYN/USDT      : 70,080 شمعة 15m
22:56:56 [INFO]   ✓ TAIKO/USDT    : 45,930 شمعة 15m
22:56:56 [INFO]   ✓ MERL/USDT     : 47,194 شمعة 15m
22:56:56 [INFO]   [SubBars] loaded for 100 symbols at 15m
22:56:56 [INFO] §3  معالجة فضاء الحالة (K ديناميكي)...
22:56:56 [INFO]   [Parallel] 6 workers × 100 symbols (cache=off)
╔══════════════════════════════════════════════════════════════════════╗
  [Level-1] Parallel: True  Cache: False
  [Level-2] Numba: True

║  محرك التداول الثرموديناميكي الكمي v6.0 – Singularity Engine     ║
║  الوضع: BACKTEST    |  رأس المال: $100.00              ║
╠══════════════════════════════════════════════════════════════════════╣
║  ① Boltzmann Kelly: BASE=2.0%  λ=0.05  [1.0%–5.0%]  ║
║  ② Topo-Divergence: ε=0.05  (حتمية هندسية)              ║
║  ③ Dynamic-K:       [25–50]  (SNR ∝ 1/m)                     ║
║  ④ Cosmological Λ:  0  (De Sitter drift)                  ║
║  ⑤ T_sync EMA-accel: فلتر التشابك عبر المقاييس                  ║
╚══════════════════════════════════════════════════════════════════════╝

22:57:16 [INFO]   ✓ ETH/USDT       | K=25 | اختبار=  840 | tri_μ=1.33 | [computed]
22:57:16 [INFO]   ✓ BNB/USDT       | K=25 | اختبار=  906 | tri_μ=1.36 | [computed]
22:57:16 [INFO]   ✓ BTC/USDT       | K=25 | اختبار=  853 | tri_μ=1.37 | [computed]
22:57:17 [INFO]   ✓ ADA/USDT       | K=25 | اختبار=  835 | tri_μ=1.29 | [computed]
22:57:17 [INFO]   ✓ LINK/USDT      | K=25 | اختبار=  920 | tri_μ=1.31 | [computed]
22:57:17 [INFO]   ✓ DOT/USDT       | K=25 | اختبار=  908 | tri_μ=1.28 | [computed]
22:57:17 [INFO]   ✓ LTC/USDT       | K=25 | اختبار=  918 | tri_μ=1.28 | [computed]
22:57:17 [INFO]   ✓ UNI/USDT       | K=25 | اختبار=  868 | tri_μ=1.25 | [computed]
22:57:17 [INFO]   ✓ ETC/USDT       | K=25 | اختبار=  872 | tri_μ=1.29 | [computed]
22:57:18 [INFO]   ✓ ATOM/USDT      | K=25 | اختبار=  941 | tri_μ=1.31 | [computed]
22:57:18 [INFO]   ✓ TRX/USDT       | K=25 | اختبار=  912 | tri_μ=1.33 | [computed]
22:57:18 [INFO]   ✓ TON/USDT       | K=25 | اختبار=  701 | tri_μ=1.20 | [computed]
22:57:18 [INFO]   ✓ NEAR/USDT      | K=25 | اختبار=  830 | tri_μ=1.27 | [computed]
22:57:19 [INFO]   ✓ BCH/USDT       | K=25 | اختبار=  879 | tri_μ=1.32 | [computed]
22:57:19 [INFO]   ✓ APT/USDT       | K=25 | اختبار=  812 | tri_μ=1.24 | [computed]
22:57:19 [INFO]   ✓ SOL/USDT       | K=25 | اختبار=  619 | tri_μ=1.23 | [computed]
22:57:19 [INFO]   ✓ HBAR/USDT      | K=25 | اختبار=  813 | tri_μ=1.25 | [computed]
22:57:19 [INFO]   ✓ STX/USDT       | K=25 | اختبار=  888 | tri_μ=1.32 | [computed]
22:57:20 [INFO]   ✓ SUI/USDT       | K=25 | اختبار=  929 | tri_μ=1.34 | [computed]
22:57:20 [INFO]   ✓ AAVE/USDT      | K=25 | اختبار=  697 | tri_μ=1.27 | [computed]
22:57:20 [INFO]   ✓ OP/USDT        | K=25 | اختبار=  847 | tri_μ=1.25 | [computed]
22:57:20 [INFO]   ✓ ARB/USDT       | K=25 | اختبار=  806 | tri_μ=1.27 | [computed]
22:57:20 [INFO]   ✓ TIA/USDT       | K=25 | اختبار=  844 | tri_μ=1.26 | [computed]
22:57:20 [INFO]   ✓ SEI/USDT       | K=25 | اختبار=  800 | tri_μ=1.30 | [computed]
22:57:21 [INFO]   ✓ RENDER/USDT    | K=25 | اختبار=  802 | tri_μ=1.28 | [computed]
22:57:21 [INFO]   ✓ FET/USDT       | K=25 | اختبار=  815 | tri_μ=1.29 | [computed]
22:57:21 [INFO]   ✓ LDO/USDT       | K=25 | اختبار=  873 | tri_μ=1.33 | [computed]
22:57:21 [INFO]   ✓ GRT/USDT       | K=25 | اختبار=  871 | tri_μ=1.33 | [computed]
22:57:22 [INFO]   ✓ KAS/USDT       | K=25 | اختبار=  902 | tri_μ=1.33 | [computed]
22:57:22 [INFO]   ✓ MANA/USDT      | K=25 | اختبار=  896 | tri_μ=1.30 | [computed]
22:57:22 [INFO]   ✓ SAND/USDT      | K=25 | اختبار=  856 | tri_μ=1.29 | [computed]
22:57:22 [INFO]   ✓ WIF/USDT       | K=25 | اختبار=  907 | tri_μ=1.31 | [computed]
22:57:23 [INFO]   ✓ XLM/USDT       | K=25 | اختبار=  860 | tri_μ=1.31 | [computed]
22:57:23 [INFO]   ✓ AXS/USDT       | K=25 | اختبار=  779 | tri_μ=1.27 | [computed]
22:57:23 [INFO]   ✓ THETA/USDT     | K=25 | اختبار=  922 | tri_μ=1.31 | [computed]
22:57:23 [INFO]   ✓ QNT/USDT       | K=25 | اختبار=  888 | tri_μ=1.31 | [computed]
22:57:23 [INFO]   ✓ AVAX/USDT      | K=25 | اختبار=  773 | tri_μ=1.22 | [computed]
22:57:23 [INFO]   ✓ POL/USDT       | K=25 | اختبار=  844 | tri_μ=1.29 | [computed]
22:57:23 [INFO]   ✓ CHZ/USDT       | K=25 | اختبار=  856 | tri_μ=1.29 | [computed]
22:57:24 [INFO]   ✓ DASH/USDT      | K=25 | اختبار=  380 | tri_μ=1.18 | [computed]
22:57:24 [INFO]   ✓ FIL/USDT       | K=25 | اختبار=  860 | tri_μ=1.28 | [computed]
22:57:24 [INFO]   ✓ CAKE/USDT      | K=25 | اختبار=  866 | tri_μ=1.29 | [computed]
22:57:24 [INFO]   ✓ IOTA/USDT      | K=25 | اختبار=  895 | tri_μ=1.31 | [computed]
22:57:24 [INFO]   ✓ FLOW/USDT      | K=25 | اختبار=  767 | tri_μ=1.25 | [computed]
22:57:24 [INFO]   ✓ ROSE/USDT      | K=25 | اختبار=  790 | tri_μ=1.32 | [computed]
22:57:25 [INFO]   ✓ NEO/USDT       | K=25 | اختبار=  902 | tri_μ=1.27 | [computed]
22:57:25 [INFO]   ✓ KAVA/USDT      | K=25 | اختبار=  850 | tri_μ=1.27 | [computed]
22:57:25 [INFO]   ✓ SUSHI/USDT     | K=25 | اختبار=  920 | tri_μ=1.32 | [computed]
22:57:25 [INFO]   ✓ CRV/USDT       | K=25 | اختبار=  897 | tri_μ=1.33 | [computed]
22:57:26 [INFO]   ✓ SNX/USDT       | K=25 | اختبار=  847 | tri_μ=1.30 | [computed]
22:57:26 [INFO]   ✓ COMP/USDT      | K=25 | اختبار=  761 | tri_μ=1.22 | [computed]
22:57:26 [INFO]   ✓ YFI/USDT       | K=25 | اختبار=  838 | tri_μ=1.34 | [computed]
22:57:26 [INFO]   ✓ ZRX/USDT       | K=25 | اختبار=  914 | tri_μ=1.31 | [computed]
22:57:27 [INFO]   ✓ BAT/USDT       | K=25 | اختبار=  850 | tri_μ=1.29 | [computed]
22:57:27 [INFO]   ✓ BAND/USDT      | K=25 | اختبار=  886 | tri_μ=1.33 | [computed]
22:57:28 [INFO]   ✓ ANKR/USDT      | K=25 | اختبار=  871 | tri_μ=1.31 | [computed]
22:57:28 [INFO]   ✓ NMR/USDT       | K=25 | اختبار=  863 | tri_μ=1.25 | [computed]
22:57:28 [INFO]   ✓ STORJ/USDT     | K=25 | اختبار=  763 | tri_μ=1.25 | [computed]
22:57:29 [INFO]   ✓ KSM/USDT       | K=25 | اختبار=  714 | tri_μ=1.23 | [computed]
22:57:29 [INFO]   ✓ DYDX/USDT      | K=25 | اختبار=  881 | tri_μ=1.29 | [computed]
22:57:30 [INFO]   ✓ ENS/USDT       | K=25 | اختبار=  872 | tri_μ=1.26 | [computed]
22:57:30 [INFO]   ✓ ZEN/USDT       | K=25 | اختبار=  794 | tri_μ=1.26 | [computed]
22:57:30 [INFO]   ✓ CELO/USDT      | K=25 | اختبار=  852 | tri_μ=1.29 | [computed]
22:57:31 [INFO]   ✓ MASK/USDT      | K=25 | اختبار=  903 | tri_μ=1.27 | [computed]
22:57:31 [INFO]   ✓ MAGIC/USDT     | K=25 | اختبار=  886 | tri_μ=1.26 | [computed]
22:57:31 [INFO]   ✓ GMX/USDT       | K=25 | اختبار=  865 | tri_μ=1.28 | [computed]
22:57:31 [INFO]   ✓ HIGH/USDT      | K=25 | اختبار=  613 | tri_μ=1.21 | [computed]
22:57:32 [INFO]   ✓ ALGO/USDT      | K=25 | اختبار=  887 | tri_μ=1.33 | [computed]
22:57:32 [INFO]   ✓ PENDLE/USDT    | K=25 | اختبار=  890 | tri_μ=1.31 | [computed]
22:57:32 [INFO]   ✓ CYBER/USDT     | K=25 | اختبار=  873 | tri_μ=1.29 | [computed]
22:57:32 [INFO]   ✓ JOE/USDT       | K=25 | اختبار=  837 | tri_μ=1.29 | [computed]
22:57:33 [INFO]   ✓ ARKM/USDT      | K=25 | اختبار=  869 | tri_μ=1.31 | [computed]
22:57:33 [INFO]   ✓ BLUR/USDT      | K=25 | اختبار=  867 | tri_μ=1.30 | [computed]
22:57:33 [INFO]   ✓ ID/USDT        | K=25 | اختبار=  741 | tri_μ=1.25 | [computed]
22:57:33 [INFO]   ✓ JUP/USDT       | K=25 | اختبار=  870 | tri_μ=1.30 | [computed]
22:57:33 [INFO]   ✓ EDU/USDT       | K=25 | اختبار=  756 | tri_μ=1.26 | [computed]
22:57:33 [INFO]   ✓ ORDI/USDT      | K=25 | اختبار=  885 | tri_μ=1.26 | [computed]
22:57:33 [INFO]   ✓ JTO/USDT       | K=25 | اختبار=  811 | tri_μ=1.26 | [computed]
22:57:34 [INFO]   ✓ WLD/USDT       | K=25 | اختبار=  796 | tri_μ=1.30 | [computed]
22:57:34 [INFO]   ✓ DYM/USDT       | K=25 | اختبار=  605 | tri_μ=1.21 | [computed]
22:57:34 [INFO]   ✓ ALT/USDT       | K=25 | اختبار=  807 | tri_μ=1.30 | [computed]
22:57:34 [INFO]   ✓ STRK/USDT      | K=25 | اختبار=  806 | tri_μ=1.28 | [computed]
22:57:34 [INFO]   ✓ PYTH/USDT      | K=25 | اختبار=  875 | tri_μ=1.31 | [computed]
22:57:35 [INFO]   ✓ MANTA/USDT     | K=25 | اختبار=  843 | tri_μ=1.29 | [computed]
22:57:35 [INFO]   ✓ AEVO/USDT      | K=25 | اختبار=  897 | tri_μ=1.30 | [computed]
22:57:35 [INFO]   ✓ ETHFI/USDT     | K=25 | اختبار=  910 | tri_μ=1.30 | [computed]
22:57:35 [INFO]   ✓ W/USDT         | K=25 | اختبار=  786 | tri_μ=1.26 | [computed]
22:57:35 [INFO]   ✓ BB/USDT        | K=25 | اختبار=  836 | tri_μ=1.30 | [computed]
22:57:36 [INFO]   ✓ SAGA/USDT      | K=25 | اختبار=  728 | tri_μ=1.23 | [computed]
22:57:36 [INFO]   ✓ G/USDT         | K=25 | اختبار=  710 | tri_μ=1.27 | [computed]
22:57:36 [INFO]   ✓ IO/USDT        | K=25 | اختبار=  869 | tri_μ=1.30 | [computed]
22:57:36 [INFO]   ✓ ZK/USDT        | K=25 | اختبار=  864 | tri_μ=1.33 | [computed]
22:57:36 [WARNING] [process_asset] MEW/USDT: degenerate clustering (H_train=0.079, H_theo=4.644, ratio=0.017, K=25) — returning None
22:57:36 [INFO]   ✓ LISTA/USDT     | K=25 | اختبار=  921 | tri_μ=1.31 | [computed]
22:57:36 [WARNING]   ✗ MEW/USDT: process_asset returned None
22:57:36 [INFO]   ✓ RARE/USDT      | K=25 | اختبار=  890 | tri_μ=1.30 | [computed]
22:57:36 [INFO]   ✓ BANANA/USDT    | K=25 | اختبار=  542 | tri_μ=1.17 | [computed]
22:57:36 [INFO]   ✓ TAIKO/USDT     | K=25 | اختبار=  483 | tri_μ=1.25 | [computed]
22:57:37 [INFO]   ✓ ZRO/USDT       | K=25 | اختبار=  856 | tri_μ=1.30 | [computed]
22:57:37 [INFO]   ✓ MERL/USDT      | K=25 | اختبار=  523 | tri_μ=1.27 | [computed]
22:57:37 [INFO]   ✓ SYN/USDT       | K=25 | اختبار=  799 | tri_μ=1.27 | [computed]
22:57:40 [INFO]   [Parallel] done in 43.7s  (cache=0, computed=99, errors=1)
22:57:40 [INFO] §4  مصفوفة الارتباط...
22:57:40 [INFO]   أزواج مرتبطة (ρ>0.7): 28
22:57:40 [INFO] §5  بناء الإشارات (①②④⑤ مُفعَّلة)...
22:57:40 [INFO] [Gauge-Filter] thresholds: BUY>p60=0.14886, SELL>p85=0.18232 (pool=187546)
22:57:46 [INFO]   ✔ 21,457 إشارة
22:57:46 [INFO]   T_info: μ=4.746 | σ=2.422
22:57:46 [INFO]   risk_dynamic: μ=1.937% | max=2.65%
22:57:46 [INFO]   BUY=14,629 | SELL=6,828 (Λ=0)
22:57:46 [INFO] §6  محاكاة المحفظة متعددة المراكز...
22:57:46 [INFO]   [Backtest Realism] Entry fills: 14,189/21,457 (66.1%) [pen=1.0bps, wait=live=0s → 6 bars]
22:57:50 [INFO]   ✔ 1,221 صفقة
22:57:50 [INFO] §7  انحدار الإنتروبيا...
22:57:50 [INFO]   ETH/USDT      : b=-0.00043  R²=0.204  [decreasing]
22:57:50 [INFO]   BNB/USDT      : b=-0.00001  R²=0.000  [neutral]
22:57:50 [INFO]   BTC/USDT      : b=-0.00019  R²=0.055  [decreasing]
22:57:50 [INFO]   ADA/USDT      : b=-0.00004  R²=0.002  [neutral]
22:57:54 [INFO] 📊 quantum_v6_results.png
22:57:54 [INFO] ✅ اكتمل.
22:57:54 [INFO]    E[ln(1+fR)] = -0.001473
22:57:54 [INFO]    MaxDrawdown  = 83.96%
22:57:54 [INFO]    Topo-Exits   = 0.0%
22:57:54 [INFO]    AvgRisk      = 0.582%
22:57:54 [INFO] [Diagnostic] Close-and-reverse within 3h: 0

════════════════════════════════════════════════════════════════════════
   📊  محرك التداول الثرموديناميكي الكمي v6.0  [BACKTEST]
   🌌  محرك التفرد – Singularity Engine
════════════════════════════════════════════════════════════════════════

▶ المقياس الأساسي (م٦): E[ln(1+fR)] لكل صفقة
   متوسط  : -0.001473
   وسيط   : -0.005350
   انحراف : 0.009279
   → ❌ حافة سلبية

▶ إحصاءات الصفقات
   عدد الصفقات      : 1,221
   شراء / بيع        : 932 / 289
   نسبة النجاح      : 14.58%
   عامل الربح (PF)  : 0.631
   متوسط الربح      : $0.8019
   متوسط الخسارة   : $-0.2169
   شارب (سنوي)      : -2.521
   دخول مُحسَّن       : 0  (0.0%)

▶ التعديلات الجديدة (v6.0)
   ① متوسط T_info (حرارة معلوماتية) : 5.6581
   ① متوسط المخاطرة الديناميكية     : 0.582%
   ② خروج توبولوجي (Topo-Div)       : 0  (0.0%)
   خروج TRI مبكر                    : 0  (0.0%)
   انزلاق إجمالي                    : $23.36

▶ رأس المال (مقياس ثانوي)
   ابتدائي: $100.00  →  نهائي: $16.54
   العائد الكلي     : -83.5%
   أقصى انخفاض     : 83.96%  ($86.62)

▶ تحذير السيولة (م٦): 0 (0.0%)  ✅ معقول

▶ توزيع أسباب الخروج
   Emergency SL             :   1,114  (91.2%)
   Hard TP                  :      89  (7.3%)
   MaxHold                  :      17  (1.4%)
   EndOfData                :       1  (0.1%)

════════════════════════════════════════════════════════════════════════


▶ تحليل MFE (أقصى ربح غير مُحقَّق)
   Emergency SL   (n=1114) | μMFE= 1.98%  max=11.18%  | >0.5%:  664  >1.0%:  584  >2.0%:  440
   Hard TP        (n=  89) | μMFE=12.26%  max=24.36%  | >0.5%:   89  >1.0%:   89  >2.0%:   89

▶ ميزانية المخاطرة الكلية
   μ risk/trade : 0.582%
   max risk/trade : 2.512%
   min risk/trade : 0.500%
